Clock: i_clk
Sources: i_clk 
Generated: no
Virtual: yes
Propagated: no
Period: 10.000000

===========================================================================
report_clock_properties
============================================================================
Clock                   Period          Waveform
----------------------------------------------------
i_clk                10.000000    0.000000  5.000000

===========================================================================
report_clock_latency
============================================================================
Clock i_clk
rise -> rise
    min     max
0.000000 0.000000 source latency
0.278034         network latency _17_/CLK
        0.278996 network latency _19_/CLK
---------------
0.278034 0.278996 latency
        0.000962 skew

fall -> fall
    min     max
0.000000 0.000000 source latency
0.283142         network latency _17_/CLK
        0.284025 network latency _19_/CLK
---------------
0.283142 0.284025 latency
        0.000882 skew



===========================================================================
report_clock_min_period
============================================================================
i_clk period_min = 1.51 fmax = 661.92
