
===========================================================================
report_checks -path_delay max (Setup)
============================================================================
======================= max_tt_025C_1v80 Corner ===================================

Warning: corner.tcl line 67, unknown field nets.
Warning: corner.tcl line 67, report_checks -group_count is deprecated. Use -group_path_count instead.
Startpoint: i_ena (input port clocked by i_clk)
Endpoint: _16_ (rising edge-triggered flip-flop clocked by i_clk)
Path Group: i_clk
Path Type: max

Fanout         Cap        Slew       Delay        Time   Description
---------------------------------------------------------------------------------------------
                                  0.000000    0.000000   clock i_clk (rise edge)
                                  0.000000    0.000000   clock network delay (propagated)
                                  0.020000    0.020000 ^ input external delay
     1    0.002451    0.018245    0.009133    0.029133 ^ i_ena (in)
                      0.018245    0.000000    0.029133 ^ hold3/A (sky130_fd_sc_hd__dlygate4sd3_1)
     1    0.002250    0.048339    0.520802    0.549935 ^ hold3/X (sky130_fd_sc_hd__dlygate4sd3_1)
                      0.048339    0.000103    0.550039 ^ input1/A (sky130_fd_sc_hd__clkbuf_1)
     4    0.010451    0.129807    0.142432    0.692471 ^ input1/X (sky130_fd_sc_hd__clkbuf_1)
                      0.129808    0.000300    0.692771 ^ _08_/B (sky130_fd_sc_hd__nand2_1)
     2    0.006429    0.065287    0.090536    0.783307 v _08_/Y (sky130_fd_sc_hd__nand2_1)
                      0.065288    0.000276    0.783583 v _09_/B (sky130_fd_sc_hd__xnor2_1)
     1    0.002294    0.046413    0.122782    0.906365 v _09_/Y (sky130_fd_sc_hd__xnor2_1)
                      0.046415    0.000164    0.906528 v hold4/A (sky130_fd_sc_hd__dlygate4sd3_1)
     1    0.002737    0.052587    0.548103    1.454631 v hold4/X (sky130_fd_sc_hd__dlygate4sd3_1)
                      0.052587    0.000196    1.454827 v _16_/D (sky130_fd_sc_hd__dfrtp_1)
                                              1.454827   data arrival time

                                 10.000000   10.000000   clock i_clk (rise edge)
                                  0.000000   10.000000   clock source latency
     1    0.011037    0.056098    0.037578   10.037579 ^ i_clk (in)
                      0.056108    0.000000   10.037579 ^ clkbuf_0_i_clk/A (sky130_fd_sc_hd__clkbuf_16)
     2    0.019830    0.041688    0.128891   10.166469 ^ clkbuf_0_i_clk/X (sky130_fd_sc_hd__clkbuf_16)
                      0.041720    0.001279   10.167747 ^ clkbuf_1_1__f_i_clk/A (sky130_fd_sc_hd__clkbuf_16)
     2    0.006326    0.029986    0.110875   10.278623 ^ clkbuf_1_1__f_i_clk/X (sky130_fd_sc_hd__clkbuf_16)
                      0.029987    0.000363   10.278986 ^ _16_/CLK (sky130_fd_sc_hd__dfrtp_1)
                                 -0.250000   10.028986   clock uncertainty
                                  0.000000   10.028986   clock reconvergence pessimism
                                 -0.121022    9.907964   library setup time
                                              9.907964   data required time
---------------------------------------------------------------------------------------------
                                              9.907964   data required time
                                             -1.454827   data arrival time
---------------------------------------------------------------------------------------------
                                              8.453136   slack (MET)


Startpoint: _18_ (rising edge-triggered flip-flop clocked by i_clk)
Endpoint: _18_ (rising edge-triggered flip-flop clocked by i_clk)
Path Group: i_clk
Path Type: max

Fanout         Cap        Slew       Delay        Time   Description
---------------------------------------------------------------------------------------------
                                  0.000000    0.000000   clock i_clk (rise edge)
                                  0.000000    0.000000   clock source latency
     1    0.011037    0.056098    0.037578    0.037578 ^ i_clk (in)
                      0.056108    0.000000    0.037578 ^ clkbuf_0_i_clk/A (sky130_fd_sc_hd__clkbuf_16)
     2    0.019830    0.041688    0.128891    0.166469 ^ clkbuf_0_i_clk/X (sky130_fd_sc_hd__clkbuf_16)
                      0.041720    0.001289    0.167757 ^ clkbuf_1_0__f_i_clk/A (sky130_fd_sc_hd__clkbuf_16)
     2    0.005535    0.029262    0.109930    0.277688 ^ clkbuf_1_0__f_i_clk/X (sky130_fd_sc_hd__clkbuf_16)
                      0.029264    0.000428    0.278116 ^ _18_/CLK (sky130_fd_sc_hd__dfrtp_1)
     2    0.005916    0.053536    0.364631    0.642747 v _18_/Q (sky130_fd_sc_hd__dfrtp_1)
                      0.053536    0.000317    0.643063 v hold5/A (sky130_fd_sc_hd__dlygate4sd3_1)
     1    0.005762    0.067438    0.572221    1.215284 v hold5/X (sky130_fd_sc_hd__dlygate4sd3_1)
                      0.067438    0.000402    1.215686 v _13_/A (sky130_fd_sc_hd__xor2_1)
     1    0.002573    0.047031    0.161196    1.376881 v _13_/X (sky130_fd_sc_hd__xor2_1)
                      0.047031    0.000109    1.376990 v _18_/D (sky130_fd_sc_hd__dfrtp_1)
                                              1.376990   data arrival time

                                 10.000000   10.000000   clock i_clk (rise edge)
                                  0.000000   10.000000   clock source latency
     1    0.011037    0.056098    0.037578   10.037579 ^ i_clk (in)
                      0.056108    0.000000   10.037579 ^ clkbuf_0_i_clk/A (sky130_fd_sc_hd__clkbuf_16)
     2    0.019830    0.041688    0.128891   10.166469 ^ clkbuf_0_i_clk/X (sky130_fd_sc_hd__clkbuf_16)
                      0.041720    0.001289   10.167758 ^ clkbuf_1_0__f_i_clk/A (sky130_fd_sc_hd__clkbuf_16)
     2    0.005535    0.029262    0.109931   10.277688 ^ clkbuf_1_0__f_i_clk/X (sky130_fd_sc_hd__clkbuf_16)
                      0.029264    0.000428   10.278116 ^ _18_/CLK (sky130_fd_sc_hd__dfrtp_1)
                                 -0.250000   10.028116   clock uncertainty
                                  0.000000   10.028116   clock reconvergence pessimism
                                 -0.118761    9.909355   library setup time
                                              9.909355   data required time
---------------------------------------------------------------------------------------------
                                              9.909355   data required time
                                             -1.376990   data arrival time
---------------------------------------------------------------------------------------------
                                              8.532365   slack (MET)


Startpoint: i_ena (input port clocked by i_clk)
Endpoint: _17_ (rising edge-triggered flip-flop clocked by i_clk)
Path Group: i_clk
Path Type: max

Fanout         Cap        Slew       Delay        Time   Description
---------------------------------------------------------------------------------------------
                                  0.000000    0.000000   clock i_clk (rise edge)
                                  0.000000    0.000000   clock network delay (propagated)
                                  0.020000    0.020000 ^ input external delay
     1    0.002451    0.018245    0.009133    0.029133 ^ i_ena (in)
                      0.018245    0.000000    0.029133 ^ hold3/A (sky130_fd_sc_hd__dlygate4sd3_1)
     1    0.002250    0.048339    0.520802    0.549935 ^ hold3/X (sky130_fd_sc_hd__dlygate4sd3_1)
                      0.048339    0.000103    0.550039 ^ input1/A (sky130_fd_sc_hd__clkbuf_1)
     4    0.010451    0.129807    0.142432    0.692471 ^ input1/X (sky130_fd_sc_hd__clkbuf_1)
                      0.129808    0.000326    0.692796 ^ _10_/D (sky130_fd_sc_hd__and4_1)
     2    0.007454    0.094239    0.237676    0.930472 ^ _10_/X (sky130_fd_sc_hd__and4_1)
                      0.094239    0.000372    0.930845 ^ _12_/A_N (sky130_fd_sc_hd__and2b_1)
     1    0.003697    0.037767    0.187496    1.118340 v _12_/X (sky130_fd_sc_hd__and2b_1)
                      0.037780    0.000223    1.118564 v _17_/D (sky130_fd_sc_hd__dfrtp_1)
                                              1.118564   data arrival time

                                 10.000000   10.000000   clock i_clk (rise edge)
                                  0.000000   10.000000   clock source latency
     1    0.011037    0.056098    0.037578   10.037579 ^ i_clk (in)
                      0.056108    0.000000   10.037579 ^ clkbuf_0_i_clk/A (sky130_fd_sc_hd__clkbuf_16)
     2    0.019830    0.041688    0.128891   10.166469 ^ clkbuf_0_i_clk/X (sky130_fd_sc_hd__clkbuf_16)
                      0.041720    0.001289   10.167758 ^ clkbuf_1_0__f_i_clk/A (sky130_fd_sc_hd__clkbuf_16)
     2    0.005535    0.029262    0.109931   10.277688 ^ clkbuf_1_0__f_i_clk/X (sky130_fd_sc_hd__clkbuf_16)
                      0.029263    0.000346   10.278035 ^ _17_/CLK (sky130_fd_sc_hd__dfrtp_1)
                                 -0.250000   10.028034   clock uncertainty
                                  0.000000   10.028034   clock reconvergence pessimism
                                 -0.114721    9.913313   library setup time
                                              9.913313   data required time
---------------------------------------------------------------------------------------------
                                              9.913313   data required time
                                             -1.118564   data arrival time
---------------------------------------------------------------------------------------------
                                              8.794749   slack (MET)


Startpoint: _16_ (rising edge-triggered flip-flop clocked by i_clk)
Endpoint: uo_out[1] (output port clocked by i_clk)
Path Group: i_clk
Path Type: max

Fanout         Cap        Slew       Delay        Time   Description
---------------------------------------------------------------------------------------------
                                  0.000000    0.000000   clock i_clk (rise edge)
                                  0.000000    0.000000   clock source latency
     1    0.011037    0.056098    0.037578    0.037578 ^ i_clk (in)
                      0.056108    0.000000    0.037578 ^ clkbuf_0_i_clk/A (sky130_fd_sc_hd__clkbuf_16)
     2    0.019830    0.041688    0.128891    0.166469 ^ clkbuf_0_i_clk/X (sky130_fd_sc_hd__clkbuf_16)
                      0.041720    0.001279    0.167748 ^ clkbuf_1_1__f_i_clk/A (sky130_fd_sc_hd__clkbuf_16)
     2    0.006326    0.029986    0.110875    0.278623 ^ clkbuf_1_1__f_i_clk/X (sky130_fd_sc_hd__clkbuf_16)
                      0.029987    0.000363    0.278985 ^ _16_/CLK (sky130_fd_sc_hd__dfrtp_1)
     4    0.015418    0.144884    0.389556    0.668541 ^ _16_/Q (sky130_fd_sc_hd__dfrtp_1)
                      0.144887    0.000919    0.669460 ^ output4/A (sky130_fd_sc_hd__buf_2)
     1    0.034969    0.174088    0.234224    0.903684 ^ output4/X (sky130_fd_sc_hd__buf_2)
                      0.174105    0.001789    0.905473 ^ uo_out[1] (out)
                                              0.905473   data arrival time

                                 10.000000   10.000000   clock i_clk (rise edge)
                                  0.000000   10.000000   clock network delay (propagated)
                                 -0.250000    9.750000   clock uncertainty
                                  0.000000    9.750000   clock reconvergence pessimism
                                 -0.020000    9.730000   output external delay
                                              9.730000   data required time
---------------------------------------------------------------------------------------------
                                              9.730000   data required time
                                             -0.905473   data arrival time
---------------------------------------------------------------------------------------------
                                              8.824527   slack (MET)


Startpoint: _19_ (rising edge-triggered flip-flop clocked by i_clk)
Endpoint: uo_out[0] (output port clocked by i_clk)
Path Group: i_clk
Path Type: max

Fanout         Cap        Slew       Delay        Time   Description
---------------------------------------------------------------------------------------------
                                  0.000000    0.000000   clock i_clk (rise edge)
                                  0.000000    0.000000   clock source latency
     1    0.011037    0.056098    0.037578    0.037578 ^ i_clk (in)
                      0.056108    0.000000    0.037578 ^ clkbuf_0_i_clk/A (sky130_fd_sc_hd__clkbuf_16)
     2    0.019830    0.041688    0.128891    0.166469 ^ clkbuf_0_i_clk/X (sky130_fd_sc_hd__clkbuf_16)
                      0.041720    0.001279    0.167748 ^ clkbuf_1_1__f_i_clk/A (sky130_fd_sc_hd__clkbuf_16)
     2    0.006326    0.029986    0.110875    0.278623 ^ clkbuf_1_1__f_i_clk/X (sky130_fd_sc_hd__clkbuf_16)
                      0.029987    0.000374    0.278996 ^ _19_/CLK (sky130_fd_sc_hd__dfrtp_1)
     5    0.013541    0.129322    0.378653    0.657649 ^ _19_/Q (sky130_fd_sc_hd__dfrtp_1)
                      0.129324    0.000656    0.658306 ^ output3/A (sky130_fd_sc_hd__buf_2)
     1    0.034615    0.172407    0.228900    0.887205 ^ output3/X (sky130_fd_sc_hd__buf_2)
                      0.172423    0.001718    0.888923 ^ uo_out[0] (out)
                                              0.888923   data arrival time

                                 10.000000   10.000000   clock i_clk (rise edge)
                                  0.000000   10.000000   clock network delay (propagated)
                                 -0.250000    9.750000   clock uncertainty
                                  0.000000    9.750000   clock reconvergence pessimism
                                 -0.020000    9.730000   output external delay
                                              9.730000   data required time
---------------------------------------------------------------------------------------------
                                              9.730000   data required time
                                             -0.888923   data arrival time
---------------------------------------------------------------------------------------------
                                              8.841077   slack (MET)


Startpoint: _19_ (rising edge-triggered flip-flop clocked by i_clk)
Endpoint: _19_ (rising edge-triggered flip-flop clocked by i_clk)
Path Group: i_clk
Path Type: max

Fanout         Cap        Slew       Delay        Time   Description
---------------------------------------------------------------------------------------------
                                  0.000000    0.000000   clock i_clk (rise edge)
                                  0.000000    0.000000   clock source latency
     1    0.011037    0.056098    0.037578    0.037578 ^ i_clk (in)
                      0.056108    0.000000    0.037578 ^ clkbuf_0_i_clk/A (sky130_fd_sc_hd__clkbuf_16)
     2    0.019830    0.041688    0.128891    0.166469 ^ clkbuf_0_i_clk/X (sky130_fd_sc_hd__clkbuf_16)
                      0.041720    0.001279    0.167748 ^ clkbuf_1_1__f_i_clk/A (sky130_fd_sc_hd__clkbuf_16)
     2    0.006326    0.029986    0.110875    0.278623 ^ clkbuf_1_1__f_i_clk/X (sky130_fd_sc_hd__clkbuf_16)
                      0.029987    0.000374    0.278996 ^ _19_/CLK (sky130_fd_sc_hd__dfrtp_1)
     5    0.012931    0.083613    0.397720    0.676716 v _19_/Q (sky130_fd_sc_hd__dfrtp_1)
                      0.083615    0.000589    0.677305 v _14_/A (sky130_fd_sc_hd__or2_1)
     1    0.001798    0.042524    0.226295    0.903601 v _14_/X (sky130_fd_sc_hd__or2_1)
                      0.042524    0.000123    0.903724 v _15_/B (sky130_fd_sc_hd__and2_1)
     1    0.003361    0.037583    0.152185    1.055909 v _15_/X (sky130_fd_sc_hd__and2_1)
                      0.037583    0.000202    1.056111 v _19_/D (sky130_fd_sc_hd__dfrtp_1)
                                              1.056111   data arrival time

                                 10.000000   10.000000   clock i_clk (rise edge)
                                  0.000000   10.000000   clock source latency
     1    0.011037    0.056098    0.037578   10.037579 ^ i_clk (in)
                      0.056108    0.000000   10.037579 ^ clkbuf_0_i_clk/A (sky130_fd_sc_hd__clkbuf_16)
     2    0.019830    0.041688    0.128891   10.166469 ^ clkbuf_0_i_clk/X (sky130_fd_sc_hd__clkbuf_16)
                      0.041720    0.001279   10.167747 ^ clkbuf_1_1__f_i_clk/A (sky130_fd_sc_hd__clkbuf_16)
     2    0.006326    0.029986    0.110875   10.278623 ^ clkbuf_1_1__f_i_clk/X (sky130_fd_sc_hd__clkbuf_16)
                      0.029987    0.000374   10.278996 ^ _19_/CLK (sky130_fd_sc_hd__dfrtp_1)
                                 -0.250000   10.028996   clock uncertainty
                                  0.000000   10.028996   clock reconvergence pessimism
                                 -0.114470    9.914526   library setup time
                                              9.914526   data required time
---------------------------------------------------------------------------------------------
                                              9.914526   data required time
                                             -1.056111   data arrival time
---------------------------------------------------------------------------------------------
                                              8.858416   slack (MET)


Startpoint: _17_ (rising edge-triggered flip-flop clocked by i_clk)
Endpoint: uo_out[2] (output port clocked by i_clk)
Path Group: i_clk
Path Type: max

Fanout         Cap        Slew       Delay        Time   Description
---------------------------------------------------------------------------------------------
                                  0.000000    0.000000   clock i_clk (rise edge)
                                  0.000000    0.000000   clock source latency
     1    0.011037    0.056098    0.037578    0.037578 ^ i_clk (in)
                      0.056108    0.000000    0.037578 ^ clkbuf_0_i_clk/A (sky130_fd_sc_hd__clkbuf_16)
     2    0.019830    0.041688    0.128891    0.166469 ^ clkbuf_0_i_clk/X (sky130_fd_sc_hd__clkbuf_16)
                      0.041720    0.001289    0.167757 ^ clkbuf_1_0__f_i_clk/A (sky130_fd_sc_hd__clkbuf_16)
     2    0.005535    0.029262    0.109930    0.277688 ^ clkbuf_1_0__f_i_clk/X (sky130_fd_sc_hd__clkbuf_16)
                      0.029263    0.000347    0.278034 ^ _17_/CLK (sky130_fd_sc_hd__dfrtp_1)
     3    0.010558    0.104860    0.360307    0.638341 ^ _17_/Q (sky130_fd_sc_hd__dfrtp_1)
                      0.104864    0.000842    0.639183 ^ output5/A (sky130_fd_sc_hd__buf_2)
     1    0.034802    0.174033    0.221868    0.861051 ^ output5/X (sky130_fd_sc_hd__buf_2)
                      0.174112    0.001778    0.862829 ^ uo_out[2] (out)
                                              0.862829   data arrival time

                                 10.000000   10.000000   clock i_clk (rise edge)
                                  0.000000   10.000000   clock network delay (propagated)
                                 -0.250000    9.750000   clock uncertainty
                                  0.000000    9.750000   clock reconvergence pessimism
                                 -0.020000    9.730000   output external delay
                                              9.730000   data required time
---------------------------------------------------------------------------------------------
                                              9.730000   data required time
                                             -0.862829   data arrival time
---------------------------------------------------------------------------------------------
                                              8.867171   slack (MET)


Startpoint: _18_ (rising edge-triggered flip-flop clocked by i_clk)
Endpoint: uo_out[3] (output port clocked by i_clk)
Path Group: i_clk
Path Type: max

Fanout         Cap        Slew       Delay        Time   Description
---------------------------------------------------------------------------------------------
                                  0.000000    0.000000   clock i_clk (rise edge)
                                  0.000000    0.000000   clock source latency
     1    0.011037    0.056098    0.037578    0.037578 ^ i_clk (in)
                      0.056108    0.000000    0.037578 ^ clkbuf_0_i_clk/A (sky130_fd_sc_hd__clkbuf_16)
     2    0.019830    0.041688    0.128891    0.166469 ^ clkbuf_0_i_clk/X (sky130_fd_sc_hd__clkbuf_16)
                      0.041720    0.001289    0.167757 ^ clkbuf_1_0__f_i_clk/A (sky130_fd_sc_hd__clkbuf_16)
     2    0.005535    0.029262    0.109930    0.277688 ^ clkbuf_1_0__f_i_clk/X (sky130_fd_sc_hd__clkbuf_16)
                      0.029264    0.000428    0.278116 ^ _18_/CLK (sky130_fd_sc_hd__dfrtp_1)
     2    0.005916    0.053536    0.364631    0.642747 v _18_/Q (sky130_fd_sc_hd__dfrtp_1)
                      0.053536    0.000346    0.643092 v output6/A (sky130_fd_sc_hd__buf_2)
     1    0.034671    0.090774    0.183663    0.826756 v output6/X (sky130_fd_sc_hd__buf_2)
                      0.090814    0.001751    0.828507 v uo_out[3] (out)
                                              0.828507   data arrival time

                                 10.000000   10.000000   clock i_clk (rise edge)
                                  0.000000   10.000000   clock network delay (propagated)
                                 -0.250000    9.750000   clock uncertainty
                                  0.000000    9.750000   clock reconvergence pessimism
                                 -0.020000    9.730000   output external delay
                                              9.730000   data required time
---------------------------------------------------------------------------------------------
                                              9.730000   data required time
                                             -0.828507   data arrival time
---------------------------------------------------------------------------------------------
                                              8.901494   slack (MET)


Startpoint: i_rst_n (input port clocked by i_clk)
Endpoint: _17_ (recovery check against rising-edge clock i_clk)
Path Group: asynchronous
Path Type: max

Fanout         Cap        Slew       Delay        Time   Description
---------------------------------------------------------------------------------------------
                                  0.000000    0.000000   clock i_clk (rise edge)
                                  0.000000    0.000000   clock network delay (propagated)
                                  0.020000    0.020000 ^ input external delay
     1    0.002667    0.019162    0.009893    0.029893 ^ i_rst_n (in)
                      0.019163    0.000000    0.029893 ^ hold1/A (sky130_fd_sc_hd__dlygate4sd3_1)
     1    0.002681    0.051814    0.525154    0.555047 ^ hold1/X (sky130_fd_sc_hd__dlygate4sd3_1)
                      0.051814    0.000177    0.555224 ^ input2/A (sky130_fd_sc_hd__dlymetal6s2s_1)
     1    0.002724    0.055631    0.098351    0.653575 ^ input2/X (sky130_fd_sc_hd__dlymetal6s2s_1)
                      0.055633    0.000183    0.653758 ^ hold2/A (sky130_fd_sc_hd__dlygate4sd3_1)
     4    0.018205    0.191793    0.649600    1.303358 ^ hold2/X (sky130_fd_sc_hd__dlygate4sd3_1)
                      0.191794    0.000845    1.304203 ^ _17_/RESET_B (sky130_fd_sc_hd__dfrtp_1)
                                              1.304203   data arrival time

                                 10.000000   10.000000   clock i_clk (rise edge)
                                  0.000000   10.000000   clock source latency
     1    0.011037    0.056098    0.037578   10.037579 ^ i_clk (in)
                      0.056108    0.000000   10.037579 ^ clkbuf_0_i_clk/A (sky130_fd_sc_hd__clkbuf_16)
     2    0.019830    0.041688    0.128891   10.166469 ^ clkbuf_0_i_clk/X (sky130_fd_sc_hd__clkbuf_16)
                      0.041720    0.001289   10.167758 ^ clkbuf_1_0__f_i_clk/A (sky130_fd_sc_hd__clkbuf_16)
     2    0.005535    0.029262    0.109931   10.277688 ^ clkbuf_1_0__f_i_clk/X (sky130_fd_sc_hd__clkbuf_16)
                      0.029263    0.000346   10.278035 ^ _17_/CLK (sky130_fd_sc_hd__dfrtp_1)
                                 -0.250000   10.028034   clock uncertainty
                                  0.000000   10.028034   clock reconvergence pessimism
                                  0.187410   10.215445   library recovery time
                                             10.215445   data required time
---------------------------------------------------------------------------------------------
                                             10.215445   data required time
                                             -1.304203   data arrival time
---------------------------------------------------------------------------------------------
                                              8.911242   slack (MET)


Startpoint: i_rst_n (input port clocked by i_clk)
Endpoint: _18_ (recovery check against rising-edge clock i_clk)
Path Group: asynchronous
Path Type: max

Fanout         Cap        Slew       Delay        Time   Description
---------------------------------------------------------------------------------------------
                                  0.000000    0.000000   clock i_clk (rise edge)
                                  0.000000    0.000000   clock network delay (propagated)
                                  0.020000    0.020000 ^ input external delay
     1    0.002667    0.019162    0.009893    0.029893 ^ i_rst_n (in)
                      0.019163    0.000000    0.029893 ^ hold1/A (sky130_fd_sc_hd__dlygate4sd3_1)
     1    0.002681    0.051814    0.525154    0.555047 ^ hold1/X (sky130_fd_sc_hd__dlygate4sd3_1)
                      0.051814    0.000177    0.555224 ^ input2/A (sky130_fd_sc_hd__dlymetal6s2s_1)
     1    0.002724    0.055631    0.098351    0.653575 ^ input2/X (sky130_fd_sc_hd__dlymetal6s2s_1)
                      0.055633    0.000183    0.653758 ^ hold2/A (sky130_fd_sc_hd__dlygate4sd3_1)
     4    0.018205    0.191793    0.649600    1.303358 ^ hold2/X (sky130_fd_sc_hd__dlygate4sd3_1)
                      0.191793    0.000795    1.304153 ^ _18_/RESET_B (sky130_fd_sc_hd__dfrtp_1)
                                              1.304153   data arrival time

                                 10.000000   10.000000   clock i_clk (rise edge)
                                  0.000000   10.000000   clock source latency
     1    0.011037    0.056098    0.037578   10.037579 ^ i_clk (in)
                      0.056108    0.000000   10.037579 ^ clkbuf_0_i_clk/A (sky130_fd_sc_hd__clkbuf_16)
     2    0.019830    0.041688    0.128891   10.166469 ^ clkbuf_0_i_clk/X (sky130_fd_sc_hd__clkbuf_16)
                      0.041720    0.001289   10.167758 ^ clkbuf_1_0__f_i_clk/A (sky130_fd_sc_hd__clkbuf_16)
     2    0.005535    0.029262    0.109931   10.277688 ^ clkbuf_1_0__f_i_clk/X (sky130_fd_sc_hd__clkbuf_16)
                      0.029264    0.000428   10.278116 ^ _18_/CLK (sky130_fd_sc_hd__dfrtp_1)
                                 -0.250000   10.028116   clock uncertainty
                                  0.000000   10.028116   clock reconvergence pessimism
                                  0.187410   10.215527   library recovery time
                                             10.215527   data required time
---------------------------------------------------------------------------------------------
                                             10.215527   data required time
                                             -1.304153   data arrival time
---------------------------------------------------------------------------------------------
                                              8.911373   slack (MET)


Startpoint: i_rst_n (input port clocked by i_clk)
Endpoint: _19_ (recovery check against rising-edge clock i_clk)
Path Group: asynchronous
Path Type: max

Fanout         Cap        Slew       Delay        Time   Description
---------------------------------------------------------------------------------------------
                                  0.000000    0.000000   clock i_clk (rise edge)
                                  0.000000    0.000000   clock network delay (propagated)
                                  0.020000    0.020000 ^ input external delay
     1    0.002667    0.019162    0.009893    0.029893 ^ i_rst_n (in)
                      0.019163    0.000000    0.029893 ^ hold1/A (sky130_fd_sc_hd__dlygate4sd3_1)
     1    0.002681    0.051814    0.525154    0.555047 ^ hold1/X (sky130_fd_sc_hd__dlygate4sd3_1)
                      0.051814    0.000177    0.555224 ^ input2/A (sky130_fd_sc_hd__dlymetal6s2s_1)
     1    0.002724    0.055631    0.098351    0.653575 ^ input2/X (sky130_fd_sc_hd__dlymetal6s2s_1)
                      0.055633    0.000183    0.653758 ^ hold2/A (sky130_fd_sc_hd__dlygate4sd3_1)
     4    0.018205    0.191793    0.649600    1.303358 ^ hold2/X (sky130_fd_sc_hd__dlygate4sd3_1)
                      0.191794    0.000850    1.304208 ^ _19_/RESET_B (sky130_fd_sc_hd__dfrtp_1)
                                              1.304208   data arrival time

                                 10.000000   10.000000   clock i_clk (rise edge)
                                  0.000000   10.000000   clock source latency
     1    0.011037    0.056098    0.037578   10.037579 ^ i_clk (in)
                      0.056108    0.000000   10.037579 ^ clkbuf_0_i_clk/A (sky130_fd_sc_hd__clkbuf_16)
     2    0.019830    0.041688    0.128891   10.166469 ^ clkbuf_0_i_clk/X (sky130_fd_sc_hd__clkbuf_16)
                      0.041720    0.001279   10.167747 ^ clkbuf_1_1__f_i_clk/A (sky130_fd_sc_hd__clkbuf_16)
     2    0.006326    0.029986    0.110875   10.278623 ^ clkbuf_1_1__f_i_clk/X (sky130_fd_sc_hd__clkbuf_16)
                      0.029987    0.000374   10.278996 ^ _19_/CLK (sky130_fd_sc_hd__dfrtp_1)
                                 -0.250000   10.028996   clock uncertainty
                                  0.000000   10.028996   clock reconvergence pessimism
                                  0.187636   10.216632   library recovery time
                                             10.216632   data required time
---------------------------------------------------------------------------------------------
                                             10.216632   data required time
                                             -1.304208   data arrival time
---------------------------------------------------------------------------------------------
                                              8.912425   slack (MET)


Startpoint: i_rst_n (input port clocked by i_clk)
Endpoint: _16_ (recovery check against rising-edge clock i_clk)
Path Group: asynchronous
Path Type: max

Fanout         Cap        Slew       Delay        Time   Description
---------------------------------------------------------------------------------------------
                                  0.000000    0.000000   clock i_clk (rise edge)
                                  0.000000    0.000000   clock network delay (propagated)
                                  0.020000    0.020000 ^ input external delay
     1    0.002667    0.019162    0.009893    0.029893 ^ i_rst_n (in)
                      0.019163    0.000000    0.029893 ^ hold1/A (sky130_fd_sc_hd__dlygate4sd3_1)
     1    0.002681    0.051814    0.525154    0.555047 ^ hold1/X (sky130_fd_sc_hd__dlygate4sd3_1)
                      0.051814    0.000177    0.555224 ^ input2/A (sky130_fd_sc_hd__dlymetal6s2s_1)
     1    0.002724    0.055631    0.098351    0.653575 ^ input2/X (sky130_fd_sc_hd__dlymetal6s2s_1)
                      0.055633    0.000183    0.653758 ^ hold2/A (sky130_fd_sc_hd__dlygate4sd3_1)
     4    0.018205    0.191793    0.649600    1.303358 ^ hold2/X (sky130_fd_sc_hd__dlygate4sd3_1)
                      0.191793    0.000829    1.304187 ^ _16_/RESET_B (sky130_fd_sc_hd__dfrtp_1)
                                              1.304187   data arrival time

                                 10.000000   10.000000   clock i_clk (rise edge)
                                  0.000000   10.000000   clock source latency
     1    0.011037    0.056098    0.037578   10.037579 ^ i_clk (in)
                      0.056108    0.000000   10.037579 ^ clkbuf_0_i_clk/A (sky130_fd_sc_hd__clkbuf_16)
     2    0.019830    0.041688    0.128891   10.166469 ^ clkbuf_0_i_clk/X (sky130_fd_sc_hd__clkbuf_16)
                      0.041720    0.001279   10.167747 ^ clkbuf_1_1__f_i_clk/A (sky130_fd_sc_hd__clkbuf_16)
     2    0.006326    0.029986    0.110875   10.278623 ^ clkbuf_1_1__f_i_clk/X (sky130_fd_sc_hd__clkbuf_16)
                      0.029987    0.000363   10.278986 ^ _16_/CLK (sky130_fd_sc_hd__dfrtp_1)
                                 -0.250000   10.028986   clock uncertainty
                                  0.000000   10.028986   clock reconvergence pessimism
                                  0.187636   10.216621   library recovery time
                                             10.216621   data required time
---------------------------------------------------------------------------------------------
                                             10.216621   data required time
                                             -1.304187   data arrival time
---------------------------------------------------------------------------------------------
                                              8.912435   slack (MET)



