Reading timing models for corner max_tt_025C_1v80…
Reading cell library for the 'max_tt_025C_1v80' corner at '/home/omare/.volare/sky130A/libs.ref/sky130_fd_sc_hd/lib/sky130_fd_sc_hd__tt_025C_1v80.lib'…
Reading top-level netlist at '/home/omare/Documents/UWASIC/Matrix-Vector-Analog/digital/AXI_IF/build/synthesis/runs/tt_if_full/51-openroad-fillinsertion/tt_if.nl.v'…
Linking design 'tt_if' from netlist…
Warning: /home/omare/Documents/UWASIC/Matrix-Vector-Analog/digital/AXI_IF/build/synthesis/runs/tt_if_full/51-openroad-fillinsertion/tt_if.nl.v line 144, module sky130_fd_sc_hd__tapvpwrvgnd_1 not found. Creating black box for TAP_TAPCELL_ROW_0_18.
Warning: /home/omare/Documents/UWASIC/Matrix-Vector-Analog/digital/AXI_IF/build/synthesis/runs/tt_if_full/51-openroad-fillinsertion/tt_if.nl.v line 176, module sky130_ef_sc_hd__decap_12 not found. Creating black box for FILLER_0_12.
Warning: /home/omare/Documents/UWASIC/Matrix-Vector-Analog/digital/AXI_IF/build/synthesis/runs/tt_if_full/51-openroad-fillinsertion/tt_if.nl.v line 181, module sky130_fd_sc_hd__fill_1 not found. Creating black box for FILLER_1_48.
Warning: /home/omare/Documents/UWASIC/Matrix-Vector-Analog/digital/AXI_IF/build/synthesis/runs/tt_if_full/51-openroad-fillinsertion/tt_if.nl.v line 185, module sky130_fd_sc_hd__fill_2 not found. Creating black box for FILLER_3_11.
Reading design constraints file at '/home/omare/Documents/UWASIC/Matrix-Vector-Analog/.venv/lib/python3.12/site-packages/openlane/scripts/base.sdc'…
[INFO] Using clock i_clk…
[INFO] Setting output delay to: 0.02
[INFO] Setting input delay to: 0.02
[INFO] Setting load to: 0.033442
[INFO] Setting clock uncertainty to: 0.25
[INFO] Setting clock transition to: 0.1499999999999999944488848768742172978818416595458984375
[INFO] Setting timing derate to: 5%
Reading top-level design parasitics for the 'max_tt_025C_1v80' corner at '/home/omare/Documents/UWASIC/Matrix-Vector-Analog/digital/AXI_IF/build/synthesis/runs/tt_if_full/53-openroad-rcx/max/tt_if.max.spef'…
%OL_CREATE_REPORT min.rpt

===========================================================================
report_checks -path_delay min (Hold)
============================================================================
======================= max_tt_025C_1v80 Corner ===================================

Warning: corner.tcl line 57, unknown field nets.
Warning: corner.tcl line 57, report_checks -group_count is deprecated. Use -group_path_count instead.
Startpoint: _17_ (rising edge-triggered flip-flop clocked by i_clk)
Endpoint: _17_ (rising edge-triggered flip-flop clocked by i_clk)
Path Group: i_clk
Path Type: min

Fanout         Cap        Slew       Delay        Time   Description
---------------------------------------------------------------------------------------------
                                  0.000000    0.000000   clock i_clk (rise edge)
                                  0.000000    0.000000   clock source latency
     1    0.011037    0.056098    0.037578    0.037578 ^ i_clk (in)
                      0.056108    0.000000    0.037578 ^ clkbuf_0_i_clk/A (sky130_fd_sc_hd__clkbuf_16)
     2    0.019830    0.041688    0.128891    0.166469 ^ clkbuf_0_i_clk/X (sky130_fd_sc_hd__clkbuf_16)
                      0.041720    0.001289    0.167757 ^ clkbuf_1_0__f_i_clk/A (sky130_fd_sc_hd__clkbuf_16)
     2    0.005535    0.029262    0.109930    0.277688 ^ clkbuf_1_0__f_i_clk/X (sky130_fd_sc_hd__clkbuf_16)
                      0.029263    0.000347    0.278034 ^ _17_/CLK (sky130_fd_sc_hd__dfrtp_1)
     3    0.010558    0.104860    0.360307    0.638341 ^ _17_/Q (sky130_fd_sc_hd__dfrtp_1)
                      0.104861    0.000570    0.638911 ^ _11_/B1 (sky130_fd_sc_hd__a31o_1)
     1    0.001995    0.035104    0.099289    0.738200 ^ _11_/X (sky130_fd_sc_hd__a31o_1)
                      0.035105    0.000142    0.738342 ^ _12_/B (sky130_fd_sc_hd__and2b_1)
     1    0.003754    0.048843    0.116642    0.854984 ^ _12_/X (sky130_fd_sc_hd__and2b_1)
                      0.048843    0.000228    0.855212 ^ _17_/D (sky130_fd_sc_hd__dfrtp_1)
                                              0.855212   data arrival time

                                  0.000000    0.000000   clock i_clk (rise edge)
                                  0.000000    0.000000   clock source latency
     1    0.011037    0.056098    0.037578    0.037578 ^ i_clk (in)
                      0.056108    0.000000    0.037578 ^ clkbuf_0_i_clk/A (sky130_fd_sc_hd__clkbuf_16)
     2    0.019830    0.041688    0.128891    0.166469 ^ clkbuf_0_i_clk/X (sky130_fd_sc_hd__clkbuf_16)
                      0.041720    0.001289    0.167757 ^ clkbuf_1_0__f_i_clk/A (sky130_fd_sc_hd__clkbuf_16)
     2    0.005535    0.029262    0.109930    0.277688 ^ clkbuf_1_0__f_i_clk/X (sky130_fd_sc_hd__clkbuf_16)
                      0.029263    0.000347    0.278034 ^ _17_/CLK (sky130_fd_sc_hd__dfrtp_1)
                                  0.250000    0.528034   clock uncertainty
                                  0.000000    0.528034   clock reconvergence pessimism
                                 -0.037722    0.490313   library hold time
                                              0.490313   data required time
---------------------------------------------------------------------------------------------
                                              0.490313   data required time
                                             -0.855212   data arrival time
---------------------------------------------------------------------------------------------
                                              0.364899   slack (MET)


Startpoint: _19_ (rising edge-triggered flip-flop clocked by i_clk)
Endpoint: _19_ (rising edge-triggered flip-flop clocked by i_clk)
Path Group: i_clk
Path Type: min

Fanout         Cap        Slew       Delay        Time   Description
---------------------------------------------------------------------------------------------
                                  0.000000    0.000000   clock i_clk (rise edge)
                                  0.000000    0.000000   clock source latency
     1    0.011037    0.056098    0.037578    0.037578 ^ i_clk (in)
                      0.056108    0.000000    0.037578 ^ clkbuf_0_i_clk/A (sky130_fd_sc_hd__clkbuf_16)
     2    0.019830    0.041688    0.128891    0.166469 ^ clkbuf_0_i_clk/X (sky130_fd_sc_hd__clkbuf_16)
                      0.041720    0.001279    0.167748 ^ clkbuf_1_1__f_i_clk/A (sky130_fd_sc_hd__clkbuf_16)
     2    0.006326    0.029986    0.110875    0.278623 ^ clkbuf_1_1__f_i_clk/X (sky130_fd_sc_hd__clkbuf_16)
                      0.029987    0.000374    0.278996 ^ _19_/CLK (sky130_fd_sc_hd__dfrtp_1)
     5    0.013541    0.129322    0.378653    0.657649 ^ _19_/Q (sky130_fd_sc_hd__dfrtp_1)
                      0.129323    0.000620    0.658270 ^ _14_/A (sky130_fd_sc_hd__or2_1)
     1    0.001927    0.033531    0.111801    0.770071 ^ _14_/X (sky130_fd_sc_hd__or2_1)
                      0.033531    0.000133    0.770204 ^ _15_/B (sky130_fd_sc_hd__and2_1)
     1    0.003418    0.051187    0.115886    0.886090 ^ _15_/X (sky130_fd_sc_hd__and2_1)
                      0.051187    0.000207    0.886296 ^ _19_/D (sky130_fd_sc_hd__dfrtp_1)
                                              0.886296   data arrival time

                                  0.000000    0.000000   clock i_clk (rise edge)
                                  0.000000    0.000000   clock source latency
     1    0.011037    0.056098    0.037578    0.037578 ^ i_clk (in)
                      0.056108    0.000000    0.037578 ^ clkbuf_0_i_clk/A (sky130_fd_sc_hd__clkbuf_16)
     2    0.019830    0.041688    0.128891    0.166469 ^ clkbuf_0_i_clk/X (sky130_fd_sc_hd__clkbuf_16)
                      0.041720    0.001279    0.167748 ^ clkbuf_1_1__f_i_clk/A (sky130_fd_sc_hd__clkbuf_16)
     2    0.006326    0.029986    0.110875    0.278623 ^ clkbuf_1_1__f_i_clk/X (sky130_fd_sc_hd__clkbuf_16)
                      0.029987    0.000374    0.278996 ^ _19_/CLK (sky130_fd_sc_hd__dfrtp_1)
                                  0.250000    0.528996   clock uncertainty
                                  0.000000    0.528996   clock reconvergence pessimism
                                 -0.038115    0.490881   library hold time
                                              0.490881   data required time
---------------------------------------------------------------------------------------------
                                              0.490881   data required time
                                             -0.886296   data arrival time
---------------------------------------------------------------------------------------------
                                              0.395415   slack (MET)


Startpoint: i_rst_n (input port clocked by i_clk)
Endpoint: _16_ (removal check against rising-edge clock i_clk)
Path Group: asynchronous
Path Type: min

Fanout         Cap        Slew       Delay        Time   Description
---------------------------------------------------------------------------------------------
                                  0.000000    0.000000   clock i_clk (rise edge)
                                  0.000000    0.000000   clock network delay (propagated)
                                  0.020000    0.020000 ^ input external delay
     1    0.002667    0.019162    0.009893    0.029893 ^ i_rst_n (in)
                      0.019163    0.000000    0.029893 ^ hold1/A (sky130_fd_sc_hd__dlygate4sd3_1)
     1    0.002681    0.051814    0.525154    0.555047 ^ hold1/X (sky130_fd_sc_hd__dlygate4sd3_1)
                      0.051814    0.000177    0.555224 ^ input2/A (sky130_fd_sc_hd__dlymetal6s2s_1)
     1    0.002724    0.055631    0.098351    0.653575 ^ input2/X (sky130_fd_sc_hd__dlymetal6s2s_1)
                      0.055633    0.000183    0.653758 ^ hold2/A (sky130_fd_sc_hd__dlygate4sd3_1)
     4    0.018205    0.191793    0.649600    1.303358 ^ hold2/X (sky130_fd_sc_hd__dlygate4sd3_1)
                      0.191793    0.000829    1.304187 ^ _16_/RESET_B (sky130_fd_sc_hd__dfrtp_1)
                                              1.304187   data arrival time

                                  0.000000    0.000000   clock i_clk (rise edge)
                                  0.000000    0.000000   clock source latency
     1    0.011037    0.056098    0.037578    0.037578 ^ i_clk (in)
                      0.056108    0.000000    0.037578 ^ clkbuf_0_i_clk/A (sky130_fd_sc_hd__clkbuf_16)
     2    0.019830    0.041688    0.128891    0.166469 ^ clkbuf_0_i_clk/X (sky130_fd_sc_hd__clkbuf_16)
                      0.041720    0.001279    0.167748 ^ clkbuf_1_1__f_i_clk/A (sky130_fd_sc_hd__clkbuf_16)
     2    0.006326    0.029986    0.110875    0.278623 ^ clkbuf_1_1__f_i_clk/X (sky130_fd_sc_hd__clkbuf_16)
                      0.029987    0.000363    0.278985 ^ _16_/CLK (sky130_fd_sc_hd__dfrtp_1)
                                  0.250000    0.528985   clock uncertainty
                                  0.000000    0.528985   clock reconvergence pessimism
                                  0.356553    0.885538   library removal time
                                              0.885538   data required time
---------------------------------------------------------------------------------------------
                                              0.885538   data required time
                                             -1.304187   data arrival time
---------------------------------------------------------------------------------------------
                                              0.418648   slack (MET)


Startpoint: i_rst_n (input port clocked by i_clk)
Endpoint: _19_ (removal check against rising-edge clock i_clk)
Path Group: asynchronous
Path Type: min

Fanout         Cap        Slew       Delay        Time   Description
---------------------------------------------------------------------------------------------
                                  0.000000    0.000000   clock i_clk (rise edge)
                                  0.000000    0.000000   clock network delay (propagated)
                                  0.020000    0.020000 ^ input external delay
     1    0.002667    0.019162    0.009893    0.029893 ^ i_rst_n (in)
                      0.019163    0.000000    0.029893 ^ hold1/A (sky130_fd_sc_hd__dlygate4sd3_1)
     1    0.002681    0.051814    0.525154    0.555047 ^ hold1/X (sky130_fd_sc_hd__dlygate4sd3_1)
                      0.051814    0.000177    0.555224 ^ input2/A (sky130_fd_sc_hd__dlymetal6s2s_1)
     1    0.002724    0.055631    0.098351    0.653575 ^ input2/X (sky130_fd_sc_hd__dlymetal6s2s_1)
                      0.055633    0.000183    0.653758 ^ hold2/A (sky130_fd_sc_hd__dlygate4sd3_1)
     4    0.018205    0.191793    0.649600    1.303358 ^ hold2/X (sky130_fd_sc_hd__dlygate4sd3_1)
                      0.191794    0.000850    1.304208 ^ _19_/RESET_B (sky130_fd_sc_hd__dfrtp_1)
                                              1.304208   data arrival time

                                  0.000000    0.000000   clock i_clk (rise edge)
                                  0.000000    0.000000   clock source latency
     1    0.011037    0.056098    0.037578    0.037578 ^ i_clk (in)
                      0.056108    0.000000    0.037578 ^ clkbuf_0_i_clk/A (sky130_fd_sc_hd__clkbuf_16)
     2    0.019830    0.041688    0.128891    0.166469 ^ clkbuf_0_i_clk/X (sky130_fd_sc_hd__clkbuf_16)
                      0.041720    0.001279    0.167748 ^ clkbuf_1_1__f_i_clk/A (sky130_fd_sc_hd__clkbuf_16)
     2    0.006326    0.029986    0.110875    0.278623 ^ clkbuf_1_1__f_i_clk/X (sky130_fd_sc_hd__clkbuf_16)
                      0.029987    0.000374    0.278996 ^ _19_/CLK (sky130_fd_sc_hd__dfrtp_1)
                                  0.250000    0.528996   clock uncertainty
                                  0.000000    0.528996   clock reconvergence pessimism
                                  0.356553    0.885549   library removal time
                                              0.885549   data required time
---------------------------------------------------------------------------------------------
                                              0.885549   data required time
                                             -1.304208   data arrival time
---------------------------------------------------------------------------------------------
                                              0.418658   slack (MET)


Startpoint: i_rst_n (input port clocked by i_clk)
Endpoint: _18_ (removal check against rising-edge clock i_clk)
Path Group: asynchronous
Path Type: min

Fanout         Cap        Slew       Delay        Time   Description
---------------------------------------------------------------------------------------------
                                  0.000000    0.000000   clock i_clk (rise edge)
                                  0.000000    0.000000   clock network delay (propagated)
                                  0.020000    0.020000 ^ input external delay
     1    0.002667    0.019162    0.009893    0.029893 ^ i_rst_n (in)
                      0.019163    0.000000    0.029893 ^ hold1/A (sky130_fd_sc_hd__dlygate4sd3_1)
     1    0.002681    0.051814    0.525154    0.555047 ^ hold1/X (sky130_fd_sc_hd__dlygate4sd3_1)
                      0.051814    0.000177    0.555224 ^ input2/A (sky130_fd_sc_hd__dlymetal6s2s_1)
     1    0.002724    0.055631    0.098351    0.653575 ^ input2/X (sky130_fd_sc_hd__dlymetal6s2s_1)
                      0.055633    0.000183    0.653758 ^ hold2/A (sky130_fd_sc_hd__dlygate4sd3_1)
     4    0.018205    0.191793    0.649600    1.303358 ^ hold2/X (sky130_fd_sc_hd__dlygate4sd3_1)
                      0.191793    0.000795    1.304153 ^ _18_/RESET_B (sky130_fd_sc_hd__dfrtp_1)
                                              1.304153   data arrival time

                                  0.000000    0.000000   clock i_clk (rise edge)
                                  0.000000    0.000000   clock source latency
     1    0.011037    0.056098    0.037578    0.037578 ^ i_clk (in)
                      0.056108    0.000000    0.037578 ^ clkbuf_0_i_clk/A (sky130_fd_sc_hd__clkbuf_16)
     2    0.019830    0.041688    0.128891    0.166469 ^ clkbuf_0_i_clk/X (sky130_fd_sc_hd__clkbuf_16)
                      0.041720    0.001289    0.167757 ^ clkbuf_1_0__f_i_clk/A (sky130_fd_sc_hd__clkbuf_16)
     2    0.005535    0.029262    0.109930    0.277688 ^ clkbuf_1_0__f_i_clk/X (sky130_fd_sc_hd__clkbuf_16)
                      0.029264    0.000428    0.278116 ^ _18_/CLK (sky130_fd_sc_hd__dfrtp_1)
                                  0.250000    0.528116   clock uncertainty
                                  0.000000    0.528116   clock reconvergence pessimism
                                  0.356356    0.884472   library removal time
                                              0.884472   data required time
---------------------------------------------------------------------------------------------
                                              0.884472   data required time
                                             -1.304153   data arrival time
---------------------------------------------------------------------------------------------
                                              0.419681   slack (MET)


Startpoint: i_rst_n (input port clocked by i_clk)
Endpoint: _17_ (removal check against rising-edge clock i_clk)
Path Group: asynchronous
Path Type: min

Fanout         Cap        Slew       Delay        Time   Description
---------------------------------------------------------------------------------------------
                                  0.000000    0.000000   clock i_clk (rise edge)
                                  0.000000    0.000000   clock network delay (propagated)
                                  0.020000    0.020000 ^ input external delay
     1    0.002667    0.019162    0.009893    0.029893 ^ i_rst_n (in)
                      0.019163    0.000000    0.029893 ^ hold1/A (sky130_fd_sc_hd__dlygate4sd3_1)
     1    0.002681    0.051814    0.525154    0.555047 ^ hold1/X (sky130_fd_sc_hd__dlygate4sd3_1)
                      0.051814    0.000177    0.555224 ^ input2/A (sky130_fd_sc_hd__dlymetal6s2s_1)
     1    0.002724    0.055631    0.098351    0.653575 ^ input2/X (sky130_fd_sc_hd__dlymetal6s2s_1)
                      0.055633    0.000183    0.653758 ^ hold2/A (sky130_fd_sc_hd__dlygate4sd3_1)
     4    0.018205    0.191793    0.649600    1.303358 ^ hold2/X (sky130_fd_sc_hd__dlygate4sd3_1)
                      0.191794    0.000845    1.304203 ^ _17_/RESET_B (sky130_fd_sc_hd__dfrtp_1)
                                              1.304203   data arrival time

                                  0.000000    0.000000   clock i_clk (rise edge)
                                  0.000000    0.000000   clock source latency
     1    0.011037    0.056098    0.037578    0.037578 ^ i_clk (in)
                      0.056108    0.000000    0.037578 ^ clkbuf_0_i_clk/A (sky130_fd_sc_hd__clkbuf_16)
     2    0.019830    0.041688    0.128891    0.166469 ^ clkbuf_0_i_clk/X (sky130_fd_sc_hd__clkbuf_16)
                      0.041720    0.001289    0.167757 ^ clkbuf_1_0__f_i_clk/A (sky130_fd_sc_hd__clkbuf_16)
     2    0.005535    0.029262    0.109930    0.277688 ^ clkbuf_1_0__f_i_clk/X (sky130_fd_sc_hd__clkbuf_16)
                      0.029263    0.000347    0.278034 ^ _17_/CLK (sky130_fd_sc_hd__dfrtp_1)
                                  0.250000    0.528034   clock uncertainty
                                  0.000000    0.528034   clock reconvergence pessimism
                                  0.356356    0.884391   library removal time
                                              0.884391   data required time
---------------------------------------------------------------------------------------------
                                              0.884391   data required time
                                             -1.304203   data arrival time
---------------------------------------------------------------------------------------------
                                              0.419812   slack (MET)


Startpoint: _17_ (rising edge-triggered flip-flop clocked by i_clk)
Endpoint: _18_ (rising edge-triggered flip-flop clocked by i_clk)
Path Group: i_clk
Path Type: min

Fanout         Cap        Slew       Delay        Time   Description
---------------------------------------------------------------------------------------------
                                  0.000000    0.000000   clock i_clk (rise edge)
                                  0.000000    0.000000   clock source latency
     1    0.011037    0.056098    0.037578    0.037578 ^ i_clk (in)
                      0.056108    0.000000    0.037578 ^ clkbuf_0_i_clk/A (sky130_fd_sc_hd__clkbuf_16)
     2    0.019830    0.041688    0.128891    0.166469 ^ clkbuf_0_i_clk/X (sky130_fd_sc_hd__clkbuf_16)
                      0.041720    0.001289    0.167757 ^ clkbuf_1_0__f_i_clk/A (sky130_fd_sc_hd__clkbuf_16)
     2    0.005535    0.029262    0.109930    0.277688 ^ clkbuf_1_0__f_i_clk/X (sky130_fd_sc_hd__clkbuf_16)
                      0.029263    0.000347    0.278034 ^ _17_/CLK (sky130_fd_sc_hd__dfrtp_1)
     3    0.010558    0.104860    0.360307    0.638341 ^ _17_/Q (sky130_fd_sc_hd__dfrtp_1)
                      0.104864    0.000810    0.639152 ^ _10_/C (sky130_fd_sc_hd__and4_1)
     2    0.007454    0.093971    0.228157    0.867309 ^ _10_/X (sky130_fd_sc_hd__and4_1)
                      0.093973    0.000524    0.867833 ^ _13_/B (sky130_fd_sc_hd__xor2_1)
     1    0.002573    0.035341    0.068662    0.936495 v _13_/X (sky130_fd_sc_hd__xor2_1)
                      0.035341    0.000109    0.936604 v _18_/D (sky130_fd_sc_hd__dfrtp_1)
                                              0.936604   data arrival time

                                  0.000000    0.000000   clock i_clk (rise edge)
                                  0.000000    0.000000   clock source latency
     1    0.011037    0.056098    0.037578    0.037578 ^ i_clk (in)
                      0.056108    0.000000    0.037578 ^ clkbuf_0_i_clk/A (sky130_fd_sc_hd__clkbuf_16)
     2    0.019830    0.041688    0.128891    0.166469 ^ clkbuf_0_i_clk/X (sky130_fd_sc_hd__clkbuf_16)
                      0.041720    0.001289    0.167757 ^ clkbuf_1_0__f_i_clk/A (sky130_fd_sc_hd__clkbuf_16)
     2    0.005535    0.029262    0.109930    0.277688 ^ clkbuf_1_0__f_i_clk/X (sky130_fd_sc_hd__clkbuf_16)
                      0.029264    0.000428    0.278116 ^ _18_/CLK (sky130_fd_sc_hd__dfrtp_1)
                                  0.250000    0.528116   clock uncertainty
                                  0.000000    0.528116   clock reconvergence pessimism
                                 -0.045432    0.482684   library hold time
                                              0.482684   data required time
---------------------------------------------------------------------------------------------
                                              0.482684   data required time
                                             -0.936604   data arrival time
---------------------------------------------------------------------------------------------
                                              0.453920   slack (MET)


Startpoint: _18_ (rising edge-triggered flip-flop clocked by i_clk)
Endpoint: uo_out[3] (output port clocked by i_clk)
Path Group: i_clk
Path Type: min

Fanout         Cap        Slew       Delay        Time   Description
---------------------------------------------------------------------------------------------
                                  0.000000    0.000000   clock i_clk (rise edge)
                                  0.000000    0.000000   clock source latency
     1    0.011037    0.056098    0.037578    0.037578 ^ i_clk (in)
                      0.056108    0.000000    0.037578 ^ clkbuf_0_i_clk/A (sky130_fd_sc_hd__clkbuf_16)
     2    0.019830    0.041688    0.128891    0.166469 ^ clkbuf_0_i_clk/X (sky130_fd_sc_hd__clkbuf_16)
                      0.041720    0.001289    0.167757 ^ clkbuf_1_0__f_i_clk/A (sky130_fd_sc_hd__clkbuf_16)
     2    0.005535    0.029262    0.109930    0.277688 ^ clkbuf_1_0__f_i_clk/X (sky130_fd_sc_hd__clkbuf_16)
                      0.029264    0.000428    0.278116 ^ _18_/CLK (sky130_fd_sc_hd__dfrtp_1)
     2    0.006241    0.071439    0.332229    0.610344 ^ _18_/Q (sky130_fd_sc_hd__dfrtp_1)
                      0.071439    0.000367    0.610711 ^ output6/A (sky130_fd_sc_hd__buf_2)
     1    0.034671    0.172278    0.208390    0.819101 ^ output6/X (sky130_fd_sc_hd__buf_2)
                      0.172354    0.001753    0.820854 ^ uo_out[3] (out)
                                              0.820854   data arrival time

                                  0.000000    0.000000   clock i_clk (rise edge)
                                  0.000000    0.000000   clock network delay (propagated)
                                  0.250000    0.250000   clock uncertainty
                                  0.000000    0.250000   clock reconvergence pessimism
                                 -0.020000    0.230000   output external delay
                                              0.230000   data required time
---------------------------------------------------------------------------------------------
                                              0.230000   data required time
                                             -0.820854   data arrival time
---------------------------------------------------------------------------------------------
                                              0.590854   slack (MET)


Startpoint: _17_ (rising edge-triggered flip-flop clocked by i_clk)
Endpoint: uo_out[2] (output port clocked by i_clk)
Path Group: i_clk
Path Type: min

Fanout         Cap        Slew       Delay        Time   Description
---------------------------------------------------------------------------------------------
                                  0.000000    0.000000   clock i_clk (rise edge)
                                  0.000000    0.000000   clock source latency
     1    0.011037    0.056098    0.037578    0.037578 ^ i_clk (in)
                      0.056108    0.000000    0.037578 ^ clkbuf_0_i_clk/A (sky130_fd_sc_hd__clkbuf_16)
     2    0.019830    0.041688    0.128891    0.166469 ^ clkbuf_0_i_clk/X (sky130_fd_sc_hd__clkbuf_16)
                      0.041720    0.001289    0.167757 ^ clkbuf_1_0__f_i_clk/A (sky130_fd_sc_hd__clkbuf_16)
     2    0.005535    0.029262    0.109930    0.277688 ^ clkbuf_1_0__f_i_clk/X (sky130_fd_sc_hd__clkbuf_16)
                      0.029263    0.000347    0.278034 ^ _17_/CLK (sky130_fd_sc_hd__dfrtp_1)
     3    0.009997    0.070850    0.385631    0.663665 v _17_/Q (sky130_fd_sc_hd__dfrtp_1)
                      0.070917    0.000799    0.664465 v output5/A (sky130_fd_sc_hd__buf_2)
     1    0.034802    0.091717    0.192693    0.857158 v output5/X (sky130_fd_sc_hd__buf_2)
                      0.091758    0.001776    0.858934 v uo_out[2] (out)
                                              0.858934   data arrival time

                                  0.000000    0.000000   clock i_clk (rise edge)
                                  0.000000    0.000000   clock network delay (propagated)
                                  0.250000    0.250000   clock uncertainty
                                  0.000000    0.250000   clock reconvergence pessimism
                                 -0.020000    0.230000   output external delay
                                              0.230000   data required time
---------------------------------------------------------------------------------------------
                                              0.230000   data required time
                                             -0.858934   data arrival time
---------------------------------------------------------------------------------------------
                                              0.628934   slack (MET)


Startpoint: _19_ (rising edge-triggered flip-flop clocked by i_clk)
Endpoint: uo_out[0] (output port clocked by i_clk)
Path Group: i_clk
Path Type: min

Fanout         Cap        Slew       Delay        Time   Description
---------------------------------------------------------------------------------------------
                                  0.000000    0.000000   clock i_clk (rise edge)
                                  0.000000    0.000000   clock source latency
     1    0.011037    0.056098    0.037578    0.037578 ^ i_clk (in)
                      0.056108    0.000000    0.037578 ^ clkbuf_0_i_clk/A (sky130_fd_sc_hd__clkbuf_16)
     2    0.019830    0.041688    0.128891    0.166469 ^ clkbuf_0_i_clk/X (sky130_fd_sc_hd__clkbuf_16)
                      0.041720    0.001279    0.167748 ^ clkbuf_1_1__f_i_clk/A (sky130_fd_sc_hd__clkbuf_16)
     2    0.006326    0.029986    0.110875    0.278623 ^ clkbuf_1_1__f_i_clk/X (sky130_fd_sc_hd__clkbuf_16)
                      0.029987    0.000374    0.278996 ^ _19_/CLK (sky130_fd_sc_hd__dfrtp_1)
     5    0.012931    0.083613    0.397720    0.676716 v _19_/Q (sky130_fd_sc_hd__dfrtp_1)
                      0.083616    0.000623    0.677340 v output3/A (sky130_fd_sc_hd__buf_2)
     1    0.034615    0.090670    0.197280    0.874619 v output3/X (sky130_fd_sc_hd__buf_2)
                      0.090708    0.001716    0.876335 v uo_out[0] (out)
                                              0.876335   data arrival time

                                  0.000000    0.000000   clock i_clk (rise edge)
                                  0.000000    0.000000   clock network delay (propagated)
                                  0.250000    0.250000   clock uncertainty
                                  0.000000    0.250000   clock reconvergence pessimism
                                 -0.020000    0.230000   output external delay
                                              0.230000   data required time
---------------------------------------------------------------------------------------------
                                              0.230000   data required time
                                             -0.876335   data arrival time
---------------------------------------------------------------------------------------------
                                              0.646335   slack (MET)


Startpoint: _16_ (rising edge-triggered flip-flop clocked by i_clk)
Endpoint: uo_out[1] (output port clocked by i_clk)
Path Group: i_clk
Path Type: min

Fanout         Cap        Slew       Delay        Time   Description
---------------------------------------------------------------------------------------------
                                  0.000000    0.000000   clock i_clk (rise edge)
                                  0.000000    0.000000   clock source latency
     1    0.011037    0.056098    0.037578    0.037578 ^ i_clk (in)
                      0.056108    0.000000    0.037578 ^ clkbuf_0_i_clk/A (sky130_fd_sc_hd__clkbuf_16)
     2    0.019830    0.041688    0.128891    0.166469 ^ clkbuf_0_i_clk/X (sky130_fd_sc_hd__clkbuf_16)
                      0.041720    0.001279    0.167748 ^ clkbuf_1_1__f_i_clk/A (sky130_fd_sc_hd__clkbuf_16)
     2    0.006326    0.029986    0.110875    0.278623 ^ clkbuf_1_1__f_i_clk/X (sky130_fd_sc_hd__clkbuf_16)
                      0.029987    0.000363    0.278985 ^ _16_/CLK (sky130_fd_sc_hd__dfrtp_1)
     4    0.014679    0.091534    0.404325    0.683310 v _16_/Q (sky130_fd_sc_hd__dfrtp_1)
                      0.091540    0.000871    0.684182 v output4/A (sky130_fd_sc_hd__buf_2)
     1    0.034969    0.091474    0.201477    0.885659 v output4/X (sky130_fd_sc_hd__buf_2)
                      0.091515    0.001786    0.887445 v uo_out[1] (out)
                                              0.887445   data arrival time

                                  0.000000    0.000000   clock i_clk (rise edge)
                                  0.000000    0.000000   clock network delay (propagated)
                                  0.250000    0.250000   clock uncertainty
                                  0.000000    0.250000   clock reconvergence pessimism
                                 -0.020000    0.230000   output external delay
                                              0.230000   data required time
---------------------------------------------------------------------------------------------
                                              0.230000   data required time
                                             -0.887445   data arrival time
---------------------------------------------------------------------------------------------
                                              0.657445   slack (MET)


Startpoint: _16_ (rising edge-triggered flip-flop clocked by i_clk)
Endpoint: _16_ (rising edge-triggered flip-flop clocked by i_clk)
Path Group: i_clk
Path Type: min

Fanout         Cap        Slew       Delay        Time   Description
---------------------------------------------------------------------------------------------
                                  0.000000    0.000000   clock i_clk (rise edge)
                                  0.000000    0.000000   clock source latency
     1    0.011037    0.056098    0.037578    0.037578 ^ i_clk (in)
                      0.056108    0.000000    0.037578 ^ clkbuf_0_i_clk/A (sky130_fd_sc_hd__clkbuf_16)
     2    0.019830    0.041688    0.128891    0.166469 ^ clkbuf_0_i_clk/X (sky130_fd_sc_hd__clkbuf_16)
                      0.041720    0.001279    0.167748 ^ clkbuf_1_1__f_i_clk/A (sky130_fd_sc_hd__clkbuf_16)
     2    0.006326    0.029986    0.110875    0.278623 ^ clkbuf_1_1__f_i_clk/X (sky130_fd_sc_hd__clkbuf_16)
                      0.029987    0.000363    0.278985 ^ _16_/CLK (sky130_fd_sc_hd__dfrtp_1)
     4    0.015418    0.144884    0.389556    0.668541 ^ _16_/Q (sky130_fd_sc_hd__dfrtp_1)
                      0.144898    0.001494    0.670035 ^ _09_/A (sky130_fd_sc_hd__xnor2_1)
     1    0.002294    0.031794    0.085123    0.755158 v _09_/Y (sky130_fd_sc_hd__xnor2_1)
                      0.031795    0.000164    0.755322 v hold4/A (sky130_fd_sc_hd__dlygate4sd3_1)
     1    0.002737    0.052712    0.542410    1.297732 v hold4/X (sky130_fd_sc_hd__dlygate4sd3_1)
                      0.052712    0.000196    1.297927 v _16_/D (sky130_fd_sc_hd__dfrtp_1)
                                              1.297927   data arrival time

                                  0.000000    0.000000   clock i_clk (rise edge)
                                  0.000000    0.000000   clock source latency
     1    0.011037    0.056098    0.037578    0.037578 ^ i_clk (in)
                      0.056108    0.000000    0.037578 ^ clkbuf_0_i_clk/A (sky130_fd_sc_hd__clkbuf_16)
     2    0.019830    0.041688    0.128891    0.166469 ^ clkbuf_0_i_clk/X (sky130_fd_sc_hd__clkbuf_16)
                      0.041720    0.001279    0.167748 ^ clkbuf_1_1__f_i_clk/A (sky130_fd_sc_hd__clkbuf_16)
     2    0.006326    0.029986    0.110875    0.278623 ^ clkbuf_1_1__f_i_clk/X (sky130_fd_sc_hd__clkbuf_16)
                      0.029987    0.000363    0.278985 ^ _16_/CLK (sky130_fd_sc_hd__dfrtp_1)
                                  0.250000    0.528985   clock uncertainty
                                  0.000000    0.528985   clock reconvergence pessimism
                                 -0.052341    0.476645   library hold time
                                              0.476645   data required time
---------------------------------------------------------------------------------------------
                                              0.476645   data required time
                                             -1.297927   data arrival time
---------------------------------------------------------------------------------------------
                                              0.821283   slack (MET)



%OL_END_REPORT
%OL_CREATE_REPORT max.rpt

===========================================================================
report_checks -path_delay max (Setup)
============================================================================
======================= max_tt_025C_1v80 Corner ===================================

Warning: corner.tcl line 67, unknown field nets.
Warning: corner.tcl line 67, report_checks -group_count is deprecated. Use -group_path_count instead.
Startpoint: i_ena (input port clocked by i_clk)
Endpoint: _16_ (rising edge-triggered flip-flop clocked by i_clk)
Path Group: i_clk
Path Type: max

Fanout         Cap        Slew       Delay        Time   Description
---------------------------------------------------------------------------------------------
                                  0.000000    0.000000   clock i_clk (rise edge)
                                  0.000000    0.000000   clock network delay (propagated)
                                  0.020000    0.020000 ^ input external delay
     1    0.002451    0.018245    0.009133    0.029133 ^ i_ena (in)
                      0.018245    0.000000    0.029133 ^ hold3/A (sky130_fd_sc_hd__dlygate4sd3_1)
     1    0.002250    0.048339    0.520802    0.549935 ^ hold3/X (sky130_fd_sc_hd__dlygate4sd3_1)
                      0.048339    0.000103    0.550039 ^ input1/A (sky130_fd_sc_hd__clkbuf_1)
     4    0.010451    0.129807    0.142432    0.692471 ^ input1/X (sky130_fd_sc_hd__clkbuf_1)
                      0.129808    0.000300    0.692771 ^ _08_/B (sky130_fd_sc_hd__nand2_1)
     2    0.006429    0.065287    0.090536    0.783307 v _08_/Y (sky130_fd_sc_hd__nand2_1)
                      0.065288    0.000276    0.783583 v _09_/B (sky130_fd_sc_hd__xnor2_1)
     1    0.002294    0.046413    0.122782    0.906365 v _09_/Y (sky130_fd_sc_hd__xnor2_1)
                      0.046415    0.000164    0.906528 v hold4/A (sky130_fd_sc_hd__dlygate4sd3_1)
     1    0.002737    0.052587    0.548103    1.454631 v hold4/X (sky130_fd_sc_hd__dlygate4sd3_1)
                      0.052587    0.000196    1.454827 v _16_/D (sky130_fd_sc_hd__dfrtp_1)
                                              1.454827   data arrival time

                                 10.000000   10.000000   clock i_clk (rise edge)
                                  0.000000   10.000000   clock source latency
     1    0.011037    0.056098    0.037578   10.037579 ^ i_clk (in)
                      0.056108    0.000000   10.037579 ^ clkbuf_0_i_clk/A (sky130_fd_sc_hd__clkbuf_16)
     2    0.019830    0.041688    0.128891   10.166469 ^ clkbuf_0_i_clk/X (sky130_fd_sc_hd__clkbuf_16)
                      0.041720    0.001279   10.167747 ^ clkbuf_1_1__f_i_clk/A (sky130_fd_sc_hd__clkbuf_16)
     2    0.006326    0.029986    0.110875   10.278623 ^ clkbuf_1_1__f_i_clk/X (sky130_fd_sc_hd__clkbuf_16)
                      0.029987    0.000363   10.278986 ^ _16_/CLK (sky130_fd_sc_hd__dfrtp_1)
                                 -0.250000   10.028986   clock uncertainty
                                  0.000000   10.028986   clock reconvergence pessimism
                                 -0.121022    9.907964   library setup time
                                              9.907964   data required time
---------------------------------------------------------------------------------------------
                                              9.907964   data required time
                                             -1.454827   data arrival time
---------------------------------------------------------------------------------------------
                                              8.453136   slack (MET)


Startpoint: _18_ (rising edge-triggered flip-flop clocked by i_clk)
Endpoint: _18_ (rising edge-triggered flip-flop clocked by i_clk)
Path Group: i_clk
Path Type: max

Fanout         Cap        Slew       Delay        Time   Description
---------------------------------------------------------------------------------------------
                                  0.000000    0.000000   clock i_clk (rise edge)
                                  0.000000    0.000000   clock source latency
     1    0.011037    0.056098    0.037578    0.037578 ^ i_clk (in)
                      0.056108    0.000000    0.037578 ^ clkbuf_0_i_clk/A (sky130_fd_sc_hd__clkbuf_16)
     2    0.019830    0.041688    0.128891    0.166469 ^ clkbuf_0_i_clk/X (sky130_fd_sc_hd__clkbuf_16)
                      0.041720    0.001289    0.167757 ^ clkbuf_1_0__f_i_clk/A (sky130_fd_sc_hd__clkbuf_16)
     2    0.005535    0.029262    0.109930    0.277688 ^ clkbuf_1_0__f_i_clk/X (sky130_fd_sc_hd__clkbuf_16)
                      0.029264    0.000428    0.278116 ^ _18_/CLK (sky130_fd_sc_hd__dfrtp_1)
     2    0.005916    0.053536    0.364631    0.642747 v _18_/Q (sky130_fd_sc_hd__dfrtp_1)
                      0.053536    0.000317    0.643063 v hold5/A (sky130_fd_sc_hd__dlygate4sd3_1)
     1    0.005762    0.067438    0.572221    1.215284 v hold5/X (sky130_fd_sc_hd__dlygate4sd3_1)
                      0.067438    0.000402    1.215686 v _13_/A (sky130_fd_sc_hd__xor2_1)
     1    0.002573    0.047031    0.161196    1.376881 v _13_/X (sky130_fd_sc_hd__xor2_1)
                      0.047031    0.000109    1.376990 v _18_/D (sky130_fd_sc_hd__dfrtp_1)
                                              1.376990   data arrival time

                                 10.000000   10.000000   clock i_clk (rise edge)
                                  0.000000   10.000000   clock source latency
     1    0.011037    0.056098    0.037578   10.037579 ^ i_clk (in)
                      0.056108    0.000000   10.037579 ^ clkbuf_0_i_clk/A (sky130_fd_sc_hd__clkbuf_16)
     2    0.019830    0.041688    0.128891   10.166469 ^ clkbuf_0_i_clk/X (sky130_fd_sc_hd__clkbuf_16)
                      0.041720    0.001289   10.167758 ^ clkbuf_1_0__f_i_clk/A (sky130_fd_sc_hd__clkbuf_16)
     2    0.005535    0.029262    0.109931   10.277688 ^ clkbuf_1_0__f_i_clk/X (sky130_fd_sc_hd__clkbuf_16)
                      0.029264    0.000428   10.278116 ^ _18_/CLK (sky130_fd_sc_hd__dfrtp_1)
                                 -0.250000   10.028116   clock uncertainty
                                  0.000000   10.028116   clock reconvergence pessimism
                                 -0.118761    9.909355   library setup time
                                              9.909355   data required time
---------------------------------------------------------------------------------------------
                                              9.909355   data required time
                                             -1.376990   data arrival time
---------------------------------------------------------------------------------------------
                                              8.532365   slack (MET)


Startpoint: i_ena (input port clocked by i_clk)
Endpoint: _17_ (rising edge-triggered flip-flop clocked by i_clk)
Path Group: i_clk
Path Type: max

Fanout         Cap        Slew       Delay        Time   Description
---------------------------------------------------------------------------------------------
                                  0.000000    0.000000   clock i_clk (rise edge)
                                  0.000000    0.000000   clock network delay (propagated)
                                  0.020000    0.020000 ^ input external delay
     1    0.002451    0.018245    0.009133    0.029133 ^ i_ena (in)
                      0.018245    0.000000    0.029133 ^ hold3/A (sky130_fd_sc_hd__dlygate4sd3_1)
     1    0.002250    0.048339    0.520802    0.549935 ^ hold3/X (sky130_fd_sc_hd__dlygate4sd3_1)
                      0.048339    0.000103    0.550039 ^ input1/A (sky130_fd_sc_hd__clkbuf_1)
     4    0.010451    0.129807    0.142432    0.692471 ^ input1/X (sky130_fd_sc_hd__clkbuf_1)
                      0.129808    0.000326    0.692796 ^ _10_/D (sky130_fd_sc_hd__and4_1)
     2    0.007454    0.094239    0.237676    0.930472 ^ _10_/X (sky130_fd_sc_hd__and4_1)
                      0.094239    0.000372    0.930845 ^ _12_/A_N (sky130_fd_sc_hd__and2b_1)
     1    0.003697    0.037767    0.187496    1.118340 v _12_/X (sky130_fd_sc_hd__and2b_1)
                      0.037780    0.000223    1.118564 v _17_/D (sky130_fd_sc_hd__dfrtp_1)
                                              1.118564   data arrival time

                                 10.000000   10.000000   clock i_clk (rise edge)
                                  0.000000   10.000000   clock source latency
     1    0.011037    0.056098    0.037578   10.037579 ^ i_clk (in)
                      0.056108    0.000000   10.037579 ^ clkbuf_0_i_clk/A (sky130_fd_sc_hd__clkbuf_16)
     2    0.019830    0.041688    0.128891   10.166469 ^ clkbuf_0_i_clk/X (sky130_fd_sc_hd__clkbuf_16)
                      0.041720    0.001289   10.167758 ^ clkbuf_1_0__f_i_clk/A (sky130_fd_sc_hd__clkbuf_16)
     2    0.005535    0.029262    0.109931   10.277688 ^ clkbuf_1_0__f_i_clk/X (sky130_fd_sc_hd__clkbuf_16)
                      0.029263    0.000346   10.278035 ^ _17_/CLK (sky130_fd_sc_hd__dfrtp_1)
                                 -0.250000   10.028034   clock uncertainty
                                  0.000000   10.028034   clock reconvergence pessimism
                                 -0.114721    9.913313   library setup time
                                              9.913313   data required time
---------------------------------------------------------------------------------------------
                                              9.913313   data required time
                                             -1.118564   data arrival time
---------------------------------------------------------------------------------------------
                                              8.794749   slack (MET)


Startpoint: _16_ (rising edge-triggered flip-flop clocked by i_clk)
Endpoint: uo_out[1] (output port clocked by i_clk)
Path Group: i_clk
Path Type: max

Fanout         Cap        Slew       Delay        Time   Description
---------------------------------------------------------------------------------------------
                                  0.000000    0.000000   clock i_clk (rise edge)
                                  0.000000    0.000000   clock source latency
     1    0.011037    0.056098    0.037578    0.037578 ^ i_clk (in)
                      0.056108    0.000000    0.037578 ^ clkbuf_0_i_clk/A (sky130_fd_sc_hd__clkbuf_16)
     2    0.019830    0.041688    0.128891    0.166469 ^ clkbuf_0_i_clk/X (sky130_fd_sc_hd__clkbuf_16)
                      0.041720    0.001279    0.167748 ^ clkbuf_1_1__f_i_clk/A (sky130_fd_sc_hd__clkbuf_16)
     2    0.006326    0.029986    0.110875    0.278623 ^ clkbuf_1_1__f_i_clk/X (sky130_fd_sc_hd__clkbuf_16)
                      0.029987    0.000363    0.278985 ^ _16_/CLK (sky130_fd_sc_hd__dfrtp_1)
     4    0.015418    0.144884    0.389556    0.668541 ^ _16_/Q (sky130_fd_sc_hd__dfrtp_1)
                      0.144887    0.000919    0.669460 ^ output4/A (sky130_fd_sc_hd__buf_2)
     1    0.034969    0.174088    0.234224    0.903684 ^ output4/X (sky130_fd_sc_hd__buf_2)
                      0.174105    0.001789    0.905473 ^ uo_out[1] (out)
                                              0.905473   data arrival time

                                 10.000000   10.000000   clock i_clk (rise edge)
                                  0.000000   10.000000   clock network delay (propagated)
                                 -0.250000    9.750000   clock uncertainty
                                  0.000000    9.750000   clock reconvergence pessimism
                                 -0.020000    9.730000   output external delay
                                              9.730000   data required time
---------------------------------------------------------------------------------------------
                                              9.730000   data required time
                                             -0.905473   data arrival time
---------------------------------------------------------------------------------------------
                                              8.824527   slack (MET)


Startpoint: _19_ (rising edge-triggered flip-flop clocked by i_clk)
Endpoint: uo_out[0] (output port clocked by i_clk)
Path Group: i_clk
Path Type: max

Fanout         Cap        Slew       Delay        Time   Description
---------------------------------------------------------------------------------------------
                                  0.000000    0.000000   clock i_clk (rise edge)
                                  0.000000    0.000000   clock source latency
     1    0.011037    0.056098    0.037578    0.037578 ^ i_clk (in)
                      0.056108    0.000000    0.037578 ^ clkbuf_0_i_clk/A (sky130_fd_sc_hd__clkbuf_16)
     2    0.019830    0.041688    0.128891    0.166469 ^ clkbuf_0_i_clk/X (sky130_fd_sc_hd__clkbuf_16)
                      0.041720    0.001279    0.167748 ^ clkbuf_1_1__f_i_clk/A (sky130_fd_sc_hd__clkbuf_16)
     2    0.006326    0.029986    0.110875    0.278623 ^ clkbuf_1_1__f_i_clk/X (sky130_fd_sc_hd__clkbuf_16)
                      0.029987    0.000374    0.278996 ^ _19_/CLK (sky130_fd_sc_hd__dfrtp_1)
     5    0.013541    0.129322    0.378653    0.657649 ^ _19_/Q (sky130_fd_sc_hd__dfrtp_1)
                      0.129324    0.000656    0.658306 ^ output3/A (sky130_fd_sc_hd__buf_2)
     1    0.034615    0.172407    0.228900    0.887205 ^ output3/X (sky130_fd_sc_hd__buf_2)
                      0.172423    0.001718    0.888923 ^ uo_out[0] (out)
                                              0.888923   data arrival time

                                 10.000000   10.000000   clock i_clk (rise edge)
                                  0.000000   10.000000   clock network delay (propagated)
                                 -0.250000    9.750000   clock uncertainty
                                  0.000000    9.750000   clock reconvergence pessimism
                                 -0.020000    9.730000   output external delay
                                              9.730000   data required time
---------------------------------------------------------------------------------------------
                                              9.730000   data required time
                                             -0.888923   data arrival time
---------------------------------------------------------------------------------------------
                                              8.841077   slack (MET)


Startpoint: _19_ (rising edge-triggered flip-flop clocked by i_clk)
Endpoint: _19_ (rising edge-triggered flip-flop clocked by i_clk)
Path Group: i_clk
Path Type: max

Fanout         Cap        Slew       Delay        Time   Description
---------------------------------------------------------------------------------------------
                                  0.000000    0.000000   clock i_clk (rise edge)
                                  0.000000    0.000000   clock source latency
     1    0.011037    0.056098    0.037578    0.037578 ^ i_clk (in)
                      0.056108    0.000000    0.037578 ^ clkbuf_0_i_clk/A (sky130_fd_sc_hd__clkbuf_16)
     2    0.019830    0.041688    0.128891    0.166469 ^ clkbuf_0_i_clk/X (sky130_fd_sc_hd__clkbuf_16)
                      0.041720    0.001279    0.167748 ^ clkbuf_1_1__f_i_clk/A (sky130_fd_sc_hd__clkbuf_16)
     2    0.006326    0.029986    0.110875    0.278623 ^ clkbuf_1_1__f_i_clk/X (sky130_fd_sc_hd__clkbuf_16)
                      0.029987    0.000374    0.278996 ^ _19_/CLK (sky130_fd_sc_hd__dfrtp_1)
     5    0.012931    0.083613    0.397720    0.676716 v _19_/Q (sky130_fd_sc_hd__dfrtp_1)
                      0.083615    0.000589    0.677305 v _14_/A (sky130_fd_sc_hd__or2_1)
     1    0.001798    0.042524    0.226295    0.903601 v _14_/X (sky130_fd_sc_hd__or2_1)
                      0.042524    0.000123    0.903724 v _15_/B (sky130_fd_sc_hd__and2_1)
     1    0.003361    0.037583    0.152185    1.055909 v _15_/X (sky130_fd_sc_hd__and2_1)
                      0.037583    0.000202    1.056111 v _19_/D (sky130_fd_sc_hd__dfrtp_1)
                                              1.056111   data arrival time

                                 10.000000   10.000000   clock i_clk (rise edge)
                                  0.000000   10.000000   clock source latency
     1    0.011037    0.056098    0.037578   10.037579 ^ i_clk (in)
                      0.056108    0.000000   10.037579 ^ clkbuf_0_i_clk/A (sky130_fd_sc_hd__clkbuf_16)
     2    0.019830    0.041688    0.128891   10.166469 ^ clkbuf_0_i_clk/X (sky130_fd_sc_hd__clkbuf_16)
                      0.041720    0.001279   10.167747 ^ clkbuf_1_1__f_i_clk/A (sky130_fd_sc_hd__clkbuf_16)
     2    0.006326    0.029986    0.110875   10.278623 ^ clkbuf_1_1__f_i_clk/X (sky130_fd_sc_hd__clkbuf_16)
                      0.029987    0.000374   10.278996 ^ _19_/CLK (sky130_fd_sc_hd__dfrtp_1)
                                 -0.250000   10.028996   clock uncertainty
                                  0.000000   10.028996   clock reconvergence pessimism
                                 -0.114470    9.914526   library setup time
                                              9.914526   data required time
---------------------------------------------------------------------------------------------
                                              9.914526   data required time
                                             -1.056111   data arrival time
---------------------------------------------------------------------------------------------
                                              8.858416   slack (MET)


Startpoint: _17_ (rising edge-triggered flip-flop clocked by i_clk)
Endpoint: uo_out[2] (output port clocked by i_clk)
Path Group: i_clk
Path Type: max

Fanout         Cap        Slew       Delay        Time   Description
---------------------------------------------------------------------------------------------
                                  0.000000    0.000000   clock i_clk (rise edge)
                                  0.000000    0.000000   clock source latency
     1    0.011037    0.056098    0.037578    0.037578 ^ i_clk (in)
                      0.056108    0.000000    0.037578 ^ clkbuf_0_i_clk/A (sky130_fd_sc_hd__clkbuf_16)
     2    0.019830    0.041688    0.128891    0.166469 ^ clkbuf_0_i_clk/X (sky130_fd_sc_hd__clkbuf_16)
                      0.041720    0.001289    0.167757 ^ clkbuf_1_0__f_i_clk/A (sky130_fd_sc_hd__clkbuf_16)
     2    0.005535    0.029262    0.109930    0.277688 ^ clkbuf_1_0__f_i_clk/X (sky130_fd_sc_hd__clkbuf_16)
                      0.029263    0.000347    0.278034 ^ _17_/CLK (sky130_fd_sc_hd__dfrtp_1)
     3    0.010558    0.104860    0.360307    0.638341 ^ _17_/Q (sky130_fd_sc_hd__dfrtp_1)
                      0.104864    0.000842    0.639183 ^ output5/A (sky130_fd_sc_hd__buf_2)
     1    0.034802    0.174033    0.221868    0.861051 ^ output5/X (sky130_fd_sc_hd__buf_2)
                      0.174112    0.001778    0.862829 ^ uo_out[2] (out)
                                              0.862829   data arrival time

                                 10.000000   10.000000   clock i_clk (rise edge)
                                  0.000000   10.000000   clock network delay (propagated)
                                 -0.250000    9.750000   clock uncertainty
                                  0.000000    9.750000   clock reconvergence pessimism
                                 -0.020000    9.730000   output external delay
                                              9.730000   data required time
---------------------------------------------------------------------------------------------
                                              9.730000   data required time
                                             -0.862829   data arrival time
---------------------------------------------------------------------------------------------
                                              8.867171   slack (MET)


Startpoint: _18_ (rising edge-triggered flip-flop clocked by i_clk)
Endpoint: uo_out[3] (output port clocked by i_clk)
Path Group: i_clk
Path Type: max

Fanout         Cap        Slew       Delay        Time   Description
---------------------------------------------------------------------------------------------
                                  0.000000    0.000000   clock i_clk (rise edge)
                                  0.000000    0.000000   clock source latency
     1    0.011037    0.056098    0.037578    0.037578 ^ i_clk (in)
                      0.056108    0.000000    0.037578 ^ clkbuf_0_i_clk/A (sky130_fd_sc_hd__clkbuf_16)
     2    0.019830    0.041688    0.128891    0.166469 ^ clkbuf_0_i_clk/X (sky130_fd_sc_hd__clkbuf_16)
                      0.041720    0.001289    0.167757 ^ clkbuf_1_0__f_i_clk/A (sky130_fd_sc_hd__clkbuf_16)
     2    0.005535    0.029262    0.109930    0.277688 ^ clkbuf_1_0__f_i_clk/X (sky130_fd_sc_hd__clkbuf_16)
                      0.029264    0.000428    0.278116 ^ _18_/CLK (sky130_fd_sc_hd__dfrtp_1)
     2    0.005916    0.053536    0.364631    0.642747 v _18_/Q (sky130_fd_sc_hd__dfrtp_1)
                      0.053536    0.000346    0.643092 v output6/A (sky130_fd_sc_hd__buf_2)
     1    0.034671    0.090774    0.183663    0.826756 v output6/X (sky130_fd_sc_hd__buf_2)
                      0.090814    0.001751    0.828507 v uo_out[3] (out)
                                              0.828507   data arrival time

                                 10.000000   10.000000   clock i_clk (rise edge)
                                  0.000000   10.000000   clock network delay (propagated)
                                 -0.250000    9.750000   clock uncertainty
                                  0.000000    9.750000   clock reconvergence pessimism
                                 -0.020000    9.730000   output external delay
                                              9.730000   data required time
---------------------------------------------------------------------------------------------
                                              9.730000   data required time
                                             -0.828507   data arrival time
---------------------------------------------------------------------------------------------
                                              8.901494   slack (MET)


Startpoint: i_rst_n (input port clocked by i_clk)
Endpoint: _17_ (recovery check against rising-edge clock i_clk)
Path Group: asynchronous
Path Type: max

Fanout         Cap        Slew       Delay        Time   Description
---------------------------------------------------------------------------------------------
                                  0.000000    0.000000   clock i_clk (rise edge)
                                  0.000000    0.000000   clock network delay (propagated)
                                  0.020000    0.020000 ^ input external delay
     1    0.002667    0.019162    0.009893    0.029893 ^ i_rst_n (in)
                      0.019163    0.000000    0.029893 ^ hold1/A (sky130_fd_sc_hd__dlygate4sd3_1)
     1    0.002681    0.051814    0.525154    0.555047 ^ hold1/X (sky130_fd_sc_hd__dlygate4sd3_1)
                      0.051814    0.000177    0.555224 ^ input2/A (sky130_fd_sc_hd__dlymetal6s2s_1)
     1    0.002724    0.055631    0.098351    0.653575 ^ input2/X (sky130_fd_sc_hd__dlymetal6s2s_1)
                      0.055633    0.000183    0.653758 ^ hold2/A (sky130_fd_sc_hd__dlygate4sd3_1)
     4    0.018205    0.191793    0.649600    1.303358 ^ hold2/X (sky130_fd_sc_hd__dlygate4sd3_1)
                      0.191794    0.000845    1.304203 ^ _17_/RESET_B (sky130_fd_sc_hd__dfrtp_1)
                                              1.304203   data arrival time

                                 10.000000   10.000000   clock i_clk (rise edge)
                                  0.000000   10.000000   clock source latency
     1    0.011037    0.056098    0.037578   10.037579 ^ i_clk (in)
                      0.056108    0.000000   10.037579 ^ clkbuf_0_i_clk/A (sky130_fd_sc_hd__clkbuf_16)
     2    0.019830    0.041688    0.128891   10.166469 ^ clkbuf_0_i_clk/X (sky130_fd_sc_hd__clkbuf_16)
                      0.041720    0.001289   10.167758 ^ clkbuf_1_0__f_i_clk/A (sky130_fd_sc_hd__clkbuf_16)
     2    0.005535    0.029262    0.109931   10.277688 ^ clkbuf_1_0__f_i_clk/X (sky130_fd_sc_hd__clkbuf_16)
                      0.029263    0.000346   10.278035 ^ _17_/CLK (sky130_fd_sc_hd__dfrtp_1)
                                 -0.250000   10.028034   clock uncertainty
                                  0.000000   10.028034   clock reconvergence pessimism
                                  0.187410   10.215445   library recovery time
                                             10.215445   data required time
---------------------------------------------------------------------------------------------
                                             10.215445   data required time
                                             -1.304203   data arrival time
---------------------------------------------------------------------------------------------
                                              8.911242   slack (MET)


Startpoint: i_rst_n (input port clocked by i_clk)
Endpoint: _18_ (recovery check against rising-edge clock i_clk)
Path Group: asynchronous
Path Type: max

Fanout         Cap        Slew       Delay        Time   Description
---------------------------------------------------------------------------------------------
                                  0.000000    0.000000   clock i_clk (rise edge)
                                  0.000000    0.000000   clock network delay (propagated)
                                  0.020000    0.020000 ^ input external delay
     1    0.002667    0.019162    0.009893    0.029893 ^ i_rst_n (in)
                      0.019163    0.000000    0.029893 ^ hold1/A (sky130_fd_sc_hd__dlygate4sd3_1)
     1    0.002681    0.051814    0.525154    0.555047 ^ hold1/X (sky130_fd_sc_hd__dlygate4sd3_1)
                      0.051814    0.000177    0.555224 ^ input2/A (sky130_fd_sc_hd__dlymetal6s2s_1)
     1    0.002724    0.055631    0.098351    0.653575 ^ input2/X (sky130_fd_sc_hd__dlymetal6s2s_1)
                      0.055633    0.000183    0.653758 ^ hold2/A (sky130_fd_sc_hd__dlygate4sd3_1)
     4    0.018205    0.191793    0.649600    1.303358 ^ hold2/X (sky130_fd_sc_hd__dlygate4sd3_1)
                      0.191793    0.000795    1.304153 ^ _18_/RESET_B (sky130_fd_sc_hd__dfrtp_1)
                                              1.304153   data arrival time

                                 10.000000   10.000000   clock i_clk (rise edge)
                                  0.000000   10.000000   clock source latency
     1    0.011037    0.056098    0.037578   10.037579 ^ i_clk (in)
                      0.056108    0.000000   10.037579 ^ clkbuf_0_i_clk/A (sky130_fd_sc_hd__clkbuf_16)
     2    0.019830    0.041688    0.128891   10.166469 ^ clkbuf_0_i_clk/X (sky130_fd_sc_hd__clkbuf_16)
                      0.041720    0.001289   10.167758 ^ clkbuf_1_0__f_i_clk/A (sky130_fd_sc_hd__clkbuf_16)
     2    0.005535    0.029262    0.109931   10.277688 ^ clkbuf_1_0__f_i_clk/X (sky130_fd_sc_hd__clkbuf_16)
                      0.029264    0.000428   10.278116 ^ _18_/CLK (sky130_fd_sc_hd__dfrtp_1)
                                 -0.250000   10.028116   clock uncertainty
                                  0.000000   10.028116   clock reconvergence pessimism
                                  0.187410   10.215527   library recovery time
                                             10.215527   data required time
---------------------------------------------------------------------------------------------
                                             10.215527   data required time
                                             -1.304153   data arrival time
---------------------------------------------------------------------------------------------
                                              8.911373   slack (MET)


Startpoint: i_rst_n (input port clocked by i_clk)
Endpoint: _19_ (recovery check against rising-edge clock i_clk)
Path Group: asynchronous
Path Type: max

Fanout         Cap        Slew       Delay        Time   Description
---------------------------------------------------------------------------------------------
                                  0.000000    0.000000   clock i_clk (rise edge)
                                  0.000000    0.000000   clock network delay (propagated)
                                  0.020000    0.020000 ^ input external delay
     1    0.002667    0.019162    0.009893    0.029893 ^ i_rst_n (in)
                      0.019163    0.000000    0.029893 ^ hold1/A (sky130_fd_sc_hd__dlygate4sd3_1)
     1    0.002681    0.051814    0.525154    0.555047 ^ hold1/X (sky130_fd_sc_hd__dlygate4sd3_1)
                      0.051814    0.000177    0.555224 ^ input2/A (sky130_fd_sc_hd__dlymetal6s2s_1)
     1    0.002724    0.055631    0.098351    0.653575 ^ input2/X (sky130_fd_sc_hd__dlymetal6s2s_1)
                      0.055633    0.000183    0.653758 ^ hold2/A (sky130_fd_sc_hd__dlygate4sd3_1)
     4    0.018205    0.191793    0.649600    1.303358 ^ hold2/X (sky130_fd_sc_hd__dlygate4sd3_1)
                      0.191794    0.000850    1.304208 ^ _19_/RESET_B (sky130_fd_sc_hd__dfrtp_1)
                                              1.304208   data arrival time

                                 10.000000   10.000000   clock i_clk (rise edge)
                                  0.000000   10.000000   clock source latency
     1    0.011037    0.056098    0.037578   10.037579 ^ i_clk (in)
                      0.056108    0.000000   10.037579 ^ clkbuf_0_i_clk/A (sky130_fd_sc_hd__clkbuf_16)
     2    0.019830    0.041688    0.128891   10.166469 ^ clkbuf_0_i_clk/X (sky130_fd_sc_hd__clkbuf_16)
                      0.041720    0.001279   10.167747 ^ clkbuf_1_1__f_i_clk/A (sky130_fd_sc_hd__clkbuf_16)
     2    0.006326    0.029986    0.110875   10.278623 ^ clkbuf_1_1__f_i_clk/X (sky130_fd_sc_hd__clkbuf_16)
                      0.029987    0.000374   10.278996 ^ _19_/CLK (sky130_fd_sc_hd__dfrtp_1)
                                 -0.250000   10.028996   clock uncertainty
                                  0.000000   10.028996   clock reconvergence pessimism
                                  0.187636   10.216632   library recovery time
                                             10.216632   data required time
---------------------------------------------------------------------------------------------
                                             10.216632   data required time
                                             -1.304208   data arrival time
---------------------------------------------------------------------------------------------
                                              8.912425   slack (MET)


Startpoint: i_rst_n (input port clocked by i_clk)
Endpoint: _16_ (recovery check against rising-edge clock i_clk)
Path Group: asynchronous
Path Type: max

Fanout         Cap        Slew       Delay        Time   Description
---------------------------------------------------------------------------------------------
                                  0.000000    0.000000   clock i_clk (rise edge)
                                  0.000000    0.000000   clock network delay (propagated)
                                  0.020000    0.020000 ^ input external delay
     1    0.002667    0.019162    0.009893    0.029893 ^ i_rst_n (in)
                      0.019163    0.000000    0.029893 ^ hold1/A (sky130_fd_sc_hd__dlygate4sd3_1)
     1    0.002681    0.051814    0.525154    0.555047 ^ hold1/X (sky130_fd_sc_hd__dlygate4sd3_1)
                      0.051814    0.000177    0.555224 ^ input2/A (sky130_fd_sc_hd__dlymetal6s2s_1)
     1    0.002724    0.055631    0.098351    0.653575 ^ input2/X (sky130_fd_sc_hd__dlymetal6s2s_1)
                      0.055633    0.000183    0.653758 ^ hold2/A (sky130_fd_sc_hd__dlygate4sd3_1)
     4    0.018205    0.191793    0.649600    1.303358 ^ hold2/X (sky130_fd_sc_hd__dlygate4sd3_1)
                      0.191793    0.000829    1.304187 ^ _16_/RESET_B (sky130_fd_sc_hd__dfrtp_1)
                                              1.304187   data arrival time

                                 10.000000   10.000000   clock i_clk (rise edge)
                                  0.000000   10.000000   clock source latency
     1    0.011037    0.056098    0.037578   10.037579 ^ i_clk (in)
                      0.056108    0.000000   10.037579 ^ clkbuf_0_i_clk/A (sky130_fd_sc_hd__clkbuf_16)
     2    0.019830    0.041688    0.128891   10.166469 ^ clkbuf_0_i_clk/X (sky130_fd_sc_hd__clkbuf_16)
                      0.041720    0.001279   10.167747 ^ clkbuf_1_1__f_i_clk/A (sky130_fd_sc_hd__clkbuf_16)
     2    0.006326    0.029986    0.110875   10.278623 ^ clkbuf_1_1__f_i_clk/X (sky130_fd_sc_hd__clkbuf_16)
                      0.029987    0.000363   10.278986 ^ _16_/CLK (sky130_fd_sc_hd__dfrtp_1)
                                 -0.250000   10.028986   clock uncertainty
                                  0.000000   10.028986   clock reconvergence pessimism
                                  0.187636   10.216621   library recovery time
                                             10.216621   data required time
---------------------------------------------------------------------------------------------
                                             10.216621   data required time
                                             -1.304187   data arrival time
---------------------------------------------------------------------------------------------
                                              8.912435   slack (MET)



%OL_END_REPORT
%OL_CREATE_REPORT checks.rpt

===========================================================================
report_checks -unconstrained
===========================================================================
======================= max_tt_025C_1v80 Corner ===================================

Warning: corner.tcl line 77, unknown field nets.
Startpoint: i_rst_n (input port clocked by i_clk)
Endpoint: _17_ (recovery check against rising-edge clock i_clk)
Path Group: asynchronous
Path Type: max

Fanout         Cap        Slew       Delay        Time   Description
---------------------------------------------------------------------------------------------
                                  0.000000    0.000000   clock i_clk (rise edge)
                                  0.000000    0.000000   clock network delay (propagated)
                                  0.020000    0.020000 ^ input external delay
     1    0.002667    0.019162    0.009893    0.029893 ^ i_rst_n (in)
                      0.019163    0.000000    0.029893 ^ hold1/A (sky130_fd_sc_hd__dlygate4sd3_1)
     1    0.002681    0.051814    0.525154    0.555047 ^ hold1/X (sky130_fd_sc_hd__dlygate4sd3_1)
                      0.051814    0.000177    0.555224 ^ input2/A (sky130_fd_sc_hd__dlymetal6s2s_1)
     1    0.002724    0.055631    0.098351    0.653575 ^ input2/X (sky130_fd_sc_hd__dlymetal6s2s_1)
                      0.055633    0.000183    0.653758 ^ hold2/A (sky130_fd_sc_hd__dlygate4sd3_1)
     4    0.018205    0.191793    0.649600    1.303358 ^ hold2/X (sky130_fd_sc_hd__dlygate4sd3_1)
                      0.191794    0.000845    1.304203 ^ _17_/RESET_B (sky130_fd_sc_hd__dfrtp_1)
                                              1.304203   data arrival time

                                 10.000000   10.000000   clock i_clk (rise edge)
                                  0.000000   10.000000   clock source latency
     1    0.011037    0.056098    0.037578   10.037579 ^ i_clk (in)
                      0.056108    0.000000   10.037579 ^ clkbuf_0_i_clk/A (sky130_fd_sc_hd__clkbuf_16)
     2    0.019830    0.041688    0.128891   10.166469 ^ clkbuf_0_i_clk/X (sky130_fd_sc_hd__clkbuf_16)
                      0.041720    0.001289   10.167758 ^ clkbuf_1_0__f_i_clk/A (sky130_fd_sc_hd__clkbuf_16)
     2    0.005535    0.029262    0.109931   10.277688 ^ clkbuf_1_0__f_i_clk/X (sky130_fd_sc_hd__clkbuf_16)
                      0.029263    0.000346   10.278035 ^ _17_/CLK (sky130_fd_sc_hd__dfrtp_1)
                                 -0.250000   10.028034   clock uncertainty
                                  0.000000   10.028034   clock reconvergence pessimism
                                  0.187410   10.215445   library recovery time
                                             10.215445   data required time
---------------------------------------------------------------------------------------------
                                             10.215445   data required time
                                             -1.304203   data arrival time
---------------------------------------------------------------------------------------------
                                              8.911242   slack (MET)


Startpoint: i_ena (input port clocked by i_clk)
Endpoint: _16_ (rising edge-triggered flip-flop clocked by i_clk)
Path Group: i_clk
Path Type: max

Fanout         Cap        Slew       Delay        Time   Description
---------------------------------------------------------------------------------------------
                                  0.000000    0.000000   clock i_clk (rise edge)
                                  0.000000    0.000000   clock network delay (propagated)
                                  0.020000    0.020000 ^ input external delay
     1    0.002451    0.018245    0.009133    0.029133 ^ i_ena (in)
                      0.018245    0.000000    0.029133 ^ hold3/A (sky130_fd_sc_hd__dlygate4sd3_1)
     1    0.002250    0.048339    0.520802    0.549935 ^ hold3/X (sky130_fd_sc_hd__dlygate4sd3_1)
                      0.048339    0.000103    0.550039 ^ input1/A (sky130_fd_sc_hd__clkbuf_1)
     4    0.010451    0.129807    0.142432    0.692471 ^ input1/X (sky130_fd_sc_hd__clkbuf_1)
                      0.129808    0.000300    0.692771 ^ _08_/B (sky130_fd_sc_hd__nand2_1)
     2    0.006429    0.065287    0.090536    0.783307 v _08_/Y (sky130_fd_sc_hd__nand2_1)
                      0.065288    0.000276    0.783583 v _09_/B (sky130_fd_sc_hd__xnor2_1)
     1    0.002294    0.046413    0.122782    0.906365 v _09_/Y (sky130_fd_sc_hd__xnor2_1)
                      0.046415    0.000164    0.906528 v hold4/A (sky130_fd_sc_hd__dlygate4sd3_1)
     1    0.002737    0.052587    0.548103    1.454631 v hold4/X (sky130_fd_sc_hd__dlygate4sd3_1)
                      0.052587    0.000196    1.454827 v _16_/D (sky130_fd_sc_hd__dfrtp_1)
                                              1.454827   data arrival time

                                 10.000000   10.000000   clock i_clk (rise edge)
                                  0.000000   10.000000   clock source latency
     1    0.011037    0.056098    0.037578   10.037579 ^ i_clk (in)
                      0.056108    0.000000   10.037579 ^ clkbuf_0_i_clk/A (sky130_fd_sc_hd__clkbuf_16)
     2    0.019830    0.041688    0.128891   10.166469 ^ clkbuf_0_i_clk/X (sky130_fd_sc_hd__clkbuf_16)
                      0.041720    0.001279   10.167747 ^ clkbuf_1_1__f_i_clk/A (sky130_fd_sc_hd__clkbuf_16)
     2    0.006326    0.029986    0.110875   10.278623 ^ clkbuf_1_1__f_i_clk/X (sky130_fd_sc_hd__clkbuf_16)
                      0.029987    0.000363   10.278986 ^ _16_/CLK (sky130_fd_sc_hd__dfrtp_1)
                                 -0.250000   10.028986   clock uncertainty
                                  0.000000   10.028986   clock reconvergence pessimism
                                 -0.121022    9.907964   library setup time
                                              9.907964   data required time
---------------------------------------------------------------------------------------------
                                              9.907964   data required time
                                             -1.454827   data arrival time
---------------------------------------------------------------------------------------------
                                              8.453136   slack (MET)




===========================================================================
report_checks --slack_max -0.01
============================================================================
======================= max_tt_025C_1v80 Corner ===================================

Warning: corner.tcl line 85, unknown field nets.
No paths found.


===========================================================================
 report_check_types -max_slew -max_cap -max_fanout -violators
============================================================================
======================= max_tt_025C_1v80 Corner ===================================



===========================================================================
report_parasitic_annotation -report_unannotated
============================================================================
Found 36 unannotated drivers.
 ui_in[0]
 ui_in[1]
 ui_in[2]
 ui_in[3]
 ui_in[4]
 ui_in[5]
 ui_in[6]
 ui_in[7]
 uio_in[0]
 uio_in[1]
 uio_in[2]
 uio_in[3]
 uio_in[4]
 uio_in[5]
 uio_in[6]
 uio_in[7]
 tt_if_10/HI
 tt_if_11/HI
 tt_if_12/HI
 tt_if_13/HI
 tt_if_14/HI
 tt_if_15/HI
 tt_if_16/HI
 tt_if_17/HI
 tt_if_18/HI
 tt_if_19/HI
 tt_if_20/HI
 tt_if_21/HI
 tt_if_22/HI
 tt_if_23/HI
 tt_if_24/HI
 tt_if_25/HI
 tt_if_26/HI
 tt_if_7/HI
 tt_if_8/HI
 tt_if_9/HI
Found 0 partially unannotated drivers.

===========================================================================
max slew violation count 0
%OL_METRIC_I design__max_slew_violation__count__corner:max_tt_025C_1v80 0
max fanout violation count 0
%OL_METRIC_I design__max_fanout_violation__count__corner:max_tt_025C_1v80 0
max cap violation count 0
%OL_METRIC_I design__max_cap_violation__count__corner:max_tt_025C_1v80 0
============================================================================

===========================================================================
check_setup -verbose -unconstrained_endpoints -multiple_clock -no_clock -no_input_delay -loops -generated_clocks
===========================================================================
Warning: There are 20 unconstrained endpoints.
  uio_oe[0]
  uio_oe[1]
  uio_oe[2]
  uio_oe[3]
  uio_oe[4]
  uio_oe[5]
  uio_oe[6]
  uio_oe[7]
  uio_out[0]
  uio_out[1]
  uio_out[2]
  uio_out[3]
  uio_out[4]
  uio_out[5]
  uio_out[6]
  uio_out[7]
  uo_out[4]
  uo_out[5]
  uo_out[6]
  uo_out[7]
%OL_END_REPORT
%OL_CREATE_REPORT power.rpt

===========================================================================
 report_power
============================================================================
======================= max_tt_025C_1v80 Corner ===================================

Group                    Internal    Switching      Leakage        Total
                            Power        Power        Power        Power (Watts)
------------------------------------------------------------------------
Sequential           2.335312e-05 5.880676e-06 4.578522e-11 2.923384e-05  22.2%
Combinational        1.754137e-05 2.373563e-05 1.381799e-10 4.127713e-05  31.4%
Clock                5.081097e-05 1.026794e-05 1.438907e-10 6.107904e-05  46.4%
Macro                0.000000e+00 0.000000e+00 0.000000e+00 0.000000e+00   0.0%
Pad                  0.000000e+00 0.000000e+00 0.000000e+00 0.000000e+00   0.0%
------------------------------------------------------------------------
Total                9.170546e-05 3.988424e-05 3.278561e-10 1.315900e-04 100.0%
                            69.7%        30.3%         0.0%
%OL_METRIC_F power__internal__total 9.170545672532171e-5
%OL_METRIC_F power__switching__total 3.988423850387335e-5
%OL_METRIC_F power__leakage__total 3.278561033770444e-10
%OL_METRIC_F power__total 0.0001315900299232453

%OL_END_REPORT
%OL_CREATE_REPORT skew.min.rpt

===========================================================================
Clock Skew (Hold)
============================================================================
%OL_METRIC_F clock__skew__worst_hold__corner:max_tt_025C_1v80 -0.2500815181278886
======================= max_tt_025C_1v80 Corner ===================================

Clock i_clk
0.278034 source latency _17_/CLK ^
-0.278116 target latency _18_/CLK ^
-0.250000 clock uncertainty
0.000000 CRPR
--------------
-0.250082 hold skew

%OL_END_REPORT
%OL_CREATE_REPORT skew.max.rpt

===========================================================================
Clock Skew (Setup)
============================================================================
%OL_METRIC_F clock__skew__worst_setup__corner:max_tt_025C_1v80 0.25096211930035073
======================= max_tt_025C_1v80 Corner ===================================

Clock i_clk
0.278996 source latency _19_/CLK ^
-0.278034 target latency _17_/CLK ^
0.250000 clock uncertainty
0.000000 CRPR
--------------
0.250962 setup skew

%OL_END_REPORT
%OL_CREATE_REPORT ws.min.rpt

===========================================================================
Worst Slack (Hold)
============================================================================
%OL_METRIC_F timing__hold__ws__corner:max_tt_025C_1v80 0.3648990657361961
max_tt_025C_1v80: 0.3648990657361961
%OL_END_REPORT
%OL_CREATE_REPORT ws.max.rpt

===========================================================================
Worst Slack (Setup)
============================================================================
%OL_METRIC_F timing__setup__ws__corner:max_tt_025C_1v80 8.453136208048695
max_tt_025C_1v80: 8.453136208048695
%OL_END_REPORT
%OL_CREATE_REPORT tns.min.rpt

===========================================================================
Total Negative Slack (Hold)
============================================================================
%OL_METRIC_F timing__hold__tns__corner:max_tt_025C_1v80 0.0
max_tt_025C_1v80: 0.0
%OL_END_REPORT
%OL_CREATE_REPORT tns.max.rpt

===========================================================================
Total Negative Slack (Setup)
============================================================================
%OL_METRIC_F timing__setup__tns__corner:max_tt_025C_1v80 0.0
max_tt_025C_1v80: 0.0
%OL_END_REPORT
%OL_CREATE_REPORT wns.min.rpt

===========================================================================
Worst Negative Slack (Hold)
============================================================================
%OL_METRIC_F timing__hold__wns__corner:max_tt_025C_1v80 0
max_tt_025C_1v80: 0
%OL_END_REPORT
%OL_CREATE_REPORT wns.max.rpt

===========================================================================
Worst Negative Slack (Setup)
============================================================================
%OL_METRIC_F timing__setup__wns__corner:max_tt_025C_1v80 0.0
max_tt_025C_1v80: 0.0
%OL_END_REPORT
%OL_CREATE_REPORT violator_list.rpt

===========================================================================
Violator List
============================================================================
Warning: corner.tcl line 263, find_timing_paths -group_count is deprecated. Use -group_path_count instead.
Warning: corner.tcl line 282, find_timing_paths -group_count is deprecated. Use -group_path_count instead.
Warning: corner.tcl line 298, find_timing_paths -group_count is deprecated. Use -group_path_count instead.
Warning: corner.tcl line 317, find_timing_paths -group_count is deprecated. Use -group_path_count instead.
%OL_METRIC_I timing__hold_vio__count__corner:max_tt_025C_1v80 0
%OL_METRIC_F timing__hold_r2r__ws__corner:max_tt_025C_1v80 0.364899
%OL_METRIC_I timing__hold_r2r_vio__count__corner:max_tt_025C_1v80 0
%OL_METRIC_I timing__setup_vio__count__corner:max_tt_025C_1v80 0
%OL_METRIC_F timing__setup_r2r__ws__corner:max_tt_025C_1v80 8.532365
%OL_METRIC_I timing__setup_r2r_vio__count__corner:max_tt_025C_1v80 0
%OL_END_REPORT
%OL_CREATE_REPORT unpropagated.rpt
%OL_END_REPORT
%OL_CREATE_REPORT clock.rpt
Clock: i_clk
Sources: i_clk 
Generated: no
Virtual: yes
Propagated: no
Period: 10.000000

===========================================================================
report_clock_properties
============================================================================
Clock                   Period          Waveform
----------------------------------------------------
i_clk                10.000000    0.000000  5.000000

===========================================================================
report_clock_latency
============================================================================
Clock i_clk
rise -> rise
    min     max
0.000000 0.000000 source latency
0.278034         network latency _17_/CLK
        0.278996 network latency _19_/CLK
---------------
0.278034 0.278996 latency
        0.000962 skew

fall -> fall
    min     max
0.000000 0.000000 source latency
0.283142         network latency _17_/CLK
        0.284025 network latency _19_/CLK
---------------
0.283142 0.284025 latency
        0.000882 skew



===========================================================================
report_clock_min_period
============================================================================
i_clk period_min = 1.51 fmax = 661.92
%OL_END_REPORT
Writing SDF files for all corners…
Removing Clock latencies before writing libs…
Writing timing models for all corners…
Writing timing models for the max_tt_025C_1v80 corner to /home/omare/Documents/UWASIC/Matrix-Vector-Analog/digital/AXI_IF/build/synthesis/runs/tt_if_full/54-openroad-stapostpnr/max_tt_025C_1v80/tt_if__max_tt_025C_1v80.lib…
