Clock: i_clk
Sources: i_clk 
Generated: no
Virtual: no
Propagated: no
Period: 10.000000

===========================================================================
report_clock_properties
============================================================================
Clock                   Period          Waveform
----------------------------------------------------
i_clk                10.000000    0.000000  5.000000

===========================================================================
report_clock_latency
============================================================================
Clock i_clk
rise -> rise
    min     max
0.000000 0.000000 source latency
0.037934         network latency _16_/CLK
        0.037934 network latency _16_/CLK
---------------
0.037934 0.037934 latency
        0.000000 skew

fall -> fall
    min     max
0.000000 0.000000 source latency
0.020657         network latency _16_/CLK
        0.020657 network latency _16_/CLK
---------------
0.020657 0.020657 latency
        0.000000 skew



===========================================================================
report_clock_min_period
============================================================================
i_clk period_min = 2.64 fmax = 378.90
