
===========================================================================
report_checks -path_delay max (Setup)
============================================================================
======================= nom_ss_100C_1v60 Corner ===================================

Warning: corner.tcl line 67, unknown field nets.
Warning: corner.tcl line 67, report_checks -group_count is deprecated. Use -group_path_count instead.
Startpoint: _19_ (rising edge-triggered flip-flop clocked by i_clk)
Endpoint: _19_ (rising edge-triggered flip-flop clocked by i_clk)
Path Group: i_clk
Path Type: max

Fanout         Cap        Slew       Delay        Time   Description
---------------------------------------------------------------------------------------------
                      0.150000    0.000000    0.000000   clock i_clk (rise edge)
                                  0.000000    0.000000   clock network delay (ideal)
                      0.150000    0.000000    0.000000 ^ _19_/CLK (sky130_fd_sc_hd__dfrtp_2)
     5    0.042907    0.245360    1.030683    1.030683 v _19_/Q (sky130_fd_sc_hd__dfrtp_2)
                      0.245360    0.000000    1.030683 v _14_/A (sky130_fd_sc_hd__or2_2)
     1    0.001353    0.101448    0.707432    1.738115 v _14_/X (sky130_fd_sc_hd__or2_2)
                      0.101448    0.000000    1.738115 v _15_/B (sky130_fd_sc_hd__and2_2)
     1    0.001838    0.066180    0.397378    2.135493 v _15_/X (sky130_fd_sc_hd__and2_2)
                      0.066180    0.000000    2.135493 v _19_/D (sky130_fd_sc_hd__dfrtp_2)
                                              2.135493   data arrival time

                      0.150000   10.000000   10.000000   clock i_clk (rise edge)
                                  0.000000   10.000000   clock network delay (ideal)
                                 -0.250000    9.750000   clock uncertainty
                                  0.000000    9.750000   clock reconvergence pessimism
                                              9.750000 ^ _19_/CLK (sky130_fd_sc_hd__dfrtp_2)
                                 -0.253695    9.496305   library setup time
                                              9.496305   data required time
---------------------------------------------------------------------------------------------
                                              9.496305   data required time
                                             -2.135493   data arrival time
---------------------------------------------------------------------------------------------
                                              7.360813   slack (MET)


Startpoint: _16_ (rising edge-triggered flip-flop clocked by i_clk)
Endpoint: _17_ (rising edge-triggered flip-flop clocked by i_clk)
Path Group: i_clk
Path Type: max

Fanout         Cap        Slew       Delay        Time   Description
---------------------------------------------------------------------------------------------
                      0.150000    0.000000    0.000000   clock i_clk (rise edge)
                                  0.000000    0.000000   clock network delay (ideal)
                      0.150000    0.000000    0.000000 ^ _16_/CLK (sky130_fd_sc_hd__dfrtp_2)
     4    0.046442    0.370583    0.975970    0.975970 ^ _16_/Q (sky130_fd_sc_hd__dfrtp_2)
                      0.370583    0.000000    0.975970 ^ _10_/B (sky130_fd_sc_hd__and4_2)
     2    0.010060    0.159522    0.613052    1.589022 ^ _10_/X (sky130_fd_sc_hd__and4_2)
                      0.159522    0.000000    1.589022 ^ _12_/A_N (sky130_fd_sc_hd__and2b_2)
     1    0.001838    0.064397    0.463256    2.052278 v _12_/X (sky130_fd_sc_hd__and2b_2)
                      0.064397    0.000000    2.052278 v _17_/D (sky130_fd_sc_hd__dfrtp_2)
                                              2.052278   data arrival time

                      0.150000   10.000000   10.000000   clock i_clk (rise edge)
                                  0.000000   10.000000   clock network delay (ideal)
                                 -0.250000    9.750000   clock uncertainty
                                  0.000000    9.750000   clock reconvergence pessimism
                                              9.750000 ^ _17_/CLK (sky130_fd_sc_hd__dfrtp_2)
                                 -0.252952    9.497048   library setup time
                                              9.497048   data required time
---------------------------------------------------------------------------------------------
                                              9.497048   data required time
                                             -2.052278   data arrival time
---------------------------------------------------------------------------------------------
                                              7.444771   slack (MET)


Startpoint: _16_ (rising edge-triggered flip-flop clocked by i_clk)
Endpoint: _18_ (rising edge-triggered flip-flop clocked by i_clk)
Path Group: i_clk
Path Type: max

Fanout         Cap        Slew       Delay        Time   Description
---------------------------------------------------------------------------------------------
                      0.150000    0.000000    0.000000   clock i_clk (rise edge)
                                  0.000000    0.000000   clock network delay (ideal)
                      0.150000    0.000000    0.000000 ^ _16_/CLK (sky130_fd_sc_hd__dfrtp_2)
     4    0.045610    0.255800    1.041346    1.041346 v _16_/Q (sky130_fd_sc_hd__dfrtp_2)
                      0.255800    0.000000    1.041346 v _10_/B (sky130_fd_sc_hd__and4_2)
     2    0.009451    0.108617    0.562172    1.603518 v _10_/X (sky130_fd_sc_hd__and4_2)
                      0.108617    0.000000    1.603518 v _13_/B (sky130_fd_sc_hd__xor2_2)
     1    0.001838    0.084702    0.258201    1.861719 v _13_/X (sky130_fd_sc_hd__xor2_2)
                      0.084702    0.000000    1.861719 v _18_/D (sky130_fd_sc_hd__dfrtp_2)
                                              1.861719   data arrival time

                      0.150000   10.000000   10.000000   clock i_clk (rise edge)
                                  0.000000   10.000000   clock network delay (ideal)
                                 -0.250000    9.750000   clock uncertainty
                                  0.000000    9.750000   clock reconvergence pessimism
                                              9.750000 ^ _18_/CLK (sky130_fd_sc_hd__dfrtp_2)
                                 -0.261422    9.488578   library setup time
                                              9.488578   data required time
---------------------------------------------------------------------------------------------
                                              9.488578   data required time
                                             -1.861719   data arrival time
---------------------------------------------------------------------------------------------
                                              7.626859   slack (MET)


Startpoint: _19_ (rising edge-triggered flip-flop clocked by i_clk)
Endpoint: _16_ (rising edge-triggered flip-flop clocked by i_clk)
Path Group: i_clk
Path Type: max

Fanout         Cap        Slew       Delay        Time   Description
---------------------------------------------------------------------------------------------
                      0.150000    0.000000    0.000000   clock i_clk (rise edge)
                                  0.000000    0.000000   clock network delay (ideal)
                      0.150000    0.000000    0.000000 ^ _19_/CLK (sky130_fd_sc_hd__dfrtp_2)
     5    0.043391    0.349691    0.959618    0.959618 ^ _19_/Q (sky130_fd_sc_hd__dfrtp_2)
                      0.349691    0.000000    0.959618 ^ _08_/A (sky130_fd_sc_hd__nand2_2)
     2    0.009591    0.138927    0.216449    1.176068 v _08_/Y (sky130_fd_sc_hd__nand2_2)
                      0.138927    0.000000    1.176068 v _09_/B (sky130_fd_sc_hd__xnor2_2)
     1    0.001838    0.087843    0.244219    1.420287 v _09_/Y (sky130_fd_sc_hd__xnor2_2)
                      0.087843    0.000000    1.420287 v _16_/D (sky130_fd_sc_hd__dfrtp_2)
                                              1.420287   data arrival time

                      0.150000   10.000000   10.000000   clock i_clk (rise edge)
                                  0.000000   10.000000   clock network delay (ideal)
                                 -0.250000    9.750000   clock uncertainty
                                  0.000000    9.750000   clock reconvergence pessimism
                                              9.750000 ^ _16_/CLK (sky130_fd_sc_hd__dfrtp_2)
                                 -0.262733    9.487267   library setup time
                                              9.487267   data required time
---------------------------------------------------------------------------------------------
                                              9.487267   data required time
                                             -1.420287   data arrival time
---------------------------------------------------------------------------------------------
                                              8.066980   slack (MET)


Startpoint: _16_ (rising edge-triggered flip-flop clocked by i_clk)
Endpoint: uo_out[1] (output port clocked by i_clk)
Path Group: i_clk
Path Type: max

Fanout         Cap        Slew       Delay        Time   Description
---------------------------------------------------------------------------------------------
                      0.150000    0.000000    0.000000   clock i_clk (rise edge)
                                  0.000000    0.000000   clock network delay (ideal)
                      0.150000    0.000000    0.000000 ^ _16_/CLK (sky130_fd_sc_hd__dfrtp_2)
     4    0.045610    0.255800    1.041346    1.041346 v _16_/Q (sky130_fd_sc_hd__dfrtp_2)
                      0.255800    0.000000    1.041346 v uo_out[1] (out)
                                              1.041346   data arrival time

                      0.150000   10.000000   10.000000   clock i_clk (rise edge)
                                  0.000000   10.000000   clock network delay (ideal)
                                 -0.250000    9.750000   clock uncertainty
                                  0.000000    9.750000   clock reconvergence pessimism
                                 -0.020000    9.730000   output external delay
                                              9.730000   data required time
---------------------------------------------------------------------------------------------
                                              9.730000   data required time
                                             -1.041346   data arrival time
---------------------------------------------------------------------------------------------
                                              8.688655   slack (MET)


Startpoint: _19_ (rising edge-triggered flip-flop clocked by i_clk)
Endpoint: uo_out[0] (output port clocked by i_clk)
Path Group: i_clk
Path Type: max

Fanout         Cap        Slew       Delay        Time   Description
---------------------------------------------------------------------------------------------
                      0.150000    0.000000    0.000000   clock i_clk (rise edge)
                                  0.000000    0.000000   clock network delay (ideal)
                      0.150000    0.000000    0.000000 ^ _19_/CLK (sky130_fd_sc_hd__dfrtp_2)
     5    0.042907    0.245360    1.030683    1.030683 v _19_/Q (sky130_fd_sc_hd__dfrtp_2)
                      0.245360    0.000000    1.030683 v uo_out[0] (out)
                                              1.030683   data arrival time

                      0.150000   10.000000   10.000000   clock i_clk (rise edge)
                                  0.000000   10.000000   clock network delay (ideal)
                                 -0.250000    9.750000   clock uncertainty
                                  0.000000    9.750000   clock reconvergence pessimism
                                 -0.020000    9.730000   output external delay
                                              9.730000   data required time
---------------------------------------------------------------------------------------------
                                              9.730000   data required time
                                             -1.030683   data arrival time
---------------------------------------------------------------------------------------------
                                              8.699317   slack (MET)


Startpoint: _18_ (rising edge-triggered flip-flop clocked by i_clk)
Endpoint: uo_out[3] (output port clocked by i_clk)
Path Group: i_clk
Path Type: max

Fanout         Cap        Slew       Delay        Time   Description
---------------------------------------------------------------------------------------------
                      0.150000    0.000000    0.000000   clock i_clk (rise edge)
                                  0.000000    0.000000   clock network delay (ideal)
                      0.150000    0.000000    0.000000 ^ _18_/CLK (sky130_fd_sc_hd__dfrtp_2)
     2    0.042161    0.242479    1.027740    1.027740 v _18_/Q (sky130_fd_sc_hd__dfrtp_2)
                      0.242479    0.000000    1.027740 v uo_out[3] (out)
                                              1.027740   data arrival time

                      0.150000   10.000000   10.000000   clock i_clk (rise edge)
                                  0.000000   10.000000   clock network delay (ideal)
                                 -0.250000    9.750000   clock uncertainty
                                  0.000000    9.750000   clock reconvergence pessimism
                                 -0.020000    9.730000   output external delay
                                              9.730000   data required time
---------------------------------------------------------------------------------------------
                                              9.730000   data required time
                                             -1.027740   data arrival time
---------------------------------------------------------------------------------------------
                                              8.702260   slack (MET)


Startpoint: _17_ (rising edge-triggered flip-flop clocked by i_clk)
Endpoint: uo_out[2] (output port clocked by i_clk)
Path Group: i_clk
Path Type: max

Fanout         Cap        Slew       Delay        Time   Description
---------------------------------------------------------------------------------------------
                      0.150000    0.000000    0.000000   clock i_clk (rise edge)
                                  0.000000    0.000000   clock network delay (ideal)
                      0.150000    0.000000    0.000000 ^ _17_/CLK (sky130_fd_sc_hd__dfrtp_2)
     3    0.037093    0.222907    1.007748    1.007748 v _17_/Q (sky130_fd_sc_hd__dfrtp_2)
                      0.222907    0.000000    1.007748 v uo_out[2] (out)
                                              1.007748   data arrival time

                      0.150000   10.000000   10.000000   clock i_clk (rise edge)
                                  0.000000   10.000000   clock network delay (ideal)
                                 -0.250000    9.750000   clock uncertainty
                                  0.000000    9.750000   clock reconvergence pessimism
                                 -0.020000    9.730000   output external delay
                                              9.730000   data required time
---------------------------------------------------------------------------------------------
                                              9.730000   data required time
                                             -1.007748   data arrival time
---------------------------------------------------------------------------------------------
                                              8.722253   slack (MET)


Startpoint: i_rst_n (input port clocked by i_clk)
Endpoint: _16_ (recovery check against rising-edge clock i_clk)
Path Group: asynchronous
Path Type: max

Fanout         Cap        Slew       Delay        Time   Description
---------------------------------------------------------------------------------------------
                      0.150000    0.000000    0.000000   clock i_clk (rise edge)
                                  0.000000    0.000000   clock network delay (ideal)
                                  0.020000    0.020000 ^ input external delay
     4    0.013052    0.104432    0.067471    0.087471 ^ i_rst_n (in)
                      0.104432    0.000000    0.087471 ^ _16_/RESET_B (sky130_fd_sc_hd__dfrtp_2)
                                              0.087471   data arrival time

                      0.150000   10.000000   10.000000   clock i_clk (rise edge)
                                  0.000000   10.000000   clock network delay (ideal)
                                 -0.250000    9.750000   clock uncertainty
                                  0.000000    9.750000   clock reconvergence pessimism
                                              9.750000 ^ _16_/CLK (sky130_fd_sc_hd__dfrtp_2)
                                  0.456649   10.206649   library recovery time
                                             10.206649   data required time
---------------------------------------------------------------------------------------------
                                             10.206649   data required time
                                             -0.087471   data arrival time
---------------------------------------------------------------------------------------------
                                             10.119178   slack (MET)


Startpoint: i_rst_n (input port clocked by i_clk)
Endpoint: _17_ (recovery check against rising-edge clock i_clk)
Path Group: asynchronous
Path Type: max

Fanout         Cap        Slew       Delay        Time   Description
---------------------------------------------------------------------------------------------
                      0.150000    0.000000    0.000000   clock i_clk (rise edge)
                                  0.000000    0.000000   clock network delay (ideal)
                                  0.020000    0.020000 ^ input external delay
     4    0.013052    0.104432    0.067471    0.087471 ^ i_rst_n (in)
                      0.104432    0.000000    0.087471 ^ _17_/RESET_B (sky130_fd_sc_hd__dfrtp_2)
                                              0.087471   data arrival time

                      0.150000   10.000000   10.000000   clock i_clk (rise edge)
                                  0.000000   10.000000   clock network delay (ideal)
                                 -0.250000    9.750000   clock uncertainty
                                  0.000000    9.750000   clock reconvergence pessimism
                                              9.750000 ^ _17_/CLK (sky130_fd_sc_hd__dfrtp_2)
                                  0.456649   10.206649   library recovery time
                                             10.206649   data required time
---------------------------------------------------------------------------------------------
                                             10.206649   data required time
                                             -0.087471   data arrival time
---------------------------------------------------------------------------------------------
                                             10.119178   slack (MET)


Startpoint: i_rst_n (input port clocked by i_clk)
Endpoint: _18_ (recovery check against rising-edge clock i_clk)
Path Group: asynchronous
Path Type: max

Fanout         Cap        Slew       Delay        Time   Description
---------------------------------------------------------------------------------------------
                      0.150000    0.000000    0.000000   clock i_clk (rise edge)
                                  0.000000    0.000000   clock network delay (ideal)
                                  0.020000    0.020000 ^ input external delay
     4    0.013052    0.104432    0.067471    0.087471 ^ i_rst_n (in)
                      0.104432    0.000000    0.087471 ^ _18_/RESET_B (sky130_fd_sc_hd__dfrtp_2)
                                              0.087471   data arrival time

                      0.150000   10.000000   10.000000   clock i_clk (rise edge)
                                  0.000000   10.000000   clock network delay (ideal)
                                 -0.250000    9.750000   clock uncertainty
                                  0.000000    9.750000   clock reconvergence pessimism
                                              9.750000 ^ _18_/CLK (sky130_fd_sc_hd__dfrtp_2)
                                  0.456649   10.206649   library recovery time
                                             10.206649   data required time
---------------------------------------------------------------------------------------------
                                             10.206649   data required time
                                             -0.087471   data arrival time
---------------------------------------------------------------------------------------------
                                             10.119178   slack (MET)


Startpoint: i_rst_n (input port clocked by i_clk)
Endpoint: _19_ (recovery check against rising-edge clock i_clk)
Path Group: asynchronous
Path Type: max

Fanout         Cap        Slew       Delay        Time   Description
---------------------------------------------------------------------------------------------
                      0.150000    0.000000    0.000000   clock i_clk (rise edge)
                                  0.000000    0.000000   clock network delay (ideal)
                                  0.020000    0.020000 ^ input external delay
     4    0.013052    0.104432    0.067471    0.087471 ^ i_rst_n (in)
                      0.104432    0.000000    0.087471 ^ _19_/RESET_B (sky130_fd_sc_hd__dfrtp_2)
                                              0.087471   data arrival time

                      0.150000   10.000000   10.000000   clock i_clk (rise edge)
                                  0.000000   10.000000   clock network delay (ideal)
                                 -0.250000    9.750000   clock uncertainty
                                  0.000000    9.750000   clock reconvergence pessimism
                                              9.750000 ^ _19_/CLK (sky130_fd_sc_hd__dfrtp_2)
                                  0.456649   10.206649   library recovery time
                                             10.206649   data required time
---------------------------------------------------------------------------------------------
                                             10.206649   data required time
                                             -0.087471   data arrival time
---------------------------------------------------------------------------------------------
                                             10.119178   slack (MET)



