
===========================================================================
report_checks -path_delay min (Hold)
============================================================================
======================= nom_ss_100C_1v60 Corner ===================================

Warning: corner.tcl line 57, unknown field nets.
Warning: corner.tcl line 57, report_checks -group_count is deprecated. Use -group_path_count instead.
Startpoint: i_rst_n (input port clocked by i_clk)
Endpoint: _16_ (removal check against rising-edge clock i_clk)
Path Group: asynchronous
Path Type: min

Fanout         Cap        Slew       Delay        Time   Description
---------------------------------------------------------------------------------------------
                      0.150000    0.000000    0.000000   clock i_clk (rise edge)
                                  0.000000    0.000000   clock network delay (ideal)
                                  0.020000    0.020000 ^ input external delay
     4    0.013052    0.104432    0.067471    0.087471 ^ i_rst_n (in)
                      0.104432    0.000000    0.087471 ^ _16_/RESET_B (sky130_fd_sc_hd__dfrtp_2)
                                              0.087471   data arrival time

                      0.150000    0.000000    0.000000   clock i_clk (rise edge)
                                  0.000000    0.000000   clock network delay (ideal)
                                  0.250000    0.250000   clock uncertainty
                                  0.000000    0.250000   clock reconvergence pessimism
                                              0.250000 ^ _16_/CLK (sky130_fd_sc_hd__dfrtp_2)
                                  0.692100    0.942100   library removal time
                                              0.942100   data required time
---------------------------------------------------------------------------------------------
                                              0.942100   data required time
                                             -0.087471   data arrival time
---------------------------------------------------------------------------------------------
                                             -0.854629   slack (VIOLATED)


Startpoint: i_rst_n (input port clocked by i_clk)
Endpoint: _17_ (removal check against rising-edge clock i_clk)
Path Group: asynchronous
Path Type: min

Fanout         Cap        Slew       Delay        Time   Description
---------------------------------------------------------------------------------------------
                      0.150000    0.000000    0.000000   clock i_clk (rise edge)
                                  0.000000    0.000000   clock network delay (ideal)
                                  0.020000    0.020000 ^ input external delay
     4    0.013052    0.104432    0.067471    0.087471 ^ i_rst_n (in)
                      0.104432    0.000000    0.087471 ^ _17_/RESET_B (sky130_fd_sc_hd__dfrtp_2)
                                              0.087471   data arrival time

                      0.150000    0.000000    0.000000   clock i_clk (rise edge)
                                  0.000000    0.000000   clock network delay (ideal)
                                  0.250000    0.250000   clock uncertainty
                                  0.000000    0.250000   clock reconvergence pessimism
                                              0.250000 ^ _17_/CLK (sky130_fd_sc_hd__dfrtp_2)
                                  0.692100    0.942100   library removal time
                                              0.942100   data required time
---------------------------------------------------------------------------------------------
                                              0.942100   data required time
                                             -0.087471   data arrival time
---------------------------------------------------------------------------------------------
                                             -0.854629   slack (VIOLATED)


Startpoint: i_rst_n (input port clocked by i_clk)
Endpoint: _18_ (removal check against rising-edge clock i_clk)
Path Group: asynchronous
Path Type: min

Fanout         Cap        Slew       Delay        Time   Description
---------------------------------------------------------------------------------------------
                      0.150000    0.000000    0.000000   clock i_clk (rise edge)
                                  0.000000    0.000000   clock network delay (ideal)
                                  0.020000    0.020000 ^ input external delay
     4    0.013052    0.104432    0.067471    0.087471 ^ i_rst_n (in)
                      0.104432    0.000000    0.087471 ^ _18_/RESET_B (sky130_fd_sc_hd__dfrtp_2)
                                              0.087471   data arrival time

                      0.150000    0.000000    0.000000   clock i_clk (rise edge)
                                  0.000000    0.000000   clock network delay (ideal)
                                  0.250000    0.250000   clock uncertainty
                                  0.000000    0.250000   clock reconvergence pessimism
                                              0.250000 ^ _18_/CLK (sky130_fd_sc_hd__dfrtp_2)
                                  0.692100    0.942100   library removal time
                                              0.942100   data required time
---------------------------------------------------------------------------------------------
                                              0.942100   data required time
                                             -0.087471   data arrival time
---------------------------------------------------------------------------------------------
                                             -0.854629   slack (VIOLATED)


Startpoint: i_rst_n (input port clocked by i_clk)
Endpoint: _19_ (removal check against rising-edge clock i_clk)
Path Group: asynchronous
Path Type: min

Fanout         Cap        Slew       Delay        Time   Description
---------------------------------------------------------------------------------------------
                      0.150000    0.000000    0.000000   clock i_clk (rise edge)
                                  0.000000    0.000000   clock network delay (ideal)
                                  0.020000    0.020000 ^ input external delay
     4    0.013052    0.104432    0.067471    0.087471 ^ i_rst_n (in)
                      0.104432    0.000000    0.087471 ^ _19_/RESET_B (sky130_fd_sc_hd__dfrtp_2)
                                              0.087471   data arrival time

                      0.150000    0.000000    0.000000   clock i_clk (rise edge)
                                  0.000000    0.000000   clock network delay (ideal)
                                  0.250000    0.250000   clock uncertainty
                                  0.000000    0.250000   clock reconvergence pessimism
                                              0.250000 ^ _19_/CLK (sky130_fd_sc_hd__dfrtp_2)
                                  0.692100    0.942100   library removal time
                                              0.942100   data required time
---------------------------------------------------------------------------------------------
                                              0.942100   data required time
                                             -0.087471   data arrival time
---------------------------------------------------------------------------------------------
                                             -0.854629   slack (VIOLATED)


Startpoint: i_ena (input port clocked by i_clk)
Endpoint: _16_ (rising edge-triggered flip-flop clocked by i_clk)
Path Group: i_clk
Path Type: min

Fanout         Cap        Slew       Delay        Time   Description
---------------------------------------------------------------------------------------------
                      0.150000    0.000000    0.000000   clock i_clk (rise edge)
                                  0.000000    0.000000   clock network delay (ideal)
                                  0.020000    0.020000 v input external delay
     4    0.009232    0.045272    0.028965    0.048965 v i_ena (in)
                      0.045272    0.000000    0.048965 v _08_/B (sky130_fd_sc_hd__nand2_2)
     2    0.009908    0.111890    0.121336    0.170301 ^ _08_/Y (sky130_fd_sc_hd__nand2_2)
                      0.111890    0.000000    0.170301 ^ _09_/B (sky130_fd_sc_hd__xnor2_2)
     1    0.001838    0.052320    0.112643    0.282945 v _09_/Y (sky130_fd_sc_hd__xnor2_2)
                      0.052320    0.000000    0.282945 v _16_/D (sky130_fd_sc_hd__dfrtp_2)
                                              0.282945   data arrival time

                      0.150000    0.000000    0.000000   clock i_clk (rise edge)
                                  0.000000    0.000000   clock network delay (ideal)
                                  0.250000    0.250000   clock uncertainty
                                  0.000000    0.250000   clock reconvergence pessimism
                                              0.250000 ^ _16_/CLK (sky130_fd_sc_hd__dfrtp_2)
                                 -0.063783    0.186217   library hold time
                                              0.186217   data required time
---------------------------------------------------------------------------------------------
                                              0.186217   data required time
                                             -0.282945   data arrival time
---------------------------------------------------------------------------------------------
                                              0.096728   slack (MET)


Startpoint: i_ena (input port clocked by i_clk)
Endpoint: _19_ (rising edge-triggered flip-flop clocked by i_clk)
Path Group: i_clk
Path Type: min

Fanout         Cap        Slew       Delay        Time   Description
---------------------------------------------------------------------------------------------
                      0.150000    0.000000    0.000000   clock i_clk (rise edge)
                                  0.000000    0.000000   clock network delay (ideal)
                                  0.020000    0.020000 v input external delay
     4    0.009232    0.045272    0.028965    0.048965 v i_ena (in)
                      0.045272    0.000000    0.048965 v _08_/B (sky130_fd_sc_hd__nand2_2)
     2    0.009908    0.111890    0.121336    0.170301 ^ _08_/Y (sky130_fd_sc_hd__nand2_2)
                      0.111890    0.000000    0.170301 ^ _15_/A (sky130_fd_sc_hd__and2_2)
     1    0.001853    0.061082    0.257589    0.427890 ^ _15_/X (sky130_fd_sc_hd__and2_2)
                      0.061082    0.000000    0.427890 ^ _19_/D (sky130_fd_sc_hd__dfrtp_2)
                                              0.427890   data arrival time

                      0.150000    0.000000    0.000000   clock i_clk (rise edge)
                                  0.000000    0.000000   clock network delay (ideal)
                                  0.250000    0.250000   clock uncertainty
                                  0.000000    0.250000   clock reconvergence pessimism
                                              0.250000 ^ _19_/CLK (sky130_fd_sc_hd__dfrtp_2)
                                 -0.061745    0.188255   library hold time
                                              0.188255   data required time
---------------------------------------------------------------------------------------------
                                              0.188255   data required time
                                             -0.427890   data arrival time
---------------------------------------------------------------------------------------------
                                              0.239635   slack (MET)


Startpoint: i_ena (input port clocked by i_clk)
Endpoint: _17_ (rising edge-triggered flip-flop clocked by i_clk)
Path Group: i_clk
Path Type: min

Fanout         Cap        Slew       Delay        Time   Description
---------------------------------------------------------------------------------------------
                      0.150000    0.000000    0.000000   clock i_clk (rise edge)
                                  0.000000    0.000000   clock network delay (ideal)
                                  0.020000    0.020000 ^ input external delay
     4    0.010053    0.083787    0.052598    0.072598 ^ i_ena (in)
                      0.083787    0.000000    0.072598 ^ _11_/A3 (sky130_fd_sc_hd__a31o_2)
     1    0.001604    0.050495    0.312063    0.384661 ^ _11_/X (sky130_fd_sc_hd__a31o_2)
                      0.050495    0.000000    0.384661 ^ _12_/B (sky130_fd_sc_hd__and2b_2)
     1    0.001853    0.057624    0.245758    0.630419 ^ _12_/X (sky130_fd_sc_hd__and2b_2)
                      0.057624    0.000000    0.630419 ^ _17_/D (sky130_fd_sc_hd__dfrtp_2)
                                              0.630419   data arrival time

                      0.150000    0.000000    0.000000   clock i_clk (rise edge)
                                  0.000000    0.000000   clock network delay (ideal)
                                  0.250000    0.250000   clock uncertainty
                                  0.000000    0.250000   clock reconvergence pessimism
                                              0.250000 ^ _17_/CLK (sky130_fd_sc_hd__dfrtp_2)
                                 -0.060960    0.189040   library hold time
                                              0.189040   data required time
---------------------------------------------------------------------------------------------
                                              0.189040   data required time
                                             -0.630419   data arrival time
---------------------------------------------------------------------------------------------
                                              0.441378   slack (MET)


Startpoint: i_ena (input port clocked by i_clk)
Endpoint: _18_ (rising edge-triggered flip-flop clocked by i_clk)
Path Group: i_clk
Path Type: min

Fanout         Cap        Slew       Delay        Time   Description
---------------------------------------------------------------------------------------------
                      0.150000    0.000000    0.000000   clock i_clk (rise edge)
                                  0.000000    0.000000   clock network delay (ideal)
                                  0.020000    0.020000 v input external delay
     4    0.009232    0.045272    0.028965    0.048965 v i_ena (in)
                      0.045272    0.000000    0.048965 v _10_/D (sky130_fd_sc_hd__and4_2)
     2    0.009451    0.097985    0.510400    0.559365 v _10_/X (sky130_fd_sc_hd__and4_2)
                      0.097985    0.000000    0.559365 v _13_/B (sky130_fd_sc_hd__xor2_2)
     1    0.001853    0.094572    0.177964    0.737329 ^ _13_/X (sky130_fd_sc_hd__xor2_2)
                      0.094572    0.000000    0.737329 ^ _18_/D (sky130_fd_sc_hd__dfrtp_2)
                                              0.737329   data arrival time

                      0.150000    0.000000    0.000000   clock i_clk (rise edge)
                                  0.000000    0.000000   clock network delay (ideal)
                                  0.250000    0.250000   clock uncertainty
                                  0.000000    0.250000   clock reconvergence pessimism
                                              0.250000 ^ _18_/CLK (sky130_fd_sc_hd__dfrtp_2)
                                 -0.069355    0.180645   library hold time
                                              0.180645   data required time
---------------------------------------------------------------------------------------------
                                              0.180645   data required time
                                             -0.737329   data arrival time
---------------------------------------------------------------------------------------------
                                              0.556683   slack (MET)


Startpoint: _17_ (rising edge-triggered flip-flop clocked by i_clk)
Endpoint: uo_out[2] (output port clocked by i_clk)
Path Group: i_clk
Path Type: min

Fanout         Cap        Slew       Delay        Time   Description
---------------------------------------------------------------------------------------------
                      0.150000    0.000000    0.000000   clock i_clk (rise edge)
                                  0.000000    0.000000   clock network delay (ideal)
                      0.150000    0.000000    0.000000 ^ _17_/CLK (sky130_fd_sc_hd__dfrtp_2)
     3    0.037423    0.308823    0.927633    0.927633 ^ _17_/Q (sky130_fd_sc_hd__dfrtp_2)
                      0.308823    0.000000    0.927633 ^ uo_out[2] (out)
                                              0.927633   data arrival time

                      0.150000    0.000000    0.000000   clock i_clk (rise edge)
                                  0.000000    0.000000   clock network delay (ideal)
                                  0.250000    0.250000   clock uncertainty
                                  0.000000    0.250000   clock reconvergence pessimism
                                 -0.020000    0.230000   output external delay
                                              0.230000   data required time
---------------------------------------------------------------------------------------------
                                              0.230000   data required time
                                             -0.927633   data arrival time
---------------------------------------------------------------------------------------------
                                              0.697633   slack (MET)


Startpoint: _18_ (rising edge-triggered flip-flop clocked by i_clk)
Endpoint: uo_out[3] (output port clocked by i_clk)
Path Group: i_clk
Path Type: min

Fanout         Cap        Slew       Delay        Time   Description
---------------------------------------------------------------------------------------------
                      0.150000    0.000000    0.000000   clock i_clk (rise edge)
                                  0.000000    0.000000   clock network delay (ideal)
                      0.150000    0.000000    0.000000 ^ _18_/CLK (sky130_fd_sc_hd__dfrtp_2)
     2    0.042834    0.345877    0.956633    0.956633 ^ _18_/Q (sky130_fd_sc_hd__dfrtp_2)
                      0.345877    0.000000    0.956633 ^ uo_out[3] (out)
                                              0.956633   data arrival time

                      0.150000    0.000000    0.000000   clock i_clk (rise edge)
                                  0.000000    0.000000   clock network delay (ideal)
                                  0.250000    0.250000   clock uncertainty
                                  0.000000    0.250000   clock reconvergence pessimism
                                 -0.020000    0.230000   output external delay
                                              0.230000   data required time
---------------------------------------------------------------------------------------------
                                              0.230000   data required time
                                             -0.956633   data arrival time
---------------------------------------------------------------------------------------------
                                              0.726633   slack (MET)


Startpoint: _19_ (rising edge-triggered flip-flop clocked by i_clk)
Endpoint: uo_out[0] (output port clocked by i_clk)
Path Group: i_clk
Path Type: min

Fanout         Cap        Slew       Delay        Time   Description
---------------------------------------------------------------------------------------------
                      0.150000    0.000000    0.000000   clock i_clk (rise edge)
                                  0.000000    0.000000   clock network delay (ideal)
                      0.150000    0.000000    0.000000 ^ _19_/CLK (sky130_fd_sc_hd__dfrtp_2)
     5    0.043391    0.349691    0.959618    0.959618 ^ _19_/Q (sky130_fd_sc_hd__dfrtp_2)
                      0.349691    0.000000    0.959618 ^ uo_out[0] (out)
                                              0.959618   data arrival time

                      0.150000    0.000000    0.000000   clock i_clk (rise edge)
                                  0.000000    0.000000   clock network delay (ideal)
                                  0.250000    0.250000   clock uncertainty
                                  0.000000    0.250000   clock reconvergence pessimism
                                 -0.020000    0.230000   output external delay
                                              0.230000   data required time
---------------------------------------------------------------------------------------------
                                              0.230000   data required time
                                             -0.959618   data arrival time
---------------------------------------------------------------------------------------------
                                              0.729618   slack (MET)


Startpoint: _16_ (rising edge-triggered flip-flop clocked by i_clk)
Endpoint: uo_out[1] (output port clocked by i_clk)
Path Group: i_clk
Path Type: min

Fanout         Cap        Slew       Delay        Time   Description
---------------------------------------------------------------------------------------------
                      0.150000    0.000000    0.000000   clock i_clk (rise edge)
                                  0.000000    0.000000   clock network delay (ideal)
                      0.150000    0.000000    0.000000 ^ _16_/CLK (sky130_fd_sc_hd__dfrtp_2)
     4    0.046442    0.370583    0.975970    0.975970 ^ _16_/Q (sky130_fd_sc_hd__dfrtp_2)
                      0.370583    0.000000    0.975970 ^ uo_out[1] (out)
                                              0.975970   data arrival time

                      0.150000    0.000000    0.000000   clock i_clk (rise edge)
                                  0.000000    0.000000   clock network delay (ideal)
                                  0.250000    0.250000   clock uncertainty
                                  0.000000    0.250000   clock reconvergence pessimism
                                 -0.020000    0.230000   output external delay
                                              0.230000   data required time
---------------------------------------------------------------------------------------------
                                              0.230000   data required time
                                             -0.975970   data arrival time
---------------------------------------------------------------------------------------------
                                              0.745970   slack (MET)



