Reading OpenROAD database at '/home/omare/Documents/UWASIC/Matrix-Vector-Analog/digital/AXI_IF/build/synthesis/runs/tt_if_full/20-openroad-generatepdn/tt_if.odb'…
Reading library file at '/home/omare/.volare/sky130A/libs.ref/sky130_fd_sc_hd/lib/sky130_fd_sc_hd__tt_025C_1v80.lib'…
Reading design constraints file at '/home/omare/Documents/UWASIC/Matrix-Vector-Analog/.venv/lib/python3.12/site-packages/openlane/scripts/base.sdc'…
[INFO] Using clock i_clk…
[INFO] Setting output delay to: 0.02
[INFO] Setting input delay to: 0.02
[INFO] Setting load to: 0.033442
[INFO] Setting clock uncertainty to: 0.25
[INFO] Setting clock transition to: 0.1499999999999999944488848768742172978818416595458984375
[INFO] Setting timing derate to: 5%
+ global_placement -density 0.530303 -skip_io -pad_right 0 -pad_left 0 -init_wirelength_coef 0.25
[INFO GPL-0002] DBU: 1000
[INFO GPL-0003] SiteSize: (  0.460  2.720 ) um
[INFO GPL-0004] CoreBBox: (  5.520 10.880 ) ( 30.820 35.360 ) um
[INFO GPL-0006] NumInstances:                55
[INFO GPL-0007] NumPlaceInstances:           32
[INFO GPL-0008] NumFixedInstances:           23
[INFO GPL-0009] NumDummyInstances:            0
[INFO GPL-0010] NumNets:                     51
[INFO GPL-0011] NumPins:                     64
[INFO GPL-0012] DieBBox:  (  0.000  0.000 ) ( 36.545 47.265 ) um
[INFO GPL-0013] CoreBBox: (  5.520 10.880 ) ( 30.820 35.360 ) um
[INFO GPL-0016] CoreArea:               619.344 um^2
[INFO GPL-0017] NonPlaceInstsArea:       73.821 um^2
[INFO GPL-0018] PlaceInstsArea:         260.250 um^2
[INFO GPL-0019] Util:                    47.706 %
[INFO GPL-0020] StdInstsArea:           260.250 um^2
[INFO GPL-0021] MacroInstsArea:           0.000 um^2
[INFO GPL-0031] FillerInit:NumGCells:        36
[INFO GPL-0032] FillerInit:NumGNets:         51
[INFO GPL-0033] FillerInit:NumGPins:         64
[INFO GPL-0023] TargetDensity:            0.530
[INFO GPL-0024] AvrgPlaceInstArea:        8.133 um^2
[INFO GPL-0025] IdealBinArea:            15.336 um^2
[INFO GPL-0026] IdealBinCnt:                 40
[INFO GPL-0027] TotalBinArea:           619.344 um^2
[INFO GPL-0028] BinCnt:         4      4
[INFO GPL-0029] BinSize: (  6.325  6.120 )
[INFO GPL-0030] NumBins: 16
[NesterovSolve] Iter:    1 overflow: 0.691 HPWL: 49795
[NesterovSolve] Iter:   10 overflow: 0.691 HPWL: 47659
[NesterovSolve] Iter:   20 overflow: 0.691 HPWL: 47689
[NesterovSolve] Iter:   30 overflow: 0.691 HPWL: 47698
[NesterovSolve] Iter:   40 overflow: 0.691 HPWL: 47697
[NesterovSolve] Iter:   50 overflow: 0.691 HPWL: 47698
[NesterovSolve] Iter:   60 overflow: 0.691 HPWL: 47702
[NesterovSolve] Iter:   70 overflow: 0.691 HPWL: 47730
[NesterovSolve] Iter:   80 overflow: 0.691 HPWL: 47761
[NesterovSolve] Iter:   90 overflow: 0.691 HPWL: 47859
[NesterovSolve] Iter:  100 overflow: 0.690 HPWL: 48407
[NesterovSolve] Iter:  110 overflow: 0.678 HPWL: 48901
[NesterovSolve] Iter:  120 overflow: 0.631 HPWL: 50289
[NesterovSolve] Iter:  130 overflow: 0.543 HPWL: 51302
[NesterovSolve] Iter:  140 overflow: 0.479 HPWL: 49854
[NesterovSolve] Iter:  150 overflow: 0.456 HPWL: 49687
[NesterovSolve] Iter:  160 overflow: 0.449 HPWL: 48488
[NesterovSolve] Iter:  170 overflow: 0.437 HPWL: 49898
[NesterovSolve] Iter:  180 overflow: 0.420 HPWL: 49165
[NesterovSolve] Iter:  190 overflow: 0.420 HPWL: 47926
[NesterovSolve] Iter:  200 overflow: 0.419 HPWL: 48551
[NesterovSolve] Iter:  210 overflow: 0.409 HPWL: 48925
[NesterovSolve] Iter:  220 overflow: 0.405 HPWL: 49811
[NesterovSolve] Iter:  230 overflow: 0.378 HPWL: 62923
[NesterovSolve] Iter:  240 overflow: 0.341 HPWL: 77624
[NesterovSolve] Iter:  250 overflow: 0.297 HPWL: 88198
[NesterovSolve] Iter:  260 overflow: 0.261 HPWL: 96495
[NesterovSolve] Iter:  270 overflow: 0.226 HPWL: 101163
[NesterovSolve] Iter:  280 overflow: 0.179 HPWL: 112201
[NesterovSolve] Iter:  290 overflow: 0.135 HPWL: 119805
[NesterovSolve] Finished with Overflow: 0.098618
[INFO] Setting RC values…
Setting global connections for newly added cells…
[INFO] Setting global connections...
Updating metrics…
Cell type report:                       Count       Area
  Fill cell                                18      67.56
  Tap cell                                  5       6.26
  Sequential cell                           4     105.10
  Multi-Input combinational cell           28     155.15
  Total                                    55     334.07
Writing OpenROAD database to '/home/omare/Documents/UWASIC/Matrix-Vector-Analog/digital/AXI_IF/build/synthesis/runs/tt_if_full/23-openroad-globalplacementskipio/tt_if.odb'…
Writing netlist to '/home/omare/Documents/UWASIC/Matrix-Vector-Analog/digital/AXI_IF/build/synthesis/runs/tt_if_full/23-openroad-globalplacementskipio/tt_if.nl.v'…
Writing powered netlist to '/home/omare/Documents/UWASIC/Matrix-Vector-Analog/digital/AXI_IF/build/synthesis/runs/tt_if_full/23-openroad-globalplacementskipio/tt_if.pnl.v'…
Writing layout to '/home/omare/Documents/UWASIC/Matrix-Vector-Analog/digital/AXI_IF/build/synthesis/runs/tt_if_full/23-openroad-globalplacementskipio/tt_if.def'…
Writing timing constraints to '/home/omare/Documents/UWASIC/Matrix-Vector-Analog/digital/AXI_IF/build/synthesis/runs/tt_if_full/23-openroad-globalplacementskipio/tt_if.sdc'…
