
===========================================================================
report_checks -unconstrained
===========================================================================
======================= nom_tt_025C_1v80 Corner ===================================

Startpoint: i_rst_n (input port clocked by i_clk)
Endpoint: _19_ (recovery check against rising-edge clock i_clk)
Path Group: asynchronous
Path Type: max

Fanout         Cap        Slew       Delay        Time   Description
---------------------------------------------------------------------------------------------
                                  0.000000    0.000000   clock i_clk (rise edge)
                                  0.000000    0.000000   clock network delay (propagated)
                                  0.020000    0.020000 ^ input external delay
     1    0.002340    0.017785    0.008684    0.028684 ^ i_rst_n (in)
                      0.017785    0.000000    0.028684 ^ input2/A (sky130_fd_sc_hd__dlymetal6s2s_1)
     4    0.017082    0.193525    0.180001    0.208684 ^ input2/X (sky130_fd_sc_hd__dlymetal6s2s_1)
                      0.193525    0.000044    0.208729 ^ _19_/RESET_B (sky130_fd_sc_hd__dfrtp_1)
                                              0.208729   data arrival time

                                 10.000000   10.000000   clock i_clk (rise edge)
                                  0.000000   10.000000   clock source latency
     1    0.009715    0.050144    0.033086   10.033086 ^ i_clk (in)
                      0.050144    0.000000   10.033086 ^ clkbuf_0_i_clk/A (sky130_fd_sc_hd__clkbuf_16)
     2    0.017915    0.040070    0.125330   10.158416 ^ clkbuf_0_i_clk/X (sky130_fd_sc_hd__clkbuf_16)
                      0.040070    0.000096   10.158512 ^ clkbuf_1_1__f_i_clk/A (sky130_fd_sc_hd__clkbuf_16)
     2    0.004773    0.028557    0.108471   10.266982 ^ clkbuf_1_1__f_i_clk/X (sky130_fd_sc_hd__clkbuf_16)
                      0.028557    0.000020   10.267003 ^ _19_/CLK (sky130_fd_sc_hd__dfrtp_1)
                                 -0.250000   10.017003   clock uncertainty
                                  0.000000   10.017003   clock reconvergence pessimism
                                  0.186740   10.203742   library recovery time
                                             10.203742   data required time
---------------------------------------------------------------------------------------------
                                             10.203742   data required time
                                             -0.208729   data arrival time
---------------------------------------------------------------------------------------------
                                              9.995014   slack (MET)


Startpoint: _16_ (rising edge-triggered flip-flop clocked by i_clk)
Endpoint: _17_ (rising edge-triggered flip-flop clocked by i_clk)
Path Group: i_clk
Path Type: max

Fanout         Cap        Slew       Delay        Time   Description
---------------------------------------------------------------------------------------------
                                  0.000000    0.000000   clock i_clk (rise edge)
                                  0.000000    0.000000   clock source latency
     1    0.009715    0.050144    0.033085    0.033085 ^ i_clk (in)
                      0.050144    0.000000    0.033085 ^ clkbuf_0_i_clk/A (sky130_fd_sc_hd__clkbuf_16)
     2    0.017915    0.040070    0.125330    0.158416 ^ clkbuf_0_i_clk/X (sky130_fd_sc_hd__clkbuf_16)
                      0.040070    0.000096    0.158511 ^ clkbuf_1_1__f_i_clk/A (sky130_fd_sc_hd__clkbuf_16)
     2    0.004773    0.028557    0.108471    0.266982 ^ clkbuf_1_1__f_i_clk/X (sky130_fd_sc_hd__clkbuf_16)
                      0.028557    0.000021    0.267003 ^ _16_/CLK (sky130_fd_sc_hd__dfrtp_1)
     4    0.012616    0.121621    0.372899    0.639902 ^ _16_/Q (sky130_fd_sc_hd__dfrtp_1)
                      0.121621    0.000079    0.639982 ^ _10_/B (sky130_fd_sc_hd__and4_1)
     2    0.006684    0.089762    0.222943    0.862924 ^ _10_/X (sky130_fd_sc_hd__and4_1)
                      0.089762    0.000010    0.862935 ^ _12_/A_N (sky130_fd_sc_hd__and2b_1)
     1    0.002551    0.033679    0.179430    1.042365 v _12_/X (sky130_fd_sc_hd__and2b_1)
                      0.033679    0.000009    1.042374 v _17_/D (sky130_fd_sc_hd__dfrtp_1)
                                              1.042374   data arrival time

                                 10.000000   10.000000   clock i_clk (rise edge)
                                  0.000000   10.000000   clock source latency
     1    0.009715    0.050144    0.033086   10.033086 ^ i_clk (in)
                      0.050144    0.000000   10.033086 ^ clkbuf_0_i_clk/A (sky130_fd_sc_hd__clkbuf_16)
     2    0.017915    0.040070    0.125330   10.158416 ^ clkbuf_0_i_clk/X (sky130_fd_sc_hd__clkbuf_16)
                      0.040070    0.000099   10.158514 ^ clkbuf_1_0__f_i_clk/A (sky130_fd_sc_hd__clkbuf_16)
     2    0.005199    0.028946    0.108981   10.267495 ^ clkbuf_1_0__f_i_clk/X (sky130_fd_sc_hd__clkbuf_16)
                      0.028946    0.000028   10.267524 ^ _17_/CLK (sky130_fd_sc_hd__dfrtp_1)
                                 -0.250000   10.017524   clock uncertainty
                                  0.000000   10.017524   clock reconvergence pessimism
                                 -0.113003    9.904521   library setup time
                                              9.904521   data required time
---------------------------------------------------------------------------------------------
                                              9.904521   data required time
                                             -1.042374   data arrival time
---------------------------------------------------------------------------------------------
                                              8.862146   slack (MET)




===========================================================================
report_checks --slack_max -0.01
============================================================================
======================= nom_tt_025C_1v80 Corner ===================================

No paths found.


===========================================================================
 report_check_types -max_slew -max_cap -max_fanout -violators
============================================================================
======================= nom_tt_025C_1v80 Corner ===================================



===========================================================================
report_parasitic_annotation -report_unannotated
============================================================================
Found 36 unannotated drivers.
 ui_in[0]
 ui_in[1]
 ui_in[2]
 ui_in[3]
 ui_in[4]
 ui_in[5]
 ui_in[6]
 ui_in[7]
 uio_in[0]
 uio_in[1]
 uio_in[2]
 uio_in[3]
 uio_in[4]
 uio_in[5]
 uio_in[6]
 uio_in[7]
 tt_if_10/HI
 tt_if_11/HI
 tt_if_12/HI
 tt_if_13/HI
 tt_if_14/HI
 tt_if_15/HI
 tt_if_16/HI
 tt_if_17/HI
 tt_if_18/HI
 tt_if_19/HI
 tt_if_20/HI
 tt_if_21/HI
 tt_if_22/HI
 tt_if_23/HI
 tt_if_24/HI
 tt_if_25/HI
 tt_if_26/HI
 tt_if_7/HI
 tt_if_8/HI
 tt_if_9/HI
Found 0 partially unannotated drivers.

===========================================================================
max slew violation count 0
Writing metric design__max_slew_violation__count__corner:nom_tt_025C_1v80: 0
max fanout violation count 0
Writing metric design__max_fanout_violation__count__corner:nom_tt_025C_1v80: 0
max cap violation count 0
Writing metric design__max_cap_violation__count__corner:nom_tt_025C_1v80: 0
============================================================================

===========================================================================
check_setup -verbose -unconstrained_endpoints -multiple_clock -no_clock -no_input_delay -loops -generated_clocks
===========================================================================
Warning: There are 20 unconstrained endpoints.
  uio_oe[0]
  uio_oe[1]
  uio_oe[2]
  uio_oe[3]
  uio_oe[4]
  uio_oe[5]
  uio_oe[6]
  uio_oe[7]
  uio_out[0]
  uio_out[1]
  uio_out[2]
  uio_out[3]
  uio_out[4]
  uio_out[5]
  uio_out[6]
  uio_out[7]
  uo_out[4]
  uo_out[5]
  uo_out[6]
  uo_out[7]
