Clock: i_clk
Sources: i_clk 
Generated: no
Virtual: yes
Propagated: no
Period: 10.000000

===========================================================================
report_clock_properties
============================================================================
Clock                   Period          Waveform
----------------------------------------------------
i_clk                10.000000    0.000000  5.000000

===========================================================================
report_clock_latency
============================================================================
Clock i_clk
rise -> rise
    min     max
0.000000 0.000000 source latency
0.267003         network latency _16_/CLK
        0.267524 network latency _17_/CLK
---------------
0.267003 0.267524 latency
        0.000521 skew

fall -> fall
    min     max
0.000000 0.000000 source latency
0.275713         network latency _16_/CLK
        0.276186 network latency _17_/CLK
---------------
0.275713 0.276186 latency
        0.000473 skew



===========================================================================
report_clock_min_period
============================================================================
i_clk period_min = 1.14 fmax = 878.85
