
===========================================================================
report_checks -path_delay max (Setup)
============================================================================
======================= nom_tt_025C_1v80 Corner ===================================

Warning: corner.tcl line 67, unknown field nets.
Warning: corner.tcl line 67, report_checks -group_count is deprecated. Use -group_path_count instead.
Startpoint: _16_ (rising edge-triggered flip-flop clocked by i_clk)
Endpoint: _17_ (rising edge-triggered flip-flop clocked by i_clk)
Path Group: i_clk
Path Type: max

Fanout         Cap        Slew       Delay        Time   Description
---------------------------------------------------------------------------------------------
                      0.150000    0.000000    0.000000   clock i_clk (rise edge)
                                  0.000000    0.000000   clock network delay (ideal)
                      0.150000    0.000000    0.000000 ^ _16_/CLK (sky130_fd_sc_hd__dfrtp_2)
     4    0.046478    0.230291    0.526705    0.526705 ^ _16_/Q (sky130_fd_sc_hd__dfrtp_2)
                      0.230291    0.000000    0.526705 ^ _10_/B (sky130_fd_sc_hd__and4_2)
     2    0.010107    0.087917    0.290404    0.817109 ^ _10_/X (sky130_fd_sc_hd__and4_2)
                      0.087917    0.000000    0.817109 ^ _12_/A_N (sky130_fd_sc_hd__and2b_2)
     1    0.001949    0.033620    0.210719    1.027829 v _12_/X (sky130_fd_sc_hd__and2b_2)
                      0.033620    0.000000    1.027829 v _17_/D (sky130_fd_sc_hd__dfrtp_2)
                                              1.027829   data arrival time

                      0.150000   10.000000   10.000000   clock i_clk (rise edge)
                                  0.000000   10.000000   clock network delay (ideal)
                                 -0.250000    9.750000   clock uncertainty
                                  0.000000    9.750000   clock reconvergence pessimism
                                              9.750000 ^ _17_/CLK (sky130_fd_sc_hd__dfrtp_2)
                                 -0.086243    9.663757   library setup time
                                              9.663757   data required time
---------------------------------------------------------------------------------------------
                                              9.663757   data required time
                                             -1.027829   data arrival time
---------------------------------------------------------------------------------------------
                                              8.635929   slack (MET)


Startpoint: _19_ (rising edge-triggered flip-flop clocked by i_clk)
Endpoint: _19_ (rising edge-triggered flip-flop clocked by i_clk)
Path Group: i_clk
Path Type: max

Fanout         Cap        Slew       Delay        Time   Description
---------------------------------------------------------------------------------------------
                      0.150000    0.000000    0.000000   clock i_clk (rise edge)
                                  0.000000    0.000000   clock network delay (ideal)
                      0.150000    0.000000    0.000000 ^ _19_/CLK (sky130_fd_sc_hd__dfrtp_2)
     5    0.042925    0.129933    0.524582    0.524582 v _19_/Q (sky130_fd_sc_hd__dfrtp_2)
                      0.129933    0.000000    0.524582 v _14_/A (sky130_fd_sc_hd__or2_2)
     1    0.001403    0.048903    0.308658    0.833240 v _14_/X (sky130_fd_sc_hd__or2_2)
                      0.048903    0.000000    0.833240 v _15_/B (sky130_fd_sc_hd__and2_2)
     1    0.001949    0.034536    0.179999    1.013239 v _15_/X (sky130_fd_sc_hd__and2_2)
                      0.034536    0.000000    1.013239 v _19_/D (sky130_fd_sc_hd__dfrtp_2)
                                              1.013239   data arrival time

                      0.150000   10.000000   10.000000   clock i_clk (rise edge)
                                  0.000000   10.000000   clock network delay (ideal)
                                 -0.250000    9.750000   clock uncertainty
                                  0.000000    9.750000   clock reconvergence pessimism
                                              9.750000 ^ _19_/CLK (sky130_fd_sc_hd__dfrtp_2)
                                 -0.086643    9.663358   library setup time
                                              9.663358   data required time
---------------------------------------------------------------------------------------------
                                              9.663358   data required time
                                             -1.013239   data arrival time
---------------------------------------------------------------------------------------------
                                              8.650119   slack (MET)


Startpoint: _16_ (rising edge-triggered flip-flop clocked by i_clk)
Endpoint: _18_ (rising edge-triggered flip-flop clocked by i_clk)
Path Group: i_clk
Path Type: max

Fanout         Cap        Slew       Delay        Time   Description
---------------------------------------------------------------------------------------------
                      0.150000    0.000000    0.000000   clock i_clk (rise edge)
                                  0.000000    0.000000   clock network delay (ideal)
                      0.150000    0.000000    0.000000 ^ _16_/CLK (sky130_fd_sc_hd__dfrtp_2)
     4    0.045509    0.135262    0.529302    0.529302 v _16_/Q (sky130_fd_sc_hd__dfrtp_2)
                      0.135262    0.000000    0.529302 v _10_/B (sky130_fd_sc_hd__and4_2)
     2    0.009328    0.057233    0.263988    0.793289 v _10_/X (sky130_fd_sc_hd__and4_2)
                      0.057233    0.000000    0.793289 v _13_/B (sky130_fd_sc_hd__xor2_2)
     1    0.001949    0.051245    0.134294    0.927583 v _13_/X (sky130_fd_sc_hd__xor2_2)
                      0.051245    0.000000    0.927583 v _18_/D (sky130_fd_sc_hd__dfrtp_2)
                                              0.927583   data arrival time

                      0.150000   10.000000   10.000000   clock i_clk (rise edge)
                                  0.000000   10.000000   clock network delay (ideal)
                                 -0.250000    9.750000   clock uncertainty
                                  0.000000    9.750000   clock reconvergence pessimism
                                              9.750000 ^ _18_/CLK (sky130_fd_sc_hd__dfrtp_2)
                                 -0.093930    9.656070   library setup time
                                              9.656070   data required time
---------------------------------------------------------------------------------------------
                                              9.656070   data required time
                                             -0.927583   data arrival time
---------------------------------------------------------------------------------------------
                                              8.728487   slack (MET)


Startpoint: _19_ (rising edge-triggered flip-flop clocked by i_clk)
Endpoint: _16_ (rising edge-triggered flip-flop clocked by i_clk)
Path Group: i_clk
Path Type: max

Fanout         Cap        Slew       Delay        Time   Description
---------------------------------------------------------------------------------------------
                      0.150000    0.000000    0.000000   clock i_clk (rise edge)
                                  0.000000    0.000000   clock network delay (ideal)
                      0.150000    0.000000    0.000000 ^ _19_/CLK (sky130_fd_sc_hd__dfrtp_2)
     5    0.043537    0.216903    0.517269    0.517269 ^ _19_/Q (sky130_fd_sc_hd__dfrtp_2)
                      0.216903    0.000000    0.517269 ^ _08_/A (sky130_fd_sc_hd__nand2_2)
     2    0.009495    0.078140    0.095480    0.612748 v _08_/Y (sky130_fd_sc_hd__nand2_2)
                      0.078140    0.000000    0.612748 v _09_/B (sky130_fd_sc_hd__xnor2_2)
     1    0.001949    0.051578    0.130385    0.743133 v _09_/Y (sky130_fd_sc_hd__xnor2_2)
                      0.051578    0.000000    0.743133 v _16_/D (sky130_fd_sc_hd__dfrtp_2)
                                              0.743133   data arrival time

                      0.150000   10.000000   10.000000   clock i_clk (rise edge)
                                  0.000000   10.000000   clock network delay (ideal)
                                 -0.250000    9.750000   clock uncertainty
                                  0.000000    9.750000   clock reconvergence pessimism
                                              9.750000 ^ _16_/CLK (sky130_fd_sc_hd__dfrtp_2)
                                 -0.094075    9.655925   library setup time
                                              9.655925   data required time
---------------------------------------------------------------------------------------------
                                              9.655925   data required time
                                             -0.743133   data arrival time
---------------------------------------------------------------------------------------------
                                              8.912791   slack (MET)


Startpoint: _16_ (rising edge-triggered flip-flop clocked by i_clk)
Endpoint: uo_out[1] (output port clocked by i_clk)
Path Group: i_clk
Path Type: max

Fanout         Cap        Slew       Delay        Time   Description
---------------------------------------------------------------------------------------------
                      0.150000    0.000000    0.000000   clock i_clk (rise edge)
                                  0.000000    0.000000   clock network delay (ideal)
                      0.150000    0.000000    0.000000 ^ _16_/CLK (sky130_fd_sc_hd__dfrtp_2)
     4    0.045509    0.135262    0.529302    0.529302 v _16_/Q (sky130_fd_sc_hd__dfrtp_2)
                      0.135262    0.000000    0.529302 v uo_out[1] (out)
                                              0.529302   data arrival time

                      0.150000   10.000000   10.000000   clock i_clk (rise edge)
                                  0.000000   10.000000   clock network delay (ideal)
                                 -0.250000    9.750000   clock uncertainty
                                  0.000000    9.750000   clock reconvergence pessimism
                                 -0.020000    9.730000   output external delay
                                              9.730000   data required time
---------------------------------------------------------------------------------------------
                                              9.730000   data required time
                                             -0.529302   data arrival time
---------------------------------------------------------------------------------------------
                                              9.200698   slack (MET)


Startpoint: _19_ (rising edge-triggered flip-flop clocked by i_clk)
Endpoint: uo_out[0] (output port clocked by i_clk)
Path Group: i_clk
Path Type: max

Fanout         Cap        Slew       Delay        Time   Description
---------------------------------------------------------------------------------------------
                      0.150000    0.000000    0.000000   clock i_clk (rise edge)
                                  0.000000    0.000000   clock network delay (ideal)
                      0.150000    0.000000    0.000000 ^ _19_/CLK (sky130_fd_sc_hd__dfrtp_2)
     5    0.042925    0.129933    0.524582    0.524582 v _19_/Q (sky130_fd_sc_hd__dfrtp_2)
                      0.129933    0.000000    0.524582 v uo_out[0] (out)
                                              0.524582   data arrival time

                      0.150000   10.000000   10.000000   clock i_clk (rise edge)
                                  0.000000   10.000000   clock network delay (ideal)
                                 -0.250000    9.750000   clock uncertainty
                                  0.000000    9.750000   clock reconvergence pessimism
                                 -0.020000    9.730000   output external delay
                                              9.730000   data required time
---------------------------------------------------------------------------------------------
                                              9.730000   data required time
                                             -0.524582   data arrival time
---------------------------------------------------------------------------------------------
                                              9.205418   slack (MET)


Startpoint: _18_ (rising edge-triggered flip-flop clocked by i_clk)
Endpoint: uo_out[3] (output port clocked by i_clk)
Path Group: i_clk
Path Type: max

Fanout         Cap        Slew       Delay        Time   Description
---------------------------------------------------------------------------------------------
                      0.150000    0.000000    0.000000   clock i_clk (rise edge)
                                  0.000000    0.000000   clock network delay (ideal)
                      0.150000    0.000000    0.000000 ^ _18_/CLK (sky130_fd_sc_hd__dfrtp_2)
     2    0.042026    0.128079    0.522940    0.522940 v _18_/Q (sky130_fd_sc_hd__dfrtp_2)
                      0.128079    0.000000    0.522940 v uo_out[3] (out)
                                              0.522940   data arrival time

                      0.150000   10.000000   10.000000   clock i_clk (rise edge)
                                  0.000000   10.000000   clock network delay (ideal)
                                 -0.250000    9.750000   clock uncertainty
                                  0.000000    9.750000   clock reconvergence pessimism
                                 -0.020000    9.730000   output external delay
                                              9.730000   data required time
---------------------------------------------------------------------------------------------
                                              9.730000   data required time
                                             -0.522940   data arrival time
---------------------------------------------------------------------------------------------
                                              9.207060   slack (MET)


Startpoint: _17_ (rising edge-triggered flip-flop clocked by i_clk)
Endpoint: uo_out[2] (output port clocked by i_clk)
Path Group: i_clk
Path Type: max

Fanout         Cap        Slew       Delay        Time   Description
---------------------------------------------------------------------------------------------
                      0.150000    0.000000    0.000000   clock i_clk (rise edge)
                                  0.000000    0.000000   clock network delay (ideal)
                      0.150000    0.000000    0.000000 ^ _17_/CLK (sky130_fd_sc_hd__dfrtp_2)
     3    0.037078    0.117856    0.513763    0.513763 v _17_/Q (sky130_fd_sc_hd__dfrtp_2)
                      0.117856    0.000000    0.513763 v uo_out[2] (out)
                                              0.513763   data arrival time

                      0.150000   10.000000   10.000000   clock i_clk (rise edge)
                                  0.000000   10.000000   clock network delay (ideal)
                                 -0.250000    9.750000   clock uncertainty
                                  0.000000    9.750000   clock reconvergence pessimism
                                 -0.020000    9.730000   output external delay
                                              9.730000   data required time
---------------------------------------------------------------------------------------------
                                              9.730000   data required time
                                             -0.513763   data arrival time
---------------------------------------------------------------------------------------------
                                              9.216238   slack (MET)


Startpoint: i_rst_n (input port clocked by i_clk)
Endpoint: _16_ (recovery check against rising-edge clock i_clk)
Path Group: asynchronous
Path Type: max

Fanout         Cap        Slew       Delay        Time   Description
---------------------------------------------------------------------------------------------
                      0.150000    0.000000    0.000000   clock i_clk (rise edge)
                                  0.000000    0.000000   clock network delay (ideal)
                                  0.020000    0.020000 ^ input external delay
     4    0.014448    0.072591    0.048158    0.068158 ^ i_rst_n (in)
                      0.072591    0.000000    0.068158 ^ _16_/RESET_B (sky130_fd_sc_hd__dfrtp_2)
                                              0.068158   data arrival time

                      0.150000   10.000000   10.000000   clock i_clk (rise edge)
                                  0.000000   10.000000   clock network delay (ideal)
                                 -0.250000    9.750000   clock uncertainty
                                  0.000000    9.750000   clock reconvergence pessimism
                                              9.750000 ^ _16_/CLK (sky130_fd_sc_hd__dfrtp_2)
                                  0.243327    9.993326   library recovery time
                                              9.993326   data required time
---------------------------------------------------------------------------------------------
                                              9.993326   data required time
                                             -0.068158   data arrival time
---------------------------------------------------------------------------------------------
                                              9.925169   slack (MET)


Startpoint: i_rst_n (input port clocked by i_clk)
Endpoint: _17_ (recovery check against rising-edge clock i_clk)
Path Group: asynchronous
Path Type: max

Fanout         Cap        Slew       Delay        Time   Description
---------------------------------------------------------------------------------------------
                      0.150000    0.000000    0.000000   clock i_clk (rise edge)
                                  0.000000    0.000000   clock network delay (ideal)
                                  0.020000    0.020000 ^ input external delay
     4    0.014448    0.072591    0.048158    0.068158 ^ i_rst_n (in)
                      0.072591    0.000000    0.068158 ^ _17_/RESET_B (sky130_fd_sc_hd__dfrtp_2)
                                              0.068158   data arrival time

                      0.150000   10.000000   10.000000   clock i_clk (rise edge)
                                  0.000000   10.000000   clock network delay (ideal)
                                 -0.250000    9.750000   clock uncertainty
                                  0.000000    9.750000   clock reconvergence pessimism
                                              9.750000 ^ _17_/CLK (sky130_fd_sc_hd__dfrtp_2)
                                  0.243327    9.993326   library recovery time
                                              9.993326   data required time
---------------------------------------------------------------------------------------------
                                              9.993326   data required time
                                             -0.068158   data arrival time
---------------------------------------------------------------------------------------------
                                              9.925169   slack (MET)


Startpoint: i_rst_n (input port clocked by i_clk)
Endpoint: _18_ (recovery check against rising-edge clock i_clk)
Path Group: asynchronous
Path Type: max

Fanout         Cap        Slew       Delay        Time   Description
---------------------------------------------------------------------------------------------
                      0.150000    0.000000    0.000000   clock i_clk (rise edge)
                                  0.000000    0.000000   clock network delay (ideal)
                                  0.020000    0.020000 ^ input external delay
     4    0.014448    0.072591    0.048158    0.068158 ^ i_rst_n (in)
                      0.072591    0.000000    0.068158 ^ _18_/RESET_B (sky130_fd_sc_hd__dfrtp_2)
                                              0.068158   data arrival time

                      0.150000   10.000000   10.000000   clock i_clk (rise edge)
                                  0.000000   10.000000   clock network delay (ideal)
                                 -0.250000    9.750000   clock uncertainty
                                  0.000000    9.750000   clock reconvergence pessimism
                                              9.750000 ^ _18_/CLK (sky130_fd_sc_hd__dfrtp_2)
                                  0.243327    9.993326   library recovery time
                                              9.993326   data required time
---------------------------------------------------------------------------------------------
                                              9.993326   data required time
                                             -0.068158   data arrival time
---------------------------------------------------------------------------------------------
                                              9.925169   slack (MET)


Startpoint: i_rst_n (input port clocked by i_clk)
Endpoint: _19_ (recovery check against rising-edge clock i_clk)
Path Group: asynchronous
Path Type: max

Fanout         Cap        Slew       Delay        Time   Description
---------------------------------------------------------------------------------------------
                      0.150000    0.000000    0.000000   clock i_clk (rise edge)
                                  0.000000    0.000000   clock network delay (ideal)
                                  0.020000    0.020000 ^ input external delay
     4    0.014448    0.072591    0.048158    0.068158 ^ i_rst_n (in)
                      0.072591    0.000000    0.068158 ^ _19_/RESET_B (sky130_fd_sc_hd__dfrtp_2)
                                              0.068158   data arrival time

                      0.150000   10.000000   10.000000   clock i_clk (rise edge)
                                  0.000000   10.000000   clock network delay (ideal)
                                 -0.250000    9.750000   clock uncertainty
                                  0.000000    9.750000   clock reconvergence pessimism
                                              9.750000 ^ _19_/CLK (sky130_fd_sc_hd__dfrtp_2)
                                  0.243327    9.993326   library recovery time
                                              9.993326   data required time
---------------------------------------------------------------------------------------------
                                              9.993326   data required time
                                             -0.068158   data arrival time
---------------------------------------------------------------------------------------------
                                              9.925169   slack (MET)



