
===========================================================================
report_checks -path_delay min (Hold)
============================================================================
======================= nom_tt_025C_1v80 Corner ===================================

Warning: corner.tcl line 57, unknown field nets.
Warning: corner.tcl line 57, report_checks -group_count is deprecated. Use -group_path_count instead.
Startpoint: i_rst_n (input port clocked by i_clk)
Endpoint: _16_ (removal check against rising-edge clock i_clk)
Path Group: asynchronous
Path Type: min

Fanout         Cap        Slew       Delay        Time   Description
---------------------------------------------------------------------------------------------
                      0.150000    0.000000    0.000000   clock i_clk (rise edge)
                                  0.000000    0.000000   clock network delay (ideal)
                                  0.020000    0.020000 ^ input external delay
     4    0.014448    0.072591    0.048158    0.068158 ^ i_rst_n (in)
                      0.072591    0.000000    0.068158 ^ _16_/RESET_B (sky130_fd_sc_hd__dfrtp_2)
                                              0.068158   data arrival time

                      0.150000    0.000000    0.000000   clock i_clk (rise edge)
                                  0.000000    0.000000   clock network delay (ideal)
                                  0.250000    0.250000   clock uncertainty
                                  0.000000    0.250000   clock reconvergence pessimism
                                              0.250000 ^ _16_/CLK (sky130_fd_sc_hd__dfrtp_2)
                                  0.356640    0.606640   library removal time
                                              0.606640   data required time
---------------------------------------------------------------------------------------------
                                              0.606640   data required time
                                             -0.068158   data arrival time
---------------------------------------------------------------------------------------------
                                             -0.538482   slack (VIOLATED)


Startpoint: i_rst_n (input port clocked by i_clk)
Endpoint: _17_ (removal check against rising-edge clock i_clk)
Path Group: asynchronous
Path Type: min

Fanout         Cap        Slew       Delay        Time   Description
---------------------------------------------------------------------------------------------
                      0.150000    0.000000    0.000000   clock i_clk (rise edge)
                                  0.000000    0.000000   clock network delay (ideal)
                                  0.020000    0.020000 ^ input external delay
     4    0.014448    0.072591    0.048158    0.068158 ^ i_rst_n (in)
                      0.072591    0.000000    0.068158 ^ _17_/RESET_B (sky130_fd_sc_hd__dfrtp_2)
                                              0.068158   data arrival time

                      0.150000    0.000000    0.000000   clock i_clk (rise edge)
                                  0.000000    0.000000   clock network delay (ideal)
                                  0.250000    0.250000   clock uncertainty
                                  0.000000    0.250000   clock reconvergence pessimism
                                              0.250000 ^ _17_/CLK (sky130_fd_sc_hd__dfrtp_2)
                                  0.356640    0.606640   library removal time
                                              0.606640   data required time
---------------------------------------------------------------------------------------------
                                              0.606640   data required time
                                             -0.068158   data arrival time
---------------------------------------------------------------------------------------------
                                             -0.538482   slack (VIOLATED)


Startpoint: i_rst_n (input port clocked by i_clk)
Endpoint: _18_ (removal check against rising-edge clock i_clk)
Path Group: asynchronous
Path Type: min

Fanout         Cap        Slew       Delay        Time   Description
---------------------------------------------------------------------------------------------
                      0.150000    0.000000    0.000000   clock i_clk (rise edge)
                                  0.000000    0.000000   clock network delay (ideal)
                                  0.020000    0.020000 ^ input external delay
     4    0.014448    0.072591    0.048158    0.068158 ^ i_rst_n (in)
                      0.072591    0.000000    0.068158 ^ _18_/RESET_B (sky130_fd_sc_hd__dfrtp_2)
                                              0.068158   data arrival time

                      0.150000    0.000000    0.000000   clock i_clk (rise edge)
                                  0.000000    0.000000   clock network delay (ideal)
                                  0.250000    0.250000   clock uncertainty
                                  0.000000    0.250000   clock reconvergence pessimism
                                              0.250000 ^ _18_/CLK (sky130_fd_sc_hd__dfrtp_2)
                                  0.356640    0.606640   library removal time
                                              0.606640   data required time
---------------------------------------------------------------------------------------------
                                              0.606640   data required time
                                             -0.068158   data arrival time
---------------------------------------------------------------------------------------------
                                             -0.538482   slack (VIOLATED)


Startpoint: i_rst_n (input port clocked by i_clk)
Endpoint: _19_ (removal check against rising-edge clock i_clk)
Path Group: asynchronous
Path Type: min

Fanout         Cap        Slew       Delay        Time   Description
---------------------------------------------------------------------------------------------
                      0.150000    0.000000    0.000000   clock i_clk (rise edge)
                                  0.000000    0.000000   clock network delay (ideal)
                                  0.020000    0.020000 ^ input external delay
     4    0.014448    0.072591    0.048158    0.068158 ^ i_rst_n (in)
                      0.072591    0.000000    0.068158 ^ _19_/RESET_B (sky130_fd_sc_hd__dfrtp_2)
                                              0.068158   data arrival time

                      0.150000    0.000000    0.000000   clock i_clk (rise edge)
                                  0.000000    0.000000   clock network delay (ideal)
                                  0.250000    0.250000   clock uncertainty
                                  0.000000    0.250000   clock reconvergence pessimism
                                              0.250000 ^ _19_/CLK (sky130_fd_sc_hd__dfrtp_2)
                                  0.356640    0.606640   library removal time
                                              0.606640   data required time
---------------------------------------------------------------------------------------------
                                              0.606640   data required time
                                             -0.068158   data arrival time
---------------------------------------------------------------------------------------------
                                             -0.538482   slack (VIOLATED)


Startpoint: i_ena (input port clocked by i_clk)
Endpoint: _16_ (rising edge-triggered flip-flop clocked by i_clk)
Path Group: i_clk
Path Type: min

Fanout         Cap        Slew       Delay        Time   Description
---------------------------------------------------------------------------------------------
                      0.150000    0.000000    0.000000   clock i_clk (rise edge)
                                  0.000000    0.000000   clock network delay (ideal)
                                  0.020000    0.020000 v input external delay
     4    0.009257    0.023276    0.014959    0.034959 v i_ena (in)
                      0.023276    0.000000    0.034959 v _08_/B (sky130_fd_sc_hd__nand2_2)
     2    0.009925    0.070893    0.072411    0.107369 ^ _08_/Y (sky130_fd_sc_hd__nand2_2)
                      0.070893    0.000000    0.107369 ^ _09_/B (sky130_fd_sc_hd__xnor2_2)
     1    0.001949    0.026409    0.052430    0.159799 v _09_/Y (sky130_fd_sc_hd__xnor2_2)
                      0.026409    0.000000    0.159799 v _16_/D (sky130_fd_sc_hd__dfrtp_2)
                                              0.159799   data arrival time

                      0.150000    0.000000    0.000000   clock i_clk (rise edge)
                                  0.000000    0.000000   clock network delay (ideal)
                                  0.250000    0.250000   clock uncertainty
                                  0.000000    0.250000   clock reconvergence pessimism
                                              0.250000 ^ _16_/CLK (sky130_fd_sc_hd__dfrtp_2)
                                 -0.010603    0.239397   library hold time
                                              0.239397   data required time
---------------------------------------------------------------------------------------------
                                              0.239397   data required time
                                             -0.159799   data arrival time
---------------------------------------------------------------------------------------------
                                             -0.079598   slack (VIOLATED)


Startpoint: i_ena (input port clocked by i_clk)
Endpoint: _19_ (rising edge-triggered flip-flop clocked by i_clk)
Path Group: i_clk
Path Type: min

Fanout         Cap        Slew       Delay        Time   Description
---------------------------------------------------------------------------------------------
                      0.150000    0.000000    0.000000   clock i_clk (rise edge)
                                  0.000000    0.000000   clock network delay (ideal)
                                  0.020000    0.020000 v input external delay
     4    0.009257    0.023276    0.014959    0.034959 v i_ena (in)
                      0.023276    0.000000    0.034959 v _08_/B (sky130_fd_sc_hd__nand2_2)
     2    0.009925    0.070893    0.072411    0.107369 ^ _08_/Y (sky130_fd_sc_hd__nand2_2)
                      0.070893    0.000000    0.107369 ^ _15_/A (sky130_fd_sc_hd__and2_2)
     1    0.002005    0.033918    0.128152    0.235521 ^ _15_/X (sky130_fd_sc_hd__and2_2)
                      0.033918    0.000000    0.235521 ^ _19_/D (sky130_fd_sc_hd__dfrtp_2)
                                              0.235521   data arrival time

                      0.150000    0.000000    0.000000   clock i_clk (rise edge)
                                  0.000000    0.000000   clock network delay (ideal)
                                  0.250000    0.250000   clock uncertainty
                                  0.000000    0.250000   clock reconvergence pessimism
                                              0.250000 ^ _19_/CLK (sky130_fd_sc_hd__dfrtp_2)
                                 -0.018064    0.231936   library hold time
                                              0.231936   data required time
---------------------------------------------------------------------------------------------
                                              0.231936   data required time
                                             -0.235521   data arrival time
---------------------------------------------------------------------------------------------
                                              0.003585   slack (MET)


Startpoint: i_ena (input port clocked by i_clk)
Endpoint: _17_ (rising edge-triggered flip-flop clocked by i_clk)
Path Group: i_clk
Path Type: min

Fanout         Cap        Slew       Delay        Time   Description
---------------------------------------------------------------------------------------------
                      0.150000    0.000000    0.000000   clock i_clk (rise edge)
                                  0.000000    0.000000   clock network delay (ideal)
                                  0.020000    0.020000 ^ input external delay
     4    0.010217    0.053660    0.034663    0.054663 ^ i_ena (in)
                      0.053660    0.000000    0.054663 ^ _11_/A3 (sky130_fd_sc_hd__a31o_2)
     1    0.001689    0.031103    0.138495    0.193158 ^ _11_/X (sky130_fd_sc_hd__a31o_2)
                      0.031103    0.000000    0.193158 ^ _12_/B (sky130_fd_sc_hd__and2b_2)
     1    0.002005    0.031738    0.120216    0.313375 ^ _12_/X (sky130_fd_sc_hd__and2b_2)
                      0.031738    0.000000    0.313375 ^ _17_/D (sky130_fd_sc_hd__dfrtp_2)
                                              0.313375   data arrival time

                      0.150000    0.000000    0.000000   clock i_clk (rise edge)
                                  0.000000    0.000000   clock network delay (ideal)
                                  0.250000    0.250000   clock uncertainty
                                  0.000000    0.250000   clock reconvergence pessimism
                                              0.250000 ^ _17_/CLK (sky130_fd_sc_hd__dfrtp_2)
                                 -0.017618    0.232382   library hold time
                                              0.232382   data required time
---------------------------------------------------------------------------------------------
                                              0.232382   data required time
                                             -0.313375   data arrival time
---------------------------------------------------------------------------------------------
                                              0.080993   slack (MET)


Startpoint: i_ena (input port clocked by i_clk)
Endpoint: _18_ (rising edge-triggered flip-flop clocked by i_clk)
Path Group: i_clk
Path Type: min

Fanout         Cap        Slew       Delay        Time   Description
---------------------------------------------------------------------------------------------
                      0.150000    0.000000    0.000000   clock i_clk (rise edge)
                                  0.000000    0.000000   clock network delay (ideal)
                                  0.020000    0.020000 ^ input external delay
     4    0.010217    0.053660    0.034663    0.054663 ^ i_ena (in)
                      0.053660    0.000000    0.054663 ^ _10_/D (sky130_fd_sc_hd__and4_2)
     2    0.010107    0.087546    0.252368    0.307031 ^ _10_/X (sky130_fd_sc_hd__and4_2)
                      0.087546    0.000000    0.307031 ^ _13_/B (sky130_fd_sc_hd__xor2_2)
     1    0.001949    0.028055    0.058137    0.365169 v _13_/X (sky130_fd_sc_hd__xor2_2)
                      0.028055    0.000000    0.365169 v _18_/D (sky130_fd_sc_hd__dfrtp_2)
                                              0.365169   data arrival time

                      0.150000    0.000000    0.000000   clock i_clk (rise edge)
                                  0.000000    0.000000   clock network delay (ideal)
                                  0.250000    0.250000   clock uncertainty
                                  0.000000    0.250000   clock reconvergence pessimism
                                              0.250000 ^ _18_/CLK (sky130_fd_sc_hd__dfrtp_2)
                                 -0.011272    0.238728   library hold time
                                              0.238728   data required time
---------------------------------------------------------------------------------------------
                                              0.238728   data required time
                                             -0.365169   data arrival time
---------------------------------------------------------------------------------------------
                                              0.126441   slack (MET)


Startpoint: _17_ (rising edge-triggered flip-flop clocked by i_clk)
Endpoint: uo_out[2] (output port clocked by i_clk)
Path Group: i_clk
Path Type: min

Fanout         Cap        Slew       Delay        Time   Description
---------------------------------------------------------------------------------------------
                      0.150000    0.000000    0.000000   clock i_clk (rise edge)
                                  0.000000    0.000000   clock network delay (ideal)
                      0.150000    0.000000    0.000000 ^ _17_/CLK (sky130_fd_sc_hd__dfrtp_2)
     3    0.037497    0.189408    0.497889    0.497889 ^ _17_/Q (sky130_fd_sc_hd__dfrtp_2)
                      0.189408    0.000000    0.497889 ^ uo_out[2] (out)
                                              0.497889   data arrival time

                      0.150000    0.000000    0.000000   clock i_clk (rise edge)
                                  0.000000    0.000000   clock network delay (ideal)
                                  0.250000    0.250000   clock uncertainty
                                  0.000000    0.250000   clock reconvergence pessimism
                                 -0.020000    0.230000   output external delay
                                              0.230000   data required time
---------------------------------------------------------------------------------------------
                                              0.230000   data required time
                                             -0.497889   data arrival time
---------------------------------------------------------------------------------------------
                                              0.267889   slack (MET)


Startpoint: _18_ (rising edge-triggered flip-flop clocked by i_clk)
Endpoint: uo_out[3] (output port clocked by i_clk)
Path Group: i_clk
Path Type: min

Fanout         Cap        Slew       Delay        Time   Description
---------------------------------------------------------------------------------------------
                      0.150000    0.000000    0.000000   clock i_clk (rise edge)
                                  0.000000    0.000000   clock network delay (ideal)
                      0.150000    0.000000    0.000000 ^ _18_/CLK (sky130_fd_sc_hd__dfrtp_2)
     2    0.042818    0.213630    0.514962    0.514962 ^ _18_/Q (sky130_fd_sc_hd__dfrtp_2)
                      0.213630    0.000000    0.514962 ^ uo_out[3] (out)
                                              0.514962   data arrival time

                      0.150000    0.000000    0.000000   clock i_clk (rise edge)
                                  0.000000    0.000000   clock network delay (ideal)
                                  0.250000    0.250000   clock uncertainty
                                  0.000000    0.250000   clock reconvergence pessimism
                                 -0.020000    0.230000   output external delay
                                              0.230000   data required time
---------------------------------------------------------------------------------------------
                                              0.230000   data required time
                                             -0.514962   data arrival time
---------------------------------------------------------------------------------------------
                                              0.284962   slack (MET)


Startpoint: _19_ (rising edge-triggered flip-flop clocked by i_clk)
Endpoint: uo_out[0] (output port clocked by i_clk)
Path Group: i_clk
Path Type: min

Fanout         Cap        Slew       Delay        Time   Description
---------------------------------------------------------------------------------------------
                      0.150000    0.000000    0.000000   clock i_clk (rise edge)
                                  0.000000    0.000000   clock network delay (ideal)
                      0.150000    0.000000    0.000000 ^ _19_/CLK (sky130_fd_sc_hd__dfrtp_2)
     5    0.043537    0.216903    0.517269    0.517269 ^ _19_/Q (sky130_fd_sc_hd__dfrtp_2)
                      0.216903    0.000000    0.517269 ^ uo_out[0] (out)
                                              0.517269   data arrival time

                      0.150000    0.000000    0.000000   clock i_clk (rise edge)
                                  0.000000    0.000000   clock network delay (ideal)
                                  0.250000    0.250000   clock uncertainty
                                  0.000000    0.250000   clock reconvergence pessimism
                                 -0.020000    0.230000   output external delay
                                              0.230000   data required time
---------------------------------------------------------------------------------------------
                                              0.230000   data required time
                                             -0.517269   data arrival time
---------------------------------------------------------------------------------------------
                                              0.287269   slack (MET)


Startpoint: _16_ (rising edge-triggered flip-flop clocked by i_clk)
Endpoint: uo_out[1] (output port clocked by i_clk)
Path Group: i_clk
Path Type: min

Fanout         Cap        Slew       Delay        Time   Description
---------------------------------------------------------------------------------------------
                      0.150000    0.000000    0.000000   clock i_clk (rise edge)
                                  0.000000    0.000000   clock network delay (ideal)
                      0.150000    0.000000    0.000000 ^ _16_/CLK (sky130_fd_sc_hd__dfrtp_2)
     4    0.046478    0.230291    0.526705    0.526705 ^ _16_/Q (sky130_fd_sc_hd__dfrtp_2)
                      0.230291    0.000000    0.526705 ^ uo_out[1] (out)
                                              0.526705   data arrival time

                      0.150000    0.000000    0.000000   clock i_clk (rise edge)
                                  0.000000    0.000000   clock network delay (ideal)
                                  0.250000    0.250000   clock uncertainty
                                  0.000000    0.250000   clock reconvergence pessimism
                                 -0.020000    0.230000   output external delay
                                              0.230000   data required time
---------------------------------------------------------------------------------------------
                                              0.230000   data required time
                                             -0.526705   data arrival time
---------------------------------------------------------------------------------------------
                                              0.296705   slack (MET)



