Reading timing models for corner nom_tt_025C_1v80…
Reading cell library for the 'nom_tt_025C_1v80' corner at '/home/omare/.volare/sky130A/libs.ref/sky130_fd_sc_hd/lib/sky130_fd_sc_hd__tt_025C_1v80.lib'…
Reading top-level netlist at '/home/omare/Documents/UWASIC/Matrix-Vector-Analog/digital/AXI_IF/build/synthesis/runs/tt_if_full/06-yosys-synthesis/tt_if.nl.v'…
Linking design 'tt_if' from netlist…
Reading design constraints file at '/home/omare/Documents/UWASIC/Matrix-Vector-Analog/.venv/lib/python3.12/site-packages/openlane/scripts/base.sdc'…
[INFO] Using clock i_clk…
[INFO] Setting output delay to: 0.02
[INFO] Setting input delay to: 0.02
[INFO] Setting load to: 0.033442
[INFO] Setting clock uncertainty to: 0.25
[INFO] Setting clock transition to: 0.1499999999999999944488848768742172978818416595458984375
[INFO] Setting timing derate to: 5%
%OL_CREATE_REPORT min.rpt

===========================================================================
report_checks -path_delay min (Hold)
============================================================================
======================= nom_tt_025C_1v80 Corner ===================================

Warning: corner.tcl line 57, unknown field nets.
Warning: corner.tcl line 57, report_checks -group_count is deprecated. Use -group_path_count instead.
Startpoint: i_rst_n (input port clocked by i_clk)
Endpoint: _16_ (removal check against rising-edge clock i_clk)
Path Group: asynchronous
Path Type: min

Fanout         Cap        Slew       Delay        Time   Description
---------------------------------------------------------------------------------------------
                      0.150000    0.000000    0.000000   clock i_clk (rise edge)
                                  0.000000    0.000000   clock network delay (ideal)
                                  0.020000    0.020000 ^ input external delay
     4    0.014448    0.072591    0.048158    0.068158 ^ i_rst_n (in)
                      0.072591    0.000000    0.068158 ^ _16_/RESET_B (sky130_fd_sc_hd__dfrtp_2)
                                              0.068158   data arrival time

                      0.150000    0.000000    0.000000   clock i_clk (rise edge)
                                  0.000000    0.000000   clock network delay (ideal)
                                  0.250000    0.250000   clock uncertainty
                                  0.000000    0.250000   clock reconvergence pessimism
                                              0.250000 ^ _16_/CLK (sky130_fd_sc_hd__dfrtp_2)
                                  0.356640    0.606640   library removal time
                                              0.606640   data required time
---------------------------------------------------------------------------------------------
                                              0.606640   data required time
                                             -0.068158   data arrival time
---------------------------------------------------------------------------------------------
                                             -0.538482   slack (VIOLATED)


Startpoint: i_rst_n (input port clocked by i_clk)
Endpoint: _17_ (removal check against rising-edge clock i_clk)
Path Group: asynchronous
Path Type: min

Fanout         Cap        Slew       Delay        Time   Description
---------------------------------------------------------------------------------------------
                      0.150000    0.000000    0.000000   clock i_clk (rise edge)
                                  0.000000    0.000000   clock network delay (ideal)
                                  0.020000    0.020000 ^ input external delay
     4    0.014448    0.072591    0.048158    0.068158 ^ i_rst_n (in)
                      0.072591    0.000000    0.068158 ^ _17_/RESET_B (sky130_fd_sc_hd__dfrtp_2)
                                              0.068158   data arrival time

                      0.150000    0.000000    0.000000   clock i_clk (rise edge)
                                  0.000000    0.000000   clock network delay (ideal)
                                  0.250000    0.250000   clock uncertainty
                                  0.000000    0.250000   clock reconvergence pessimism
                                              0.250000 ^ _17_/CLK (sky130_fd_sc_hd__dfrtp_2)
                                  0.356640    0.606640   library removal time
                                              0.606640   data required time
---------------------------------------------------------------------------------------------
                                              0.606640   data required time
                                             -0.068158   data arrival time
---------------------------------------------------------------------------------------------
                                             -0.538482   slack (VIOLATED)


Startpoint: i_rst_n (input port clocked by i_clk)
Endpoint: _18_ (removal check against rising-edge clock i_clk)
Path Group: asynchronous
Path Type: min

Fanout         Cap        Slew       Delay        Time   Description
---------------------------------------------------------------------------------------------
                      0.150000    0.000000    0.000000   clock i_clk (rise edge)
                                  0.000000    0.000000   clock network delay (ideal)
                                  0.020000    0.020000 ^ input external delay
     4    0.014448    0.072591    0.048158    0.068158 ^ i_rst_n (in)
                      0.072591    0.000000    0.068158 ^ _18_/RESET_B (sky130_fd_sc_hd__dfrtp_2)
                                              0.068158   data arrival time

                      0.150000    0.000000    0.000000   clock i_clk (rise edge)
                                  0.000000    0.000000   clock network delay (ideal)
                                  0.250000    0.250000   clock uncertainty
                                  0.000000    0.250000   clock reconvergence pessimism
                                              0.250000 ^ _18_/CLK (sky130_fd_sc_hd__dfrtp_2)
                                  0.356640    0.606640   library removal time
                                              0.606640   data required time
---------------------------------------------------------------------------------------------
                                              0.606640   data required time
                                             -0.068158   data arrival time
---------------------------------------------------------------------------------------------
                                             -0.538482   slack (VIOLATED)


Startpoint: i_rst_n (input port clocked by i_clk)
Endpoint: _19_ (removal check against rising-edge clock i_clk)
Path Group: asynchronous
Path Type: min

Fanout         Cap        Slew       Delay        Time   Description
---------------------------------------------------------------------------------------------
                      0.150000    0.000000    0.000000   clock i_clk (rise edge)
                                  0.000000    0.000000   clock network delay (ideal)
                                  0.020000    0.020000 ^ input external delay
     4    0.014448    0.072591    0.048158    0.068158 ^ i_rst_n (in)
                      0.072591    0.000000    0.068158 ^ _19_/RESET_B (sky130_fd_sc_hd__dfrtp_2)
                                              0.068158   data arrival time

                      0.150000    0.000000    0.000000   clock i_clk (rise edge)
                                  0.000000    0.000000   clock network delay (ideal)
                                  0.250000    0.250000   clock uncertainty
                                  0.000000    0.250000   clock reconvergence pessimism
                                              0.250000 ^ _19_/CLK (sky130_fd_sc_hd__dfrtp_2)
                                  0.356640    0.606640   library removal time
                                              0.606640   data required time
---------------------------------------------------------------------------------------------
                                              0.606640   data required time
                                             -0.068158   data arrival time
---------------------------------------------------------------------------------------------
                                             -0.538482   slack (VIOLATED)


Startpoint: i_ena (input port clocked by i_clk)
Endpoint: _16_ (rising edge-triggered flip-flop clocked by i_clk)
Path Group: i_clk
Path Type: min

Fanout         Cap        Slew       Delay        Time   Description
---------------------------------------------------------------------------------------------
                      0.150000    0.000000    0.000000   clock i_clk (rise edge)
                                  0.000000    0.000000   clock network delay (ideal)
                                  0.020000    0.020000 v input external delay
     4    0.009257    0.023276    0.014959    0.034959 v i_ena (in)
                      0.023276    0.000000    0.034959 v _08_/B (sky130_fd_sc_hd__nand2_2)
     2    0.009925    0.070893    0.072411    0.107369 ^ _08_/Y (sky130_fd_sc_hd__nand2_2)
                      0.070893    0.000000    0.107369 ^ _09_/B (sky130_fd_sc_hd__xnor2_2)
     1    0.001949    0.026409    0.052430    0.159799 v _09_/Y (sky130_fd_sc_hd__xnor2_2)
                      0.026409    0.000000    0.159799 v _16_/D (sky130_fd_sc_hd__dfrtp_2)
                                              0.159799   data arrival time

                      0.150000    0.000000    0.000000   clock i_clk (rise edge)
                                  0.000000    0.000000   clock network delay (ideal)
                                  0.250000    0.250000   clock uncertainty
                                  0.000000    0.250000   clock reconvergence pessimism
                                              0.250000 ^ _16_/CLK (sky130_fd_sc_hd__dfrtp_2)
                                 -0.010603    0.239397   library hold time
                                              0.239397   data required time
---------------------------------------------------------------------------------------------
                                              0.239397   data required time
                                             -0.159799   data arrival time
---------------------------------------------------------------------------------------------
                                             -0.079598   slack (VIOLATED)


Startpoint: i_ena (input port clocked by i_clk)
Endpoint: _19_ (rising edge-triggered flip-flop clocked by i_clk)
Path Group: i_clk
Path Type: min

Fanout         Cap        Slew       Delay        Time   Description
---------------------------------------------------------------------------------------------
                      0.150000    0.000000    0.000000   clock i_clk (rise edge)
                                  0.000000    0.000000   clock network delay (ideal)
                                  0.020000    0.020000 v input external delay
     4    0.009257    0.023276    0.014959    0.034959 v i_ena (in)
                      0.023276    0.000000    0.034959 v _08_/B (sky130_fd_sc_hd__nand2_2)
     2    0.009925    0.070893    0.072411    0.107369 ^ _08_/Y (sky130_fd_sc_hd__nand2_2)
                      0.070893    0.000000    0.107369 ^ _15_/A (sky130_fd_sc_hd__and2_2)
     1    0.002005    0.033918    0.128152    0.235521 ^ _15_/X (sky130_fd_sc_hd__and2_2)
                      0.033918    0.000000    0.235521 ^ _19_/D (sky130_fd_sc_hd__dfrtp_2)
                                              0.235521   data arrival time

                      0.150000    0.000000    0.000000   clock i_clk (rise edge)
                                  0.000000    0.000000   clock network delay (ideal)
                                  0.250000    0.250000   clock uncertainty
                                  0.000000    0.250000   clock reconvergence pessimism
                                              0.250000 ^ _19_/CLK (sky130_fd_sc_hd__dfrtp_2)
                                 -0.018064    0.231936   library hold time
                                              0.231936   data required time
---------------------------------------------------------------------------------------------
                                              0.231936   data required time
                                             -0.235521   data arrival time
---------------------------------------------------------------------------------------------
                                              0.003585   slack (MET)


Startpoint: i_ena (input port clocked by i_clk)
Endpoint: _17_ (rising edge-triggered flip-flop clocked by i_clk)
Path Group: i_clk
Path Type: min

Fanout         Cap        Slew       Delay        Time   Description
---------------------------------------------------------------------------------------------
                      0.150000    0.000000    0.000000   clock i_clk (rise edge)
                                  0.000000    0.000000   clock network delay (ideal)
                                  0.020000    0.020000 ^ input external delay
     4    0.010217    0.053660    0.034663    0.054663 ^ i_ena (in)
                      0.053660    0.000000    0.054663 ^ _11_/A3 (sky130_fd_sc_hd__a31o_2)
     1    0.001689    0.031103    0.138495    0.193158 ^ _11_/X (sky130_fd_sc_hd__a31o_2)
                      0.031103    0.000000    0.193158 ^ _12_/B (sky130_fd_sc_hd__and2b_2)
     1    0.002005    0.031738    0.120216    0.313375 ^ _12_/X (sky130_fd_sc_hd__and2b_2)
                      0.031738    0.000000    0.313375 ^ _17_/D (sky130_fd_sc_hd__dfrtp_2)
                                              0.313375   data arrival time

                      0.150000    0.000000    0.000000   clock i_clk (rise edge)
                                  0.000000    0.000000   clock network delay (ideal)
                                  0.250000    0.250000   clock uncertainty
                                  0.000000    0.250000   clock reconvergence pessimism
                                              0.250000 ^ _17_/CLK (sky130_fd_sc_hd__dfrtp_2)
                                 -0.017618    0.232382   library hold time
                                              0.232382   data required time
---------------------------------------------------------------------------------------------
                                              0.232382   data required time
                                             -0.313375   data arrival time
---------------------------------------------------------------------------------------------
                                              0.080993   slack (MET)


Startpoint: i_ena (input port clocked by i_clk)
Endpoint: _18_ (rising edge-triggered flip-flop clocked by i_clk)
Path Group: i_clk
Path Type: min

Fanout         Cap        Slew       Delay        Time   Description
---------------------------------------------------------------------------------------------
                      0.150000    0.000000    0.000000   clock i_clk (rise edge)
                                  0.000000    0.000000   clock network delay (ideal)
                                  0.020000    0.020000 ^ input external delay
     4    0.010217    0.053660    0.034663    0.054663 ^ i_ena (in)
                      0.053660    0.000000    0.054663 ^ _10_/D (sky130_fd_sc_hd__and4_2)
     2    0.010107    0.087546    0.252368    0.307031 ^ _10_/X (sky130_fd_sc_hd__and4_2)
                      0.087546    0.000000    0.307031 ^ _13_/B (sky130_fd_sc_hd__xor2_2)
     1    0.001949    0.028055    0.058137    0.365169 v _13_/X (sky130_fd_sc_hd__xor2_2)
                      0.028055    0.000000    0.365169 v _18_/D (sky130_fd_sc_hd__dfrtp_2)
                                              0.365169   data arrival time

                      0.150000    0.000000    0.000000   clock i_clk (rise edge)
                                  0.000000    0.000000   clock network delay (ideal)
                                  0.250000    0.250000   clock uncertainty
                                  0.000000    0.250000   clock reconvergence pessimism
                                              0.250000 ^ _18_/CLK (sky130_fd_sc_hd__dfrtp_2)
                                 -0.011272    0.238728   library hold time
                                              0.238728   data required time
---------------------------------------------------------------------------------------------
                                              0.238728   data required time
                                             -0.365169   data arrival time
---------------------------------------------------------------------------------------------
                                              0.126441   slack (MET)


Startpoint: _17_ (rising edge-triggered flip-flop clocked by i_clk)
Endpoint: uo_out[2] (output port clocked by i_clk)
Path Group: i_clk
Path Type: min

Fanout         Cap        Slew       Delay        Time   Description
---------------------------------------------------------------------------------------------
                      0.150000    0.000000    0.000000   clock i_clk (rise edge)
                                  0.000000    0.000000   clock network delay (ideal)
                      0.150000    0.000000    0.000000 ^ _17_/CLK (sky130_fd_sc_hd__dfrtp_2)
     3    0.037497    0.189408    0.497889    0.497889 ^ _17_/Q (sky130_fd_sc_hd__dfrtp_2)
                      0.189408    0.000000    0.497889 ^ uo_out[2] (out)
                                              0.497889   data arrival time

                      0.150000    0.000000    0.000000   clock i_clk (rise edge)
                                  0.000000    0.000000   clock network delay (ideal)
                                  0.250000    0.250000   clock uncertainty
                                  0.000000    0.250000   clock reconvergence pessimism
                                 -0.020000    0.230000   output external delay
                                              0.230000   data required time
---------------------------------------------------------------------------------------------
                                              0.230000   data required time
                                             -0.497889   data arrival time
---------------------------------------------------------------------------------------------
                                              0.267889   slack (MET)


Startpoint: _18_ (rising edge-triggered flip-flop clocked by i_clk)
Endpoint: uo_out[3] (output port clocked by i_clk)
Path Group: i_clk
Path Type: min

Fanout         Cap        Slew       Delay        Time   Description
---------------------------------------------------------------------------------------------
                      0.150000    0.000000    0.000000   clock i_clk (rise edge)
                                  0.000000    0.000000   clock network delay (ideal)
                      0.150000    0.000000    0.000000 ^ _18_/CLK (sky130_fd_sc_hd__dfrtp_2)
     2    0.042818    0.213630    0.514962    0.514962 ^ _18_/Q (sky130_fd_sc_hd__dfrtp_2)
                      0.213630    0.000000    0.514962 ^ uo_out[3] (out)
                                              0.514962   data arrival time

                      0.150000    0.000000    0.000000   clock i_clk (rise edge)
                                  0.000000    0.000000   clock network delay (ideal)
                                  0.250000    0.250000   clock uncertainty
                                  0.000000    0.250000   clock reconvergence pessimism
                                 -0.020000    0.230000   output external delay
                                              0.230000   data required time
---------------------------------------------------------------------------------------------
                                              0.230000   data required time
                                             -0.514962   data arrival time
---------------------------------------------------------------------------------------------
                                              0.284962   slack (MET)


Startpoint: _19_ (rising edge-triggered flip-flop clocked by i_clk)
Endpoint: uo_out[0] (output port clocked by i_clk)
Path Group: i_clk
Path Type: min

Fanout         Cap        Slew       Delay        Time   Description
---------------------------------------------------------------------------------------------
                      0.150000    0.000000    0.000000   clock i_clk (rise edge)
                                  0.000000    0.000000   clock network delay (ideal)
                      0.150000    0.000000    0.000000 ^ _19_/CLK (sky130_fd_sc_hd__dfrtp_2)
     5    0.043537    0.216903    0.517269    0.517269 ^ _19_/Q (sky130_fd_sc_hd__dfrtp_2)
                      0.216903    0.000000    0.517269 ^ uo_out[0] (out)
                                              0.517269   data arrival time

                      0.150000    0.000000    0.000000   clock i_clk (rise edge)
                                  0.000000    0.000000   clock network delay (ideal)
                                  0.250000    0.250000   clock uncertainty
                                  0.000000    0.250000   clock reconvergence pessimism
                                 -0.020000    0.230000   output external delay
                                              0.230000   data required time
---------------------------------------------------------------------------------------------
                                              0.230000   data required time
                                             -0.517269   data arrival time
---------------------------------------------------------------------------------------------
                                              0.287269   slack (MET)


Startpoint: _16_ (rising edge-triggered flip-flop clocked by i_clk)
Endpoint: uo_out[1] (output port clocked by i_clk)
Path Group: i_clk
Path Type: min

Fanout         Cap        Slew       Delay        Time   Description
---------------------------------------------------------------------------------------------
                      0.150000    0.000000    0.000000   clock i_clk (rise edge)
                                  0.000000    0.000000   clock network delay (ideal)
                      0.150000    0.000000    0.000000 ^ _16_/CLK (sky130_fd_sc_hd__dfrtp_2)
     4    0.046478    0.230291    0.526705    0.526705 ^ _16_/Q (sky130_fd_sc_hd__dfrtp_2)
                      0.230291    0.000000    0.526705 ^ uo_out[1] (out)
                                              0.526705   data arrival time

                      0.150000    0.000000    0.000000   clock i_clk (rise edge)
                                  0.000000    0.000000   clock network delay (ideal)
                                  0.250000    0.250000   clock uncertainty
                                  0.000000    0.250000   clock reconvergence pessimism
                                 -0.020000    0.230000   output external delay
                                              0.230000   data required time
---------------------------------------------------------------------------------------------
                                              0.230000   data required time
                                             -0.526705   data arrival time
---------------------------------------------------------------------------------------------
                                              0.296705   slack (MET)



%OL_END_REPORT
%OL_CREATE_REPORT max.rpt

===========================================================================
report_checks -path_delay max (Setup)
============================================================================
======================= nom_tt_025C_1v80 Corner ===================================

Warning: corner.tcl line 67, unknown field nets.
Warning: corner.tcl line 67, report_checks -group_count is deprecated. Use -group_path_count instead.
Startpoint: _16_ (rising edge-triggered flip-flop clocked by i_clk)
Endpoint: _17_ (rising edge-triggered flip-flop clocked by i_clk)
Path Group: i_clk
Path Type: max

Fanout         Cap        Slew       Delay        Time   Description
---------------------------------------------------------------------------------------------
                      0.150000    0.000000    0.000000   clock i_clk (rise edge)
                                  0.000000    0.000000   clock network delay (ideal)
                      0.150000    0.000000    0.000000 ^ _16_/CLK (sky130_fd_sc_hd__dfrtp_2)
     4    0.046478    0.230291    0.526705    0.526705 ^ _16_/Q (sky130_fd_sc_hd__dfrtp_2)
                      0.230291    0.000000    0.526705 ^ _10_/B (sky130_fd_sc_hd__and4_2)
     2    0.010107    0.087917    0.290404    0.817109 ^ _10_/X (sky130_fd_sc_hd__and4_2)
                      0.087917    0.000000    0.817109 ^ _12_/A_N (sky130_fd_sc_hd__and2b_2)
     1    0.001949    0.033620    0.210719    1.027829 v _12_/X (sky130_fd_sc_hd__and2b_2)
                      0.033620    0.000000    1.027829 v _17_/D (sky130_fd_sc_hd__dfrtp_2)
                                              1.027829   data arrival time

                      0.150000   10.000000   10.000000   clock i_clk (rise edge)
                                  0.000000   10.000000   clock network delay (ideal)
                                 -0.250000    9.750000   clock uncertainty
                                  0.000000    9.750000   clock reconvergence pessimism
                                              9.750000 ^ _17_/CLK (sky130_fd_sc_hd__dfrtp_2)
                                 -0.086243    9.663757   library setup time
                                              9.663757   data required time
---------------------------------------------------------------------------------------------
                                              9.663757   data required time
                                             -1.027829   data arrival time
---------------------------------------------------------------------------------------------
                                              8.635929   slack (MET)


Startpoint: _19_ (rising edge-triggered flip-flop clocked by i_clk)
Endpoint: _19_ (rising edge-triggered flip-flop clocked by i_clk)
Path Group: i_clk
Path Type: max

Fanout         Cap        Slew       Delay        Time   Description
---------------------------------------------------------------------------------------------
                      0.150000    0.000000    0.000000   clock i_clk (rise edge)
                                  0.000000    0.000000   clock network delay (ideal)
                      0.150000    0.000000    0.000000 ^ _19_/CLK (sky130_fd_sc_hd__dfrtp_2)
     5    0.042925    0.129933    0.524582    0.524582 v _19_/Q (sky130_fd_sc_hd__dfrtp_2)
                      0.129933    0.000000    0.524582 v _14_/A (sky130_fd_sc_hd__or2_2)
     1    0.001403    0.048903    0.308658    0.833240 v _14_/X (sky130_fd_sc_hd__or2_2)
                      0.048903    0.000000    0.833240 v _15_/B (sky130_fd_sc_hd__and2_2)
     1    0.001949    0.034536    0.179999    1.013239 v _15_/X (sky130_fd_sc_hd__and2_2)
                      0.034536    0.000000    1.013239 v _19_/D (sky130_fd_sc_hd__dfrtp_2)
                                              1.013239   data arrival time

                      0.150000   10.000000   10.000000   clock i_clk (rise edge)
                                  0.000000   10.000000   clock network delay (ideal)
                                 -0.250000    9.750000   clock uncertainty
                                  0.000000    9.750000   clock reconvergence pessimism
                                              9.750000 ^ _19_/CLK (sky130_fd_sc_hd__dfrtp_2)
                                 -0.086643    9.663358   library setup time
                                              9.663358   data required time
---------------------------------------------------------------------------------------------
                                              9.663358   data required time
                                             -1.013239   data arrival time
---------------------------------------------------------------------------------------------
                                              8.650119   slack (MET)


Startpoint: _16_ (rising edge-triggered flip-flop clocked by i_clk)
Endpoint: _18_ (rising edge-triggered flip-flop clocked by i_clk)
Path Group: i_clk
Path Type: max

Fanout         Cap        Slew       Delay        Time   Description
---------------------------------------------------------------------------------------------
                      0.150000    0.000000    0.000000   clock i_clk (rise edge)
                                  0.000000    0.000000   clock network delay (ideal)
                      0.150000    0.000000    0.000000 ^ _16_/CLK (sky130_fd_sc_hd__dfrtp_2)
     4    0.045509    0.135262    0.529302    0.529302 v _16_/Q (sky130_fd_sc_hd__dfrtp_2)
                      0.135262    0.000000    0.529302 v _10_/B (sky130_fd_sc_hd__and4_2)
     2    0.009328    0.057233    0.263988    0.793289 v _10_/X (sky130_fd_sc_hd__and4_2)
                      0.057233    0.000000    0.793289 v _13_/B (sky130_fd_sc_hd__xor2_2)
     1    0.001949    0.051245    0.134294    0.927583 v _13_/X (sky130_fd_sc_hd__xor2_2)
                      0.051245    0.000000    0.927583 v _18_/D (sky130_fd_sc_hd__dfrtp_2)
                                              0.927583   data arrival time

                      0.150000   10.000000   10.000000   clock i_clk (rise edge)
                                  0.000000   10.000000   clock network delay (ideal)
                                 -0.250000    9.750000   clock uncertainty
                                  0.000000    9.750000   clock reconvergence pessimism
                                              9.750000 ^ _18_/CLK (sky130_fd_sc_hd__dfrtp_2)
                                 -0.093930    9.656070   library setup time
                                              9.656070   data required time
---------------------------------------------------------------------------------------------
                                              9.656070   data required time
                                             -0.927583   data arrival time
---------------------------------------------------------------------------------------------
                                              8.728487   slack (MET)


Startpoint: _19_ (rising edge-triggered flip-flop clocked by i_clk)
Endpoint: _16_ (rising edge-triggered flip-flop clocked by i_clk)
Path Group: i_clk
Path Type: max

Fanout         Cap        Slew       Delay        Time   Description
---------------------------------------------------------------------------------------------
                      0.150000    0.000000    0.000000   clock i_clk (rise edge)
                                  0.000000    0.000000   clock network delay (ideal)
                      0.150000    0.000000    0.000000 ^ _19_/CLK (sky130_fd_sc_hd__dfrtp_2)
     5    0.043537    0.216903    0.517269    0.517269 ^ _19_/Q (sky130_fd_sc_hd__dfrtp_2)
                      0.216903    0.000000    0.517269 ^ _08_/A (sky130_fd_sc_hd__nand2_2)
     2    0.009495    0.078140    0.095480    0.612748 v _08_/Y (sky130_fd_sc_hd__nand2_2)
                      0.078140    0.000000    0.612748 v _09_/B (sky130_fd_sc_hd__xnor2_2)
     1    0.001949    0.051578    0.130385    0.743133 v _09_/Y (sky130_fd_sc_hd__xnor2_2)
                      0.051578    0.000000    0.743133 v _16_/D (sky130_fd_sc_hd__dfrtp_2)
                                              0.743133   data arrival time

                      0.150000   10.000000   10.000000   clock i_clk (rise edge)
                                  0.000000   10.000000   clock network delay (ideal)
                                 -0.250000    9.750000   clock uncertainty
                                  0.000000    9.750000   clock reconvergence pessimism
                                              9.750000 ^ _16_/CLK (sky130_fd_sc_hd__dfrtp_2)
                                 -0.094075    9.655925   library setup time
                                              9.655925   data required time
---------------------------------------------------------------------------------------------
                                              9.655925   data required time
                                             -0.743133   data arrival time
---------------------------------------------------------------------------------------------
                                              8.912791   slack (MET)


Startpoint: _16_ (rising edge-triggered flip-flop clocked by i_clk)
Endpoint: uo_out[1] (output port clocked by i_clk)
Path Group: i_clk
Path Type: max

Fanout         Cap        Slew       Delay        Time   Description
---------------------------------------------------------------------------------------------
                      0.150000    0.000000    0.000000   clock i_clk (rise edge)
                                  0.000000    0.000000   clock network delay (ideal)
                      0.150000    0.000000    0.000000 ^ _16_/CLK (sky130_fd_sc_hd__dfrtp_2)
     4    0.045509    0.135262    0.529302    0.529302 v _16_/Q (sky130_fd_sc_hd__dfrtp_2)
                      0.135262    0.000000    0.529302 v uo_out[1] (out)
                                              0.529302   data arrival time

                      0.150000   10.000000   10.000000   clock i_clk (rise edge)
                                  0.000000   10.000000   clock network delay (ideal)
                                 -0.250000    9.750000   clock uncertainty
                                  0.000000    9.750000   clock reconvergence pessimism
                                 -0.020000    9.730000   output external delay
                                              9.730000   data required time
---------------------------------------------------------------------------------------------
                                              9.730000   data required time
                                             -0.529302   data arrival time
---------------------------------------------------------------------------------------------
                                              9.200698   slack (MET)


Startpoint: _19_ (rising edge-triggered flip-flop clocked by i_clk)
Endpoint: uo_out[0] (output port clocked by i_clk)
Path Group: i_clk
Path Type: max

Fanout         Cap        Slew       Delay        Time   Description
---------------------------------------------------------------------------------------------
                      0.150000    0.000000    0.000000   clock i_clk (rise edge)
                                  0.000000    0.000000   clock network delay (ideal)
                      0.150000    0.000000    0.000000 ^ _19_/CLK (sky130_fd_sc_hd__dfrtp_2)
     5    0.042925    0.129933    0.524582    0.524582 v _19_/Q (sky130_fd_sc_hd__dfrtp_2)
                      0.129933    0.000000    0.524582 v uo_out[0] (out)
                                              0.524582   data arrival time

                      0.150000   10.000000   10.000000   clock i_clk (rise edge)
                                  0.000000   10.000000   clock network delay (ideal)
                                 -0.250000    9.750000   clock uncertainty
                                  0.000000    9.750000   clock reconvergence pessimism
                                 -0.020000    9.730000   output external delay
                                              9.730000   data required time
---------------------------------------------------------------------------------------------
                                              9.730000   data required time
                                             -0.524582   data arrival time
---------------------------------------------------------------------------------------------
                                              9.205418   slack (MET)


Startpoint: _18_ (rising edge-triggered flip-flop clocked by i_clk)
Endpoint: uo_out[3] (output port clocked by i_clk)
Path Group: i_clk
Path Type: max

Fanout         Cap        Slew       Delay        Time   Description
---------------------------------------------------------------------------------------------
                      0.150000    0.000000    0.000000   clock i_clk (rise edge)
                                  0.000000    0.000000   clock network delay (ideal)
                      0.150000    0.000000    0.000000 ^ _18_/CLK (sky130_fd_sc_hd__dfrtp_2)
     2    0.042026    0.128079    0.522940    0.522940 v _18_/Q (sky130_fd_sc_hd__dfrtp_2)
                      0.128079    0.000000    0.522940 v uo_out[3] (out)
                                              0.522940   data arrival time

                      0.150000   10.000000   10.000000   clock i_clk (rise edge)
                                  0.000000   10.000000   clock network delay (ideal)
                                 -0.250000    9.750000   clock uncertainty
                                  0.000000    9.750000   clock reconvergence pessimism
                                 -0.020000    9.730000   output external delay
                                              9.730000   data required time
---------------------------------------------------------------------------------------------
                                              9.730000   data required time
                                             -0.522940   data arrival time
---------------------------------------------------------------------------------------------
                                              9.207060   slack (MET)


Startpoint: _17_ (rising edge-triggered flip-flop clocked by i_clk)
Endpoint: uo_out[2] (output port clocked by i_clk)
Path Group: i_clk
Path Type: max

Fanout         Cap        Slew       Delay        Time   Description
---------------------------------------------------------------------------------------------
                      0.150000    0.000000    0.000000   clock i_clk (rise edge)
                                  0.000000    0.000000   clock network delay (ideal)
                      0.150000    0.000000    0.000000 ^ _17_/CLK (sky130_fd_sc_hd__dfrtp_2)
     3    0.037078    0.117856    0.513763    0.513763 v _17_/Q (sky130_fd_sc_hd__dfrtp_2)
                      0.117856    0.000000    0.513763 v uo_out[2] (out)
                                              0.513763   data arrival time

                      0.150000   10.000000   10.000000   clock i_clk (rise edge)
                                  0.000000   10.000000   clock network delay (ideal)
                                 -0.250000    9.750000   clock uncertainty
                                  0.000000    9.750000   clock reconvergence pessimism
                                 -0.020000    9.730000   output external delay
                                              9.730000   data required time
---------------------------------------------------------------------------------------------
                                              9.730000   data required time
                                             -0.513763   data arrival time
---------------------------------------------------------------------------------------------
                                              9.216238   slack (MET)


Startpoint: i_rst_n (input port clocked by i_clk)
Endpoint: _16_ (recovery check against rising-edge clock i_clk)
Path Group: asynchronous
Path Type: max

Fanout         Cap        Slew       Delay        Time   Description
---------------------------------------------------------------------------------------------
                      0.150000    0.000000    0.000000   clock i_clk (rise edge)
                                  0.000000    0.000000   clock network delay (ideal)
                                  0.020000    0.020000 ^ input external delay
     4    0.014448    0.072591    0.048158    0.068158 ^ i_rst_n (in)
                      0.072591    0.000000    0.068158 ^ _16_/RESET_B (sky130_fd_sc_hd__dfrtp_2)
                                              0.068158   data arrival time

                      0.150000   10.000000   10.000000   clock i_clk (rise edge)
                                  0.000000   10.000000   clock network delay (ideal)
                                 -0.250000    9.750000   clock uncertainty
                                  0.000000    9.750000   clock reconvergence pessimism
                                              9.750000 ^ _16_/CLK (sky130_fd_sc_hd__dfrtp_2)
                                  0.243327    9.993326   library recovery time
                                              9.993326   data required time
---------------------------------------------------------------------------------------------
                                              9.993326   data required time
                                             -0.068158   data arrival time
---------------------------------------------------------------------------------------------
                                              9.925169   slack (MET)


Startpoint: i_rst_n (input port clocked by i_clk)
Endpoint: _17_ (recovery check against rising-edge clock i_clk)
Path Group: asynchronous
Path Type: max

Fanout         Cap        Slew       Delay        Time   Description
---------------------------------------------------------------------------------------------
                      0.150000    0.000000    0.000000   clock i_clk (rise edge)
                                  0.000000    0.000000   clock network delay (ideal)
                                  0.020000    0.020000 ^ input external delay
     4    0.014448    0.072591    0.048158    0.068158 ^ i_rst_n (in)
                      0.072591    0.000000    0.068158 ^ _17_/RESET_B (sky130_fd_sc_hd__dfrtp_2)
                                              0.068158   data arrival time

                      0.150000   10.000000   10.000000   clock i_clk (rise edge)
                                  0.000000   10.000000   clock network delay (ideal)
                                 -0.250000    9.750000   clock uncertainty
                                  0.000000    9.750000   clock reconvergence pessimism
                                              9.750000 ^ _17_/CLK (sky130_fd_sc_hd__dfrtp_2)
                                  0.243327    9.993326   library recovery time
                                              9.993326   data required time
---------------------------------------------------------------------------------------------
                                              9.993326   data required time
                                             -0.068158   data arrival time
---------------------------------------------------------------------------------------------
                                              9.925169   slack (MET)


Startpoint: i_rst_n (input port clocked by i_clk)
Endpoint: _18_ (recovery check against rising-edge clock i_clk)
Path Group: asynchronous
Path Type: max

Fanout         Cap        Slew       Delay        Time   Description
---------------------------------------------------------------------------------------------
                      0.150000    0.000000    0.000000   clock i_clk (rise edge)
                                  0.000000    0.000000   clock network delay (ideal)
                                  0.020000    0.020000 ^ input external delay
     4    0.014448    0.072591    0.048158    0.068158 ^ i_rst_n (in)
                      0.072591    0.000000    0.068158 ^ _18_/RESET_B (sky130_fd_sc_hd__dfrtp_2)
                                              0.068158   data arrival time

                      0.150000   10.000000   10.000000   clock i_clk (rise edge)
                                  0.000000   10.000000   clock network delay (ideal)
                                 -0.250000    9.750000   clock uncertainty
                                  0.000000    9.750000   clock reconvergence pessimism
                                              9.750000 ^ _18_/CLK (sky130_fd_sc_hd__dfrtp_2)
                                  0.243327    9.993326   library recovery time
                                              9.993326   data required time
---------------------------------------------------------------------------------------------
                                              9.993326   data required time
                                             -0.068158   data arrival time
---------------------------------------------------------------------------------------------
                                              9.925169   slack (MET)


Startpoint: i_rst_n (input port clocked by i_clk)
Endpoint: _19_ (recovery check against rising-edge clock i_clk)
Path Group: asynchronous
Path Type: max

Fanout         Cap        Slew       Delay        Time   Description
---------------------------------------------------------------------------------------------
                      0.150000    0.000000    0.000000   clock i_clk (rise edge)
                                  0.000000    0.000000   clock network delay (ideal)
                                  0.020000    0.020000 ^ input external delay
     4    0.014448    0.072591    0.048158    0.068158 ^ i_rst_n (in)
                      0.072591    0.000000    0.068158 ^ _19_/RESET_B (sky130_fd_sc_hd__dfrtp_2)
                                              0.068158   data arrival time

                      0.150000   10.000000   10.000000   clock i_clk (rise edge)
                                  0.000000   10.000000   clock network delay (ideal)
                                 -0.250000    9.750000   clock uncertainty
                                  0.000000    9.750000   clock reconvergence pessimism
                                              9.750000 ^ _19_/CLK (sky130_fd_sc_hd__dfrtp_2)
                                  0.243327    9.993326   library recovery time
                                              9.993326   data required time
---------------------------------------------------------------------------------------------
                                              9.993326   data required time
                                             -0.068158   data arrival time
---------------------------------------------------------------------------------------------
                                              9.925169   slack (MET)



%OL_END_REPORT
%OL_CREATE_REPORT checks.rpt

===========================================================================
report_checks -unconstrained
===========================================================================
======================= nom_tt_025C_1v80 Corner ===================================

Warning: corner.tcl line 77, unknown field nets.
Startpoint: i_rst_n (input port clocked by i_clk)
Endpoint: _16_ (recovery check against rising-edge clock i_clk)
Path Group: asynchronous
Path Type: max

Fanout         Cap        Slew       Delay        Time   Description
---------------------------------------------------------------------------------------------
                      0.150000    0.000000    0.000000   clock i_clk (rise edge)
                                  0.000000    0.000000   clock network delay (ideal)
                                  0.020000    0.020000 ^ input external delay
     4    0.014448    0.072591    0.048158    0.068158 ^ i_rst_n (in)
                      0.072591    0.000000    0.068158 ^ _16_/RESET_B (sky130_fd_sc_hd__dfrtp_2)
                                              0.068158   data arrival time

                      0.150000   10.000000   10.000000   clock i_clk (rise edge)
                                  0.000000   10.000000   clock network delay (ideal)
                                 -0.250000    9.750000   clock uncertainty
                                  0.000000    9.750000   clock reconvergence pessimism
                                              9.750000 ^ _16_/CLK (sky130_fd_sc_hd__dfrtp_2)
                                  0.243327    9.993326   library recovery time
                                              9.993326   data required time
---------------------------------------------------------------------------------------------
                                              9.993326   data required time
                                             -0.068158   data arrival time
---------------------------------------------------------------------------------------------
                                              9.925169   slack (MET)


Startpoint: _16_ (rising edge-triggered flip-flop clocked by i_clk)
Endpoint: _17_ (rising edge-triggered flip-flop clocked by i_clk)
Path Group: i_clk
Path Type: max

Fanout         Cap        Slew       Delay        Time   Description
---------------------------------------------------------------------------------------------
                      0.150000    0.000000    0.000000   clock i_clk (rise edge)
                                  0.000000    0.000000   clock network delay (ideal)
                      0.150000    0.000000    0.000000 ^ _16_/CLK (sky130_fd_sc_hd__dfrtp_2)
     4    0.046478    0.230291    0.526705    0.526705 ^ _16_/Q (sky130_fd_sc_hd__dfrtp_2)
                      0.230291    0.000000    0.526705 ^ _10_/B (sky130_fd_sc_hd__and4_2)
     2    0.010107    0.087917    0.290404    0.817109 ^ _10_/X (sky130_fd_sc_hd__and4_2)
                      0.087917    0.000000    0.817109 ^ _12_/A_N (sky130_fd_sc_hd__and2b_2)
     1    0.001949    0.033620    0.210719    1.027829 v _12_/X (sky130_fd_sc_hd__and2b_2)
                      0.033620    0.000000    1.027829 v _17_/D (sky130_fd_sc_hd__dfrtp_2)
                                              1.027829   data arrival time

                      0.150000   10.000000   10.000000   clock i_clk (rise edge)
                                  0.000000   10.000000   clock network delay (ideal)
                                 -0.250000    9.750000   clock uncertainty
                                  0.000000    9.750000   clock reconvergence pessimism
                                              9.750000 ^ _17_/CLK (sky130_fd_sc_hd__dfrtp_2)
                                 -0.086243    9.663757   library setup time
                                              9.663757   data required time
---------------------------------------------------------------------------------------------
                                              9.663757   data required time
                                             -1.027829   data arrival time
---------------------------------------------------------------------------------------------
                                              8.635929   slack (MET)




===========================================================================
report_checks --slack_max -0.01
============================================================================
======================= nom_tt_025C_1v80 Corner ===================================

Warning: corner.tcl line 85, unknown field nets.
No paths found.


===========================================================================
 report_check_types -max_slew -max_cap -max_fanout -violators
============================================================================
======================= nom_tt_025C_1v80 Corner ===================================



===========================================================================
report_parasitic_annotation -report_unannotated
============================================================================
Found 71 unannotated drivers.
 i_clk
 i_ena
 i_rst_n
 ui_in[0]
 ui_in[1]
 ui_in[2]
 ui_in[3]
 ui_in[4]
 ui_in[5]
 ui_in[6]
 ui_in[7]
 uio_in[0]
 uio_in[1]
 uio_in[2]
 uio_in[3]
 uio_in[4]
 uio_in[5]
 uio_in[6]
 uio_in[7]
 _08_/Y
 _09_/Y
 _10_/X
 _11_/X
 _12_/X
 _13_/X
 _14_/X
 _15_/X
 _16_/Q
 _17_/Q
 _18_/Q
 _19_/Q
 _20_/HI
 _20_/LO
 _21_/HI
 _21_/LO
 _22_/HI
 _22_/LO
 _23_/HI
 _23_/LO
 _24_/HI
 _24_/LO
 _25_/HI
 _25_/LO
 _26_/HI
 _26_/LO
 _27_/HI
 _27_/LO
 _28_/HI
 _28_/LO
 _29_/HI
 _29_/LO
 _30_/HI
 _30_/LO
 _31_/HI
 _31_/LO
 _32_/HI
 _32_/LO
 _33_/HI
 _33_/LO
 _34_/HI
 _34_/LO
 _35_/HI
 _35_/LO
 _36_/HI
 _36_/LO
 _37_/HI
 _37_/LO
 _38_/HI
 _38_/LO
 _39_/HI
 _39_/LO
Found 0 partially unannotated drivers.

===========================================================================
max slew violation count 0
%OL_METRIC_I design__max_slew_violation__count__corner:nom_tt_025C_1v80 0
max fanout violation count 0
%OL_METRIC_I design__max_fanout_violation__count__corner:nom_tt_025C_1v80 0
max cap violation count 0
%OL_METRIC_I design__max_cap_violation__count__corner:nom_tt_025C_1v80 0
============================================================================

===========================================================================
check_setup -verbose -unconstrained_endpoints -multiple_clock -no_clock -no_input_delay -loops -generated_clocks
===========================================================================
Warning: There are 20 unconstrained endpoints.
  uio_oe[0]
  uio_oe[1]
  uio_oe[2]
  uio_oe[3]
  uio_oe[4]
  uio_oe[5]
  uio_oe[6]
  uio_oe[7]
  uio_out[0]
  uio_out[1]
  uio_out[2]
  uio_out[3]
  uio_out[4]
  uio_out[5]
  uio_out[6]
  uio_out[7]
  uo_out[4]
  uo_out[5]
  uo_out[6]
  uo_out[7]
%OL_END_REPORT
%OL_CREATE_REPORT power.rpt

===========================================================================
 report_power
============================================================================
======================= nom_tt_025C_1v80 Corner ===================================

Group                    Internal    Switching      Leakage        Total
                            Power        Power        Power        Power (Watts)
------------------------------------------------------------------------
Sequential           2.443471e-05 2.266705e-05 4.202064e-11 4.710180e-05  79.3%
Combinational        9.703195e-06 2.580533e-06 9.675426e-11 1.228382e-05  20.7%
Clock                0.000000e+00 0.000000e+00 0.000000e+00 0.000000e+00   0.0%
Macro                0.000000e+00 0.000000e+00 0.000000e+00 0.000000e+00   0.0%
Pad                  0.000000e+00 0.000000e+00 0.000000e+00 0.000000e+00   0.0%
------------------------------------------------------------------------
Total                3.413790e-05 2.524758e-05 1.387749e-10 5.938562e-05 100.0%
                            57.5%        42.5%         0.0%
%OL_METRIC_F power__internal__total 3.413789818296209e-5
%OL_METRIC_F power__switching__total 2.524758383515291e-5
%OL_METRIC_F power__leakage__total 1.3877486659819027e-10
%OL_METRIC_F power__total 5.938562026130967e-5

%OL_END_REPORT
%OL_CREATE_REPORT skew.min.rpt

===========================================================================
Clock Skew (Hold)
============================================================================
%OL_METRIC_F clock__skew__worst_hold__corner:nom_tt_025C_1v80 -0.25
======================= nom_tt_025C_1v80 Corner ===================================

Clock i_clk
0.025821 source latency _16_/CLK ^
-0.025821 target latency _16_/CLK ^
-0.250000 clock uncertainty
0.000000 CRPR
--------------
-0.250000 hold skew

%OL_END_REPORT
%OL_CREATE_REPORT skew.max.rpt

===========================================================================
Clock Skew (Setup)
============================================================================
%OL_METRIC_F clock__skew__worst_setup__corner:nom_tt_025C_1v80 0.25
======================= nom_tt_025C_1v80 Corner ===================================

Clock i_clk
0.025821 source latency _16_/CLK ^
-0.025821 target latency _16_/CLK ^
0.250000 clock uncertainty
0.000000 CRPR
--------------
0.250000 setup skew

%OL_END_REPORT
%OL_CREATE_REPORT ws.min.rpt

===========================================================================
Worst Slack (Hold)
============================================================================
%OL_METRIC_F timing__hold__ws__corner:nom_tt_025C_1v80 -0.5384821629898484
nom_tt_025C_1v80: -0.5384821629898484
%OL_END_REPORT
%OL_CREATE_REPORT ws.max.rpt

===========================================================================
Worst Slack (Setup)
============================================================================
%OL_METRIC_F timing__setup__ws__corner:nom_tt_025C_1v80 8.635928661063224
nom_tt_025C_1v80: 8.635928661063224
%OL_END_REPORT
%OL_CREATE_REPORT tns.min.rpt

===========================================================================
Total Negative Slack (Hold)
============================================================================
%OL_METRIC_F timing__hold__tns__corner:nom_tt_025C_1v80 -2.233526538050286
nom_tt_025C_1v80: -2.233526538050286
%OL_END_REPORT
%OL_CREATE_REPORT tns.max.rpt

===========================================================================
Total Negative Slack (Setup)
============================================================================
%OL_METRIC_F timing__setup__tns__corner:nom_tt_025C_1v80 0.0
nom_tt_025C_1v80: 0.0
%OL_END_REPORT
%OL_CREATE_REPORT wns.min.rpt

===========================================================================
Worst Negative Slack (Hold)
============================================================================
%OL_METRIC_F timing__hold__wns__corner:nom_tt_025C_1v80 -0.5384821629898484
nom_tt_025C_1v80: -0.5384821629898484
%OL_END_REPORT
%OL_CREATE_REPORT wns.max.rpt

===========================================================================
Worst Negative Slack (Setup)
============================================================================
%OL_METRIC_F timing__setup__wns__corner:nom_tt_025C_1v80 0.0
nom_tt_025C_1v80: 0.0
%OL_END_REPORT
%OL_CREATE_REPORT violator_list.rpt

===========================================================================
Violator List
============================================================================
Warning: corner.tcl line 263, find_timing_paths -group_count is deprecated. Use -group_path_count instead.
[hold in-reg] i_rst_n -> _16_/RESET_B : -0.538482
[hold in-reg] i_rst_n -> _17_/RESET_B : -0.538482
[hold in-reg] i_rst_n -> _18_/RESET_B : -0.538482
[hold in-reg] i_rst_n -> _19_/RESET_B : -0.538482
[hold in-reg] i_ena -> _16_/D : -0.079598
Warning: corner.tcl line 282, find_timing_paths -group_count is deprecated. Use -group_path_count instead.
Warning: corner.tcl line 298, find_timing_paths -group_count is deprecated. Use -group_path_count instead.
Warning: corner.tcl line 317, find_timing_paths -group_count is deprecated. Use -group_path_count instead.
%OL_METRIC_I timing__hold_vio__count__corner:nom_tt_025C_1v80 5
%OL_METRIC_F timing__hold_r2r__ws__corner:nom_tt_025C_1v80 inf
%OL_METRIC_I timing__hold_r2r_vio__count__corner:nom_tt_025C_1v80 0
%OL_METRIC_I timing__setup_vio__count__corner:nom_tt_025C_1v80 0
%OL_METRIC_F timing__setup_r2r__ws__corner:nom_tt_025C_1v80 8.635929
%OL_METRIC_I timing__setup_r2r_vio__count__corner:nom_tt_025C_1v80 0
%OL_END_REPORT
%OL_CREATE_REPORT unpropagated.rpt
i_clk
%OL_END_REPORT
%OL_CREATE_REPORT clock.rpt
Clock: i_clk
Sources: i_clk 
Generated: no
Virtual: no
Propagated: no
Period: 10.000000

===========================================================================
report_clock_properties
============================================================================
Clock                   Period          Waveform
----------------------------------------------------
i_clk                10.000000    0.000000  5.000000

===========================================================================
report_clock_latency
============================================================================
Clock i_clk
rise -> rise
    min     max
0.000000 0.000000 source latency
0.025821         network latency _16_/CLK
        0.025821 network latency _16_/CLK
---------------
0.025821 0.025821 latency
        0.000000 skew

fall -> fall
    min     max
0.000000 0.000000 source latency
0.011117         network latency _16_/CLK
        0.011117 network latency _16_/CLK
---------------
0.011117 0.011117 latency
        0.000000 skew



===========================================================================
report_clock_min_period
============================================================================
i_clk period_min = 1.36 fmax = 733.10
%OL_END_REPORT
Writing SDF files for all corners…
