
===========================================================================
report_checks -unconstrained
===========================================================================
======================= nom_ss_100C_1v60 Corner ===================================

Warning: corner.tcl line 77, unknown field nets.
Startpoint: i_rst_n (input port clocked by i_clk)
Endpoint: _17_ (recovery check against rising-edge clock i_clk)
Path Group: asynchronous
Path Type: max

Fanout         Cap        Slew       Delay        Time   Description
---------------------------------------------------------------------------------------------
                                  0.000000    0.000000   clock i_clk (rise edge)
                                  0.000000    0.000000   clock network delay (propagated)
                                  0.020000    0.020000 ^ input external delay
     1    0.002508    0.030328    0.014253    0.034253 ^ i_rst_n (in)
                      0.030328    0.000000    0.034253 ^ hold1/A (sky130_fd_sc_hd__dlygate4sd3_1)
     1    0.002491    0.087986    1.018783    1.053036 ^ hold1/X (sky130_fd_sc_hd__dlygate4sd3_1)
                      0.087986    0.000074    1.053110 ^ input2/A (sky130_fd_sc_hd__dlymetal6s2s_1)
     1    0.002527    0.082007    0.176712    1.229822 ^ input2/X (sky130_fd_sc_hd__dlymetal6s2s_1)
                      0.082007    0.000077    1.229899 ^ hold2/A (sky130_fd_sc_hd__dlygate4sd3_1)
     4    0.016416    0.275971    1.209773    2.439672 ^ hold2/X (sky130_fd_sc_hd__dlygate4sd3_1)
                      0.275971    0.000313    2.439985 ^ _17_/RESET_B (sky130_fd_sc_hd__dfrtp_1)
                                              2.439985   data arrival time

                                 10.000000   10.000000   clock i_clk (rise edge)
                                  0.000000   10.000000   clock source latency
     1    0.010862    0.087040    0.056750   10.056750 ^ i_clk (in)
                      0.087041    0.000000   10.056750 ^ clkbuf_0_i_clk/A (sky130_fd_sc_hd__clkbuf_16)
     2    0.019421    0.066709    0.228408   10.285158 ^ clkbuf_0_i_clk/X (sky130_fd_sc_hd__clkbuf_16)
                      0.066723    0.000588   10.285746 ^ clkbuf_1_0__f_i_clk/A (sky130_fd_sc_hd__clkbuf_16)
     2    0.005126    0.047978    0.196867   10.482613 ^ clkbuf_1_0__f_i_clk/X (sky130_fd_sc_hd__clkbuf_16)
                      0.047978    0.000131   10.482743 ^ _17_/CLK (sky130_fd_sc_hd__dfrtp_1)
                                 -0.250000   10.232743   clock uncertainty
                                  0.000000   10.232743   clock reconvergence pessimism
                                  0.378837   10.611580   library recovery time
                                             10.611580   data required time
---------------------------------------------------------------------------------------------
                                             10.611580   data required time
                                             -2.439985   data arrival time
---------------------------------------------------------------------------------------------
                                              8.171595   slack (MET)


Startpoint: i_ena (input port clocked by i_clk)
Endpoint: _16_ (rising edge-triggered flip-flop clocked by i_clk)
Path Group: i_clk
Path Type: max

Fanout         Cap        Slew       Delay        Time   Description
---------------------------------------------------------------------------------------------
                                  0.000000    0.000000   clock i_clk (rise edge)
                                  0.000000    0.000000   clock network delay (propagated)
                                  0.020000    0.020000 ^ input external delay
     1    0.002300    0.028952    0.013153    0.033153 ^ i_ena (in)
                      0.028952    0.000000    0.033153 ^ hold3/A (sky130_fd_sc_hd__dlygate4sd3_1)
     1    0.002182    0.084739    1.013425    1.046578 ^ hold3/X (sky130_fd_sc_hd__dlygate4sd3_1)
                      0.084739    0.000041    1.046619 ^ input1/A (sky130_fd_sc_hd__clkbuf_1)
     4    0.010078    0.202565    0.252000    1.298619 ^ input1/X (sky130_fd_sc_hd__clkbuf_1)
                      0.202565    0.000112    1.298731 ^ _08_/B (sky130_fd_sc_hd__nand2_1)
     2    0.006267    0.128661    0.197369    1.496100 v _08_/Y (sky130_fd_sc_hd__nand2_1)
                      0.128661    0.000119    1.496219 v _09_/B (sky130_fd_sc_hd__xnor2_1)
     1    0.002159    0.083095    0.221561    1.717780 v _09_/Y (sky130_fd_sc_hd__xnor2_1)
                      0.083095    0.000062    1.717842 v hold4/A (sky130_fd_sc_hd__dlygate4sd3_1)
     1    0.002564    0.103659    1.125225    2.843067 v hold4/X (sky130_fd_sc_hd__dlygate4sd3_1)
                      0.103659    0.000073    2.843140 v _16_/D (sky130_fd_sc_hd__dfrtp_1)
                                              2.843140   data arrival time

                                 10.000000   10.000000   clock i_clk (rise edge)
                                  0.000000   10.000000   clock source latency
     1    0.010862    0.087040    0.056750   10.056750 ^ i_clk (in)
                      0.087041    0.000000   10.056750 ^ clkbuf_0_i_clk/A (sky130_fd_sc_hd__clkbuf_16)
     2    0.019421    0.066709    0.228408   10.285158 ^ clkbuf_0_i_clk/X (sky130_fd_sc_hd__clkbuf_16)
                      0.066723    0.000565   10.285723 ^ clkbuf_1_1__f_i_clk/A (sky130_fd_sc_hd__clkbuf_16)
     2    0.005826    0.048932    0.198193   10.483915 ^ clkbuf_1_1__f_i_clk/X (sky130_fd_sc_hd__clkbuf_16)
                      0.048933    0.000147   10.484062 ^ _16_/CLK (sky130_fd_sc_hd__dfrtp_1)
                                 -0.250000   10.234062   clock uncertainty
                                  0.000000   10.234062   clock reconvergence pessimism
                                 -0.296222    9.937840   library setup time
                                              9.937840   data required time
---------------------------------------------------------------------------------------------
                                              9.937840   data required time
                                             -2.843140   data arrival time
---------------------------------------------------------------------------------------------
                                              7.094699   slack (MET)




===========================================================================
report_checks --slack_max -0.01
============================================================================
======================= nom_ss_100C_1v60 Corner ===================================

Warning: corner.tcl line 85, unknown field nets.
No paths found.


===========================================================================
 report_check_types -max_slew -max_cap -max_fanout -violators
============================================================================
======================= nom_ss_100C_1v60 Corner ===================================



===========================================================================
report_parasitic_annotation -report_unannotated
============================================================================
Found 36 unannotated drivers.
 ui_in[0]
 ui_in[1]
 ui_in[2]
 ui_in[3]
 ui_in[4]
 ui_in[5]
 ui_in[6]
 ui_in[7]
 uio_in[0]
 uio_in[1]
 uio_in[2]
 uio_in[3]
 uio_in[4]
 uio_in[5]
 uio_in[6]
 uio_in[7]
 tt_if_10/HI
 tt_if_11/HI
 tt_if_12/HI
 tt_if_13/HI
 tt_if_14/HI
 tt_if_15/HI
 tt_if_16/HI
 tt_if_17/HI
 tt_if_18/HI
 tt_if_19/HI
 tt_if_20/HI
 tt_if_21/HI
 tt_if_22/HI
 tt_if_23/HI
 tt_if_24/HI
 tt_if_25/HI
 tt_if_26/HI
 tt_if_7/HI
 tt_if_8/HI
 tt_if_9/HI
Found 0 partially unannotated drivers.

===========================================================================
max slew violation count 0
max fanout violation count 0
max cap violation count 0
============================================================================

===========================================================================
check_setup -verbose -unconstrained_endpoints -multiple_clock -no_clock -no_input_delay -loops -generated_clocks
===========================================================================
Warning: There are 20 unconstrained endpoints.
  uio_oe[0]
  uio_oe[1]
  uio_oe[2]
  uio_oe[3]
  uio_oe[4]
  uio_oe[5]
  uio_oe[6]
  uio_oe[7]
  uio_out[0]
  uio_out[1]
  uio_out[2]
  uio_out[3]
  uio_out[4]
  uio_out[5]
  uio_out[6]
  uio_out[7]
  uo_out[4]
  uo_out[5]
  uo_out[6]
  uo_out[7]
