Clock: i_clk
Sources: i_clk 
Generated: no
Virtual: yes
Propagated: no
Period: 10.000000

===========================================================================
report_clock_properties
============================================================================
Clock                   Period          Waveform
----------------------------------------------------
i_clk                10.000000    0.000000  5.000000

===========================================================================
report_clock_latency
============================================================================
Clock i_clk
rise -> rise
    min     max
0.000000 0.000000 source latency
0.482743         network latency _17_/CLK
        0.484065 network latency _19_/CLK
---------------
0.482743 0.484065 latency
        0.001322 skew

fall -> fall
    min     max
0.000000 0.000000 source latency
0.505525         network latency _17_/CLK
        0.506680 network latency _19_/CLK
---------------
0.505525 0.506680 latency
        0.001155 skew



===========================================================================
report_clock_min_period
============================================================================
i_clk period_min = 2.82 fmax = 353.99
