
===========================================================================
report_checks -path_delay max (Setup)
============================================================================
======================= nom_ss_100C_1v60 Corner ===================================

Warning: corner.tcl line 67, unknown field nets.
Warning: corner.tcl line 67, report_checks -group_count is deprecated. Use -group_path_count instead.
Startpoint: i_ena (input port clocked by i_clk)
Endpoint: _16_ (rising edge-triggered flip-flop clocked by i_clk)
Path Group: i_clk
Path Type: max

Fanout         Cap        Slew       Delay        Time   Description
---------------------------------------------------------------------------------------------
                                  0.000000    0.000000   clock i_clk (rise edge)
                                  0.000000    0.000000   clock network delay (propagated)
                                  0.020000    0.020000 ^ input external delay
     1    0.002300    0.028952    0.013153    0.033153 ^ i_ena (in)
                      0.028952    0.000000    0.033153 ^ hold3/A (sky130_fd_sc_hd__dlygate4sd3_1)
     1    0.002182    0.084739    1.013425    1.046578 ^ hold3/X (sky130_fd_sc_hd__dlygate4sd3_1)
                      0.084739    0.000041    1.046619 ^ input1/A (sky130_fd_sc_hd__clkbuf_1)
     4    0.010078    0.202565    0.252000    1.298619 ^ input1/X (sky130_fd_sc_hd__clkbuf_1)
                      0.202565    0.000112    1.298731 ^ _08_/B (sky130_fd_sc_hd__nand2_1)
     2    0.006267    0.128661    0.197369    1.496100 v _08_/Y (sky130_fd_sc_hd__nand2_1)
                      0.128661    0.000119    1.496219 v _09_/B (sky130_fd_sc_hd__xnor2_1)
     1    0.002159    0.083095    0.221561    1.717780 v _09_/Y (sky130_fd_sc_hd__xnor2_1)
                      0.083095    0.000062    1.717842 v hold4/A (sky130_fd_sc_hd__dlygate4sd3_1)
     1    0.002564    0.103659    1.125225    2.843067 v hold4/X (sky130_fd_sc_hd__dlygate4sd3_1)
                      0.103659    0.000073    2.843140 v _16_/D (sky130_fd_sc_hd__dfrtp_1)
                                              2.843140   data arrival time

                                 10.000000   10.000000   clock i_clk (rise edge)
                                  0.000000   10.000000   clock source latency
     1    0.010862    0.087040    0.056750   10.056750 ^ i_clk (in)
                      0.087041    0.000000   10.056750 ^ clkbuf_0_i_clk/A (sky130_fd_sc_hd__clkbuf_16)
     2    0.019421    0.066709    0.228408   10.285158 ^ clkbuf_0_i_clk/X (sky130_fd_sc_hd__clkbuf_16)
                      0.066723    0.000565   10.285723 ^ clkbuf_1_1__f_i_clk/A (sky130_fd_sc_hd__clkbuf_16)
     2    0.005826    0.048932    0.198193   10.483915 ^ clkbuf_1_1__f_i_clk/X (sky130_fd_sc_hd__clkbuf_16)
                      0.048933    0.000147   10.484062 ^ _16_/CLK (sky130_fd_sc_hd__dfrtp_1)
                                 -0.250000   10.234062   clock uncertainty
                                  0.000000   10.234062   clock reconvergence pessimism
                                 -0.296222    9.937840   library setup time
                                              9.937840   data required time
---------------------------------------------------------------------------------------------
                                              9.937840   data required time
                                             -2.843140   data arrival time
---------------------------------------------------------------------------------------------
                                              7.094699   slack (MET)


Startpoint: _18_ (rising edge-triggered flip-flop clocked by i_clk)
Endpoint: _18_ (rising edge-triggered flip-flop clocked by i_clk)
Path Group: i_clk
Path Type: max

Fanout         Cap        Slew       Delay        Time   Description
---------------------------------------------------------------------------------------------
                                  0.000000    0.000000   clock i_clk (rise edge)
                                  0.000000    0.000000   clock source latency
     1    0.010862    0.087040    0.056751    0.056751 ^ i_clk (in)
                      0.087041    0.000000    0.056751 ^ clkbuf_0_i_clk/A (sky130_fd_sc_hd__clkbuf_16)
     2    0.019421    0.066709    0.228407    0.285158 ^ clkbuf_0_i_clk/X (sky130_fd_sc_hd__clkbuf_16)
                      0.066723    0.000588    0.285746 ^ clkbuf_1_0__f_i_clk/A (sky130_fd_sc_hd__clkbuf_16)
     2    0.005126    0.047978    0.196866    0.482612 ^ clkbuf_1_0__f_i_clk/X (sky130_fd_sc_hd__clkbuf_16)
                      0.047979    0.000164    0.482776 ^ _18_/CLK (sky130_fd_sc_hd__dfrtp_1)
     2    0.005589    0.100077    0.752250    1.235026 v _18_/Q (sky130_fd_sc_hd__dfrtp_1)
                      0.100077    0.000118    1.235144 v hold5/A (sky130_fd_sc_hd__dlygate4sd3_1)
     1    0.005746    0.135579    1.179890    2.415034 v hold5/X (sky130_fd_sc_hd__dlygate4sd3_1)
                      0.135579    0.000183    2.415216 v _13_/A (sky130_fd_sc_hd__xor2_1)
     1    0.002417    0.092656    0.314975    2.730191 v _13_/X (sky130_fd_sc_hd__xor2_1)
                      0.092656    0.000049    2.730241 v _18_/D (sky130_fd_sc_hd__dfrtp_1)
                                              2.730241   data arrival time

                                 10.000000   10.000000   clock i_clk (rise edge)
                                  0.000000   10.000000   clock source latency
     1    0.010862    0.087040    0.056750   10.056750 ^ i_clk (in)
                      0.087041    0.000000   10.056750 ^ clkbuf_0_i_clk/A (sky130_fd_sc_hd__clkbuf_16)
     2    0.019421    0.066709    0.228408   10.285158 ^ clkbuf_0_i_clk/X (sky130_fd_sc_hd__clkbuf_16)
                      0.066723    0.000588   10.285746 ^ clkbuf_1_0__f_i_clk/A (sky130_fd_sc_hd__clkbuf_16)
     2    0.005126    0.047978    0.196867   10.482613 ^ clkbuf_1_0__f_i_clk/X (sky130_fd_sc_hd__clkbuf_16)
                      0.047979    0.000163   10.482776 ^ _18_/CLK (sky130_fd_sc_hd__dfrtp_1)
                                 -0.250000   10.232776   clock uncertainty
                                  0.000000   10.232776   clock reconvergence pessimism
                                 -0.291886    9.940890   library setup time
                                              9.940890   data required time
---------------------------------------------------------------------------------------------
                                              9.940890   data required time
                                             -2.730241   data arrival time
---------------------------------------------------------------------------------------------
                                              7.210649   slack (MET)


Startpoint: i_ena (input port clocked by i_clk)
Endpoint: _17_ (rising edge-triggered flip-flop clocked by i_clk)
Path Group: i_clk
Path Type: max

Fanout         Cap        Slew       Delay        Time   Description
---------------------------------------------------------------------------------------------
                                  0.000000    0.000000   clock i_clk (rise edge)
                                  0.000000    0.000000   clock network delay (propagated)
                                  0.020000    0.020000 ^ input external delay
     1    0.002300    0.028952    0.013153    0.033153 ^ i_ena (in)
                      0.028952    0.000000    0.033153 ^ hold3/A (sky130_fd_sc_hd__dlygate4sd3_1)
     1    0.002182    0.084739    1.013425    1.046578 ^ hold3/X (sky130_fd_sc_hd__dlygate4sd3_1)
                      0.084739    0.000041    1.046619 ^ input1/A (sky130_fd_sc_hd__clkbuf_1)
     4    0.010078    0.202565    0.252000    1.298619 ^ input1/X (sky130_fd_sc_hd__clkbuf_1)
                      0.202565    0.000123    1.298742 ^ _10_/D (sky130_fd_sc_hd__and4_1)
     2    0.007271    0.160235    0.497111    1.795853 ^ _10_/X (sky130_fd_sc_hd__and4_1)
                      0.160235    0.000149    1.796002 ^ _12_/A_N (sky130_fd_sc_hd__and2b_1)
     1    0.003446    0.071067    0.398868    2.194870 v _12_/X (sky130_fd_sc_hd__and2b_1)
                      0.071067    0.000105    2.194975 v _17_/D (sky130_fd_sc_hd__dfrtp_1)
                                              2.194975   data arrival time

                                 10.000000   10.000000   clock i_clk (rise edge)
                                  0.000000   10.000000   clock source latency
     1    0.010862    0.087040    0.056750   10.056750 ^ i_clk (in)
                      0.087041    0.000000   10.056750 ^ clkbuf_0_i_clk/A (sky130_fd_sc_hd__clkbuf_16)
     2    0.019421    0.066709    0.228408   10.285158 ^ clkbuf_0_i_clk/X (sky130_fd_sc_hd__clkbuf_16)
                      0.066723    0.000588   10.285746 ^ clkbuf_1_0__f_i_clk/A (sky130_fd_sc_hd__clkbuf_16)
     2    0.005126    0.047978    0.196867   10.482613 ^ clkbuf_1_0__f_i_clk/X (sky130_fd_sc_hd__clkbuf_16)
                      0.047978    0.000131   10.482743 ^ _17_/CLK (sky130_fd_sc_hd__dfrtp_1)
                                 -0.250000   10.232743   clock uncertainty
                                  0.000000   10.232743   clock reconvergence pessimism
                                 -0.282878    9.949864   library setup time
                                              9.949864   data required time
---------------------------------------------------------------------------------------------
                                              9.949864   data required time
                                             -2.194975   data arrival time
---------------------------------------------------------------------------------------------
                                              7.754889   slack (MET)


Startpoint: _19_ (rising edge-triggered flip-flop clocked by i_clk)
Endpoint: _19_ (rising edge-triggered flip-flop clocked by i_clk)
Path Group: i_clk
Path Type: max

Fanout         Cap        Slew       Delay        Time   Description
---------------------------------------------------------------------------------------------
                                  0.000000    0.000000   clock i_clk (rise edge)
                                  0.000000    0.000000   clock source latency
     1    0.010862    0.087040    0.056751    0.056751 ^ i_clk (in)
                      0.087041    0.000000    0.056751 ^ clkbuf_0_i_clk/A (sky130_fd_sc_hd__clkbuf_16)
     2    0.019421    0.066709    0.228407    0.285158 ^ clkbuf_0_i_clk/X (sky130_fd_sc_hd__clkbuf_16)
                      0.066723    0.000565    0.285723 ^ clkbuf_1_1__f_i_clk/A (sky130_fd_sc_hd__clkbuf_16)
     2    0.005826    0.048932    0.198193    0.483916 ^ clkbuf_1_1__f_i_clk/X (sky130_fd_sc_hd__clkbuf_16)
                      0.048933    0.000150    0.484065 ^ _19_/CLK (sky130_fd_sc_hd__dfrtp_1)
     5    0.012574    0.162407    0.816890    1.300955 v _19_/Q (sky130_fd_sc_hd__dfrtp_1)
                      0.162407    0.000228    1.301183 v _14_/A (sky130_fd_sc_hd__or2_1)
     1    0.001696    0.086601    0.514301    1.815483 v _14_/X (sky130_fd_sc_hd__or2_1)
                      0.086601    0.000048    1.815531 v _15_/B (sky130_fd_sc_hd__and2_1)
     1    0.003145    0.070600    0.324271    2.139802 v _15_/X (sky130_fd_sc_hd__and2_1)
                      0.070600    0.000090    2.139893 v _19_/D (sky130_fd_sc_hd__dfrtp_1)
                                              2.139893   data arrival time

                                 10.000000   10.000000   clock i_clk (rise edge)
                                  0.000000   10.000000   clock source latency
     1    0.010862    0.087040    0.056750   10.056750 ^ i_clk (in)
                      0.087041    0.000000   10.056750 ^ clkbuf_0_i_clk/A (sky130_fd_sc_hd__clkbuf_16)
     2    0.019421    0.066709    0.228408   10.285158 ^ clkbuf_0_i_clk/X (sky130_fd_sc_hd__clkbuf_16)
                      0.066723    0.000565   10.285723 ^ clkbuf_1_1__f_i_clk/A (sky130_fd_sc_hd__clkbuf_16)
     2    0.005826    0.048932    0.198193   10.483915 ^ clkbuf_1_1__f_i_clk/X (sky130_fd_sc_hd__clkbuf_16)
                      0.048933    0.000150   10.484065 ^ _19_/CLK (sky130_fd_sc_hd__dfrtp_1)
                                 -0.250000   10.234065   clock uncertainty
                                  0.000000   10.234065   clock reconvergence pessimism
                                 -0.282429    9.951636   library setup time
                                              9.951636   data required time
---------------------------------------------------------------------------------------------
                                              9.951636   data required time
                                             -2.139893   data arrival time
---------------------------------------------------------------------------------------------
                                              7.811743   slack (MET)


Startpoint: _16_ (rising edge-triggered flip-flop clocked by i_clk)
Endpoint: uo_out[1] (output port clocked by i_clk)
Path Group: i_clk
Path Type: max

Fanout         Cap        Slew       Delay        Time   Description
---------------------------------------------------------------------------------------------
                                  0.000000    0.000000   clock i_clk (rise edge)
                                  0.000000    0.000000   clock source latency
     1    0.010862    0.087040    0.056751    0.056751 ^ i_clk (in)
                      0.087041    0.000000    0.056751 ^ clkbuf_0_i_clk/A (sky130_fd_sc_hd__clkbuf_16)
     2    0.019421    0.066709    0.228407    0.285158 ^ clkbuf_0_i_clk/X (sky130_fd_sc_hd__clkbuf_16)
                      0.066723    0.000565    0.285723 ^ clkbuf_1_1__f_i_clk/A (sky130_fd_sc_hd__clkbuf_16)
     2    0.005826    0.048932    0.198193    0.483916 ^ clkbuf_1_1__f_i_clk/X (sky130_fd_sc_hd__clkbuf_16)
                      0.048933    0.000146    0.484061 ^ _16_/CLK (sky130_fd_sc_hd__dfrtp_1)
     4    0.014076    0.169038    0.829795    1.313856 v _16_/Q (sky130_fd_sc_hd__dfrtp_1)
                      0.169038    0.000339    1.314195 v output4/A (sky130_fd_sc_hd__buf_2)
     1    0.034864    0.168410    0.393867    1.708062 v output4/X (sky130_fd_sc_hd__buf_2)
                      0.168412    0.000874    1.708936 v uo_out[1] (out)
                                              1.708936   data arrival time

                                 10.000000   10.000000   clock i_clk (rise edge)
                                  0.000000   10.000000   clock network delay (propagated)
                                 -0.250000    9.750000   clock uncertainty
                                  0.000000    9.750000   clock reconvergence pessimism
                                 -0.020000    9.730000   output external delay
                                              9.730000   data required time
---------------------------------------------------------------------------------------------
                                              9.730000   data required time
                                             -1.708936   data arrival time
---------------------------------------------------------------------------------------------
                                              8.021065   slack (MET)


Startpoint: _19_ (rising edge-triggered flip-flop clocked by i_clk)
Endpoint: uo_out[0] (output port clocked by i_clk)
Path Group: i_clk
Path Type: max

Fanout         Cap        Slew       Delay        Time   Description
---------------------------------------------------------------------------------------------
                                  0.000000    0.000000   clock i_clk (rise edge)
                                  0.000000    0.000000   clock source latency
     1    0.010862    0.087040    0.056751    0.056751 ^ i_clk (in)
                      0.087041    0.000000    0.056751 ^ clkbuf_0_i_clk/A (sky130_fd_sc_hd__clkbuf_16)
     2    0.019421    0.066709    0.228407    0.285158 ^ clkbuf_0_i_clk/X (sky130_fd_sc_hd__clkbuf_16)
                      0.066723    0.000565    0.285723 ^ clkbuf_1_1__f_i_clk/A (sky130_fd_sc_hd__clkbuf_16)
     2    0.005826    0.048932    0.198193    0.483916 ^ clkbuf_1_1__f_i_clk/X (sky130_fd_sc_hd__clkbuf_16)
                      0.048933    0.000150    0.484065 ^ _19_/CLK (sky130_fd_sc_hd__dfrtp_1)
     5    0.012574    0.162407    0.816890    1.300955 v _19_/Q (sky130_fd_sc_hd__dfrtp_1)
                      0.162407    0.000247    1.301202 v output3/A (sky130_fd_sc_hd__buf_2)
     1    0.034550    0.167142    0.389692    1.690894 v output3/X (sky130_fd_sc_hd__buf_2)
                      0.167144    0.000832    1.691725 v uo_out[0] (out)
                                              1.691725   data arrival time

                                 10.000000   10.000000   clock i_clk (rise edge)
                                  0.000000   10.000000   clock network delay (propagated)
                                 -0.250000    9.750000   clock uncertainty
                                  0.000000    9.750000   clock reconvergence pessimism
                                 -0.020000    9.730000   output external delay
                                              9.730000   data required time
---------------------------------------------------------------------------------------------
                                              9.730000   data required time
                                             -1.691725   data arrival time
---------------------------------------------------------------------------------------------
                                              8.038275   slack (MET)


Startpoint: _17_ (rising edge-triggered flip-flop clocked by i_clk)
Endpoint: uo_out[2] (output port clocked by i_clk)
Path Group: i_clk
Path Type: max

Fanout         Cap        Slew       Delay        Time   Description
---------------------------------------------------------------------------------------------
                                  0.000000    0.000000   clock i_clk (rise edge)
                                  0.000000    0.000000   clock source latency
     1    0.010862    0.087040    0.056751    0.056751 ^ i_clk (in)
                      0.087041    0.000000    0.056751 ^ clkbuf_0_i_clk/A (sky130_fd_sc_hd__clkbuf_16)
     2    0.019421    0.066709    0.228407    0.285158 ^ clkbuf_0_i_clk/X (sky130_fd_sc_hd__clkbuf_16)
                      0.066723    0.000588    0.285746 ^ clkbuf_1_0__f_i_clk/A (sky130_fd_sc_hd__clkbuf_16)
     2    0.005126    0.047978    0.196866    0.482612 ^ clkbuf_1_0__f_i_clk/X (sky130_fd_sc_hd__clkbuf_16)
                      0.047978    0.000131    0.482743 ^ _17_/CLK (sky130_fd_sc_hd__dfrtp_1)
     3    0.009613    0.134961    0.789178    1.271921 v _17_/Q (sky130_fd_sc_hd__dfrtp_1)
                      0.134961    0.000344    1.272264 v output5/A (sky130_fd_sc_hd__buf_2)
     1    0.034712    0.167758    0.376952    1.649217 v output5/X (sky130_fd_sc_hd__buf_2)
                      0.167760    0.000866    1.650083 v uo_out[2] (out)
                                              1.650083   data arrival time

                                 10.000000   10.000000   clock i_clk (rise edge)
                                  0.000000   10.000000   clock network delay (propagated)
                                 -0.250000    9.750000   clock uncertainty
                                  0.000000    9.750000   clock reconvergence pessimism
                                 -0.020000    9.730000   output external delay
                                              9.730000   data required time
---------------------------------------------------------------------------------------------
                                              9.730000   data required time
                                             -1.650083   data arrival time
---------------------------------------------------------------------------------------------
                                              8.079917   slack (MET)


Startpoint: _18_ (rising edge-triggered flip-flop clocked by i_clk)
Endpoint: uo_out[3] (output port clocked by i_clk)
Path Group: i_clk
Path Type: max

Fanout         Cap        Slew       Delay        Time   Description
---------------------------------------------------------------------------------------------
                                  0.000000    0.000000   clock i_clk (rise edge)
                                  0.000000    0.000000   clock source latency
     1    0.010862    0.087040    0.056751    0.056751 ^ i_clk (in)
                      0.087041    0.000000    0.056751 ^ clkbuf_0_i_clk/A (sky130_fd_sc_hd__clkbuf_16)
     2    0.019421    0.066709    0.228407    0.285158 ^ clkbuf_0_i_clk/X (sky130_fd_sc_hd__clkbuf_16)
                      0.066723    0.000588    0.285746 ^ clkbuf_1_0__f_i_clk/A (sky130_fd_sc_hd__clkbuf_16)
     2    0.005126    0.047978    0.196866    0.482612 ^ clkbuf_1_0__f_i_clk/X (sky130_fd_sc_hd__clkbuf_16)
                      0.047979    0.000164    0.482776 ^ _18_/CLK (sky130_fd_sc_hd__dfrtp_1)
     2    0.005589    0.100077    0.752250    1.235026 v _18_/Q (sky130_fd_sc_hd__dfrtp_1)
                      0.100077    0.000149    1.235174 v output6/A (sky130_fd_sc_hd__buf_2)
     1    0.034598    0.167253    0.359784    1.594958 v output6/X (sky130_fd_sc_hd__buf_2)
                      0.167255    0.000846    1.595804 v uo_out[3] (out)
                                              1.595804   data arrival time

                                 10.000000   10.000000   clock i_clk (rise edge)
                                  0.000000   10.000000   clock network delay (propagated)
                                 -0.250000    9.750000   clock uncertainty
                                  0.000000    9.750000   clock reconvergence pessimism
                                 -0.020000    9.730000   output external delay
                                              9.730000   data required time
---------------------------------------------------------------------------------------------
                                              9.730000   data required time
                                             -1.595804   data arrival time
---------------------------------------------------------------------------------------------
                                              8.134195   slack (MET)


Startpoint: i_rst_n (input port clocked by i_clk)
Endpoint: _17_ (recovery check against rising-edge clock i_clk)
Path Group: asynchronous
Path Type: max

Fanout         Cap        Slew       Delay        Time   Description
---------------------------------------------------------------------------------------------
                                  0.000000    0.000000   clock i_clk (rise edge)
                                  0.000000    0.000000   clock network delay (propagated)
                                  0.020000    0.020000 ^ input external delay
     1    0.002508    0.030328    0.014253    0.034253 ^ i_rst_n (in)
                      0.030328    0.000000    0.034253 ^ hold1/A (sky130_fd_sc_hd__dlygate4sd3_1)
     1    0.002491    0.087986    1.018783    1.053036 ^ hold1/X (sky130_fd_sc_hd__dlygate4sd3_1)
                      0.087986    0.000074    1.053110 ^ input2/A (sky130_fd_sc_hd__dlymetal6s2s_1)
     1    0.002527    0.082007    0.176712    1.229822 ^ input2/X (sky130_fd_sc_hd__dlymetal6s2s_1)
                      0.082007    0.000077    1.229899 ^ hold2/A (sky130_fd_sc_hd__dlygate4sd3_1)
     4    0.016416    0.275971    1.209773    2.439672 ^ hold2/X (sky130_fd_sc_hd__dlygate4sd3_1)
                      0.275971    0.000313    2.439985 ^ _17_/RESET_B (sky130_fd_sc_hd__dfrtp_1)
                                              2.439985   data arrival time

                                 10.000000   10.000000   clock i_clk (rise edge)
                                  0.000000   10.000000   clock source latency
     1    0.010862    0.087040    0.056750   10.056750 ^ i_clk (in)
                      0.087041    0.000000   10.056750 ^ clkbuf_0_i_clk/A (sky130_fd_sc_hd__clkbuf_16)
     2    0.019421    0.066709    0.228408   10.285158 ^ clkbuf_0_i_clk/X (sky130_fd_sc_hd__clkbuf_16)
                      0.066723    0.000588   10.285746 ^ clkbuf_1_0__f_i_clk/A (sky130_fd_sc_hd__clkbuf_16)
     2    0.005126    0.047978    0.196867   10.482613 ^ clkbuf_1_0__f_i_clk/X (sky130_fd_sc_hd__clkbuf_16)
                      0.047978    0.000131   10.482743 ^ _17_/CLK (sky130_fd_sc_hd__dfrtp_1)
                                 -0.250000   10.232743   clock uncertainty
                                  0.000000   10.232743   clock reconvergence pessimism
                                  0.378837   10.611580   library recovery time
                                             10.611580   data required time
---------------------------------------------------------------------------------------------
                                             10.611580   data required time
                                             -2.439985   data arrival time
---------------------------------------------------------------------------------------------
                                              8.171595   slack (MET)


Startpoint: i_rst_n (input port clocked by i_clk)
Endpoint: _18_ (recovery check against rising-edge clock i_clk)
Path Group: asynchronous
Path Type: max

Fanout         Cap        Slew       Delay        Time   Description
---------------------------------------------------------------------------------------------
                                  0.000000    0.000000   clock i_clk (rise edge)
                                  0.000000    0.000000   clock network delay (propagated)
                                  0.020000    0.020000 ^ input external delay
     1    0.002508    0.030328    0.014253    0.034253 ^ i_rst_n (in)
                      0.030328    0.000000    0.034253 ^ hold1/A (sky130_fd_sc_hd__dlygate4sd3_1)
     1    0.002491    0.087986    1.018783    1.053036 ^ hold1/X (sky130_fd_sc_hd__dlygate4sd3_1)
                      0.087986    0.000074    1.053110 ^ input2/A (sky130_fd_sc_hd__dlymetal6s2s_1)
     1    0.002527    0.082007    0.176712    1.229822 ^ input2/X (sky130_fd_sc_hd__dlymetal6s2s_1)
                      0.082007    0.000077    1.229899 ^ hold2/A (sky130_fd_sc_hd__dlygate4sd3_1)
     4    0.016416    0.275971    1.209773    2.439672 ^ hold2/X (sky130_fd_sc_hd__dlygate4sd3_1)
                      0.275971    0.000281    2.439953 ^ _18_/RESET_B (sky130_fd_sc_hd__dfrtp_1)
                                              2.439953   data arrival time

                                 10.000000   10.000000   clock i_clk (rise edge)
                                  0.000000   10.000000   clock source latency
     1    0.010862    0.087040    0.056750   10.056750 ^ i_clk (in)
                      0.087041    0.000000   10.056750 ^ clkbuf_0_i_clk/A (sky130_fd_sc_hd__clkbuf_16)
     2    0.019421    0.066709    0.228408   10.285158 ^ clkbuf_0_i_clk/X (sky130_fd_sc_hd__clkbuf_16)
                      0.066723    0.000588   10.285746 ^ clkbuf_1_0__f_i_clk/A (sky130_fd_sc_hd__clkbuf_16)
     2    0.005126    0.047978    0.196867   10.482613 ^ clkbuf_1_0__f_i_clk/X (sky130_fd_sc_hd__clkbuf_16)
                      0.047979    0.000163   10.482776 ^ _18_/CLK (sky130_fd_sc_hd__dfrtp_1)
                                 -0.250000   10.232776   clock uncertainty
                                  0.000000   10.232776   clock reconvergence pessimism
                                  0.378837   10.611612   library recovery time
                                             10.611612   data required time
---------------------------------------------------------------------------------------------
                                             10.611612   data required time
                                             -2.439953   data arrival time
---------------------------------------------------------------------------------------------
                                              8.171659   slack (MET)


Startpoint: i_rst_n (input port clocked by i_clk)
Endpoint: _19_ (recovery check against rising-edge clock i_clk)
Path Group: asynchronous
Path Type: max

Fanout         Cap        Slew       Delay        Time   Description
---------------------------------------------------------------------------------------------
                                  0.000000    0.000000   clock i_clk (rise edge)
                                  0.000000    0.000000   clock network delay (propagated)
                                  0.020000    0.020000 ^ input external delay
     1    0.002508    0.030328    0.014253    0.034253 ^ i_rst_n (in)
                      0.030328    0.000000    0.034253 ^ hold1/A (sky130_fd_sc_hd__dlygate4sd3_1)
     1    0.002491    0.087986    1.018783    1.053036 ^ hold1/X (sky130_fd_sc_hd__dlygate4sd3_1)
                      0.087986    0.000074    1.053110 ^ input2/A (sky130_fd_sc_hd__dlymetal6s2s_1)
     1    0.002527    0.082007    0.176712    1.229822 ^ input2/X (sky130_fd_sc_hd__dlymetal6s2s_1)
                      0.082007    0.000077    1.229899 ^ hold2/A (sky130_fd_sc_hd__dlygate4sd3_1)
     4    0.016416    0.275971    1.209773    2.439672 ^ hold2/X (sky130_fd_sc_hd__dlygate4sd3_1)
                      0.275971    0.000320    2.439992 ^ _19_/RESET_B (sky130_fd_sc_hd__dfrtp_1)
                                              2.439992   data arrival time

                                 10.000000   10.000000   clock i_clk (rise edge)
                                  0.000000   10.000000   clock source latency
     1    0.010862    0.087040    0.056750   10.056750 ^ i_clk (in)
                      0.087041    0.000000   10.056750 ^ clkbuf_0_i_clk/A (sky130_fd_sc_hd__clkbuf_16)
     2    0.019421    0.066709    0.228408   10.285158 ^ clkbuf_0_i_clk/X (sky130_fd_sc_hd__clkbuf_16)
                      0.066723    0.000565   10.285723 ^ clkbuf_1_1__f_i_clk/A (sky130_fd_sc_hd__clkbuf_16)
     2    0.005826    0.048932    0.198193   10.483915 ^ clkbuf_1_1__f_i_clk/X (sky130_fd_sc_hd__clkbuf_16)
                      0.048933    0.000150   10.484065 ^ _19_/CLK (sky130_fd_sc_hd__dfrtp_1)
                                 -0.250000   10.234065   clock uncertainty
                                  0.000000   10.234065   clock reconvergence pessimism
                                  0.379159   10.613225   library recovery time
                                             10.613225   data required time
---------------------------------------------------------------------------------------------
                                             10.613225   data required time
                                             -2.439992   data arrival time
---------------------------------------------------------------------------------------------
                                              8.173234   slack (MET)


Startpoint: i_rst_n (input port clocked by i_clk)
Endpoint: _16_ (recovery check against rising-edge clock i_clk)
Path Group: asynchronous
Path Type: max

Fanout         Cap        Slew       Delay        Time   Description
---------------------------------------------------------------------------------------------
                                  0.000000    0.000000   clock i_clk (rise edge)
                                  0.000000    0.000000   clock network delay (propagated)
                                  0.020000    0.020000 ^ input external delay
     1    0.002508    0.030328    0.014253    0.034253 ^ i_rst_n (in)
                      0.030328    0.000000    0.034253 ^ hold1/A (sky130_fd_sc_hd__dlygate4sd3_1)
     1    0.002491    0.087986    1.018783    1.053036 ^ hold1/X (sky130_fd_sc_hd__dlygate4sd3_1)
                      0.087986    0.000074    1.053110 ^ input2/A (sky130_fd_sc_hd__dlymetal6s2s_1)
     1    0.002527    0.082007    0.176712    1.229822 ^ input2/X (sky130_fd_sc_hd__dlymetal6s2s_1)
                      0.082007    0.000077    1.229899 ^ hold2/A (sky130_fd_sc_hd__dlygate4sd3_1)
     4    0.016416    0.275971    1.209773    2.439672 ^ hold2/X (sky130_fd_sc_hd__dlygate4sd3_1)
                      0.275971    0.000305    2.439977 ^ _16_/RESET_B (sky130_fd_sc_hd__dfrtp_1)
                                              2.439977   data arrival time

                                 10.000000   10.000000   clock i_clk (rise edge)
                                  0.000000   10.000000   clock source latency
     1    0.010862    0.087040    0.056750   10.056750 ^ i_clk (in)
                      0.087041    0.000000   10.056750 ^ clkbuf_0_i_clk/A (sky130_fd_sc_hd__clkbuf_16)
     2    0.019421    0.066709    0.228408   10.285158 ^ clkbuf_0_i_clk/X (sky130_fd_sc_hd__clkbuf_16)
                      0.066723    0.000565   10.285723 ^ clkbuf_1_1__f_i_clk/A (sky130_fd_sc_hd__clkbuf_16)
     2    0.005826    0.048932    0.198193   10.483915 ^ clkbuf_1_1__f_i_clk/X (sky130_fd_sc_hd__clkbuf_16)
                      0.048933    0.000147   10.484062 ^ _16_/CLK (sky130_fd_sc_hd__dfrtp_1)
                                 -0.250000   10.234062   clock uncertainty
                                  0.000000   10.234062   clock reconvergence pessimism
                                  0.379159   10.613222   library recovery time
                                             10.613222   data required time
---------------------------------------------------------------------------------------------
                                             10.613222   data required time
                                             -2.439977   data arrival time
---------------------------------------------------------------------------------------------
                                              8.173244   slack (MET)



