
===========================================================================
report_checks -path_delay min (Hold)
============================================================================
======================= nom_ss_100C_1v60 Corner ===================================

Warning: corner.tcl line 57, unknown field nets.
Warning: corner.tcl line 57, report_checks -group_count is deprecated. Use -group_path_count instead.
Startpoint: _17_ (rising edge-triggered flip-flop clocked by i_clk)
Endpoint: _17_ (rising edge-triggered flip-flop clocked by i_clk)
Path Group: i_clk
Path Type: min

Fanout         Cap        Slew       Delay        Time   Description
---------------------------------------------------------------------------------------------
                                  0.000000    0.000000   clock i_clk (rise edge)
                                  0.000000    0.000000   clock source latency
     1    0.010862    0.087040    0.056751    0.056751 ^ i_clk (in)
                      0.087041    0.000000    0.056751 ^ clkbuf_0_i_clk/A (sky130_fd_sc_hd__clkbuf_16)
     2    0.019421    0.066709    0.228407    0.285158 ^ clkbuf_0_i_clk/X (sky130_fd_sc_hd__clkbuf_16)
                      0.066723    0.000588    0.285746 ^ clkbuf_1_0__f_i_clk/A (sky130_fd_sc_hd__clkbuf_16)
     2    0.005126    0.047978    0.196866    0.482612 ^ clkbuf_1_0__f_i_clk/X (sky130_fd_sc_hd__clkbuf_16)
                      0.047978    0.000131    0.482743 ^ _17_/CLK (sky130_fd_sc_hd__dfrtp_1)
     3    0.010055    0.166497    0.706577    1.189320 ^ _17_/Q (sky130_fd_sc_hd__dfrtp_1)
                      0.166497    0.000243    1.189563 ^ _11_/B1 (sky130_fd_sc_hd__a31o_1)
     1    0.001877    0.060071    0.189784    1.379347 ^ _11_/X (sky130_fd_sc_hd__a31o_1)
                      0.060071    0.000053    1.379400 ^ _12_/B (sky130_fd_sc_hd__and2b_1)
     1    0.003461    0.079407    0.229175    1.608575 ^ _12_/X (sky130_fd_sc_hd__and2b_1)
                      0.079407    0.000106    1.608681 ^ _17_/D (sky130_fd_sc_hd__dfrtp_1)
                                              1.608681   data arrival time

                                  0.000000    0.000000   clock i_clk (rise edge)
                                  0.000000    0.000000   clock source latency
     1    0.010862    0.087040    0.056751    0.056751 ^ i_clk (in)
                      0.087041    0.000000    0.056751 ^ clkbuf_0_i_clk/A (sky130_fd_sc_hd__clkbuf_16)
     2    0.019421    0.066709    0.228407    0.285158 ^ clkbuf_0_i_clk/X (sky130_fd_sc_hd__clkbuf_16)
                      0.066723    0.000588    0.285746 ^ clkbuf_1_0__f_i_clk/A (sky130_fd_sc_hd__clkbuf_16)
     2    0.005126    0.047978    0.196866    0.482612 ^ clkbuf_1_0__f_i_clk/X (sky130_fd_sc_hd__clkbuf_16)
                      0.047978    0.000131    0.482743 ^ _17_/CLK (sky130_fd_sc_hd__dfrtp_1)
                                  0.250000    0.732743   clock uncertainty
                                  0.000000    0.732743   clock reconvergence pessimism
                                 -0.082701    0.650041   library hold time
                                              0.650041   data required time
---------------------------------------------------------------------------------------------
                                              0.650041   data required time
                                             -1.608681   data arrival time
---------------------------------------------------------------------------------------------
                                              0.958639   slack (MET)


Startpoint: i_rst_n (input port clocked by i_clk)
Endpoint: _16_ (removal check against rising-edge clock i_clk)
Path Group: asynchronous
Path Type: min

Fanout         Cap        Slew       Delay        Time   Description
---------------------------------------------------------------------------------------------
                                  0.000000    0.000000   clock i_clk (rise edge)
                                  0.000000    0.000000   clock network delay (propagated)
                                  0.020000    0.020000 ^ input external delay
     1    0.002508    0.030328    0.014253    0.034253 ^ i_rst_n (in)
                      0.030328    0.000000    0.034253 ^ hold1/A (sky130_fd_sc_hd__dlygate4sd3_1)
     1    0.002491    0.087986    1.018783    1.053036 ^ hold1/X (sky130_fd_sc_hd__dlygate4sd3_1)
                      0.087986    0.000074    1.053110 ^ input2/A (sky130_fd_sc_hd__dlymetal6s2s_1)
     1    0.002527    0.082007    0.176712    1.229822 ^ input2/X (sky130_fd_sc_hd__dlymetal6s2s_1)
                      0.082007    0.000077    1.229899 ^ hold2/A (sky130_fd_sc_hd__dlygate4sd3_1)
     4    0.016416    0.275971    1.209773    2.439672 ^ hold2/X (sky130_fd_sc_hd__dlygate4sd3_1)
                      0.275971    0.000305    2.439977 ^ _16_/RESET_B (sky130_fd_sc_hd__dfrtp_1)
                                              2.439977   data arrival time

                                  0.000000    0.000000   clock i_clk (rise edge)
                                  0.000000    0.000000   clock source latency
     1    0.010862    0.087040    0.056751    0.056751 ^ i_clk (in)
                      0.087041    0.000000    0.056751 ^ clkbuf_0_i_clk/A (sky130_fd_sc_hd__clkbuf_16)
     2    0.019421    0.066709    0.228407    0.285158 ^ clkbuf_0_i_clk/X (sky130_fd_sc_hd__clkbuf_16)
                      0.066723    0.000565    0.285723 ^ clkbuf_1_1__f_i_clk/A (sky130_fd_sc_hd__clkbuf_16)
     2    0.005826    0.048932    0.198193    0.483916 ^ clkbuf_1_1__f_i_clk/X (sky130_fd_sc_hd__clkbuf_16)
                      0.048933    0.000146    0.484061 ^ _16_/CLK (sky130_fd_sc_hd__dfrtp_1)
                                  0.250000    0.734061   clock uncertainty
                                  0.000000    0.734061   clock reconvergence pessimism
                                  0.714404    1.448465   library removal time
                                              1.448465   data required time
---------------------------------------------------------------------------------------------
                                              1.448465   data required time
                                             -2.439977   data arrival time
---------------------------------------------------------------------------------------------
                                              0.991512   slack (MET)


Startpoint: i_rst_n (input port clocked by i_clk)
Endpoint: _19_ (removal check against rising-edge clock i_clk)
Path Group: asynchronous
Path Type: min

Fanout         Cap        Slew       Delay        Time   Description
---------------------------------------------------------------------------------------------
                                  0.000000    0.000000   clock i_clk (rise edge)
                                  0.000000    0.000000   clock network delay (propagated)
                                  0.020000    0.020000 ^ input external delay
     1    0.002508    0.030328    0.014253    0.034253 ^ i_rst_n (in)
                      0.030328    0.000000    0.034253 ^ hold1/A (sky130_fd_sc_hd__dlygate4sd3_1)
     1    0.002491    0.087986    1.018783    1.053036 ^ hold1/X (sky130_fd_sc_hd__dlygate4sd3_1)
                      0.087986    0.000074    1.053110 ^ input2/A (sky130_fd_sc_hd__dlymetal6s2s_1)
     1    0.002527    0.082007    0.176712    1.229822 ^ input2/X (sky130_fd_sc_hd__dlymetal6s2s_1)
                      0.082007    0.000077    1.229899 ^ hold2/A (sky130_fd_sc_hd__dlygate4sd3_1)
     4    0.016416    0.275971    1.209773    2.439672 ^ hold2/X (sky130_fd_sc_hd__dlygate4sd3_1)
                      0.275971    0.000320    2.439992 ^ _19_/RESET_B (sky130_fd_sc_hd__dfrtp_1)
                                              2.439992   data arrival time

                                  0.000000    0.000000   clock i_clk (rise edge)
                                  0.000000    0.000000   clock source latency
     1    0.010862    0.087040    0.056751    0.056751 ^ i_clk (in)
                      0.087041    0.000000    0.056751 ^ clkbuf_0_i_clk/A (sky130_fd_sc_hd__clkbuf_16)
     2    0.019421    0.066709    0.228407    0.285158 ^ clkbuf_0_i_clk/X (sky130_fd_sc_hd__clkbuf_16)
                      0.066723    0.000565    0.285723 ^ clkbuf_1_1__f_i_clk/A (sky130_fd_sc_hd__clkbuf_16)
     2    0.005826    0.048932    0.198193    0.483916 ^ clkbuf_1_1__f_i_clk/X (sky130_fd_sc_hd__clkbuf_16)
                      0.048933    0.000150    0.484065 ^ _19_/CLK (sky130_fd_sc_hd__dfrtp_1)
                                  0.250000    0.734065   clock uncertainty
                                  0.000000    0.734065   clock reconvergence pessimism
                                  0.714404    1.448469   library removal time
                                              1.448469   data required time
---------------------------------------------------------------------------------------------
                                              1.448469   data required time
                                             -2.439992   data arrival time
---------------------------------------------------------------------------------------------
                                              0.991523   slack (MET)


Startpoint: i_rst_n (input port clocked by i_clk)
Endpoint: _18_ (removal check against rising-edge clock i_clk)
Path Group: asynchronous
Path Type: min

Fanout         Cap        Slew       Delay        Time   Description
---------------------------------------------------------------------------------------------
                                  0.000000    0.000000   clock i_clk (rise edge)
                                  0.000000    0.000000   clock network delay (propagated)
                                  0.020000    0.020000 ^ input external delay
     1    0.002508    0.030328    0.014253    0.034253 ^ i_rst_n (in)
                      0.030328    0.000000    0.034253 ^ hold1/A (sky130_fd_sc_hd__dlygate4sd3_1)
     1    0.002491    0.087986    1.018783    1.053036 ^ hold1/X (sky130_fd_sc_hd__dlygate4sd3_1)
                      0.087986    0.000074    1.053110 ^ input2/A (sky130_fd_sc_hd__dlymetal6s2s_1)
     1    0.002527    0.082007    0.176712    1.229822 ^ input2/X (sky130_fd_sc_hd__dlymetal6s2s_1)
                      0.082007    0.000077    1.229899 ^ hold2/A (sky130_fd_sc_hd__dlygate4sd3_1)
     4    0.016416    0.275971    1.209773    2.439672 ^ hold2/X (sky130_fd_sc_hd__dlygate4sd3_1)
                      0.275971    0.000281    2.439953 ^ _18_/RESET_B (sky130_fd_sc_hd__dfrtp_1)
                                              2.439953   data arrival time

                                  0.000000    0.000000   clock i_clk (rise edge)
                                  0.000000    0.000000   clock source latency
     1    0.010862    0.087040    0.056751    0.056751 ^ i_clk (in)
                      0.087041    0.000000    0.056751 ^ clkbuf_0_i_clk/A (sky130_fd_sc_hd__clkbuf_16)
     2    0.019421    0.066709    0.228407    0.285158 ^ clkbuf_0_i_clk/X (sky130_fd_sc_hd__clkbuf_16)
                      0.066723    0.000588    0.285746 ^ clkbuf_1_0__f_i_clk/A (sky130_fd_sc_hd__clkbuf_16)
     2    0.005126    0.047978    0.196866    0.482612 ^ clkbuf_1_0__f_i_clk/X (sky130_fd_sc_hd__clkbuf_16)
                      0.047979    0.000164    0.482776 ^ _18_/CLK (sky130_fd_sc_hd__dfrtp_1)
                                  0.250000    0.732776   clock uncertainty
                                  0.000000    0.732776   clock reconvergence pessimism
                                  0.714117    1.446893   library removal time
                                              1.446893   data required time
---------------------------------------------------------------------------------------------
                                              1.446893   data required time
                                             -2.439953   data arrival time
---------------------------------------------------------------------------------------------
                                              0.993060   slack (MET)


Startpoint: i_rst_n (input port clocked by i_clk)
Endpoint: _17_ (removal check against rising-edge clock i_clk)
Path Group: asynchronous
Path Type: min

Fanout         Cap        Slew       Delay        Time   Description
---------------------------------------------------------------------------------------------
                                  0.000000    0.000000   clock i_clk (rise edge)
                                  0.000000    0.000000   clock network delay (propagated)
                                  0.020000    0.020000 ^ input external delay
     1    0.002508    0.030328    0.014253    0.034253 ^ i_rst_n (in)
                      0.030328    0.000000    0.034253 ^ hold1/A (sky130_fd_sc_hd__dlygate4sd3_1)
     1    0.002491    0.087986    1.018783    1.053036 ^ hold1/X (sky130_fd_sc_hd__dlygate4sd3_1)
                      0.087986    0.000074    1.053110 ^ input2/A (sky130_fd_sc_hd__dlymetal6s2s_1)
     1    0.002527    0.082007    0.176712    1.229822 ^ input2/X (sky130_fd_sc_hd__dlymetal6s2s_1)
                      0.082007    0.000077    1.229899 ^ hold2/A (sky130_fd_sc_hd__dlygate4sd3_1)
     4    0.016416    0.275971    1.209773    2.439672 ^ hold2/X (sky130_fd_sc_hd__dlygate4sd3_1)
                      0.275971    0.000313    2.439985 ^ _17_/RESET_B (sky130_fd_sc_hd__dfrtp_1)
                                              2.439985   data arrival time

                                  0.000000    0.000000   clock i_clk (rise edge)
                                  0.000000    0.000000   clock source latency
     1    0.010862    0.087040    0.056751    0.056751 ^ i_clk (in)
                      0.087041    0.000000    0.056751 ^ clkbuf_0_i_clk/A (sky130_fd_sc_hd__clkbuf_16)
     2    0.019421    0.066709    0.228407    0.285158 ^ clkbuf_0_i_clk/X (sky130_fd_sc_hd__clkbuf_16)
                      0.066723    0.000588    0.285746 ^ clkbuf_1_0__f_i_clk/A (sky130_fd_sc_hd__clkbuf_16)
     2    0.005126    0.047978    0.196866    0.482612 ^ clkbuf_1_0__f_i_clk/X (sky130_fd_sc_hd__clkbuf_16)
                      0.047978    0.000131    0.482743 ^ _17_/CLK (sky130_fd_sc_hd__dfrtp_1)
                                  0.250000    0.732743   clock uncertainty
                                  0.000000    0.732743   clock reconvergence pessimism
                                  0.714117    1.446860   library removal time
                                              1.446860   data required time
---------------------------------------------------------------------------------------------
                                              1.446860   data required time
                                             -2.439985   data arrival time
---------------------------------------------------------------------------------------------
                                              0.993126   slack (MET)


Startpoint: _19_ (rising edge-triggered flip-flop clocked by i_clk)
Endpoint: _19_ (rising edge-triggered flip-flop clocked by i_clk)
Path Group: i_clk
Path Type: min

Fanout         Cap        Slew       Delay        Time   Description
---------------------------------------------------------------------------------------------
                                  0.000000    0.000000   clock i_clk (rise edge)
                                  0.000000    0.000000   clock source latency
     1    0.010862    0.087040    0.056751    0.056751 ^ i_clk (in)
                      0.087041    0.000000    0.056751 ^ clkbuf_0_i_clk/A (sky130_fd_sc_hd__clkbuf_16)
     2    0.019421    0.066709    0.228407    0.285158 ^ clkbuf_0_i_clk/X (sky130_fd_sc_hd__clkbuf_16)
                      0.066723    0.000565    0.285723 ^ clkbuf_1_1__f_i_clk/A (sky130_fd_sc_hd__clkbuf_16)
     2    0.005826    0.048932    0.198193    0.483916 ^ clkbuf_1_1__f_i_clk/X (sky130_fd_sc_hd__clkbuf_16)
                      0.048933    0.000150    0.484065 ^ _19_/CLK (sky130_fd_sc_hd__dfrtp_1)
     5    0.013053    0.203026    0.738727    1.222792 ^ _19_/Q (sky130_fd_sc_hd__dfrtp_1)
                      0.203026    0.000238    1.223029 ^ _14_/A (sky130_fd_sc_hd__or2_1)
     1    0.001793    0.053379    0.211739    1.434768 ^ _14_/X (sky130_fd_sc_hd__or2_1)
                      0.053379    0.000051    1.434818 ^ _15_/B (sky130_fd_sc_hd__and2_1)
     1    0.003160    0.083883    0.223944    1.658762 ^ _15_/X (sky130_fd_sc_hd__and2_1)
                      0.083883    0.000091    1.658853 ^ _19_/D (sky130_fd_sc_hd__dfrtp_1)
                                              1.658853   data arrival time

                                  0.000000    0.000000   clock i_clk (rise edge)
                                  0.000000    0.000000   clock source latency
     1    0.010862    0.087040    0.056751    0.056751 ^ i_clk (in)
                      0.087041    0.000000    0.056751 ^ clkbuf_0_i_clk/A (sky130_fd_sc_hd__clkbuf_16)
     2    0.019421    0.066709    0.228407    0.285158 ^ clkbuf_0_i_clk/X (sky130_fd_sc_hd__clkbuf_16)
                      0.066723    0.000565    0.285723 ^ clkbuf_1_1__f_i_clk/A (sky130_fd_sc_hd__clkbuf_16)
     2    0.005826    0.048932    0.198193    0.483916 ^ clkbuf_1_1__f_i_clk/X (sky130_fd_sc_hd__clkbuf_16)
                      0.048933    0.000150    0.484065 ^ _19_/CLK (sky130_fd_sc_hd__dfrtp_1)
                                  0.250000    0.734065   clock uncertainty
                                  0.000000    0.734065   clock reconvergence pessimism
                                 -0.083567    0.650498   library hold time
                                              0.650498   data required time
---------------------------------------------------------------------------------------------
                                              0.650498   data required time
                                             -1.658853   data arrival time
---------------------------------------------------------------------------------------------
                                              1.008355   slack (MET)


Startpoint: _17_ (rising edge-triggered flip-flop clocked by i_clk)
Endpoint: _18_ (rising edge-triggered flip-flop clocked by i_clk)
Path Group: i_clk
Path Type: min

Fanout         Cap        Slew       Delay        Time   Description
---------------------------------------------------------------------------------------------
                                  0.000000    0.000000   clock i_clk (rise edge)
                                  0.000000    0.000000   clock source latency
     1    0.010862    0.087040    0.056751    0.056751 ^ i_clk (in)
                      0.087041    0.000000    0.056751 ^ clkbuf_0_i_clk/A (sky130_fd_sc_hd__clkbuf_16)
     2    0.019421    0.066709    0.228407    0.285158 ^ clkbuf_0_i_clk/X (sky130_fd_sc_hd__clkbuf_16)
                      0.066723    0.000588    0.285746 ^ clkbuf_1_0__f_i_clk/A (sky130_fd_sc_hd__clkbuf_16)
     2    0.005126    0.047978    0.196866    0.482612 ^ clkbuf_1_0__f_i_clk/X (sky130_fd_sc_hd__clkbuf_16)
                      0.047978    0.000131    0.482743 ^ _17_/CLK (sky130_fd_sc_hd__dfrtp_1)
     3    0.010055    0.166497    0.706577    1.189320 ^ _17_/Q (sky130_fd_sc_hd__dfrtp_1)
                      0.166497    0.000343    1.189662 ^ _10_/C (sky130_fd_sc_hd__and4_1)
     2    0.007271    0.159739    0.473558    1.663221 ^ _10_/X (sky130_fd_sc_hd__and4_1)
                      0.159739    0.000218    1.663439 ^ _13_/B (sky130_fd_sc_hd__xor2_1)
     1    0.002417    0.064676    0.151114    1.814553 v _13_/X (sky130_fd_sc_hd__xor2_1)
                      0.064676    0.000049    1.814602 v _18_/D (sky130_fd_sc_hd__dfrtp_1)
                                              1.814602   data arrival time

                                  0.000000    0.000000   clock i_clk (rise edge)
                                  0.000000    0.000000   clock source latency
     1    0.010862    0.087040    0.056751    0.056751 ^ i_clk (in)
                      0.087041    0.000000    0.056751 ^ clkbuf_0_i_clk/A (sky130_fd_sc_hd__clkbuf_16)
     2    0.019421    0.066709    0.228407    0.285158 ^ clkbuf_0_i_clk/X (sky130_fd_sc_hd__clkbuf_16)
                      0.066723    0.000588    0.285746 ^ clkbuf_1_0__f_i_clk/A (sky130_fd_sc_hd__clkbuf_16)
     2    0.005126    0.047978    0.196866    0.482612 ^ clkbuf_1_0__f_i_clk/X (sky130_fd_sc_hd__clkbuf_16)
                      0.047979    0.000164    0.482776 ^ _18_/CLK (sky130_fd_sc_hd__dfrtp_1)
                                  0.250000    0.732776   clock uncertainty
                                  0.000000    0.732776   clock reconvergence pessimism
                                 -0.100612    0.632164   library hold time
                                              0.632164   data required time
---------------------------------------------------------------------------------------------
                                              0.632164   data required time
                                             -1.814602   data arrival time
---------------------------------------------------------------------------------------------
                                              1.182438   slack (MET)


Startpoint: _18_ (rising edge-triggered flip-flop clocked by i_clk)
Endpoint: uo_out[3] (output port clocked by i_clk)
Path Group: i_clk
Path Type: min

Fanout         Cap        Slew       Delay        Time   Description
---------------------------------------------------------------------------------------------
                                  0.000000    0.000000   clock i_clk (rise edge)
                                  0.000000    0.000000   clock source latency
     1    0.010862    0.087040    0.056751    0.056751 ^ i_clk (in)
                      0.087041    0.000000    0.056751 ^ clkbuf_0_i_clk/A (sky130_fd_sc_hd__clkbuf_16)
     2    0.019421    0.066709    0.228407    0.285158 ^ clkbuf_0_i_clk/X (sky130_fd_sc_hd__clkbuf_16)
                      0.066723    0.000588    0.285746 ^ clkbuf_1_0__f_i_clk/A (sky130_fd_sc_hd__clkbuf_16)
     2    0.005126    0.047978    0.196866    0.482612 ^ clkbuf_1_0__f_i_clk/X (sky130_fd_sc_hd__clkbuf_16)
                      0.047979    0.000164    0.482776 ^ _18_/CLK (sky130_fd_sc_hd__dfrtp_1)
     2    0.005835    0.114576    0.662081    1.144857 ^ _18_/Q (sky130_fd_sc_hd__dfrtp_1)
                      0.114576    0.000156    1.145013 ^ output6/A (sky130_fd_sc_hd__buf_2)
     1    0.034598    0.274715    0.365939    1.510952 ^ output6/X (sky130_fd_sc_hd__buf_2)
                      0.274715    0.000846    1.511798 ^ uo_out[3] (out)
                                              1.511798   data arrival time

                                  0.000000    0.000000   clock i_clk (rise edge)
                                  0.000000    0.000000   clock network delay (propagated)
                                  0.250000    0.250000   clock uncertainty
                                  0.000000    0.250000   clock reconvergence pessimism
                                 -0.020000    0.230000   output external delay
                                              0.230000   data required time
---------------------------------------------------------------------------------------------
                                              0.230000   data required time
                                             -1.511798   data arrival time
---------------------------------------------------------------------------------------------
                                              1.281798   slack (MET)


Startpoint: _17_ (rising edge-triggered flip-flop clocked by i_clk)
Endpoint: uo_out[2] (output port clocked by i_clk)
Path Group: i_clk
Path Type: min

Fanout         Cap        Slew       Delay        Time   Description
---------------------------------------------------------------------------------------------
                                  0.000000    0.000000   clock i_clk (rise edge)
                                  0.000000    0.000000   clock source latency
     1    0.010862    0.087040    0.056751    0.056751 ^ i_clk (in)
                      0.087041    0.000000    0.056751 ^ clkbuf_0_i_clk/A (sky130_fd_sc_hd__clkbuf_16)
     2    0.019421    0.066709    0.228407    0.285158 ^ clkbuf_0_i_clk/X (sky130_fd_sc_hd__clkbuf_16)
                      0.066723    0.000588    0.285746 ^ clkbuf_1_0__f_i_clk/A (sky130_fd_sc_hd__clkbuf_16)
     2    0.005126    0.047978    0.196866    0.482612 ^ clkbuf_1_0__f_i_clk/X (sky130_fd_sc_hd__clkbuf_16)
                      0.047978    0.000131    0.482743 ^ _17_/CLK (sky130_fd_sc_hd__dfrtp_1)
     3    0.010055    0.166497    0.706577    1.189320 ^ _17_/Q (sky130_fd_sc_hd__dfrtp_1)
                      0.166497    0.000359    1.189679 ^ output5/A (sky130_fd_sc_hd__buf_2)
     1    0.034712    0.275664    0.390882    1.580561 ^ output5/X (sky130_fd_sc_hd__buf_2)
                      0.275664    0.000867    1.581427 ^ uo_out[2] (out)
                                              1.581427   data arrival time

                                  0.000000    0.000000   clock i_clk (rise edge)
                                  0.000000    0.000000   clock network delay (propagated)
                                  0.250000    0.250000   clock uncertainty
                                  0.000000    0.250000   clock reconvergence pessimism
                                 -0.020000    0.230000   output external delay
                                              0.230000   data required time
---------------------------------------------------------------------------------------------
                                              0.230000   data required time
                                             -1.581427   data arrival time
---------------------------------------------------------------------------------------------
                                              1.351427   slack (MET)


Startpoint: _19_ (rising edge-triggered flip-flop clocked by i_clk)
Endpoint: uo_out[0] (output port clocked by i_clk)
Path Group: i_clk
Path Type: min

Fanout         Cap        Slew       Delay        Time   Description
---------------------------------------------------------------------------------------------
                                  0.000000    0.000000   clock i_clk (rise edge)
                                  0.000000    0.000000   clock source latency
     1    0.010862    0.087040    0.056751    0.056751 ^ i_clk (in)
                      0.087041    0.000000    0.056751 ^ clkbuf_0_i_clk/A (sky130_fd_sc_hd__clkbuf_16)
     2    0.019421    0.066709    0.228407    0.285158 ^ clkbuf_0_i_clk/X (sky130_fd_sc_hd__clkbuf_16)
                      0.066723    0.000565    0.285723 ^ clkbuf_1_1__f_i_clk/A (sky130_fd_sc_hd__clkbuf_16)
     2    0.005826    0.048932    0.198193    0.483916 ^ clkbuf_1_1__f_i_clk/X (sky130_fd_sc_hd__clkbuf_16)
                      0.048933    0.000150    0.484065 ^ _19_/CLK (sky130_fd_sc_hd__dfrtp_1)
     5    0.013053    0.203026    0.738727    1.222792 ^ _19_/Q (sky130_fd_sc_hd__dfrtp_1)
                      0.203026    0.000258    1.223050 ^ output3/A (sky130_fd_sc_hd__buf_2)
     1    0.034550    0.274520    0.407179    1.630229 ^ output3/X (sky130_fd_sc_hd__buf_2)
                      0.274520    0.000832    1.631061 ^ uo_out[0] (out)
                                              1.631061   data arrival time

                                  0.000000    0.000000   clock i_clk (rise edge)
                                  0.000000    0.000000   clock network delay (propagated)
                                  0.250000    0.250000   clock uncertainty
                                  0.000000    0.250000   clock reconvergence pessimism
                                 -0.020000    0.230000   output external delay
                                              0.230000   data required time
---------------------------------------------------------------------------------------------
                                              0.230000   data required time
                                             -1.631061   data arrival time
---------------------------------------------------------------------------------------------
                                              1.401061   slack (MET)


Startpoint: _16_ (rising edge-triggered flip-flop clocked by i_clk)
Endpoint: uo_out[1] (output port clocked by i_clk)
Path Group: i_clk
Path Type: min

Fanout         Cap        Slew       Delay        Time   Description
---------------------------------------------------------------------------------------------
                                  0.000000    0.000000   clock i_clk (rise edge)
                                  0.000000    0.000000   clock source latency
     1    0.010862    0.087040    0.056751    0.056751 ^ i_clk (in)
                      0.087041    0.000000    0.056751 ^ clkbuf_0_i_clk/A (sky130_fd_sc_hd__clkbuf_16)
     2    0.019421    0.066709    0.228407    0.285158 ^ clkbuf_0_i_clk/X (sky130_fd_sc_hd__clkbuf_16)
                      0.066723    0.000565    0.285723 ^ clkbuf_1_1__f_i_clk/A (sky130_fd_sc_hd__clkbuf_16)
     2    0.005826    0.048932    0.198193    0.483916 ^ clkbuf_1_1__f_i_clk/X (sky130_fd_sc_hd__clkbuf_16)
                      0.048933    0.000146    0.484061 ^ _16_/CLK (sky130_fd_sc_hd__dfrtp_1)
     4    0.014675    0.221636    0.754626    1.238687 ^ _16_/Q (sky130_fd_sc_hd__dfrtp_1)
                      0.221636    0.000354    1.239041 ^ output4/A (sky130_fd_sc_hd__buf_2)
     1    0.034864    0.276903    0.417552    1.656594 ^ output4/X (sky130_fd_sc_hd__buf_2)
                      0.276903    0.000874    1.657468 ^ uo_out[1] (out)
                                              1.657468   data arrival time

                                  0.000000    0.000000   clock i_clk (rise edge)
                                  0.000000    0.000000   clock network delay (propagated)
                                  0.250000    0.250000   clock uncertainty
                                  0.000000    0.250000   clock reconvergence pessimism
                                 -0.020000    0.230000   output external delay
                                              0.230000   data required time
---------------------------------------------------------------------------------------------
                                              0.230000   data required time
                                             -1.657468   data arrival time
---------------------------------------------------------------------------------------------
                                              1.427468   slack (MET)


Startpoint: _16_ (rising edge-triggered flip-flop clocked by i_clk)
Endpoint: _16_ (rising edge-triggered flip-flop clocked by i_clk)
Path Group: i_clk
Path Type: min

Fanout         Cap        Slew       Delay        Time   Description
---------------------------------------------------------------------------------------------
                                  0.000000    0.000000   clock i_clk (rise edge)
                                  0.000000    0.000000   clock source latency
     1    0.010862    0.087040    0.056751    0.056751 ^ i_clk (in)
                      0.087041    0.000000    0.056751 ^ clkbuf_0_i_clk/A (sky130_fd_sc_hd__clkbuf_16)
     2    0.019421    0.066709    0.228407    0.285158 ^ clkbuf_0_i_clk/X (sky130_fd_sc_hd__clkbuf_16)
                      0.066723    0.000565    0.285723 ^ clkbuf_1_1__f_i_clk/A (sky130_fd_sc_hd__clkbuf_16)
     2    0.005826    0.048932    0.198193    0.483916 ^ clkbuf_1_1__f_i_clk/X (sky130_fd_sc_hd__clkbuf_16)
                      0.048933    0.000146    0.484061 ^ _16_/CLK (sky130_fd_sc_hd__dfrtp_1)
     4    0.014675    0.221636    0.754626    1.238687 ^ _16_/Q (sky130_fd_sc_hd__dfrtp_1)
                      0.221636    0.000608    1.239295 ^ _09_/A (sky130_fd_sc_hd__xnor2_1)
     1    0.002277    0.067503    0.248478    1.487773 ^ _09_/Y (sky130_fd_sc_hd__xnor2_1)
                      0.067503    0.000066    1.487839 ^ hold4/A (sky130_fd_sc_hd__dlygate4sd3_1)
     1    0.002579    0.089109    1.036344    2.524183 ^ hold4/X (sky130_fd_sc_hd__dlygate4sd3_1)
                      0.089109    0.000073    2.524256 ^ _16_/D (sky130_fd_sc_hd__dfrtp_1)
                                              2.524256   data arrival time

                                  0.000000    0.000000   clock i_clk (rise edge)
                                  0.000000    0.000000   clock source latency
     1    0.010862    0.087040    0.056751    0.056751 ^ i_clk (in)
                      0.087041    0.000000    0.056751 ^ clkbuf_0_i_clk/A (sky130_fd_sc_hd__clkbuf_16)
     2    0.019421    0.066709    0.228407    0.285158 ^ clkbuf_0_i_clk/X (sky130_fd_sc_hd__clkbuf_16)
                      0.066723    0.000565    0.285723 ^ clkbuf_1_1__f_i_clk/A (sky130_fd_sc_hd__clkbuf_16)
     2    0.005826    0.048932    0.198193    0.483916 ^ clkbuf_1_1__f_i_clk/X (sky130_fd_sc_hd__clkbuf_16)
                      0.048933    0.000146    0.484061 ^ _16_/CLK (sky130_fd_sc_hd__dfrtp_1)
                                  0.250000    0.734061   clock uncertainty
                                  0.000000    0.734061   clock reconvergence pessimism
                                 -0.084761    0.649301   library hold time
                                              0.649301   data required time
---------------------------------------------------------------------------------------------
                                              0.649301   data required time
                                             -2.524256   data arrival time
---------------------------------------------------------------------------------------------
                                              1.874955   slack (MET)



