
Circuit 1 cell sky130_fd_pr__nfet_01v8 and Circuit 2 cell sky130_fd_pr__nfet_01v8 are black boxes.
Warning: Equate pins:  cell sky130_fd_pr__nfet_01v8 is a placeholder, treated as a black box.
Warning: Equate pins:  cell sky130_fd_pr__nfet_01v8 is a placeholder, treated as a black box.

Subcircuit pins:
Circuit 1: sky130_fd_pr__nfet_01v8         |Circuit 2: sky130_fd_pr__nfet_01v8         
-------------------------------------------|-------------------------------------------
1                                          |1                                          
2                                          |2                                          
3                                          |3                                          
4                                          |4                                          
---------------------------------------------------------------------------------------
Cell pin lists are equivalent.
Device classes sky130_fd_pr__nfet_01v8 and sky130_fd_pr__nfet_01v8 are equivalent.

Circuit 1 cell sky130_fd_pr__pfet_01v8 and Circuit 2 cell sky130_fd_pr__pfet_01v8 are black boxes.
Warning: Equate pins:  cell sky130_fd_pr__pfet_01v8 is a placeholder, treated as a black box.
Warning: Equate pins:  cell sky130_fd_pr__pfet_01v8 is a placeholder, treated as a black box.

Subcircuit pins:
Circuit 1: sky130_fd_pr__pfet_01v8         |Circuit 2: sky130_fd_pr__pfet_01v8         
-------------------------------------------|-------------------------------------------
1                                          |1                                          
2                                          |2                                          
3                                          |3                                          
4                                          |4                                          
---------------------------------------------------------------------------------------
Cell pin lists are equivalent.
Device classes sky130_fd_pr__pfet_01v8 and sky130_fd_pr__pfet_01v8 are equivalent.
Flattening unmatched subcell sh_bank_sw in circuit sample_hold_bank (1)(3 instances)

Cell sample_hold_bank_flat (0) disconnected node: in0
Cell sample_hold_bank_flat (0) disconnected node: in1
Cell sample_hold_bank_flat (0) disconnected node: in2
Cell sample_hold_bank_flat (0) disconnected node: vdd
Class sample_hold_bank_flat (0):  Merged 10 parallel devices.
Cell sample_hold_bank_flat (0) disconnected node: in0
Cell sample_hold_bank_flat (0) disconnected node: in1
Cell sample_hold_bank_flat (0) disconnected node: in2
Cell sample_hold_bank_flat (0) disconnected node: vdd
Subcircuit summary:
Circuit 1: sample_hold_bank_flat           |Circuit 2: sample_hold_bank                
-------------------------------------------|-------------------------------------------
sky130_fd_pr__nfet_01v8 (6->3)             |sky130_fd_pr__nfet_01v8 (4) **Mismatch**   
sky130_fd_pr__pfet_01v8 (11->6)            |sky130_fd_pr__pfet_01v8 (4) **Mismatch**   
sky130_fd_pr__cap_mim_m3_1 (5->3)          |(no matching element)                      
Number of devices: 12 **Mismatch**         |Number of devices: 8 **Mismatch**          
Number of nets: 23 **Mismatch**            |Number of nets: 10 **Mismatch**            
---------------------------------------------------------------------------------------
NET mismatches: Class fragments follow (with fanout counts):
Circuit 1: sample_hold_bank_flat           |Circuit 2: sample_hold_bank                

---------------------------------------------------------------------------------------
Net: a_1150_2781#                          |Net: in0                                   
  sky130_fd_pr__nfet_01v8/(1|3) = 1        |  sky130_fd_pr__nfet_01v8/(1|3) = 1        
                                           |  sky130_fd_pr__pfet_01v8/(1|3) = 1        
                                           |                                           
Net: out0                                  |Net: out0                                  
  sky130_fd_pr__nfet_01v8/(1|3) = 1        |  sky130_fd_pr__nfet_01v8/(1|3) = 1        
  sky130_fd_pr__cap_mim_m3_1/2 = 1         |  sky130_fd_pr__pfet_01v8/(1|3) = 1        
                                           |                                           
Net: a_4750_2781#                          |Net: in1                                   
  sky130_fd_pr__nfet_01v8/(1|3) = 1        |  sky130_fd_pr__nfet_01v8/(1|3) = 1        
                                           |  sky130_fd_pr__pfet_01v8/(1|3) = 1        
                                           |                                           
Net: a_10082_2881#                         |Net: out1                                  
  sky130_fd_pr__nfet_01v8/(1|3) = 1        |  sky130_fd_pr__nfet_01v8/(1|3) = 1        
                                           |  sky130_fd_pr__pfet_01v8/(1|3) = 1        
                                           |                                           
Net: a_1102_3013#                          |Net: in2                                   
  sky130_fd_pr__nfet_01v8/2 = 1            |  sky130_fd_pr__nfet_01v8/(1|3) = 1        
                                           |  sky130_fd_pr__pfet_01v8/(1|3) = 1        
                                           |                                           
Net: out2                                  |Net: out2                                  
  sky130_fd_pr__nfet_01v8/(1|3) = 1        |  sky130_fd_pr__nfet_01v8/(1|3) = 1        
  sky130_fd_pr__pfet_01v8/(1|3) = 5        |  sky130_fd_pr__pfet_01v8/(1|3) = 1        
  sky130_fd_pr__cap_mim_m3_1/2 = 1         |                                           
  sky130_fd_pr__pfet_01v8/2 = 3            |                                           
  sky130_fd_pr__nfet_01v8/2 = 1            |                                           
                                           |                                           
Net: w_8070_3634#                          |Net: sh_ctrl_b                             
  sky130_fd_pr__pfet_01v8/4 = 1            |  sky130_fd_pr__nfet_01v8/(1|3) = 1        
                                           |  sky130_fd_pr__pfet_01v8/(1|3) = 1        
                                           |  sky130_fd_pr__pfet_01v8/2 = 3            
                                           |                                           
Net: w_4470_3634#                          |Net: sh_ctrl                               
  sky130_fd_pr__pfet_01v8/4 = 1            |  sky130_fd_pr__nfet_01v8/2 = 4            
                                           |  sky130_fd_pr__pfet_01v8/2 = 1            
                                           |                                           
Net: vss                                   |Net: vss                                   
  sky130_fd_pr__nfet_01v8/4 = 3            |  sky130_fd_pr__nfet_01v8/4 = 4            
                                           |  sky130_fd_pr__nfet_01v8/(1|3) = 1        
                                           |                                           
Net: w_870_3634#                           |Net: vdd                                   
  sky130_fd_pr__pfet_01v8/4 = 1            |  sky130_fd_pr__pfet_01v8/(1|3) = 1        
                                           |  sky130_fd_pr__pfet_01v8/4 = 4            
                                           |                                           
Net: w_15270_3634#                         |(no matching net)                          
  sky130_fd_pr__pfet_01v8/4 = 1            |                                           
                                           |                                           
Net: w_10006_3410#                         |(no matching net)                          
  sky130_fd_pr__pfet_01v8/4 = 1            |                                           
                                           |                                           
Net: c1_11200_300#                         |(no matching net)                          
  sky130_fd_pr__cap_mim_m3_1/1 = 1         |                                           
                                           |                                           
Net: c1_400_300#                           |(no matching net)                          
  sky130_fd_pr__cap_mim_m3_1/1 = 1         |                                           
                                           |                                           
Net: c1_4000_300#                          |(no matching net)                          
  sky130_fd_pr__cap_mim_m3_1/1 = 1         |                                           
                                           |                                           
Net: m3_372_272#                           |(no matching net)                          
  sky130_fd_pr__cap_mim_m3_1/2 = 1         |                                           
                                           |                                           
Net: a_10082_3536#                         |(no matching net)                          
  sky130_fd_pr__pfet_01v8/(1|3) = 1        |                                           
                                           |                                           
Net: w_11670_3634#                         |(no matching net)                          
  sky130_fd_pr__pfet_01v8/4 = 1            |                                           
                                           |                                           
Net: a_4546_3760#                          |(no matching net)                          
  sky130_fd_pr__pfet_01v8/(1|3) = 2        |                                           
  sky130_fd_pr__pfet_01v8/2 = 1            |                                           
                                           |                                           
Net: a_946_3760#                           |(no matching net)                          
  sky130_fd_pr__pfet_01v8/(1|3) = 2        |                                           
  sky130_fd_pr__pfet_01v8/2 = 1            |                                           
                                           |                                           
Net: a_15346_3760#                         |(no matching net)                          
  sky130_fd_pr__pfet_01v8/(1|3) = 2        |                                           
  sky130_fd_pr__pfet_01v8/2 = 1            |                                           
                                           |                                           
Net: a_4702_3013#                          |(no matching net)                          
  sky130_fd_pr__nfet_01v8/2 = 1            |                                           
                                           |                                           
Net: a_1014_2781#                          |(no matching net)                          
  sky130_fd_pr__nfet_01v8/(1|3) = 1        |                                           
---------------------------------------------------------------------------------------
DEVICE mismatches: Class fragments follow (with node fanout counts):
Circuit 1: sample_hold_bank_flat           |Circuit 2: sample_hold_bank                

---------------------------------------------------------------------------------------
Instance: sky130_fd_pr__nfet_01v8:0        |Instance: sky130_fd_pr__nfet_01v8:inv_ctrl 
  (1,3) = (1,1)                            |  (1,3) = (5,5)                            
  2 = 1                                    |  2 = 5                                    
  4 = 3                                    |  4 = 5                                    
                                           |                                           
Instance: sky130_fd_pr__nfet_01v8:5        |Instance: sh_bank_sw:sw0/sky130_fd_pr__nfe 
  (1,3) = (2,1)                            |  (1,3) = (2,2)                            
  2 = 1                                    |  2 = 5                                    
  4 = 3                                    |  4 = 5                                    
                                           |                                           
Instance: sky130_fd_pr__nfet_01v8:17       |Instance: sh_bank_sw:sw1/sky130_fd_pr__nfe 
  (1,3) = (11,1)                           |  (1,3) = (2,2)                            
  2 = 11                                   |  2 = 5                                    
  4 = 3                                    |  4 = 5                                    
                                           |                                           
Instance: sky130_fd_pr__pfet_01v8:1        |Instance: sh_bank_sw:sw2/sky130_fd_pr__nfe 
  (1,3) = (11,11)                          |  (1,3) = (2,2)                            
  2 = 11                                   |  2 = 5                                    
  4 = 1                                    |  4 = 5                                    
                                           |                                           
Instance: sky130_fd_pr__pfet_01v8:2        |Instance: sky130_fd_pr__pfet_01v8:inv_ctrl 
  (1,3) = (3,3)                            |  (1,3) = (5,5)                            
  2 = 3                                    |  2 = 5                                    
  4 = 1                                    |  4 = 5                                    
                                           |                                           
Instance: sky130_fd_pr__pfet_01v8:3        |Instance: sh_bank_sw:sw0/sky130_fd_pr__pfe 
  (1,3) = (11,11)                          |  (1,3) = (2,2)                            
  2 = 11                                   |  2 = 5                                    
  4 = 1                                    |  4 = 5                                    
                                           |                                           
Instance: sky130_fd_pr__pfet_01v8:4        |Instance: sh_bank_sw:sw1/sky130_fd_pr__pfe 
  (1,3) = (3,3)                            |  (1,3) = (2,2)                            
  2 = 3                                    |  2 = 5                                    
  4 = 1                                    |  4 = 5                                    
                                           |                                           
Instance: sky130_fd_pr__pfet_01v8:8        |Instance: sh_bank_sw:sw2/sky130_fd_pr__pfe 
  (1,3) = (3,3)                            |  (1,3) = (2,2)                            
  2 = 3                                    |  2 = 5                                    
  4 = 1                                    |  4 = 5                                    
                                           |                                           
Instance: sky130_fd_pr__pfet_01v8:15       |(no matching instance)                     
  (1,3) = (11,1)                           |                                           
  2 = 11                                   |                                           
  4 = 1                                    |                                           
                                           |                                           
                                           |                                           
Instance: sky130_fd_pr__cap_mim_m3_1:6     |(no matching instance)                     
  1 = 1                                    |                                           
  2 = 11                                   |                                           
                                           |                                           
Instance: sky130_fd_pr__cap_mim_m3_1:7     |(no matching instance)                     
  1 = 1                                    |                                           
  2 = 1                                    |                                           
                                           |                                           
Instance: sky130_fd_pr__cap_mim_m3_1:12    |(no matching instance)                     
  1 = 1                                    |                                           
  2 = 2                                    |                                           
---------------------------------------------------------------------------------------
Netlists do not match.
Port matching may fail to disambiguate symmetries.

Subcircuit pins:
Circuit 1: sample_hold_bank_flat           |Circuit 2: sample_hold_bank                
-------------------------------------------|-------------------------------------------
Cell pin lists are equivalent.
Device classes sample_hold_bank_flat and sample_hold_bank are equivalent.

Final result: Netlists do not match.
Port matching may fail to disambiguate symmetries.
