2 Lint warnings found.
'PNR_SDC_FILE' is not defined. Using generic fallback SDC for OpenROAD PnR steps.
'SIGNOFF_SDC_FILE' is not defined. Using generic fallback SDC for OpenROAD PnR steps.
[PDN-0211] Option -starts_with cannot be used with -followpins and will be ignored.
2 power grid violations (as reported by OpenROAD PSM- you may ignore these if LVS passes) found.
[STA-0168] unknown field nets.
[STA-0503] report_checks -group_count is deprecated. Use -group_path_count instead.
[STA-0168] unknown field nets.
[STA-0503] report_checks -group_count is deprecated. Use -group_path_count instead.
[STA-0168] unknown field nets.
[STA-0168] unknown field nets.
[STA-0503] find_timing_paths -group_count is deprecated. Use -group_path_count instead.
[STA-0503] find_timing_paths -group_count is deprecated. Use -group_path_count instead.
[STA-0503] find_timing_paths -group_count is deprecated. Use -group_path_count instead.
[STA-0503] find_timing_paths -group_count is deprecated. Use -group_path_count instead.
[STA-0168] unknown field nets.
[STA-0503] report_checks -group_count is deprecated. Use -group_path_count instead.
[STA-0168] unknown field nets.
[STA-0503] report_checks -group_count is deprecated. Use -group_path_count instead.
[STA-0168] unknown field nets.
[STA-0168] unknown field nets.
[STA-0503] find_timing_paths -group_count is deprecated. Use -group_path_count instead.
[STA-0503] find_timing_paths -group_count is deprecated. Use -group_path_count instead.
[STA-0503] find_timing_paths -group_count is deprecated. Use -group_path_count instead.
[STA-0503] find_timing_paths -group_count is deprecated. Use -group_path_count instead.
[STA-0168] unknown field nets.
[STA-0503] report_checks -group_count is deprecated. Use -group_path_count instead.
[STA-0168] unknown field nets.
[STA-0503] report_checks -group_count is deprecated. Use -group_path_count instead.
[STA-0168] unknown field nets.
[STA-0168] unknown field nets.
[STA-0503] find_timing_paths -group_count is deprecated. Use -group_path_count instead.
[STA-0503] find_timing_paths -group_count is deprecated. Use -group_path_count instead.
[STA-0503] find_timing_paths -group_count is deprecated. Use -group_path_count instead.
[STA-0503] find_timing_paths -group_count is deprecated. Use -group_path_count instead.
[STA-0168] unknown field nets.
[STA-0503] report_checks -group_count is deprecated. Use -group_path_count instead.
[STA-0168] unknown field nets.
[STA-0503] report_checks -group_count is deprecated. Use -group_path_count instead.
[STA-0168] unknown field nets.
[STA-0168] unknown field nets.
[STA-0503] find_timing_paths -group_count is deprecated. Use -group_path_count instead.
[STA-0503] find_timing_paths -group_count is deprecated. Use -group_path_count instead.
[STA-0503] find_timing_paths -group_count is deprecated. Use -group_path_count instead.
[STA-0503] find_timing_paths -group_count is deprecated. Use -group_path_count instead.
[DRT-0349] LEF58_ENCLOSURE with no CUTCLASS is not supported. Skipping for layer mcon
[DRT-0349] LEF58_ENCLOSURE with no CUTCLASS is not supported. Skipping for layer mcon
[DRT-0349] LEF58_ENCLOSURE with no CUTCLASS is not supported. Skipping for layer via
[DRT-0349] LEF58_ENCLOSURE with no CUTCLASS is not supported. Skipping for layer via
[DRT-0349] LEF58_ENCLOSURE with no CUTCLASS is not supported. Skipping for layer via2
[DRT-0349] LEF58_ENCLOSURE with no CUTCLASS is not supported. Skipping for layer via2
[DRT-0349] LEF58_ENCLOSURE with no CUTCLASS is not supported. Skipping for layer via3
[DRT-0349] LEF58_ENCLOSURE with no CUTCLASS is not supported. Skipping for layer via3
[DRT-0349] LEF58_ENCLOSURE with no CUTCLASS is not supported. Skipping for layer via4
[DRT-0349] LEF58_ENCLOSURE with no CUTCLASS is not supported. Skipping for layer via4
Threshold for Threshold-surpassing long wires is not set. The checker will be skipped.
'VSRC_LOC_FILES' was not given a value, which may make the results of IR drop analysis inaccurate. If you are not integrating a top-level chip for manufacture, you may ignore this warning, otherwise, see the documentation for 'VSRC_LOC_FILES'.
Cell 'tt_if' has (16) input pin(s) without antenna gate information. They might not be connected to a gate.
Cell 'tt_if' has (20) output pin(s) without antenna diffusion information. They might not be driven.
