
Circuit 1 cell sky130_fd_pr__pfet_01v8 and Circuit 2 cell sky130_fd_pr__pfet_01v8 are black boxes.
Warning: Equate pins:  cell sky130_fd_pr__pfet_01v8 is a placeholder, treated as a black box.
Warning: Equate pins:  cell sky130_fd_pr__pfet_01v8 is a placeholder, treated as a black box.

Subcircuit pins:
Circuit 1: sky130_fd_pr__pfet_01v8         |Circuit 2: sky130_fd_pr__pfet_01v8         
-------------------------------------------|-------------------------------------------
1                                          |1                                          
2                                          |2                                          
3                                          |3                                          
4                                          |4                                          
---------------------------------------------------------------------------------------
Cell pin lists are equivalent.
Device classes sky130_fd_pr__pfet_01v8 and sky130_fd_pr__pfet_01v8 are equivalent.

Circuit 1 cell sky130_fd_pr__nfet_01v8 and Circuit 2 cell sky130_fd_pr__nfet_01v8 are black boxes.
Warning: Equate pins:  cell sky130_fd_pr__nfet_01v8 is a placeholder, treated as a black box.
Warning: Equate pins:  cell sky130_fd_pr__nfet_01v8 is a placeholder, treated as a black box.

Subcircuit pins:
Circuit 1: sky130_fd_pr__nfet_01v8         |Circuit 2: sky130_fd_pr__nfet_01v8         
-------------------------------------------|-------------------------------------------
1                                          |1                                          
2                                          |2                                          
3                                          |3                                          
4                                          |4                                          
---------------------------------------------------------------------------------------
Cell pin lists are equivalent.
Device classes sky130_fd_pr__nfet_01v8 and sky130_fd_pr__nfet_01v8 are equivalent.

Class strongarm_flat (0):  Merged 32 parallel devices.
Subcircuit summary:
Circuit 1: strongarm_flat                  |Circuit 2: strongarm                       
-------------------------------------------|-------------------------------------------
sky130_fd_pr__pfet_01v8 (16->1)            |sky130_fd_pr__pfet_01v8 (4) **Mismatch**   
sky130_fd_pr__nfet_01v8 (21->4)            |sky130_fd_pr__nfet_01v8 (5) **Mismatch**   
Number of devices: 5 **Mismatch**          |Number of devices: 9 **Mismatch**          
Number of nets: 7 **Mismatch**             |Number of nets: 10 **Mismatch**            
---------------------------------------------------------------------------------------
NET mismatches: Class fragments follow (with fanout counts):
Circuit 1: strongarm_flat                  |Circuit 2: strongarm                       

---------------------------------------------------------------------------------------
Net: VSS                                   |Net: vss                                   
  sky130_fd_pr__nfet_01v8/(1|3) = 3        |  sky130_fd_pr__nfet_01v8/(1|3) = 1        
  sky130_fd_pr__nfet_01v8/4 = 4            |  sky130_fd_pr__nfet_01v8/4 = 5            
  sky130_fd_pr__pfet_01v8/2 = 1            |                                           
  sky130_fd_pr__pfet_01v8/(1|3) = 2        |                                           
  sky130_fd_pr__nfet_01v8/2 = 2            |                                           
                                           |                                           
Net: w_n2114_1605#                         |Net: tail                                  
  sky130_fd_pr__pfet_01v8/4 = 1            |  sky130_fd_pr__nfet_01v8/(1|3) = 3        
                                           |                                           
Net: VINN                                  |Net: vinn                                  
  sky130_fd_pr__nfet_01v8/2 = 1            |  sky130_fd_pr__nfet_01v8/2 = 1            
                                           |                                           
Net: VINP                                  |Net: vinp                                  
  sky130_fd_pr__nfet_01v8/2 = 1            |  sky130_fd_pr__nfet_01v8/2 = 1            
                                           |                                           
Net: a_n121_n42#                           |Net: clk                                   
  sky130_fd_pr__nfet_01v8/(1|3) = 1        |  sky130_fd_pr__nfet_01v8/2 = 1            
                                           |  sky130_fd_pr__pfet_01v8/2 = 2            
                                           |                                           
(no matching net)                          |Net: outp                                  
                                           |  sky130_fd_pr__nfet_01v8/(1|3) = 1        
                                           |  sky130_fd_pr__nfet_01v8/2 = 1            
                                           |  sky130_fd_pr__pfet_01v8/(1|3) = 2        
                                           |  sky130_fd_pr__pfet_01v8/2 = 1            
                                           |                                           
(no matching net)                          |Net: outn                                  
                                           |  sky130_fd_pr__nfet_01v8/2 = 1            
                                           |  sky130_fd_pr__nfet_01v8/(1|3) = 1        
                                           |  sky130_fd_pr__pfet_01v8/2 = 1            
                                           |  sky130_fd_pr__pfet_01v8/(1|3) = 2        
                                           |                                           
(no matching net)                          |Net: vdd                                   
                                           |  sky130_fd_pr__pfet_01v8/(1|3) = 4        
                                           |  sky130_fd_pr__pfet_01v8/4 = 4            
---------------------------------------------------------------------------------------

---------------------------------------------------------------------------------------
Net: a_n1269_805#                          |Net: drn_n                                 
  sky130_fd_pr__nfet_01v8/(1|3) = 2        |  sky130_fd_pr__nfet_01v8/(1|3) = 2        
                                           |                                           
Net: a_75_805#                             |Net: drn_p                                 
  sky130_fd_pr__nfet_01v8/(1|3) = 2        |  sky130_fd_pr__nfet_01v8/(1|3) = 2        
---------------------------------------------------------------------------------------
DEVICE mismatches: Class fragments follow (with node fanout counts):
Circuit 1: strongarm_flat                  |Circuit 2: strongarm                       

---------------------------------------------------------------------------------------
Instance: sky130_fd_pr__pfet_01v8:0        |Instance: sky130_fd_pr__pfet_01v8:xpp      
  (1,3) = (12,12)                          |  (1,3) = (8,5)                            
  2 = 12                                   |  2 = 5                                    
  4 = 1                                    |  4 = 8                                    
                                           |                                           
Instance: sky130_fd_pr__nfet_01v8:3        |Instance: sky130_fd_pr__pfet_01v8:xpn      
  (1,3) = (2,2)                            |  (1,3) = (8,5)                            
  2 = 1                                    |  2 = 5                                    
  4 = 12                                   |  4 = 8                                    
                                           |                                           
Instance: sky130_fd_pr__nfet_01v8:9        |Instance: sky130_fd_pr__pfet_01v8:rstp     
  (1,3) = (2,2)                            |  (1,3) = (8,5)                            
  2 = 1                                    |  2 = 3                                    
  4 = 12                                   |  4 = 8                                    
                                           |                                           
Instance: sky130_fd_pr__nfet_01v8:8        |Instance: sky130_fd_pr__pfet_01v8:rstn     
  (1,3) = (12,1)                           |  (1,3) = (8,5)                            
  2 = 12                                   |  2 = 3                                    
  4 = 12                                   |  4 = 8                                    
                                           |                                           
Instance: sky130_fd_pr__nfet_01v8:10       |Instance: sky130_fd_pr__nfet_01v8:tail     
  (1,3) = (12,12)                          |  (1,3) = (6,3)                            
  2 = 12                                   |  2 = 3                                    
  4 = 12                                   |  4 = 6                                    
                                           |                                           
(no matching instance)                     |Instance: sky130_fd_pr__nfet_01v8:inp      
                                           |  (1,3) = (3,2)                            
                                           |  2 = 1                                    
                                           |  4 = 6                                    
                                           |                                           
                                           |                                           
(no matching instance)                     |Instance: sky130_fd_pr__nfet_01v8:inn      
                                           |  (1,3) = (3,2)                            
                                           |  2 = 1                                    
                                           |  4 = 6                                    
                                           |                                           
                                           |                                           
(no matching instance)                     |Instance: sky130_fd_pr__nfet_01v8:xnp      
                                           |  (1,3) = (5,2)                            
                                           |  2 = 5                                    
                                           |  4 = 6                                    
                                           |                                           
                                           |                                           
(no matching instance)                     |Instance: sky130_fd_pr__nfet_01v8:xnn      
                                           |  (1,3) = (5,2)                            
                                           |  2 = 5                                    
                                           |  4 = 6                                    
                                           |                                           
---------------------------------------------------------------------------------------
Netlists do not match.
Port matching may fail to disambiguate symmetries.

Subcircuit pins:
Circuit 1: strongarm_flat                  |Circuit 2: strongarm                       
-------------------------------------------|-------------------------------------------
VSS                                        |vinp **Mismatch**                          
VINN                                       |(no pin, node is tail)                     
VINP                                       |clk **Mismatch**                           
(no pin, node is a_n121_n42#)              |vinn                                       
(no pin, node is a_n121_n42#)              |outp                                       
(no pin, node is a_n121_n42#)              |outn                                       
(no pin, node is a_n121_n42#)              |vdd                                        
(no pin, node is a_n121_n42#)              |vss                                        
---------------------------------------------------------------------------------------
Cell pin lists for strongarm_flat and strongarm altered to match.
Device classes strongarm_flat and strongarm are equivalent.

Final result: Top level cell failed pin matching.
