95. Printing statistics.

=== tt_if ===

   Number of wires:                 12
   Number of wire bits:             53
   Number of public wires:           8
   Number of public wire bits:      43
   Number of ports:                  8
   Number of port bits:             43
   Number of memories:               0
   Number of memory bits:            0
   Number of processes:              0
   Number of cells:                 10
     $_ANDNOT_                       1
     $_DFFE_PN0P_                    4
     $_NAND_                         1
     $_NOT_                          1
     $_XNOR_                         1
     $_XOR_                          2

   Area for cell type $_NOT_ is unknown!
   Area for cell type $_NAND_ is unknown!
   Area for cell type $_XOR_ is unknown!
   Area for cell type $_XNOR_ is unknown!
   Area for cell type $_ANDNOT_ is unknown!
   Area for cell type $_DFFE_PN0P_ is unknown!

