109. Printing statistics.

=== tt_if ===

   Number of wires:                 16
   Number of wire bits:             51
   Number of public wires:           8
   Number of public wire bits:      43
   Number of ports:                  8
   Number of port bits:             43
   Number of memories:               0
   Number of memory bits:            0
   Number of processes:              0
   Number of cells:                 32
     sky130_fd_sc_hd__a31o_2         1
     sky130_fd_sc_hd__and2_2         1
     sky130_fd_sc_hd__and2b_2        1
     sky130_fd_sc_hd__and4_2         1
     sky130_fd_sc_hd__conb_1        20
     sky130_fd_sc_hd__dfrtp_2        4
     sky130_fd_sc_hd__nand2_2        1
     sky130_fd_sc_hd__or2_2          1
     sky130_fd_sc_hd__xnor2_2        1
     sky130_fd_sc_hd__xor2_2         1

   Chip area for module '\tt_if': 260.249600
     of which used for sequential elements: 105.100800 (40.38%)

