                                                                       Cells by Function                                                                        
┏━━━━━━━━━━━━━━━━━━━━━━━━━━━━━━━━━━━━━━━━━━━━━━━━━━━━━━━━━━━━━━━━━━━━━━━━━━━━━━━━━━━━━━━━━━━━━━━━━━━━━━━━━━━━━━━━━━━━━━━━━━━━━━━━━┳━━━━━━━━━━━━━━━━━━━━━━━━━━━━┓
┃ Cell Function                                                                                                                   ┃ Count                      ┃
┡━━━━━━━━━━━━━━━━━━━━━━━━━━━━━━━━━━━━━━━━━━━━━━━━━━━━━━━━━━━━━━━━━━━━━━━━━━━━━━━━━━━━━━━━━━━━━━━━━━━━━━━━━━━━━━━━━━━━━━━━━━━━━━━━━╇━━━━━━━━━━━━━━━━━━━━━━━━━━━━┩
│ sky130_ef_sc_hd__decap                                                                                                          │ 3                          │
│ sky130_fd_sc_hd__a31o                                                                                                           │ 1                          │
│ sky130_fd_sc_hd__and2                                                                                                           │ 1                          │
│ sky130_fd_sc_hd__and2b                                                                                                          │ 1                          │
│ sky130_fd_sc_hd__and4                                                                                                           │ 1                          │
│ sky130_fd_sc_hd__buf                                                                                                            │ 4                          │
│ sky130_fd_sc_hd__clkbuf                                                                                                         │ 4                          │
│ sky130_fd_sc_hd__conb                                                                                                           │ 20                         │
│ sky130_fd_sc_hd__decap                                                                                                          │ 33                         │
│ sky130_fd_sc_hd__dfrtp                                                                                                          │ 4                          │
│ sky130_fd_sc_hd__dlygate4sd3                                                                                                    │ 5                          │
│ sky130_fd_sc_hd__dlymetal6s2s                                                                                                   │ 1                          │
│ sky130_fd_sc_hd__fill                                                                                                           │ 10                         │
│ sky130_fd_sc_hd__nand2                                                                                                          │ 1                          │
│ sky130_fd_sc_hd__or2                                                                                                            │ 1                          │
│ sky130_fd_sc_hd__tapvpwrvgnd                                                                                                    │ 5                          │
│ sky130_fd_sc_hd__xnor2                                                                                                          │ 1                          │
│ sky130_fd_sc_hd__xor2                                                                                                           │ 1                          │
└─────────────────────────────────────────────────────────────────────────────────────────────────────────────────────────────────┴────────────────────────────┘
