                                                                        Cells by Master                                                                         
┏━━━━━━━━━━━━━━━━━━━━━━━━━━━━━━━━━━━━━━━━━━━━━━━━━━━━━━━━━━━━━━━━━━━━━━━━━━━━━━━━━━━━━━━━━━━━━━━━━━━━━━━━━━━━━━━━━━━━━━━━━━━━━━━━━━┳━━━━━━━━━━━━━━━━━━━━━━━━━━━┓
┃ Cell                                                                                                                             ┃ Count                     ┃
┡━━━━━━━━━━━━━━━━━━━━━━━━━━━━━━━━━━━━━━━━━━━━━━━━━━━━━━━━━━━━━━━━━━━━━━━━━━━━━━━━━━━━━━━━━━━━━━━━━━━━━━━━━━━━━━━━━━━━━━━━━━━━━━━━━━╇━━━━━━━━━━━━━━━━━━━━━━━━━━━┩
│ sky130_ef_sc_hd__decap_12                                                                                                        │ 3                         │
│ sky130_fd_sc_hd__a31o_1                                                                                                          │ 1                         │
│ sky130_fd_sc_hd__and2_1                                                                                                          │ 1                         │
│ sky130_fd_sc_hd__and2b_1                                                                                                         │ 1                         │
│ sky130_fd_sc_hd__and4_1                                                                                                          │ 1                         │
│ sky130_fd_sc_hd__buf_2                                                                                                           │ 4                         │
│ sky130_fd_sc_hd__clkbuf_1                                                                                                        │ 1                         │
│ sky130_fd_sc_hd__clkbuf_16                                                                                                       │ 3                         │
│ sky130_fd_sc_hd__conb_1                                                                                                          │ 20                        │
│ sky130_fd_sc_hd__decap_3                                                                                                         │ 21                        │
│ sky130_fd_sc_hd__decap_4                                                                                                         │ 8                         │
│ sky130_fd_sc_hd__decap_6                                                                                                         │ 1                         │
│ sky130_fd_sc_hd__decap_8                                                                                                         │ 3                         │
│ sky130_fd_sc_hd__dfrtp_1                                                                                                         │ 4                         │
│ sky130_fd_sc_hd__dlygate4sd3_1                                                                                                   │ 5                         │
│ sky130_fd_sc_hd__dlymetal6s2s_1                                                                                                  │ 1                         │
│ sky130_fd_sc_hd__fill_1                                                                                                          │ 7                         │
│ sky130_fd_sc_hd__fill_2                                                                                                          │ 3                         │
│ sky130_fd_sc_hd__nand2_1                                                                                                         │ 1                         │
│ sky130_fd_sc_hd__or2_1                                                                                                           │ 1                         │
│ sky130_fd_sc_hd__tapvpwrvgnd_1                                                                                                   │ 5                         │
│ sky130_fd_sc_hd__xnor2_1                                                                                                         │ 1                         │
│ sky130_fd_sc_hd__xor2_1                                                                                                          │ 1                         │
└──────────────────────────────────────────────────────────────────────────────────────────────────────────────────────────────────┴───────────────────────────┘
