Clock: i_clk
Sources: i_clk 
Generated: no
Virtual: yes
Propagated: no
Period: 10.000000

===========================================================================
report_clock_properties
============================================================================
Clock                   Period          Waveform
----------------------------------------------------
i_clk                10.000000    0.000000  5.000000

===========================================================================
report_clock_latency
============================================================================
Clock i_clk
rise -> rise
    min     max
0.000000 0.000000 source latency
0.189425         network latency _17_/CLK
        0.190018 network latency _19_/CLK
---------------
0.189425 0.190018 latency
        0.000593 skew

fall -> fall
    min     max
0.000000 0.000000 source latency
0.189249         network latency _17_/CLK
        0.189794 network latency _19_/CLK
---------------
0.189249 0.189794 latency
        0.000545 skew



===========================================================================
report_clock_min_period
============================================================================
i_clk period_min = 1.06 fmax = 944.20
