
===========================================================================
report_checks -path_delay max (Setup)
============================================================================
======================= nom_ff_n40C_1v95 Corner ===================================

Warning: corner.tcl line 67, unknown field nets.
Warning: corner.tcl line 67, report_checks -group_count is deprecated. Use -group_path_count instead.
Startpoint: i_ena (input port clocked by i_clk)
Endpoint: _16_ (rising edge-triggered flip-flop clocked by i_clk)
Path Group: i_clk
Path Type: max

Fanout         Cap        Slew       Delay        Time   Description
---------------------------------------------------------------------------------------------
                                  0.000000    0.000000   clock i_clk (rise edge)
                                  0.000000    0.000000   clock network delay (propagated)
                                  0.020000    0.020000 ^ input external delay
     1    0.002512    0.012893    0.006484    0.026484 ^ i_ena (in)
                      0.012893    0.000000    0.026484 ^ hold3/A (sky130_fd_sc_hd__dlygate4sd3_1)
     1    0.002313    0.034440    0.363440    0.389923 ^ hold3/X (sky130_fd_sc_hd__dlygate4sd3_1)
                      0.034440    0.000044    0.389967 ^ input1/A (sky130_fd_sc_hd__clkbuf_1)
     4    0.010449    0.096444    0.097441    0.487408 ^ input1/X (sky130_fd_sc_hd__clkbuf_1)
                      0.096444    0.000115    0.487523 ^ _08_/B (sky130_fd_sc_hd__nand2_1)
     2    0.006454    0.045099    0.051080    0.538604 v _08_/Y (sky130_fd_sc_hd__nand2_1)
                      0.045100    0.000121    0.538725 v _09_/B (sky130_fd_sc_hd__xnor2_1)
     1    0.002319    0.033668    0.078800    0.617525 v _09_/Y (sky130_fd_sc_hd__xnor2_1)
                      0.033668    0.000067    0.617592 v hold4/A (sky130_fd_sc_hd__dlygate4sd3_1)
     1    0.002785    0.038007    0.360825    0.978417 v hold4/X (sky130_fd_sc_hd__dlygate4sd3_1)
                      0.038007    0.000080    0.978497 v _16_/D (sky130_fd_sc_hd__dfrtp_1)
                                              0.978497   data arrival time

                                 10.000000   10.000000   clock i_clk (rise edge)
                                  0.000000   10.000000   clock source latency
     1    0.010931    0.041688    0.027418   10.027418 ^ i_clk (in)
                      0.041692    0.000000   10.027418 ^ clkbuf_0_i_clk/A (sky130_fd_sc_hd__clkbuf_16)
     2    0.019559    0.030887    0.087157   10.114575 ^ clkbuf_0_i_clk/X (sky130_fd_sc_hd__clkbuf_16)
                      0.030890    0.000569   10.115145 ^ clkbuf_1_1__f_i_clk/A (sky130_fd_sc_hd__clkbuf_16)
     2    0.006196    0.021819    0.074714   10.189858 ^ clkbuf_1_1__f_i_clk/X (sky130_fd_sc_hd__clkbuf_16)
                      0.021819    0.000156   10.190015 ^ _16_/CLK (sky130_fd_sc_hd__dfrtp_1)
                                 -0.250000    9.940015   clock uncertainty
                                  0.000000    9.940015   clock reconvergence pessimism
                                 -0.075570    9.864444   library setup time
                                              9.864444   data required time
---------------------------------------------------------------------------------------------
                                              9.864444   data required time
                                             -0.978497   data arrival time
---------------------------------------------------------------------------------------------
                                              8.885947   slack (MET)


Startpoint: _18_ (rising edge-triggered flip-flop clocked by i_clk)
Endpoint: _18_ (rising edge-triggered flip-flop clocked by i_clk)
Path Group: i_clk
Path Type: max

Fanout         Cap        Slew       Delay        Time   Description
---------------------------------------------------------------------------------------------
                                  0.000000    0.000000   clock i_clk (rise edge)
                                  0.000000    0.000000   clock source latency
     1    0.010931    0.041688    0.027418    0.027418 ^ i_clk (in)
                      0.041692    0.000000    0.027418 ^ clkbuf_0_i_clk/A (sky130_fd_sc_hd__clkbuf_16)
     2    0.019559    0.030887    0.087157    0.114575 ^ clkbuf_0_i_clk/X (sky130_fd_sc_hd__clkbuf_16)
                      0.030891    0.000592    0.115167 ^ clkbuf_1_0__f_i_clk/A (sky130_fd_sc_hd__clkbuf_16)
     2    0.005496    0.021335    0.074116    0.189284 ^ clkbuf_1_0__f_i_clk/X (sky130_fd_sc_hd__clkbuf_16)
                      0.021336    0.000177    0.189461 ^ _18_/CLK (sky130_fd_sc_hd__dfrtp_1)
     2    0.005843    0.037592    0.229919    0.419379 v _18_/Q (sky130_fd_sc_hd__dfrtp_1)
                      0.037592    0.000125    0.419504 v hold5/A (sky130_fd_sc_hd__dlygate4sd3_1)
     1    0.005672    0.048170    0.376391    0.795896 v hold5/X (sky130_fd_sc_hd__dlygate4sd3_1)
                      0.048170    0.000180    0.796076 v _13_/A (sky130_fd_sc_hd__xor2_1)
     1    0.002638    0.031521    0.102443    0.898519 v _13_/X (sky130_fd_sc_hd__xor2_1)
                      0.031521    0.000054    0.898573 v _18_/D (sky130_fd_sc_hd__dfrtp_1)
                                              0.898573   data arrival time

                                 10.000000   10.000000   clock i_clk (rise edge)
                                  0.000000   10.000000   clock source latency
     1    0.010931    0.041688    0.027418   10.027418 ^ i_clk (in)
                      0.041692    0.000000   10.027418 ^ clkbuf_0_i_clk/A (sky130_fd_sc_hd__clkbuf_16)
     2    0.019559    0.030887    0.087157   10.114575 ^ clkbuf_0_i_clk/X (sky130_fd_sc_hd__clkbuf_16)
                      0.030891    0.000592   10.115168 ^ clkbuf_1_0__f_i_clk/A (sky130_fd_sc_hd__clkbuf_16)
     2    0.005496    0.021335    0.074116   10.189283 ^ clkbuf_1_0__f_i_clk/X (sky130_fd_sc_hd__clkbuf_16)
                      0.021336    0.000178   10.189461 ^ _18_/CLK (sky130_fd_sc_hd__dfrtp_1)
                                 -0.250000    9.939461   clock uncertainty
                                  0.000000    9.939461   clock reconvergence pessimism
                                 -0.073300    9.866161   library setup time
                                              9.866161   data required time
---------------------------------------------------------------------------------------------
                                              9.866161   data required time
                                             -0.898573   data arrival time
---------------------------------------------------------------------------------------------
                                              8.967588   slack (MET)


Startpoint: i_ena (input port clocked by i_clk)
Endpoint: _17_ (rising edge-triggered flip-flop clocked by i_clk)
Path Group: i_clk
Path Type: max

Fanout         Cap        Slew       Delay        Time   Description
---------------------------------------------------------------------------------------------
                                  0.000000    0.000000   clock i_clk (rise edge)
                                  0.000000    0.000000   clock network delay (propagated)
                                  0.020000    0.020000 ^ input external delay
     1    0.002512    0.012893    0.006484    0.026484 ^ i_ena (in)
                      0.012893    0.000000    0.026484 ^ hold3/A (sky130_fd_sc_hd__dlygate4sd3_1)
     1    0.002313    0.034440    0.363440    0.389923 ^ hold3/X (sky130_fd_sc_hd__dlygate4sd3_1)
                      0.034440    0.000044    0.389967 ^ input1/A (sky130_fd_sc_hd__clkbuf_1)
     4    0.010449    0.096444    0.097441    0.487408 ^ input1/X (sky130_fd_sc_hd__clkbuf_1)
                      0.096444    0.000129    0.487537 ^ _10_/D (sky130_fd_sc_hd__and4_1)
     2    0.007433    0.066054    0.140689    0.628226 ^ _10_/X (sky130_fd_sc_hd__and4_1)
                      0.066054    0.000154    0.628380 ^ _12_/A_N (sky130_fd_sc_hd__and2b_1)
     1    0.003667    0.027601    0.113720    0.742100 v _12_/X (sky130_fd_sc_hd__and2b_1)
                      0.027601    0.000114    0.742214 v _17_/D (sky130_fd_sc_hd__dfrtp_1)
                                              0.742214   data arrival time

                                 10.000000   10.000000   clock i_clk (rise edge)
                                  0.000000   10.000000   clock source latency
     1    0.010931    0.041688    0.027418   10.027418 ^ i_clk (in)
                      0.041692    0.000000   10.027418 ^ clkbuf_0_i_clk/A (sky130_fd_sc_hd__clkbuf_16)
     2    0.019559    0.030887    0.087157   10.114575 ^ clkbuf_0_i_clk/X (sky130_fd_sc_hd__clkbuf_16)
                      0.030891    0.000592   10.115168 ^ clkbuf_1_0__f_i_clk/A (sky130_fd_sc_hd__clkbuf_16)
     2    0.005496    0.021335    0.074116   10.189283 ^ clkbuf_1_0__f_i_clk/X (sky130_fd_sc_hd__clkbuf_16)
                      0.021336    0.000142   10.189425 ^ _17_/CLK (sky130_fd_sc_hd__dfrtp_1)
                                 -0.250000    9.939425   clock uncertainty
                                  0.000000    9.939425   clock reconvergence pessimism
                                 -0.071899    9.867527   library setup time
                                              9.867527   data required time
---------------------------------------------------------------------------------------------
                                              9.867527   data required time
                                             -0.742214   data arrival time
---------------------------------------------------------------------------------------------
                                              9.125312   slack (MET)


Startpoint: _16_ (rising edge-triggered flip-flop clocked by i_clk)
Endpoint: uo_out[1] (output port clocked by i_clk)
Path Group: i_clk
Path Type: max

Fanout         Cap        Slew       Delay        Time   Description
---------------------------------------------------------------------------------------------
                                  0.000000    0.000000   clock i_clk (rise edge)
                                  0.000000    0.000000   clock source latency
     1    0.010931    0.041688    0.027418    0.027418 ^ i_clk (in)
                      0.041692    0.000000    0.027418 ^ clkbuf_0_i_clk/A (sky130_fd_sc_hd__clkbuf_16)
     2    0.019559    0.030887    0.087157    0.114575 ^ clkbuf_0_i_clk/X (sky130_fd_sc_hd__clkbuf_16)
                      0.030890    0.000569    0.115144 ^ clkbuf_1_1__f_i_clk/A (sky130_fd_sc_hd__clkbuf_16)
     2    0.006196    0.021819    0.074714    0.189858 ^ clkbuf_1_1__f_i_clk/X (sky130_fd_sc_hd__clkbuf_16)
                      0.021819    0.000156    0.190014 ^ _16_/CLK (sky130_fd_sc_hd__dfrtp_1)
     4    0.015049    0.105738    0.252142    0.442156 ^ _16_/Q (sky130_fd_sc_hd__dfrtp_1)
                      0.105738    0.000364    0.442520 ^ output4/A (sky130_fd_sc_hd__buf_2)
     1    0.034864    0.130278    0.157316    0.599836 ^ output4/X (sky130_fd_sc_hd__buf_2)
                      0.130326    0.000874    0.600710 ^ uo_out[1] (out)
                                              0.600710   data arrival time

                                 10.000000   10.000000   clock i_clk (rise edge)
                                  0.000000   10.000000   clock network delay (propagated)
                                 -0.250000    9.750000   clock uncertainty
                                  0.000000    9.750000   clock reconvergence pessimism
                                 -0.020000    9.730000   output external delay
                                              9.730000   data required time
---------------------------------------------------------------------------------------------
                                              9.730000   data required time
                                             -0.600710   data arrival time
---------------------------------------------------------------------------------------------
                                              9.129290   slack (MET)


Startpoint: _19_ (rising edge-triggered flip-flop clocked by i_clk)
Endpoint: uo_out[0] (output port clocked by i_clk)
Path Group: i_clk
Path Type: max

Fanout         Cap        Slew       Delay        Time   Description
---------------------------------------------------------------------------------------------
                                  0.000000    0.000000   clock i_clk (rise edge)
                                  0.000000    0.000000   clock source latency
     1    0.010931    0.041688    0.027418    0.027418 ^ i_clk (in)
                      0.041692    0.000000    0.027418 ^ clkbuf_0_i_clk/A (sky130_fd_sc_hd__clkbuf_16)
     2    0.019559    0.030887    0.087157    0.114575 ^ clkbuf_0_i_clk/X (sky130_fd_sc_hd__clkbuf_16)
                      0.030890    0.000569    0.115144 ^ clkbuf_1_1__f_i_clk/A (sky130_fd_sc_hd__clkbuf_16)
     2    0.006196    0.021819    0.074714    0.189858 ^ clkbuf_1_1__f_i_clk/X (sky130_fd_sc_hd__clkbuf_16)
                      0.021819    0.000160    0.190018 ^ _19_/CLK (sky130_fd_sc_hd__dfrtp_1)
     5    0.013577    0.096361    0.245682    0.435700 ^ _19_/Q (sky130_fd_sc_hd__dfrtp_1)
                      0.096361    0.000270    0.435970 ^ output3/A (sky130_fd_sc_hd__buf_2)
     1    0.034550    0.129167    0.154420    0.590390 ^ output3/X (sky130_fd_sc_hd__buf_2)
                      0.129213    0.000832    0.591222 ^ uo_out[0] (out)
                                              0.591222   data arrival time

                                 10.000000   10.000000   clock i_clk (rise edge)
                                  0.000000   10.000000   clock network delay (propagated)
                                 -0.250000    9.750000   clock uncertainty
                                  0.000000    9.750000   clock reconvergence pessimism
                                 -0.020000    9.730000   output external delay
                                              9.730000   data required time
---------------------------------------------------------------------------------------------
                                              9.730000   data required time
                                             -0.591222   data arrival time
---------------------------------------------------------------------------------------------
                                              9.138778   slack (MET)


Startpoint: i_rst_n (input port clocked by i_clk)
Endpoint: _17_ (recovery check against rising-edge clock i_clk)
Path Group: asynchronous
Path Type: max

Fanout         Cap        Slew       Delay        Time   Description
---------------------------------------------------------------------------------------------
                                  0.000000    0.000000   clock i_clk (rise edge)
                                  0.000000    0.000000   clock network delay (propagated)
                                  0.020000    0.020000 ^ input external delay
     1    0.002720    0.013632    0.007031    0.027031 ^ i_rst_n (in)
                      0.013632    0.000000    0.027031 ^ hold1/A (sky130_fd_sc_hd__dlygate4sd3_1)
     1    0.002719    0.036761    0.366232    0.393263 ^ hold1/X (sky130_fd_sc_hd__dlygate4sd3_1)
                      0.036761    0.000082    0.393344 ^ input2/A (sky130_fd_sc_hd__dlymetal6s2s_1)
     1    0.002739    0.043451    0.065595    0.458939 ^ input2/X (sky130_fd_sc_hd__dlymetal6s2s_1)
                      0.043451    0.000085    0.459024 ^ hold2/A (sky130_fd_sc_hd__dlygate4sd3_1)
     4    0.017840    0.142368    0.453503    0.912527 ^ hold2/X (sky130_fd_sc_hd__dlygate4sd3_1)
                      0.142368    0.000341    0.912867 ^ _17_/RESET_B (sky130_fd_sc_hd__dfrtp_1)
                                              0.912867   data arrival time

                                 10.000000   10.000000   clock i_clk (rise edge)
                                  0.000000   10.000000   clock source latency
     1    0.010931    0.041688    0.027418   10.027418 ^ i_clk (in)
                      0.041692    0.000000   10.027418 ^ clkbuf_0_i_clk/A (sky130_fd_sc_hd__clkbuf_16)
     2    0.019559    0.030887    0.087157   10.114575 ^ clkbuf_0_i_clk/X (sky130_fd_sc_hd__clkbuf_16)
                      0.030891    0.000592   10.115168 ^ clkbuf_1_0__f_i_clk/A (sky130_fd_sc_hd__clkbuf_16)
     2    0.005496    0.021335    0.074116   10.189283 ^ clkbuf_1_0__f_i_clk/X (sky130_fd_sc_hd__clkbuf_16)
                      0.021336    0.000142   10.189425 ^ _17_/CLK (sky130_fd_sc_hd__dfrtp_1)
                                 -0.250000    9.939425   clock uncertainty
                                  0.000000    9.939425   clock reconvergence pessimism
                                  0.121338   10.060764   library recovery time
                                             10.060764   data required time
---------------------------------------------------------------------------------------------
                                             10.060764   data required time
                                             -0.912867   data arrival time
---------------------------------------------------------------------------------------------
                                              9.147897   slack (MET)


Startpoint: i_rst_n (input port clocked by i_clk)
Endpoint: _18_ (recovery check against rising-edge clock i_clk)
Path Group: asynchronous
Path Type: max

Fanout         Cap        Slew       Delay        Time   Description
---------------------------------------------------------------------------------------------
                                  0.000000    0.000000   clock i_clk (rise edge)
                                  0.000000    0.000000   clock network delay (propagated)
                                  0.020000    0.020000 ^ input external delay
     1    0.002720    0.013632    0.007031    0.027031 ^ i_rst_n (in)
                      0.013632    0.000000    0.027031 ^ hold1/A (sky130_fd_sc_hd__dlygate4sd3_1)
     1    0.002719    0.036761    0.366232    0.393263 ^ hold1/X (sky130_fd_sc_hd__dlygate4sd3_1)
                      0.036761    0.000082    0.393344 ^ input2/A (sky130_fd_sc_hd__dlymetal6s2s_1)
     1    0.002739    0.043451    0.065595    0.458939 ^ input2/X (sky130_fd_sc_hd__dlymetal6s2s_1)
                      0.043451    0.000085    0.459024 ^ hold2/A (sky130_fd_sc_hd__dlygate4sd3_1)
     4    0.017840    0.142368    0.453503    0.912527 ^ hold2/X (sky130_fd_sc_hd__dlygate4sd3_1)
                      0.142368    0.000305    0.912832 ^ _18_/RESET_B (sky130_fd_sc_hd__dfrtp_1)
                                              0.912832   data arrival time

                                 10.000000   10.000000   clock i_clk (rise edge)
                                  0.000000   10.000000   clock source latency
     1    0.010931    0.041688    0.027418   10.027418 ^ i_clk (in)
                      0.041692    0.000000   10.027418 ^ clkbuf_0_i_clk/A (sky130_fd_sc_hd__clkbuf_16)
     2    0.019559    0.030887    0.087157   10.114575 ^ clkbuf_0_i_clk/X (sky130_fd_sc_hd__clkbuf_16)
                      0.030891    0.000592   10.115168 ^ clkbuf_1_0__f_i_clk/A (sky130_fd_sc_hd__clkbuf_16)
     2    0.005496    0.021335    0.074116   10.189283 ^ clkbuf_1_0__f_i_clk/X (sky130_fd_sc_hd__clkbuf_16)
                      0.021336    0.000178   10.189461 ^ _18_/CLK (sky130_fd_sc_hd__dfrtp_1)
                                 -0.250000    9.939461   clock uncertainty
                                  0.000000    9.939461   clock reconvergence pessimism
                                  0.121338   10.060800   library recovery time
                                             10.060800   data required time
---------------------------------------------------------------------------------------------
                                             10.060800   data required time
                                             -0.912832   data arrival time
---------------------------------------------------------------------------------------------
                                              9.147968   slack (MET)


Startpoint: i_rst_n (input port clocked by i_clk)
Endpoint: _19_ (recovery check against rising-edge clock i_clk)
Path Group: asynchronous
Path Type: max

Fanout         Cap        Slew       Delay        Time   Description
---------------------------------------------------------------------------------------------
                                  0.000000    0.000000   clock i_clk (rise edge)
                                  0.000000    0.000000   clock network delay (propagated)
                                  0.020000    0.020000 ^ input external delay
     1    0.002720    0.013632    0.007031    0.027031 ^ i_rst_n (in)
                      0.013632    0.000000    0.027031 ^ hold1/A (sky130_fd_sc_hd__dlygate4sd3_1)
     1    0.002719    0.036761    0.366232    0.393263 ^ hold1/X (sky130_fd_sc_hd__dlygate4sd3_1)
                      0.036761    0.000082    0.393344 ^ input2/A (sky130_fd_sc_hd__dlymetal6s2s_1)
     1    0.002739    0.043451    0.065595    0.458939 ^ input2/X (sky130_fd_sc_hd__dlymetal6s2s_1)
                      0.043451    0.000085    0.459024 ^ hold2/A (sky130_fd_sc_hd__dlygate4sd3_1)
     4    0.017840    0.142368    0.453503    0.912527 ^ hold2/X (sky130_fd_sc_hd__dlygate4sd3_1)
                      0.142368    0.000348    0.912874 ^ _19_/RESET_B (sky130_fd_sc_hd__dfrtp_1)
                                              0.912874   data arrival time

                                 10.000000   10.000000   clock i_clk (rise edge)
                                  0.000000   10.000000   clock source latency
     1    0.010931    0.041688    0.027418   10.027418 ^ i_clk (in)
                      0.041692    0.000000   10.027418 ^ clkbuf_0_i_clk/A (sky130_fd_sc_hd__clkbuf_16)
     2    0.019559    0.030887    0.087157   10.114575 ^ clkbuf_0_i_clk/X (sky130_fd_sc_hd__clkbuf_16)
                      0.030890    0.000569   10.115145 ^ clkbuf_1_1__f_i_clk/A (sky130_fd_sc_hd__clkbuf_16)
     2    0.006196    0.021819    0.074714   10.189858 ^ clkbuf_1_1__f_i_clk/X (sky130_fd_sc_hd__clkbuf_16)
                      0.021819    0.000160   10.190018 ^ _19_/CLK (sky130_fd_sc_hd__dfrtp_1)
                                 -0.250000    9.940018   clock uncertainty
                                  0.000000    9.940018   clock reconvergence pessimism
                                  0.121413   10.061431   library recovery time
                                             10.061431   data required time
---------------------------------------------------------------------------------------------
                                             10.061431   data required time
                                             -0.912874   data arrival time
---------------------------------------------------------------------------------------------
                                              9.148557   slack (MET)


Startpoint: i_rst_n (input port clocked by i_clk)
Endpoint: _16_ (recovery check against rising-edge clock i_clk)
Path Group: asynchronous
Path Type: max

Fanout         Cap        Slew       Delay        Time   Description
---------------------------------------------------------------------------------------------
                                  0.000000    0.000000   clock i_clk (rise edge)
                                  0.000000    0.000000   clock network delay (propagated)
                                  0.020000    0.020000 ^ input external delay
     1    0.002720    0.013632    0.007031    0.027031 ^ i_rst_n (in)
                      0.013632    0.000000    0.027031 ^ hold1/A (sky130_fd_sc_hd__dlygate4sd3_1)
     1    0.002719    0.036761    0.366232    0.393263 ^ hold1/X (sky130_fd_sc_hd__dlygate4sd3_1)
                      0.036761    0.000082    0.393344 ^ input2/A (sky130_fd_sc_hd__dlymetal6s2s_1)
     1    0.002739    0.043451    0.065595    0.458939 ^ input2/X (sky130_fd_sc_hd__dlymetal6s2s_1)
                      0.043451    0.000085    0.459024 ^ hold2/A (sky130_fd_sc_hd__dlygate4sd3_1)
     4    0.017840    0.142368    0.453503    0.912527 ^ hold2/X (sky130_fd_sc_hd__dlygate4sd3_1)
                      0.142368    0.000332    0.912859 ^ _16_/RESET_B (sky130_fd_sc_hd__dfrtp_1)
                                              0.912859   data arrival time

                                 10.000000   10.000000   clock i_clk (rise edge)
                                  0.000000   10.000000   clock source latency
     1    0.010931    0.041688    0.027418   10.027418 ^ i_clk (in)
                      0.041692    0.000000   10.027418 ^ clkbuf_0_i_clk/A (sky130_fd_sc_hd__clkbuf_16)
     2    0.019559    0.030887    0.087157   10.114575 ^ clkbuf_0_i_clk/X (sky130_fd_sc_hd__clkbuf_16)
                      0.030890    0.000569   10.115145 ^ clkbuf_1_1__f_i_clk/A (sky130_fd_sc_hd__clkbuf_16)
     2    0.006196    0.021819    0.074714   10.189858 ^ clkbuf_1_1__f_i_clk/X (sky130_fd_sc_hd__clkbuf_16)
                      0.021819    0.000156   10.190015 ^ _16_/CLK (sky130_fd_sc_hd__dfrtp_1)
                                 -0.250000    9.940015   clock uncertainty
                                  0.000000    9.940015   clock reconvergence pessimism
                                  0.121413   10.061427   library recovery time
                                             10.061427   data required time
---------------------------------------------------------------------------------------------
                                             10.061427   data required time
                                             -0.912859   data arrival time
---------------------------------------------------------------------------------------------
                                              9.148568   slack (MET)


Startpoint: _17_ (rising edge-triggered flip-flop clocked by i_clk)
Endpoint: uo_out[2] (output port clocked by i_clk)
Path Group: i_clk
Path Type: max

Fanout         Cap        Slew       Delay        Time   Description
---------------------------------------------------------------------------------------------
                                  0.000000    0.000000   clock i_clk (rise edge)
                                  0.000000    0.000000   clock source latency
     1    0.010931    0.041688    0.027418    0.027418 ^ i_clk (in)
                      0.041692    0.000000    0.027418 ^ clkbuf_0_i_clk/A (sky130_fd_sc_hd__clkbuf_16)
     2    0.019559    0.030887    0.087157    0.114575 ^ clkbuf_0_i_clk/X (sky130_fd_sc_hd__clkbuf_16)
                      0.030891    0.000592    0.115167 ^ clkbuf_1_0__f_i_clk/A (sky130_fd_sc_hd__clkbuf_16)
     2    0.005496    0.021335    0.074116    0.189284 ^ clkbuf_1_0__f_i_clk/X (sky130_fd_sc_hd__clkbuf_16)
                      0.021336    0.000141    0.189425 ^ _17_/CLK (sky130_fd_sc_hd__dfrtp_1)
     3    0.010403    0.076587    0.231033    0.420458 ^ _17_/Q (sky130_fd_sc_hd__dfrtp_1)
                      0.076588    0.000373    0.420831 ^ output5/A (sky130_fd_sc_hd__buf_2)
     1    0.034712    0.129698    0.150263    0.571093 ^ output5/X (sky130_fd_sc_hd__buf_2)
                      0.129745    0.000866    0.571960 ^ uo_out[2] (out)
                                              0.571960   data arrival time

                                 10.000000   10.000000   clock i_clk (rise edge)
                                  0.000000   10.000000   clock network delay (propagated)
                                 -0.250000    9.750000   clock uncertainty
                                  0.000000    9.750000   clock reconvergence pessimism
                                 -0.020000    9.730000   output external delay
                                              9.730000   data required time
---------------------------------------------------------------------------------------------
                                              9.730000   data required time
                                             -0.571960   data arrival time
---------------------------------------------------------------------------------------------
                                              9.158041   slack (MET)


Startpoint: _18_ (rising edge-triggered flip-flop clocked by i_clk)
Endpoint: uo_out[3] (output port clocked by i_clk)
Path Group: i_clk
Path Type: max

Fanout         Cap        Slew       Delay        Time   Description
---------------------------------------------------------------------------------------------
                                  0.000000    0.000000   clock i_clk (rise edge)
                                  0.000000    0.000000   clock source latency
     1    0.010931    0.041688    0.027418    0.027418 ^ i_clk (in)
                      0.041692    0.000000    0.027418 ^ clkbuf_0_i_clk/A (sky130_fd_sc_hd__clkbuf_16)
     2    0.019559    0.030887    0.087157    0.114575 ^ clkbuf_0_i_clk/X (sky130_fd_sc_hd__clkbuf_16)
                      0.030891    0.000592    0.115167 ^ clkbuf_1_0__f_i_clk/A (sky130_fd_sc_hd__clkbuf_16)
     2    0.005496    0.021335    0.074116    0.189284 ^ clkbuf_1_0__f_i_clk/X (sky130_fd_sc_hd__clkbuf_16)
                      0.021336    0.000177    0.189461 ^ _18_/CLK (sky130_fd_sc_hd__dfrtp_1)
     2    0.006172    0.051268    0.210790    0.400250 ^ _18_/Q (sky130_fd_sc_hd__dfrtp_1)
                      0.051268    0.000164    0.400414 ^ output6/A (sky130_fd_sc_hd__buf_2)
     1    0.034598    0.129349    0.144053    0.544467 ^ output6/X (sky130_fd_sc_hd__buf_2)
                      0.129357    0.000846    0.545313 ^ uo_out[3] (out)
                                              0.545313   data arrival time

                                 10.000000   10.000000   clock i_clk (rise edge)
                                  0.000000   10.000000   clock network delay (propagated)
                                 -0.250000    9.750000   clock uncertainty
                                  0.000000    9.750000   clock reconvergence pessimism
                                 -0.020000    9.730000   output external delay
                                              9.730000   data required time
---------------------------------------------------------------------------------------------
                                              9.730000   data required time
                                             -0.545313   data arrival time
---------------------------------------------------------------------------------------------
                                              9.184687   slack (MET)


Startpoint: _19_ (rising edge-triggered flip-flop clocked by i_clk)
Endpoint: _19_ (rising edge-triggered flip-flop clocked by i_clk)
Path Group: i_clk
Path Type: max

Fanout         Cap        Slew       Delay        Time   Description
---------------------------------------------------------------------------------------------
                                  0.000000    0.000000   clock i_clk (rise edge)
                                  0.000000    0.000000   clock source latency
     1    0.010931    0.041688    0.027418    0.027418 ^ i_clk (in)
                      0.041692    0.000000    0.027418 ^ clkbuf_0_i_clk/A (sky130_fd_sc_hd__clkbuf_16)
     2    0.019559    0.030887    0.087157    0.114575 ^ clkbuf_0_i_clk/X (sky130_fd_sc_hd__clkbuf_16)
                      0.030890    0.000569    0.115144 ^ clkbuf_1_1__f_i_clk/A (sky130_fd_sc_hd__clkbuf_16)
     2    0.006196    0.021819    0.074714    0.189858 ^ clkbuf_1_1__f_i_clk/X (sky130_fd_sc_hd__clkbuf_16)
                      0.021819    0.000160    0.190018 ^ _19_/CLK (sky130_fd_sc_hd__dfrtp_1)
     5    0.012927    0.058623    0.253818    0.443836 v _19_/Q (sky130_fd_sc_hd__dfrtp_1)
                      0.058623    0.000236    0.444073 v _14_/A (sky130_fd_sc_hd__or2_1)
     1    0.001843    0.028917    0.134220    0.578293 v _14_/X (sky130_fd_sc_hd__or2_1)
                      0.028917    0.000052    0.578345 v _15_/B (sky130_fd_sc_hd__and2_1)
     1    0.003366    0.027034    0.096229    0.674574 v _15_/X (sky130_fd_sc_hd__and2_1)
                      0.027042    0.000098    0.674672 v _19_/D (sky130_fd_sc_hd__dfrtp_1)
                                              0.674672   data arrival time

                                 10.000000   10.000000   clock i_clk (rise edge)
                                  0.000000   10.000000   clock source latency
     1    0.010931    0.041688    0.027418   10.027418 ^ i_clk (in)
                      0.041692    0.000000   10.027418 ^ clkbuf_0_i_clk/A (sky130_fd_sc_hd__clkbuf_16)
     2    0.019559    0.030887    0.087157   10.114575 ^ clkbuf_0_i_clk/X (sky130_fd_sc_hd__clkbuf_16)
                      0.030890    0.000569   10.115145 ^ clkbuf_1_1__f_i_clk/A (sky130_fd_sc_hd__clkbuf_16)
     2    0.006196    0.021819    0.074714   10.189858 ^ clkbuf_1_1__f_i_clk/X (sky130_fd_sc_hd__clkbuf_16)
                      0.021819    0.000160   10.190018 ^ _19_/CLK (sky130_fd_sc_hd__dfrtp_1)
                                 -0.250000    9.940018   clock uncertainty
                                  0.000000    9.940018   clock reconvergence pessimism
                                 -0.071653    9.868365   library setup time
                                              9.868365   data required time
---------------------------------------------------------------------------------------------
                                              9.868365   data required time
                                             -0.674672   data arrival time
---------------------------------------------------------------------------------------------
                                              9.193693   slack (MET)



