
===========================================================================
report_checks -path_delay min (Hold)
============================================================================
======================= nom_ff_n40C_1v95 Corner ===================================

Warning: corner.tcl line 57, unknown field nets.
Warning: corner.tcl line 57, report_checks -group_count is deprecated. Use -group_path_count instead.
Startpoint: _17_ (rising edge-triggered flip-flop clocked by i_clk)
Endpoint: _17_ (rising edge-triggered flip-flop clocked by i_clk)
Path Group: i_clk
Path Type: min

Fanout         Cap        Slew       Delay        Time   Description
---------------------------------------------------------------------------------------------
                                  0.000000    0.000000   clock i_clk (rise edge)
                                  0.000000    0.000000   clock source latency
     1    0.010931    0.041688    0.027418    0.027418 ^ i_clk (in)
                      0.041692    0.000000    0.027418 ^ clkbuf_0_i_clk/A (sky130_fd_sc_hd__clkbuf_16)
     2    0.019559    0.030887    0.087157    0.114575 ^ clkbuf_0_i_clk/X (sky130_fd_sc_hd__clkbuf_16)
                      0.030891    0.000592    0.115167 ^ clkbuf_1_0__f_i_clk/A (sky130_fd_sc_hd__clkbuf_16)
     2    0.005496    0.021335    0.074116    0.189284 ^ clkbuf_1_0__f_i_clk/X (sky130_fd_sc_hd__clkbuf_16)
                      0.021336    0.000141    0.189425 ^ _17_/CLK (sky130_fd_sc_hd__dfrtp_1)
     3    0.010403    0.076587    0.231033    0.420458 ^ _17_/Q (sky130_fd_sc_hd__dfrtp_1)
                      0.076587    0.000251    0.420709 ^ _11_/B1 (sky130_fd_sc_hd__a31o_1)
     1    0.002071    0.023249    0.053377    0.474086 ^ _11_/X (sky130_fd_sc_hd__a31o_1)
                      0.023249    0.000059    0.474145 ^ _12_/B (sky130_fd_sc_hd__and2b_1)
     1    0.003694    0.034522    0.072990    0.547135 ^ _12_/X (sky130_fd_sc_hd__and2b_1)
                      0.034522    0.000115    0.547249 ^ _17_/D (sky130_fd_sc_hd__dfrtp_1)
                                              0.547249   data arrival time

                                  0.000000    0.000000   clock i_clk (rise edge)
                                  0.000000    0.000000   clock source latency
     1    0.010931    0.041688    0.027418    0.027418 ^ i_clk (in)
                      0.041692    0.000000    0.027418 ^ clkbuf_0_i_clk/A (sky130_fd_sc_hd__clkbuf_16)
     2    0.019559    0.030887    0.087157    0.114575 ^ clkbuf_0_i_clk/X (sky130_fd_sc_hd__clkbuf_16)
                      0.030891    0.000592    0.115167 ^ clkbuf_1_0__f_i_clk/A (sky130_fd_sc_hd__clkbuf_16)
     2    0.005496    0.021335    0.074116    0.189284 ^ clkbuf_1_0__f_i_clk/X (sky130_fd_sc_hd__clkbuf_16)
                      0.021336    0.000141    0.189425 ^ _17_/CLK (sky130_fd_sc_hd__dfrtp_1)
                                  0.250000    0.439425   clock uncertainty
                                  0.000000    0.439425   clock reconvergence pessimism
                                 -0.020314    0.419111   library hold time
                                              0.419111   data required time
---------------------------------------------------------------------------------------------
                                              0.419111   data required time
                                             -0.547249   data arrival time
---------------------------------------------------------------------------------------------
                                              0.128139   slack (MET)


Startpoint: _19_ (rising edge-triggered flip-flop clocked by i_clk)
Endpoint: _19_ (rising edge-triggered flip-flop clocked by i_clk)
Path Group: i_clk
Path Type: min

Fanout         Cap        Slew       Delay        Time   Description
---------------------------------------------------------------------------------------------
                                  0.000000    0.000000   clock i_clk (rise edge)
                                  0.000000    0.000000   clock source latency
     1    0.010931    0.041688    0.027418    0.027418 ^ i_clk (in)
                      0.041692    0.000000    0.027418 ^ clkbuf_0_i_clk/A (sky130_fd_sc_hd__clkbuf_16)
     2    0.019559    0.030887    0.087157    0.114575 ^ clkbuf_0_i_clk/X (sky130_fd_sc_hd__clkbuf_16)
                      0.030890    0.000569    0.115144 ^ clkbuf_1_1__f_i_clk/A (sky130_fd_sc_hd__clkbuf_16)
     2    0.006196    0.021819    0.074714    0.189858 ^ clkbuf_1_1__f_i_clk/X (sky130_fd_sc_hd__clkbuf_16)
                      0.021819    0.000160    0.190018 ^ _19_/CLK (sky130_fd_sc_hd__dfrtp_1)
     5    0.013577    0.096361    0.245682    0.435700 ^ _19_/Q (sky130_fd_sc_hd__dfrtp_1)
                      0.096361    0.000249    0.435950 ^ _14_/A (sky130_fd_sc_hd__or2_1)
     1    0.001976    0.024978    0.068797    0.504747 ^ _14_/X (sky130_fd_sc_hd__or2_1)
                      0.024978    0.000056    0.504803 ^ _15_/B (sky130_fd_sc_hd__and2_1)
     1    0.003393    0.036218    0.073473    0.578276 ^ _15_/X (sky130_fd_sc_hd__and2_1)
                      0.036218    0.000099    0.578375 ^ _19_/D (sky130_fd_sc_hd__dfrtp_1)
                                              0.578375   data arrival time

                                  0.000000    0.000000   clock i_clk (rise edge)
                                  0.000000    0.000000   clock source latency
     1    0.010931    0.041688    0.027418    0.027418 ^ i_clk (in)
                      0.041692    0.000000    0.027418 ^ clkbuf_0_i_clk/A (sky130_fd_sc_hd__clkbuf_16)
     2    0.019559    0.030887    0.087157    0.114575 ^ clkbuf_0_i_clk/X (sky130_fd_sc_hd__clkbuf_16)
                      0.030890    0.000569    0.115144 ^ clkbuf_1_1__f_i_clk/A (sky130_fd_sc_hd__clkbuf_16)
     2    0.006196    0.021819    0.074714    0.189858 ^ clkbuf_1_1__f_i_clk/X (sky130_fd_sc_hd__clkbuf_16)
                      0.021819    0.000160    0.190018 ^ _19_/CLK (sky130_fd_sc_hd__dfrtp_1)
                                  0.250000    0.440018   clock uncertainty
                                  0.000000    0.440018   clock reconvergence pessimism
                                 -0.020430    0.419588   library hold time
                                              0.419588   data required time
---------------------------------------------------------------------------------------------
                                              0.419588   data required time
                                             -0.578375   data arrival time
---------------------------------------------------------------------------------------------
                                              0.158787   slack (MET)


Startpoint: _17_ (rising edge-triggered flip-flop clocked by i_clk)
Endpoint: _18_ (rising edge-triggered flip-flop clocked by i_clk)
Path Group: i_clk
Path Type: min

Fanout         Cap        Slew       Delay        Time   Description
---------------------------------------------------------------------------------------------
                                  0.000000    0.000000   clock i_clk (rise edge)
                                  0.000000    0.000000   clock source latency
     1    0.010931    0.041688    0.027418    0.027418 ^ i_clk (in)
                      0.041692    0.000000    0.027418 ^ clkbuf_0_i_clk/A (sky130_fd_sc_hd__clkbuf_16)
     2    0.019559    0.030887    0.087157    0.114575 ^ clkbuf_0_i_clk/X (sky130_fd_sc_hd__clkbuf_16)
                      0.030891    0.000592    0.115167 ^ clkbuf_1_0__f_i_clk/A (sky130_fd_sc_hd__clkbuf_16)
     2    0.005496    0.021335    0.074116    0.189284 ^ clkbuf_1_0__f_i_clk/X (sky130_fd_sc_hd__clkbuf_16)
                      0.021336    0.000141    0.189425 ^ _17_/CLK (sky130_fd_sc_hd__dfrtp_1)
     3    0.010403    0.076587    0.231033    0.420458 ^ _17_/Q (sky130_fd_sc_hd__dfrtp_1)
                      0.076588    0.000357    0.420815 ^ _10_/C (sky130_fd_sc_hd__and4_1)
     2    0.007433    0.065728    0.135912    0.556727 ^ _10_/X (sky130_fd_sc_hd__and4_1)
                      0.065728    0.000220    0.556947 ^ _13_/B (sky130_fd_sc_hd__xor2_1)
     1    0.002638    0.024607    0.037558    0.594505 v _13_/X (sky130_fd_sc_hd__xor2_1)
                      0.024607    0.000054    0.594560 v _18_/D (sky130_fd_sc_hd__dfrtp_1)
                                              0.594560   data arrival time

                                  0.000000    0.000000   clock i_clk (rise edge)
                                  0.000000    0.000000   clock source latency
     1    0.010931    0.041688    0.027418    0.027418 ^ i_clk (in)
                      0.041692    0.000000    0.027418 ^ clkbuf_0_i_clk/A (sky130_fd_sc_hd__clkbuf_16)
     2    0.019559    0.030887    0.087157    0.114575 ^ clkbuf_0_i_clk/X (sky130_fd_sc_hd__clkbuf_16)
                      0.030891    0.000592    0.115167 ^ clkbuf_1_0__f_i_clk/A (sky130_fd_sc_hd__clkbuf_16)
     2    0.005496    0.021335    0.074116    0.189284 ^ clkbuf_1_0__f_i_clk/X (sky130_fd_sc_hd__clkbuf_16)
                      0.021336    0.000177    0.189461 ^ _18_/CLK (sky130_fd_sc_hd__dfrtp_1)
                                  0.250000    0.439460   clock uncertainty
                                  0.000000    0.439460   clock reconvergence pessimism
                                 -0.030930    0.408530   library hold time
                                              0.408530   data required time
---------------------------------------------------------------------------------------------
                                              0.408530   data required time
                                             -0.594560   data arrival time
---------------------------------------------------------------------------------------------
                                              0.186029   slack (MET)


Startpoint: i_rst_n (input port clocked by i_clk)
Endpoint: _16_ (removal check against rising-edge clock i_clk)
Path Group: asynchronous
Path Type: min

Fanout         Cap        Slew       Delay        Time   Description
---------------------------------------------------------------------------------------------
                                  0.000000    0.000000   clock i_clk (rise edge)
                                  0.000000    0.000000   clock network delay (propagated)
                                  0.020000    0.020000 ^ input external delay
     1    0.002720    0.013632    0.007031    0.027031 ^ i_rst_n (in)
                      0.013632    0.000000    0.027031 ^ hold1/A (sky130_fd_sc_hd__dlygate4sd3_1)
     1    0.002719    0.036761    0.366232    0.393263 ^ hold1/X (sky130_fd_sc_hd__dlygate4sd3_1)
                      0.036761    0.000082    0.393344 ^ input2/A (sky130_fd_sc_hd__dlymetal6s2s_1)
     1    0.002739    0.043451    0.065595    0.458939 ^ input2/X (sky130_fd_sc_hd__dlymetal6s2s_1)
                      0.043451    0.000085    0.459024 ^ hold2/A (sky130_fd_sc_hd__dlygate4sd3_1)
     4    0.017840    0.142368    0.453503    0.912527 ^ hold2/X (sky130_fd_sc_hd__dlygate4sd3_1)
                      0.142368    0.000332    0.912859 ^ _16_/RESET_B (sky130_fd_sc_hd__dfrtp_1)
                                              0.912859   data arrival time

                                  0.000000    0.000000   clock i_clk (rise edge)
                                  0.000000    0.000000   clock source latency
     1    0.010931    0.041688    0.027418    0.027418 ^ i_clk (in)
                      0.041692    0.000000    0.027418 ^ clkbuf_0_i_clk/A (sky130_fd_sc_hd__clkbuf_16)
     2    0.019559    0.030887    0.087157    0.114575 ^ clkbuf_0_i_clk/X (sky130_fd_sc_hd__clkbuf_16)
                      0.030890    0.000569    0.115144 ^ clkbuf_1_1__f_i_clk/A (sky130_fd_sc_hd__clkbuf_16)
     2    0.006196    0.021819    0.074714    0.189858 ^ clkbuf_1_1__f_i_clk/X (sky130_fd_sc_hd__clkbuf_16)
                      0.021819    0.000156    0.190014 ^ _16_/CLK (sky130_fd_sc_hd__dfrtp_1)
                                  0.250000    0.440014   clock uncertainty
                                  0.000000    0.440014   clock reconvergence pessimism
                                  0.224840    0.664854   library removal time
                                              0.664854   data required time
---------------------------------------------------------------------------------------------
                                              0.664854   data required time
                                             -0.912859   data arrival time
---------------------------------------------------------------------------------------------
                                              0.248005   slack (MET)


Startpoint: i_rst_n (input port clocked by i_clk)
Endpoint: _19_ (removal check against rising-edge clock i_clk)
Path Group: asynchronous
Path Type: min

Fanout         Cap        Slew       Delay        Time   Description
---------------------------------------------------------------------------------------------
                                  0.000000    0.000000   clock i_clk (rise edge)
                                  0.000000    0.000000   clock network delay (propagated)
                                  0.020000    0.020000 ^ input external delay
     1    0.002720    0.013632    0.007031    0.027031 ^ i_rst_n (in)
                      0.013632    0.000000    0.027031 ^ hold1/A (sky130_fd_sc_hd__dlygate4sd3_1)
     1    0.002719    0.036761    0.366232    0.393263 ^ hold1/X (sky130_fd_sc_hd__dlygate4sd3_1)
                      0.036761    0.000082    0.393344 ^ input2/A (sky130_fd_sc_hd__dlymetal6s2s_1)
     1    0.002739    0.043451    0.065595    0.458939 ^ input2/X (sky130_fd_sc_hd__dlymetal6s2s_1)
                      0.043451    0.000085    0.459024 ^ hold2/A (sky130_fd_sc_hd__dlygate4sd3_1)
     4    0.017840    0.142368    0.453503    0.912527 ^ hold2/X (sky130_fd_sc_hd__dlygate4sd3_1)
                      0.142368    0.000348    0.912874 ^ _19_/RESET_B (sky130_fd_sc_hd__dfrtp_1)
                                              0.912874   data arrival time

                                  0.000000    0.000000   clock i_clk (rise edge)
                                  0.000000    0.000000   clock source latency
     1    0.010931    0.041688    0.027418    0.027418 ^ i_clk (in)
                      0.041692    0.000000    0.027418 ^ clkbuf_0_i_clk/A (sky130_fd_sc_hd__clkbuf_16)
     2    0.019559    0.030887    0.087157    0.114575 ^ clkbuf_0_i_clk/X (sky130_fd_sc_hd__clkbuf_16)
                      0.030890    0.000569    0.115144 ^ clkbuf_1_1__f_i_clk/A (sky130_fd_sc_hd__clkbuf_16)
     2    0.006196    0.021819    0.074714    0.189858 ^ clkbuf_1_1__f_i_clk/X (sky130_fd_sc_hd__clkbuf_16)
                      0.021819    0.000160    0.190018 ^ _19_/CLK (sky130_fd_sc_hd__dfrtp_1)
                                  0.250000    0.440018   clock uncertainty
                                  0.000000    0.440018   clock reconvergence pessimism
                                  0.224840    0.664858   library removal time
                                              0.664858   data required time
---------------------------------------------------------------------------------------------
                                              0.664858   data required time
                                             -0.912874   data arrival time
---------------------------------------------------------------------------------------------
                                              0.248016   slack (MET)


Startpoint: i_rst_n (input port clocked by i_clk)
Endpoint: _18_ (removal check against rising-edge clock i_clk)
Path Group: asynchronous
Path Type: min

Fanout         Cap        Slew       Delay        Time   Description
---------------------------------------------------------------------------------------------
                                  0.000000    0.000000   clock i_clk (rise edge)
                                  0.000000    0.000000   clock network delay (propagated)
                                  0.020000    0.020000 ^ input external delay
     1    0.002720    0.013632    0.007031    0.027031 ^ i_rst_n (in)
                      0.013632    0.000000    0.027031 ^ hold1/A (sky130_fd_sc_hd__dlygate4sd3_1)
     1    0.002719    0.036761    0.366232    0.393263 ^ hold1/X (sky130_fd_sc_hd__dlygate4sd3_1)
                      0.036761    0.000082    0.393344 ^ input2/A (sky130_fd_sc_hd__dlymetal6s2s_1)
     1    0.002739    0.043451    0.065595    0.458939 ^ input2/X (sky130_fd_sc_hd__dlymetal6s2s_1)
                      0.043451    0.000085    0.459024 ^ hold2/A (sky130_fd_sc_hd__dlygate4sd3_1)
     4    0.017840    0.142368    0.453503    0.912527 ^ hold2/X (sky130_fd_sc_hd__dlygate4sd3_1)
                      0.142368    0.000305    0.912832 ^ _18_/RESET_B (sky130_fd_sc_hd__dfrtp_1)
                                              0.912832   data arrival time

                                  0.000000    0.000000   clock i_clk (rise edge)
                                  0.000000    0.000000   clock source latency
     1    0.010931    0.041688    0.027418    0.027418 ^ i_clk (in)
                      0.041692    0.000000    0.027418 ^ clkbuf_0_i_clk/A (sky130_fd_sc_hd__clkbuf_16)
     2    0.019559    0.030887    0.087157    0.114575 ^ clkbuf_0_i_clk/X (sky130_fd_sc_hd__clkbuf_16)
                      0.030891    0.000592    0.115167 ^ clkbuf_1_0__f_i_clk/A (sky130_fd_sc_hd__clkbuf_16)
     2    0.005496    0.021335    0.074116    0.189284 ^ clkbuf_1_0__f_i_clk/X (sky130_fd_sc_hd__clkbuf_16)
                      0.021336    0.000177    0.189461 ^ _18_/CLK (sky130_fd_sc_hd__dfrtp_1)
                                  0.250000    0.439460   clock uncertainty
                                  0.000000    0.439460   clock reconvergence pessimism
                                  0.224774    0.664234   library removal time
                                              0.664234   data required time
---------------------------------------------------------------------------------------------
                                              0.664234   data required time
                                             -0.912832   data arrival time
---------------------------------------------------------------------------------------------
                                              0.248598   slack (MET)


Startpoint: i_rst_n (input port clocked by i_clk)
Endpoint: _17_ (removal check against rising-edge clock i_clk)
Path Group: asynchronous
Path Type: min

Fanout         Cap        Slew       Delay        Time   Description
---------------------------------------------------------------------------------------------
                                  0.000000    0.000000   clock i_clk (rise edge)
                                  0.000000    0.000000   clock network delay (propagated)
                                  0.020000    0.020000 ^ input external delay
     1    0.002720    0.013632    0.007031    0.027031 ^ i_rst_n (in)
                      0.013632    0.000000    0.027031 ^ hold1/A (sky130_fd_sc_hd__dlygate4sd3_1)
     1    0.002719    0.036761    0.366232    0.393263 ^ hold1/X (sky130_fd_sc_hd__dlygate4sd3_1)
                      0.036761    0.000082    0.393344 ^ input2/A (sky130_fd_sc_hd__dlymetal6s2s_1)
     1    0.002739    0.043451    0.065595    0.458939 ^ input2/X (sky130_fd_sc_hd__dlymetal6s2s_1)
                      0.043451    0.000085    0.459024 ^ hold2/A (sky130_fd_sc_hd__dlygate4sd3_1)
     4    0.017840    0.142368    0.453503    0.912527 ^ hold2/X (sky130_fd_sc_hd__dlygate4sd3_1)
                      0.142368    0.000341    0.912867 ^ _17_/RESET_B (sky130_fd_sc_hd__dfrtp_1)
                                              0.912867   data arrival time

                                  0.000000    0.000000   clock i_clk (rise edge)
                                  0.000000    0.000000   clock source latency
     1    0.010931    0.041688    0.027418    0.027418 ^ i_clk (in)
                      0.041692    0.000000    0.027418 ^ clkbuf_0_i_clk/A (sky130_fd_sc_hd__clkbuf_16)
     2    0.019559    0.030887    0.087157    0.114575 ^ clkbuf_0_i_clk/X (sky130_fd_sc_hd__clkbuf_16)
                      0.030891    0.000592    0.115167 ^ clkbuf_1_0__f_i_clk/A (sky130_fd_sc_hd__clkbuf_16)
     2    0.005496    0.021335    0.074116    0.189284 ^ clkbuf_1_0__f_i_clk/X (sky130_fd_sc_hd__clkbuf_16)
                      0.021336    0.000141    0.189425 ^ _17_/CLK (sky130_fd_sc_hd__dfrtp_1)
                                  0.250000    0.439425   clock uncertainty
                                  0.000000    0.439425   clock reconvergence pessimism
                                  0.224774    0.664199   library removal time
                                              0.664199   data required time
---------------------------------------------------------------------------------------------
                                              0.664199   data required time
                                             -0.912867   data arrival time
---------------------------------------------------------------------------------------------
                                              0.248668   slack (MET)


Startpoint: _18_ (rising edge-triggered flip-flop clocked by i_clk)
Endpoint: uo_out[3] (output port clocked by i_clk)
Path Group: i_clk
Path Type: min

Fanout         Cap        Slew       Delay        Time   Description
---------------------------------------------------------------------------------------------
                                  0.000000    0.000000   clock i_clk (rise edge)
                                  0.000000    0.000000   clock source latency
     1    0.010931    0.041688    0.027418    0.027418 ^ i_clk (in)
                      0.041692    0.000000    0.027418 ^ clkbuf_0_i_clk/A (sky130_fd_sc_hd__clkbuf_16)
     2    0.019559    0.030887    0.087157    0.114575 ^ clkbuf_0_i_clk/X (sky130_fd_sc_hd__clkbuf_16)
                      0.030891    0.000592    0.115167 ^ clkbuf_1_0__f_i_clk/A (sky130_fd_sc_hd__clkbuf_16)
     2    0.005496    0.021335    0.074116    0.189284 ^ clkbuf_1_0__f_i_clk/X (sky130_fd_sc_hd__clkbuf_16)
                      0.021336    0.000177    0.189461 ^ _18_/CLK (sky130_fd_sc_hd__dfrtp_1)
     2    0.005843    0.037592    0.229919    0.419379 v _18_/Q (sky130_fd_sc_hd__dfrtp_1)
                      0.037592    0.000155    0.419534 v output6/A (sky130_fd_sc_hd__buf_2)
     1    0.034598    0.063338    0.120537    0.540072 v output6/X (sky130_fd_sc_hd__buf_2)
                      0.063350    0.000845    0.540917 v uo_out[3] (out)
                                              0.540917   data arrival time

                                  0.000000    0.000000   clock i_clk (rise edge)
                                  0.000000    0.000000   clock network delay (propagated)
                                  0.250000    0.250000   clock uncertainty
                                  0.000000    0.250000   clock reconvergence pessimism
                                 -0.020000    0.230000   output external delay
                                              0.230000   data required time
---------------------------------------------------------------------------------------------
                                              0.230000   data required time
                                             -0.540917   data arrival time
---------------------------------------------------------------------------------------------
                                              0.310917   slack (MET)


Startpoint: _17_ (rising edge-triggered flip-flop clocked by i_clk)
Endpoint: uo_out[2] (output port clocked by i_clk)
Path Group: i_clk
Path Type: min

Fanout         Cap        Slew       Delay        Time   Description
---------------------------------------------------------------------------------------------
                                  0.000000    0.000000   clock i_clk (rise edge)
                                  0.000000    0.000000   clock source latency
     1    0.010931    0.041688    0.027418    0.027418 ^ i_clk (in)
                      0.041692    0.000000    0.027418 ^ clkbuf_0_i_clk/A (sky130_fd_sc_hd__clkbuf_16)
     2    0.019559    0.030887    0.087157    0.114575 ^ clkbuf_0_i_clk/X (sky130_fd_sc_hd__clkbuf_16)
                      0.030891    0.000592    0.115167 ^ clkbuf_1_0__f_i_clk/A (sky130_fd_sc_hd__clkbuf_16)
     2    0.005496    0.021335    0.074116    0.189284 ^ clkbuf_1_0__f_i_clk/X (sky130_fd_sc_hd__clkbuf_16)
                      0.021336    0.000141    0.189425 ^ _17_/CLK (sky130_fd_sc_hd__dfrtp_1)
     3    0.009903    0.051093    0.244588    0.434013 v _17_/Q (sky130_fd_sc_hd__dfrtp_1)
                      0.051095    0.000355    0.434368 v output5/A (sky130_fd_sc_hd__buf_2)
     1    0.034712    0.063518    0.126074    0.560442 v output5/X (sky130_fd_sc_hd__buf_2)
                      0.063531    0.000865    0.561308 v uo_out[2] (out)
                                              0.561308   data arrival time

                                  0.000000    0.000000   clock i_clk (rise edge)
                                  0.000000    0.000000   clock network delay (propagated)
                                  0.250000    0.250000   clock uncertainty
                                  0.000000    0.250000   clock reconvergence pessimism
                                 -0.020000    0.230000   output external delay
                                              0.230000   data required time
---------------------------------------------------------------------------------------------
                                              0.230000   data required time
                                             -0.561308   data arrival time
---------------------------------------------------------------------------------------------
                                              0.331308   slack (MET)


Startpoint: _19_ (rising edge-triggered flip-flop clocked by i_clk)
Endpoint: uo_out[0] (output port clocked by i_clk)
Path Group: i_clk
Path Type: min

Fanout         Cap        Slew       Delay        Time   Description
---------------------------------------------------------------------------------------------
                                  0.000000    0.000000   clock i_clk (rise edge)
                                  0.000000    0.000000   clock source latency
     1    0.010931    0.041688    0.027418    0.027418 ^ i_clk (in)
                      0.041692    0.000000    0.027418 ^ clkbuf_0_i_clk/A (sky130_fd_sc_hd__clkbuf_16)
     2    0.019559    0.030887    0.087157    0.114575 ^ clkbuf_0_i_clk/X (sky130_fd_sc_hd__clkbuf_16)
                      0.030890    0.000569    0.115144 ^ clkbuf_1_1__f_i_clk/A (sky130_fd_sc_hd__clkbuf_16)
     2    0.006196    0.021819    0.074714    0.189858 ^ clkbuf_1_1__f_i_clk/X (sky130_fd_sc_hd__clkbuf_16)
                      0.021819    0.000160    0.190018 ^ _19_/CLK (sky130_fd_sc_hd__dfrtp_1)
     5    0.012927    0.058623    0.253818    0.443836 v _19_/Q (sky130_fd_sc_hd__dfrtp_1)
                      0.058624    0.000255    0.444092 v output3/A (sky130_fd_sc_hd__buf_2)
     1    0.034550    0.063280    0.128940    0.573032 v output3/X (sky130_fd_sc_hd__buf_2)
                      0.063292    0.000831    0.573863 v uo_out[0] (out)
                                              0.573863   data arrival time

                                  0.000000    0.000000   clock i_clk (rise edge)
                                  0.000000    0.000000   clock network delay (propagated)
                                  0.250000    0.250000   clock uncertainty
                                  0.000000    0.250000   clock reconvergence pessimism
                                 -0.020000    0.230000   output external delay
                                              0.230000   data required time
---------------------------------------------------------------------------------------------
                                              0.230000   data required time
                                             -0.573863   data arrival time
---------------------------------------------------------------------------------------------
                                              0.343863   slack (MET)


Startpoint: _16_ (rising edge-triggered flip-flop clocked by i_clk)
Endpoint: uo_out[1] (output port clocked by i_clk)
Path Group: i_clk
Path Type: min

Fanout         Cap        Slew       Delay        Time   Description
---------------------------------------------------------------------------------------------
                                  0.000000    0.000000   clock i_clk (rise edge)
                                  0.000000    0.000000   clock source latency
     1    0.010931    0.041688    0.027418    0.027418 ^ i_clk (in)
                      0.041692    0.000000    0.027418 ^ clkbuf_0_i_clk/A (sky130_fd_sc_hd__clkbuf_16)
     2    0.019559    0.030887    0.087157    0.114575 ^ clkbuf_0_i_clk/X (sky130_fd_sc_hd__clkbuf_16)
                      0.030890    0.000569    0.115144 ^ clkbuf_1_1__f_i_clk/A (sky130_fd_sc_hd__clkbuf_16)
     2    0.006196    0.021819    0.074714    0.189858 ^ clkbuf_1_1__f_i_clk/X (sky130_fd_sc_hd__clkbuf_16)
                      0.021819    0.000156    0.190014 ^ _16_/CLK (sky130_fd_sc_hd__dfrtp_1)
     4    0.014303    0.062758    0.257377    0.447391 v _16_/Q (sky130_fd_sc_hd__dfrtp_1)
                      0.062759    0.000345    0.447736 v output4/A (sky130_fd_sc_hd__buf_2)
     1    0.034864    0.063773    0.130989    0.578725 v output4/X (sky130_fd_sc_hd__buf_2)
                      0.063786    0.000873    0.579599 v uo_out[1] (out)
                                              0.579599   data arrival time

                                  0.000000    0.000000   clock i_clk (rise edge)
                                  0.000000    0.000000   clock network delay (propagated)
                                  0.250000    0.250000   clock uncertainty
                                  0.000000    0.250000   clock reconvergence pessimism
                                 -0.020000    0.230000   output external delay
                                              0.230000   data required time
---------------------------------------------------------------------------------------------
                                              0.230000   data required time
                                             -0.579599   data arrival time
---------------------------------------------------------------------------------------------
                                              0.349599   slack (MET)


Startpoint: _16_ (rising edge-triggered flip-flop clocked by i_clk)
Endpoint: _16_ (rising edge-triggered flip-flop clocked by i_clk)
Path Group: i_clk
Path Type: min

Fanout         Cap        Slew       Delay        Time   Description
---------------------------------------------------------------------------------------------
                                  0.000000    0.000000   clock i_clk (rise edge)
                                  0.000000    0.000000   clock source latency
     1    0.010931    0.041688    0.027418    0.027418 ^ i_clk (in)
                      0.041692    0.000000    0.027418 ^ clkbuf_0_i_clk/A (sky130_fd_sc_hd__clkbuf_16)
     2    0.019559    0.030887    0.087157    0.114575 ^ clkbuf_0_i_clk/X (sky130_fd_sc_hd__clkbuf_16)
                      0.030890    0.000569    0.115144 ^ clkbuf_1_1__f_i_clk/A (sky130_fd_sc_hd__clkbuf_16)
     2    0.006196    0.021819    0.074714    0.189858 ^ clkbuf_1_1__f_i_clk/X (sky130_fd_sc_hd__clkbuf_16)
                      0.021819    0.000156    0.190014 ^ _16_/CLK (sky130_fd_sc_hd__dfrtp_1)
     4    0.015049    0.105738    0.252142    0.442156 ^ _16_/Q (sky130_fd_sc_hd__dfrtp_1)
                      0.105740    0.000622    0.442778 ^ _09_/A (sky130_fd_sc_hd__xnor2_1)
     1    0.002319    0.021570    0.045607    0.488385 v _09_/Y (sky130_fd_sc_hd__xnor2_1)
                      0.021570    0.000067    0.488452 v hold4/A (sky130_fd_sc_hd__dlygate4sd3_1)
     1    0.002785    0.038050    0.356358    0.844809 v hold4/X (sky130_fd_sc_hd__dlygate4sd3_1)
                      0.038050    0.000080    0.844889 v _16_/D (sky130_fd_sc_hd__dfrtp_1)
                                              0.844889   data arrival time

                                  0.000000    0.000000   clock i_clk (rise edge)
                                  0.000000    0.000000   clock source latency
     1    0.010931    0.041688    0.027418    0.027418 ^ i_clk (in)
                      0.041692    0.000000    0.027418 ^ clkbuf_0_i_clk/A (sky130_fd_sc_hd__clkbuf_16)
     2    0.019559    0.030887    0.087157    0.114575 ^ clkbuf_0_i_clk/X (sky130_fd_sc_hd__clkbuf_16)
                      0.030890    0.000569    0.115144 ^ clkbuf_1_1__f_i_clk/A (sky130_fd_sc_hd__clkbuf_16)
     2    0.006196    0.021819    0.074714    0.189858 ^ clkbuf_1_1__f_i_clk/X (sky130_fd_sc_hd__clkbuf_16)
                      0.021819    0.000156    0.190014 ^ _16_/CLK (sky130_fd_sc_hd__dfrtp_1)
                                  0.250000    0.440014   clock uncertainty
                                  0.000000    0.440014   clock reconvergence pessimism
                                 -0.035253    0.404762   library hold time
                                              0.404762   data required time
---------------------------------------------------------------------------------------------
                                              0.404762   data required time
                                             -0.844889   data arrival time
---------------------------------------------------------------------------------------------
                                              0.440127   slack (MET)



