Reading timing models for corner nom_ff_n40C_1v95…
Reading cell library for the 'nom_ff_n40C_1v95' corner at '/home/omare/.volare/sky130A/libs.ref/sky130_fd_sc_hd/lib/sky130_fd_sc_hd__ff_n40C_1v95.lib'…
Reading top-level netlist at '/home/omare/Documents/UWASIC/Matrix-Vector-Analog/digital/AXI_IF/build/synthesis/runs/tt_if_full/51-openroad-fillinsertion/tt_if.nl.v'…
Linking design 'tt_if' from netlist…
Warning: /home/omare/Documents/UWASIC/Matrix-Vector-Analog/digital/AXI_IF/build/synthesis/runs/tt_if_full/51-openroad-fillinsertion/tt_if.nl.v line 144, module sky130_fd_sc_hd__tapvpwrvgnd_1 not found. Creating black box for TAP_TAPCELL_ROW_0_18.
Warning: /home/omare/Documents/UWASIC/Matrix-Vector-Analog/digital/AXI_IF/build/synthesis/runs/tt_if_full/51-openroad-fillinsertion/tt_if.nl.v line 176, module sky130_ef_sc_hd__decap_12 not found. Creating black box for FILLER_0_12.
Warning: /home/omare/Documents/UWASIC/Matrix-Vector-Analog/digital/AXI_IF/build/synthesis/runs/tt_if_full/51-openroad-fillinsertion/tt_if.nl.v line 181, module sky130_fd_sc_hd__fill_1 not found. Creating black box for FILLER_1_48.
Warning: /home/omare/Documents/UWASIC/Matrix-Vector-Analog/digital/AXI_IF/build/synthesis/runs/tt_if_full/51-openroad-fillinsertion/tt_if.nl.v line 185, module sky130_fd_sc_hd__fill_2 not found. Creating black box for FILLER_3_11.
Reading design constraints file at '/home/omare/Documents/UWASIC/Matrix-Vector-Analog/.venv/lib/python3.12/site-packages/openlane/scripts/base.sdc'…
[INFO] Using clock i_clk…
[INFO] Setting output delay to: 0.02
[INFO] Setting input delay to: 0.02
[INFO] Setting load to: 0.033442
[INFO] Setting clock uncertainty to: 0.25
[INFO] Setting clock transition to: 0.1499999999999999944488848768742172978818416595458984375
[INFO] Setting timing derate to: 5%
Reading top-level design parasitics for the 'nom_ff_n40C_1v95' corner at '/home/omare/Documents/UWASIC/Matrix-Vector-Analog/digital/AXI_IF/build/synthesis/runs/tt_if_full/53-openroad-rcx/nom/tt_if.nom.spef'…
%OL_CREATE_REPORT min.rpt

===========================================================================
report_checks -path_delay min (Hold)
============================================================================
======================= nom_ff_n40C_1v95 Corner ===================================

Warning: corner.tcl line 57, unknown field nets.
Warning: corner.tcl line 57, report_checks -group_count is deprecated. Use -group_path_count instead.
Startpoint: _17_ (rising edge-triggered flip-flop clocked by i_clk)
Endpoint: _17_ (rising edge-triggered flip-flop clocked by i_clk)
Path Group: i_clk
Path Type: min

Fanout         Cap        Slew       Delay        Time   Description
---------------------------------------------------------------------------------------------
                                  0.000000    0.000000   clock i_clk (rise edge)
                                  0.000000    0.000000   clock source latency
     1    0.010931    0.041688    0.027418    0.027418 ^ i_clk (in)
                      0.041692    0.000000    0.027418 ^ clkbuf_0_i_clk/A (sky130_fd_sc_hd__clkbuf_16)
     2    0.019559    0.030887    0.087157    0.114575 ^ clkbuf_0_i_clk/X (sky130_fd_sc_hd__clkbuf_16)
                      0.030891    0.000592    0.115167 ^ clkbuf_1_0__f_i_clk/A (sky130_fd_sc_hd__clkbuf_16)
     2    0.005496    0.021335    0.074116    0.189284 ^ clkbuf_1_0__f_i_clk/X (sky130_fd_sc_hd__clkbuf_16)
                      0.021336    0.000141    0.189425 ^ _17_/CLK (sky130_fd_sc_hd__dfrtp_1)
     3    0.010403    0.076587    0.231033    0.420458 ^ _17_/Q (sky130_fd_sc_hd__dfrtp_1)
                      0.076587    0.000251    0.420709 ^ _11_/B1 (sky130_fd_sc_hd__a31o_1)
     1    0.002071    0.023249    0.053377    0.474086 ^ _11_/X (sky130_fd_sc_hd__a31o_1)
                      0.023249    0.000059    0.474145 ^ _12_/B (sky130_fd_sc_hd__and2b_1)
     1    0.003694    0.034522    0.072990    0.547135 ^ _12_/X (sky130_fd_sc_hd__and2b_1)
                      0.034522    0.000115    0.547249 ^ _17_/D (sky130_fd_sc_hd__dfrtp_1)
                                              0.547249   data arrival time

                                  0.000000    0.000000   clock i_clk (rise edge)
                                  0.000000    0.000000   clock source latency
     1    0.010931    0.041688    0.027418    0.027418 ^ i_clk (in)
                      0.041692    0.000000    0.027418 ^ clkbuf_0_i_clk/A (sky130_fd_sc_hd__clkbuf_16)
     2    0.019559    0.030887    0.087157    0.114575 ^ clkbuf_0_i_clk/X (sky130_fd_sc_hd__clkbuf_16)
                      0.030891    0.000592    0.115167 ^ clkbuf_1_0__f_i_clk/A (sky130_fd_sc_hd__clkbuf_16)
     2    0.005496    0.021335    0.074116    0.189284 ^ clkbuf_1_0__f_i_clk/X (sky130_fd_sc_hd__clkbuf_16)
                      0.021336    0.000141    0.189425 ^ _17_/CLK (sky130_fd_sc_hd__dfrtp_1)
                                  0.250000    0.439425   clock uncertainty
                                  0.000000    0.439425   clock reconvergence pessimism
                                 -0.020314    0.419111   library hold time
                                              0.419111   data required time
---------------------------------------------------------------------------------------------
                                              0.419111   data required time
                                             -0.547249   data arrival time
---------------------------------------------------------------------------------------------
                                              0.128139   slack (MET)


Startpoint: _19_ (rising edge-triggered flip-flop clocked by i_clk)
Endpoint: _19_ (rising edge-triggered flip-flop clocked by i_clk)
Path Group: i_clk
Path Type: min

Fanout         Cap        Slew       Delay        Time   Description
---------------------------------------------------------------------------------------------
                                  0.000000    0.000000   clock i_clk (rise edge)
                                  0.000000    0.000000   clock source latency
     1    0.010931    0.041688    0.027418    0.027418 ^ i_clk (in)
                      0.041692    0.000000    0.027418 ^ clkbuf_0_i_clk/A (sky130_fd_sc_hd__clkbuf_16)
     2    0.019559    0.030887    0.087157    0.114575 ^ clkbuf_0_i_clk/X (sky130_fd_sc_hd__clkbuf_16)
                      0.030890    0.000569    0.115144 ^ clkbuf_1_1__f_i_clk/A (sky130_fd_sc_hd__clkbuf_16)
     2    0.006196    0.021819    0.074714    0.189858 ^ clkbuf_1_1__f_i_clk/X (sky130_fd_sc_hd__clkbuf_16)
                      0.021819    0.000160    0.190018 ^ _19_/CLK (sky130_fd_sc_hd__dfrtp_1)
     5    0.013577    0.096361    0.245682    0.435700 ^ _19_/Q (sky130_fd_sc_hd__dfrtp_1)
                      0.096361    0.000249    0.435950 ^ _14_/A (sky130_fd_sc_hd__or2_1)
     1    0.001976    0.024978    0.068797    0.504747 ^ _14_/X (sky130_fd_sc_hd__or2_1)
                      0.024978    0.000056    0.504803 ^ _15_/B (sky130_fd_sc_hd__and2_1)
     1    0.003393    0.036218    0.073473    0.578276 ^ _15_/X (sky130_fd_sc_hd__and2_1)
                      0.036218    0.000099    0.578375 ^ _19_/D (sky130_fd_sc_hd__dfrtp_1)
                                              0.578375   data arrival time

                                  0.000000    0.000000   clock i_clk (rise edge)
                                  0.000000    0.000000   clock source latency
     1    0.010931    0.041688    0.027418    0.027418 ^ i_clk (in)
                      0.041692    0.000000    0.027418 ^ clkbuf_0_i_clk/A (sky130_fd_sc_hd__clkbuf_16)
     2    0.019559    0.030887    0.087157    0.114575 ^ clkbuf_0_i_clk/X (sky130_fd_sc_hd__clkbuf_16)
                      0.030890    0.000569    0.115144 ^ clkbuf_1_1__f_i_clk/A (sky130_fd_sc_hd__clkbuf_16)
     2    0.006196    0.021819    0.074714    0.189858 ^ clkbuf_1_1__f_i_clk/X (sky130_fd_sc_hd__clkbuf_16)
                      0.021819    0.000160    0.190018 ^ _19_/CLK (sky130_fd_sc_hd__dfrtp_1)
                                  0.250000    0.440018   clock uncertainty
                                  0.000000    0.440018   clock reconvergence pessimism
                                 -0.020430    0.419588   library hold time
                                              0.419588   data required time
---------------------------------------------------------------------------------------------
                                              0.419588   data required time
                                             -0.578375   data arrival time
---------------------------------------------------------------------------------------------
                                              0.158787   slack (MET)


Startpoint: _17_ (rising edge-triggered flip-flop clocked by i_clk)
Endpoint: _18_ (rising edge-triggered flip-flop clocked by i_clk)
Path Group: i_clk
Path Type: min

Fanout         Cap        Slew       Delay        Time   Description
---------------------------------------------------------------------------------------------
                                  0.000000    0.000000   clock i_clk (rise edge)
                                  0.000000    0.000000   clock source latency
     1    0.010931    0.041688    0.027418    0.027418 ^ i_clk (in)
                      0.041692    0.000000    0.027418 ^ clkbuf_0_i_clk/A (sky130_fd_sc_hd__clkbuf_16)
     2    0.019559    0.030887    0.087157    0.114575 ^ clkbuf_0_i_clk/X (sky130_fd_sc_hd__clkbuf_16)
                      0.030891    0.000592    0.115167 ^ clkbuf_1_0__f_i_clk/A (sky130_fd_sc_hd__clkbuf_16)
     2    0.005496    0.021335    0.074116    0.189284 ^ clkbuf_1_0__f_i_clk/X (sky130_fd_sc_hd__clkbuf_16)
                      0.021336    0.000141    0.189425 ^ _17_/CLK (sky130_fd_sc_hd__dfrtp_1)
     3    0.010403    0.076587    0.231033    0.420458 ^ _17_/Q (sky130_fd_sc_hd__dfrtp_1)
                      0.076588    0.000357    0.420815 ^ _10_/C (sky130_fd_sc_hd__and4_1)
     2    0.007433    0.065728    0.135912    0.556727 ^ _10_/X (sky130_fd_sc_hd__and4_1)
                      0.065728    0.000220    0.556947 ^ _13_/B (sky130_fd_sc_hd__xor2_1)
     1    0.002638    0.024607    0.037558    0.594505 v _13_/X (sky130_fd_sc_hd__xor2_1)
                      0.024607    0.000054    0.594560 v _18_/D (sky130_fd_sc_hd__dfrtp_1)
                                              0.594560   data arrival time

                                  0.000000    0.000000   clock i_clk (rise edge)
                                  0.000000    0.000000   clock source latency
     1    0.010931    0.041688    0.027418    0.027418 ^ i_clk (in)
                      0.041692    0.000000    0.027418 ^ clkbuf_0_i_clk/A (sky130_fd_sc_hd__clkbuf_16)
     2    0.019559    0.030887    0.087157    0.114575 ^ clkbuf_0_i_clk/X (sky130_fd_sc_hd__clkbuf_16)
                      0.030891    0.000592    0.115167 ^ clkbuf_1_0__f_i_clk/A (sky130_fd_sc_hd__clkbuf_16)
     2    0.005496    0.021335    0.074116    0.189284 ^ clkbuf_1_0__f_i_clk/X (sky130_fd_sc_hd__clkbuf_16)
                      0.021336    0.000177    0.189461 ^ _18_/CLK (sky130_fd_sc_hd__dfrtp_1)
                                  0.250000    0.439460   clock uncertainty
                                  0.000000    0.439460   clock reconvergence pessimism
                                 -0.030930    0.408530   library hold time
                                              0.408530   data required time
---------------------------------------------------------------------------------------------
                                              0.408530   data required time
                                             -0.594560   data arrival time
---------------------------------------------------------------------------------------------
                                              0.186029   slack (MET)


Startpoint: i_rst_n (input port clocked by i_clk)
Endpoint: _16_ (removal check against rising-edge clock i_clk)
Path Group: asynchronous
Path Type: min

Fanout         Cap        Slew       Delay        Time   Description
---------------------------------------------------------------------------------------------
                                  0.000000    0.000000   clock i_clk (rise edge)
                                  0.000000    0.000000   clock network delay (propagated)
                                  0.020000    0.020000 ^ input external delay
     1    0.002720    0.013632    0.007031    0.027031 ^ i_rst_n (in)
                      0.013632    0.000000    0.027031 ^ hold1/A (sky130_fd_sc_hd__dlygate4sd3_1)
     1    0.002719    0.036761    0.366232    0.393263 ^ hold1/X (sky130_fd_sc_hd__dlygate4sd3_1)
                      0.036761    0.000082    0.393344 ^ input2/A (sky130_fd_sc_hd__dlymetal6s2s_1)
     1    0.002739    0.043451    0.065595    0.458939 ^ input2/X (sky130_fd_sc_hd__dlymetal6s2s_1)
                      0.043451    0.000085    0.459024 ^ hold2/A (sky130_fd_sc_hd__dlygate4sd3_1)
     4    0.017840    0.142368    0.453503    0.912527 ^ hold2/X (sky130_fd_sc_hd__dlygate4sd3_1)
                      0.142368    0.000332    0.912859 ^ _16_/RESET_B (sky130_fd_sc_hd__dfrtp_1)
                                              0.912859   data arrival time

                                  0.000000    0.000000   clock i_clk (rise edge)
                                  0.000000    0.000000   clock source latency
     1    0.010931    0.041688    0.027418    0.027418 ^ i_clk (in)
                      0.041692    0.000000    0.027418 ^ clkbuf_0_i_clk/A (sky130_fd_sc_hd__clkbuf_16)
     2    0.019559    0.030887    0.087157    0.114575 ^ clkbuf_0_i_clk/X (sky130_fd_sc_hd__clkbuf_16)
                      0.030890    0.000569    0.115144 ^ clkbuf_1_1__f_i_clk/A (sky130_fd_sc_hd__clkbuf_16)
     2    0.006196    0.021819    0.074714    0.189858 ^ clkbuf_1_1__f_i_clk/X (sky130_fd_sc_hd__clkbuf_16)
                      0.021819    0.000156    0.190014 ^ _16_/CLK (sky130_fd_sc_hd__dfrtp_1)
                                  0.250000    0.440014   clock uncertainty
                                  0.000000    0.440014   clock reconvergence pessimism
                                  0.224840    0.664854   library removal time
                                              0.664854   data required time
---------------------------------------------------------------------------------------------
                                              0.664854   data required time
                                             -0.912859   data arrival time
---------------------------------------------------------------------------------------------
                                              0.248005   slack (MET)


Startpoint: i_rst_n (input port clocked by i_clk)
Endpoint: _19_ (removal check against rising-edge clock i_clk)
Path Group: asynchronous
Path Type: min

Fanout         Cap        Slew       Delay        Time   Description
---------------------------------------------------------------------------------------------
                                  0.000000    0.000000   clock i_clk (rise edge)
                                  0.000000    0.000000   clock network delay (propagated)
                                  0.020000    0.020000 ^ input external delay
     1    0.002720    0.013632    0.007031    0.027031 ^ i_rst_n (in)
                      0.013632    0.000000    0.027031 ^ hold1/A (sky130_fd_sc_hd__dlygate4sd3_1)
     1    0.002719    0.036761    0.366232    0.393263 ^ hold1/X (sky130_fd_sc_hd__dlygate4sd3_1)
                      0.036761    0.000082    0.393344 ^ input2/A (sky130_fd_sc_hd__dlymetal6s2s_1)
     1    0.002739    0.043451    0.065595    0.458939 ^ input2/X (sky130_fd_sc_hd__dlymetal6s2s_1)
                      0.043451    0.000085    0.459024 ^ hold2/A (sky130_fd_sc_hd__dlygate4sd3_1)
     4    0.017840    0.142368    0.453503    0.912527 ^ hold2/X (sky130_fd_sc_hd__dlygate4sd3_1)
                      0.142368    0.000348    0.912874 ^ _19_/RESET_B (sky130_fd_sc_hd__dfrtp_1)
                                              0.912874   data arrival time

                                  0.000000    0.000000   clock i_clk (rise edge)
                                  0.000000    0.000000   clock source latency
     1    0.010931    0.041688    0.027418    0.027418 ^ i_clk (in)
                      0.041692    0.000000    0.027418 ^ clkbuf_0_i_clk/A (sky130_fd_sc_hd__clkbuf_16)
     2    0.019559    0.030887    0.087157    0.114575 ^ clkbuf_0_i_clk/X (sky130_fd_sc_hd__clkbuf_16)
                      0.030890    0.000569    0.115144 ^ clkbuf_1_1__f_i_clk/A (sky130_fd_sc_hd__clkbuf_16)
     2    0.006196    0.021819    0.074714    0.189858 ^ clkbuf_1_1__f_i_clk/X (sky130_fd_sc_hd__clkbuf_16)
                      0.021819    0.000160    0.190018 ^ _19_/CLK (sky130_fd_sc_hd__dfrtp_1)
                                  0.250000    0.440018   clock uncertainty
                                  0.000000    0.440018   clock reconvergence pessimism
                                  0.224840    0.664858   library removal time
                                              0.664858   data required time
---------------------------------------------------------------------------------------------
                                              0.664858   data required time
                                             -0.912874   data arrival time
---------------------------------------------------------------------------------------------
                                              0.248016   slack (MET)


Startpoint: i_rst_n (input port clocked by i_clk)
Endpoint: _18_ (removal check against rising-edge clock i_clk)
Path Group: asynchronous
Path Type: min

Fanout         Cap        Slew       Delay        Time   Description
---------------------------------------------------------------------------------------------
                                  0.000000    0.000000   clock i_clk (rise edge)
                                  0.000000    0.000000   clock network delay (propagated)
                                  0.020000    0.020000 ^ input external delay
     1    0.002720    0.013632    0.007031    0.027031 ^ i_rst_n (in)
                      0.013632    0.000000    0.027031 ^ hold1/A (sky130_fd_sc_hd__dlygate4sd3_1)
     1    0.002719    0.036761    0.366232    0.393263 ^ hold1/X (sky130_fd_sc_hd__dlygate4sd3_1)
                      0.036761    0.000082    0.393344 ^ input2/A (sky130_fd_sc_hd__dlymetal6s2s_1)
     1    0.002739    0.043451    0.065595    0.458939 ^ input2/X (sky130_fd_sc_hd__dlymetal6s2s_1)
                      0.043451    0.000085    0.459024 ^ hold2/A (sky130_fd_sc_hd__dlygate4sd3_1)
     4    0.017840    0.142368    0.453503    0.912527 ^ hold2/X (sky130_fd_sc_hd__dlygate4sd3_1)
                      0.142368    0.000305    0.912832 ^ _18_/RESET_B (sky130_fd_sc_hd__dfrtp_1)
                                              0.912832   data arrival time

                                  0.000000    0.000000   clock i_clk (rise edge)
                                  0.000000    0.000000   clock source latency
     1    0.010931    0.041688    0.027418    0.027418 ^ i_clk (in)
                      0.041692    0.000000    0.027418 ^ clkbuf_0_i_clk/A (sky130_fd_sc_hd__clkbuf_16)
     2    0.019559    0.030887    0.087157    0.114575 ^ clkbuf_0_i_clk/X (sky130_fd_sc_hd__clkbuf_16)
                      0.030891    0.000592    0.115167 ^ clkbuf_1_0__f_i_clk/A (sky130_fd_sc_hd__clkbuf_16)
     2    0.005496    0.021335    0.074116    0.189284 ^ clkbuf_1_0__f_i_clk/X (sky130_fd_sc_hd__clkbuf_16)
                      0.021336    0.000177    0.189461 ^ _18_/CLK (sky130_fd_sc_hd__dfrtp_1)
                                  0.250000    0.439460   clock uncertainty
                                  0.000000    0.439460   clock reconvergence pessimism
                                  0.224774    0.664234   library removal time
                                              0.664234   data required time
---------------------------------------------------------------------------------------------
                                              0.664234   data required time
                                             -0.912832   data arrival time
---------------------------------------------------------------------------------------------
                                              0.248598   slack (MET)


Startpoint: i_rst_n (input port clocked by i_clk)
Endpoint: _17_ (removal check against rising-edge clock i_clk)
Path Group: asynchronous
Path Type: min

Fanout         Cap        Slew       Delay        Time   Description
---------------------------------------------------------------------------------------------
                                  0.000000    0.000000   clock i_clk (rise edge)
                                  0.000000    0.000000   clock network delay (propagated)
                                  0.020000    0.020000 ^ input external delay
     1    0.002720    0.013632    0.007031    0.027031 ^ i_rst_n (in)
                      0.013632    0.000000    0.027031 ^ hold1/A (sky130_fd_sc_hd__dlygate4sd3_1)
     1    0.002719    0.036761    0.366232    0.393263 ^ hold1/X (sky130_fd_sc_hd__dlygate4sd3_1)
                      0.036761    0.000082    0.393344 ^ input2/A (sky130_fd_sc_hd__dlymetal6s2s_1)
     1    0.002739    0.043451    0.065595    0.458939 ^ input2/X (sky130_fd_sc_hd__dlymetal6s2s_1)
                      0.043451    0.000085    0.459024 ^ hold2/A (sky130_fd_sc_hd__dlygate4sd3_1)
     4    0.017840    0.142368    0.453503    0.912527 ^ hold2/X (sky130_fd_sc_hd__dlygate4sd3_1)
                      0.142368    0.000341    0.912867 ^ _17_/RESET_B (sky130_fd_sc_hd__dfrtp_1)
                                              0.912867   data arrival time

                                  0.000000    0.000000   clock i_clk (rise edge)
                                  0.000000    0.000000   clock source latency
     1    0.010931    0.041688    0.027418    0.027418 ^ i_clk (in)
                      0.041692    0.000000    0.027418 ^ clkbuf_0_i_clk/A (sky130_fd_sc_hd__clkbuf_16)
     2    0.019559    0.030887    0.087157    0.114575 ^ clkbuf_0_i_clk/X (sky130_fd_sc_hd__clkbuf_16)
                      0.030891    0.000592    0.115167 ^ clkbuf_1_0__f_i_clk/A (sky130_fd_sc_hd__clkbuf_16)
     2    0.005496    0.021335    0.074116    0.189284 ^ clkbuf_1_0__f_i_clk/X (sky130_fd_sc_hd__clkbuf_16)
                      0.021336    0.000141    0.189425 ^ _17_/CLK (sky130_fd_sc_hd__dfrtp_1)
                                  0.250000    0.439425   clock uncertainty
                                  0.000000    0.439425   clock reconvergence pessimism
                                  0.224774    0.664199   library removal time
                                              0.664199   data required time
---------------------------------------------------------------------------------------------
                                              0.664199   data required time
                                             -0.912867   data arrival time
---------------------------------------------------------------------------------------------
                                              0.248668   slack (MET)


Startpoint: _18_ (rising edge-triggered flip-flop clocked by i_clk)
Endpoint: uo_out[3] (output port clocked by i_clk)
Path Group: i_clk
Path Type: min

Fanout         Cap        Slew       Delay        Time   Description
---------------------------------------------------------------------------------------------
                                  0.000000    0.000000   clock i_clk (rise edge)
                                  0.000000    0.000000   clock source latency
     1    0.010931    0.041688    0.027418    0.027418 ^ i_clk (in)
                      0.041692    0.000000    0.027418 ^ clkbuf_0_i_clk/A (sky130_fd_sc_hd__clkbuf_16)
     2    0.019559    0.030887    0.087157    0.114575 ^ clkbuf_0_i_clk/X (sky130_fd_sc_hd__clkbuf_16)
                      0.030891    0.000592    0.115167 ^ clkbuf_1_0__f_i_clk/A (sky130_fd_sc_hd__clkbuf_16)
     2    0.005496    0.021335    0.074116    0.189284 ^ clkbuf_1_0__f_i_clk/X (sky130_fd_sc_hd__clkbuf_16)
                      0.021336    0.000177    0.189461 ^ _18_/CLK (sky130_fd_sc_hd__dfrtp_1)
     2    0.005843    0.037592    0.229919    0.419379 v _18_/Q (sky130_fd_sc_hd__dfrtp_1)
                      0.037592    0.000155    0.419534 v output6/A (sky130_fd_sc_hd__buf_2)
     1    0.034598    0.063338    0.120537    0.540072 v output6/X (sky130_fd_sc_hd__buf_2)
                      0.063350    0.000845    0.540917 v uo_out[3] (out)
                                              0.540917   data arrival time

                                  0.000000    0.000000   clock i_clk (rise edge)
                                  0.000000    0.000000   clock network delay (propagated)
                                  0.250000    0.250000   clock uncertainty
                                  0.000000    0.250000   clock reconvergence pessimism
                                 -0.020000    0.230000   output external delay
                                              0.230000   data required time
---------------------------------------------------------------------------------------------
                                              0.230000   data required time
                                             -0.540917   data arrival time
---------------------------------------------------------------------------------------------
                                              0.310917   slack (MET)


Startpoint: _17_ (rising edge-triggered flip-flop clocked by i_clk)
Endpoint: uo_out[2] (output port clocked by i_clk)
Path Group: i_clk
Path Type: min

Fanout         Cap        Slew       Delay        Time   Description
---------------------------------------------------------------------------------------------
                                  0.000000    0.000000   clock i_clk (rise edge)
                                  0.000000    0.000000   clock source latency
     1    0.010931    0.041688    0.027418    0.027418 ^ i_clk (in)
                      0.041692    0.000000    0.027418 ^ clkbuf_0_i_clk/A (sky130_fd_sc_hd__clkbuf_16)
     2    0.019559    0.030887    0.087157    0.114575 ^ clkbuf_0_i_clk/X (sky130_fd_sc_hd__clkbuf_16)
                      0.030891    0.000592    0.115167 ^ clkbuf_1_0__f_i_clk/A (sky130_fd_sc_hd__clkbuf_16)
     2    0.005496    0.021335    0.074116    0.189284 ^ clkbuf_1_0__f_i_clk/X (sky130_fd_sc_hd__clkbuf_16)
                      0.021336    0.000141    0.189425 ^ _17_/CLK (sky130_fd_sc_hd__dfrtp_1)
     3    0.009903    0.051093    0.244588    0.434013 v _17_/Q (sky130_fd_sc_hd__dfrtp_1)
                      0.051095    0.000355    0.434368 v output5/A (sky130_fd_sc_hd__buf_2)
     1    0.034712    0.063518    0.126074    0.560442 v output5/X (sky130_fd_sc_hd__buf_2)
                      0.063531    0.000865    0.561308 v uo_out[2] (out)
                                              0.561308   data arrival time

                                  0.000000    0.000000   clock i_clk (rise edge)
                                  0.000000    0.000000   clock network delay (propagated)
                                  0.250000    0.250000   clock uncertainty
                                  0.000000    0.250000   clock reconvergence pessimism
                                 -0.020000    0.230000   output external delay
                                              0.230000   data required time
---------------------------------------------------------------------------------------------
                                              0.230000   data required time
                                             -0.561308   data arrival time
---------------------------------------------------------------------------------------------
                                              0.331308   slack (MET)


Startpoint: _19_ (rising edge-triggered flip-flop clocked by i_clk)
Endpoint: uo_out[0] (output port clocked by i_clk)
Path Group: i_clk
Path Type: min

Fanout         Cap        Slew       Delay        Time   Description
---------------------------------------------------------------------------------------------
                                  0.000000    0.000000   clock i_clk (rise edge)
                                  0.000000    0.000000   clock source latency
     1    0.010931    0.041688    0.027418    0.027418 ^ i_clk (in)
                      0.041692    0.000000    0.027418 ^ clkbuf_0_i_clk/A (sky130_fd_sc_hd__clkbuf_16)
     2    0.019559    0.030887    0.087157    0.114575 ^ clkbuf_0_i_clk/X (sky130_fd_sc_hd__clkbuf_16)
                      0.030890    0.000569    0.115144 ^ clkbuf_1_1__f_i_clk/A (sky130_fd_sc_hd__clkbuf_16)
     2    0.006196    0.021819    0.074714    0.189858 ^ clkbuf_1_1__f_i_clk/X (sky130_fd_sc_hd__clkbuf_16)
                      0.021819    0.000160    0.190018 ^ _19_/CLK (sky130_fd_sc_hd__dfrtp_1)
     5    0.012927    0.058623    0.253818    0.443836 v _19_/Q (sky130_fd_sc_hd__dfrtp_1)
                      0.058624    0.000255    0.444092 v output3/A (sky130_fd_sc_hd__buf_2)
     1    0.034550    0.063280    0.128940    0.573032 v output3/X (sky130_fd_sc_hd__buf_2)
                      0.063292    0.000831    0.573863 v uo_out[0] (out)
                                              0.573863   data arrival time

                                  0.000000    0.000000   clock i_clk (rise edge)
                                  0.000000    0.000000   clock network delay (propagated)
                                  0.250000    0.250000   clock uncertainty
                                  0.000000    0.250000   clock reconvergence pessimism
                                 -0.020000    0.230000   output external delay
                                              0.230000   data required time
---------------------------------------------------------------------------------------------
                                              0.230000   data required time
                                             -0.573863   data arrival time
---------------------------------------------------------------------------------------------
                                              0.343863   slack (MET)


Startpoint: _16_ (rising edge-triggered flip-flop clocked by i_clk)
Endpoint: uo_out[1] (output port clocked by i_clk)
Path Group: i_clk
Path Type: min

Fanout         Cap        Slew       Delay        Time   Description
---------------------------------------------------------------------------------------------
                                  0.000000    0.000000   clock i_clk (rise edge)
                                  0.000000    0.000000   clock source latency
     1    0.010931    0.041688    0.027418    0.027418 ^ i_clk (in)
                      0.041692    0.000000    0.027418 ^ clkbuf_0_i_clk/A (sky130_fd_sc_hd__clkbuf_16)
     2    0.019559    0.030887    0.087157    0.114575 ^ clkbuf_0_i_clk/X (sky130_fd_sc_hd__clkbuf_16)
                      0.030890    0.000569    0.115144 ^ clkbuf_1_1__f_i_clk/A (sky130_fd_sc_hd__clkbuf_16)
     2    0.006196    0.021819    0.074714    0.189858 ^ clkbuf_1_1__f_i_clk/X (sky130_fd_sc_hd__clkbuf_16)
                      0.021819    0.000156    0.190014 ^ _16_/CLK (sky130_fd_sc_hd__dfrtp_1)
     4    0.014303    0.062758    0.257377    0.447391 v _16_/Q (sky130_fd_sc_hd__dfrtp_1)
                      0.062759    0.000345    0.447736 v output4/A (sky130_fd_sc_hd__buf_2)
     1    0.034864    0.063773    0.130989    0.578725 v output4/X (sky130_fd_sc_hd__buf_2)
                      0.063786    0.000873    0.579599 v uo_out[1] (out)
                                              0.579599   data arrival time

                                  0.000000    0.000000   clock i_clk (rise edge)
                                  0.000000    0.000000   clock network delay (propagated)
                                  0.250000    0.250000   clock uncertainty
                                  0.000000    0.250000   clock reconvergence pessimism
                                 -0.020000    0.230000   output external delay
                                              0.230000   data required time
---------------------------------------------------------------------------------------------
                                              0.230000   data required time
                                             -0.579599   data arrival time
---------------------------------------------------------------------------------------------
                                              0.349599   slack (MET)


Startpoint: _16_ (rising edge-triggered flip-flop clocked by i_clk)
Endpoint: _16_ (rising edge-triggered flip-flop clocked by i_clk)
Path Group: i_clk
Path Type: min

Fanout         Cap        Slew       Delay        Time   Description
---------------------------------------------------------------------------------------------
                                  0.000000    0.000000   clock i_clk (rise edge)
                                  0.000000    0.000000   clock source latency
     1    0.010931    0.041688    0.027418    0.027418 ^ i_clk (in)
                      0.041692    0.000000    0.027418 ^ clkbuf_0_i_clk/A (sky130_fd_sc_hd__clkbuf_16)
     2    0.019559    0.030887    0.087157    0.114575 ^ clkbuf_0_i_clk/X (sky130_fd_sc_hd__clkbuf_16)
                      0.030890    0.000569    0.115144 ^ clkbuf_1_1__f_i_clk/A (sky130_fd_sc_hd__clkbuf_16)
     2    0.006196    0.021819    0.074714    0.189858 ^ clkbuf_1_1__f_i_clk/X (sky130_fd_sc_hd__clkbuf_16)
                      0.021819    0.000156    0.190014 ^ _16_/CLK (sky130_fd_sc_hd__dfrtp_1)
     4    0.015049    0.105738    0.252142    0.442156 ^ _16_/Q (sky130_fd_sc_hd__dfrtp_1)
                      0.105740    0.000622    0.442778 ^ _09_/A (sky130_fd_sc_hd__xnor2_1)
     1    0.002319    0.021570    0.045607    0.488385 v _09_/Y (sky130_fd_sc_hd__xnor2_1)
                      0.021570    0.000067    0.488452 v hold4/A (sky130_fd_sc_hd__dlygate4sd3_1)
     1    0.002785    0.038050    0.356358    0.844809 v hold4/X (sky130_fd_sc_hd__dlygate4sd3_1)
                      0.038050    0.000080    0.844889 v _16_/D (sky130_fd_sc_hd__dfrtp_1)
                                              0.844889   data arrival time

                                  0.000000    0.000000   clock i_clk (rise edge)
                                  0.000000    0.000000   clock source latency
     1    0.010931    0.041688    0.027418    0.027418 ^ i_clk (in)
                      0.041692    0.000000    0.027418 ^ clkbuf_0_i_clk/A (sky130_fd_sc_hd__clkbuf_16)
     2    0.019559    0.030887    0.087157    0.114575 ^ clkbuf_0_i_clk/X (sky130_fd_sc_hd__clkbuf_16)
                      0.030890    0.000569    0.115144 ^ clkbuf_1_1__f_i_clk/A (sky130_fd_sc_hd__clkbuf_16)
     2    0.006196    0.021819    0.074714    0.189858 ^ clkbuf_1_1__f_i_clk/X (sky130_fd_sc_hd__clkbuf_16)
                      0.021819    0.000156    0.190014 ^ _16_/CLK (sky130_fd_sc_hd__dfrtp_1)
                                  0.250000    0.440014   clock uncertainty
                                  0.000000    0.440014   clock reconvergence pessimism
                                 -0.035253    0.404762   library hold time
                                              0.404762   data required time
---------------------------------------------------------------------------------------------
                                              0.404762   data required time
                                             -0.844889   data arrival time
---------------------------------------------------------------------------------------------
                                              0.440127   slack (MET)



%OL_END_REPORT
%OL_CREATE_REPORT max.rpt

===========================================================================
report_checks -path_delay max (Setup)
============================================================================
======================= nom_ff_n40C_1v95 Corner ===================================

Warning: corner.tcl line 67, unknown field nets.
Warning: corner.tcl line 67, report_checks -group_count is deprecated. Use -group_path_count instead.
Startpoint: i_ena (input port clocked by i_clk)
Endpoint: _16_ (rising edge-triggered flip-flop clocked by i_clk)
Path Group: i_clk
Path Type: max

Fanout         Cap        Slew       Delay        Time   Description
---------------------------------------------------------------------------------------------
                                  0.000000    0.000000   clock i_clk (rise edge)
                                  0.000000    0.000000   clock network delay (propagated)
                                  0.020000    0.020000 ^ input external delay
     1    0.002512    0.012893    0.006484    0.026484 ^ i_ena (in)
                      0.012893    0.000000    0.026484 ^ hold3/A (sky130_fd_sc_hd__dlygate4sd3_1)
     1    0.002313    0.034440    0.363440    0.389923 ^ hold3/X (sky130_fd_sc_hd__dlygate4sd3_1)
                      0.034440    0.000044    0.389967 ^ input1/A (sky130_fd_sc_hd__clkbuf_1)
     4    0.010449    0.096444    0.097441    0.487408 ^ input1/X (sky130_fd_sc_hd__clkbuf_1)
                      0.096444    0.000115    0.487523 ^ _08_/B (sky130_fd_sc_hd__nand2_1)
     2    0.006454    0.045099    0.051080    0.538604 v _08_/Y (sky130_fd_sc_hd__nand2_1)
                      0.045100    0.000121    0.538725 v _09_/B (sky130_fd_sc_hd__xnor2_1)
     1    0.002319    0.033668    0.078800    0.617525 v _09_/Y (sky130_fd_sc_hd__xnor2_1)
                      0.033668    0.000067    0.617592 v hold4/A (sky130_fd_sc_hd__dlygate4sd3_1)
     1    0.002785    0.038007    0.360825    0.978417 v hold4/X (sky130_fd_sc_hd__dlygate4sd3_1)
                      0.038007    0.000080    0.978497 v _16_/D (sky130_fd_sc_hd__dfrtp_1)
                                              0.978497   data arrival time

                                 10.000000   10.000000   clock i_clk (rise edge)
                                  0.000000   10.000000   clock source latency
     1    0.010931    0.041688    0.027418   10.027418 ^ i_clk (in)
                      0.041692    0.000000   10.027418 ^ clkbuf_0_i_clk/A (sky130_fd_sc_hd__clkbuf_16)
     2    0.019559    0.030887    0.087157   10.114575 ^ clkbuf_0_i_clk/X (sky130_fd_sc_hd__clkbuf_16)
                      0.030890    0.000569   10.115145 ^ clkbuf_1_1__f_i_clk/A (sky130_fd_sc_hd__clkbuf_16)
     2    0.006196    0.021819    0.074714   10.189858 ^ clkbuf_1_1__f_i_clk/X (sky130_fd_sc_hd__clkbuf_16)
                      0.021819    0.000156   10.190015 ^ _16_/CLK (sky130_fd_sc_hd__dfrtp_1)
                                 -0.250000    9.940015   clock uncertainty
                                  0.000000    9.940015   clock reconvergence pessimism
                                 -0.075570    9.864444   library setup time
                                              9.864444   data required time
---------------------------------------------------------------------------------------------
                                              9.864444   data required time
                                             -0.978497   data arrival time
---------------------------------------------------------------------------------------------
                                              8.885947   slack (MET)


Startpoint: _18_ (rising edge-triggered flip-flop clocked by i_clk)
Endpoint: _18_ (rising edge-triggered flip-flop clocked by i_clk)
Path Group: i_clk
Path Type: max

Fanout         Cap        Slew       Delay        Time   Description
---------------------------------------------------------------------------------------------
                                  0.000000    0.000000   clock i_clk (rise edge)
                                  0.000000    0.000000   clock source latency
     1    0.010931    0.041688    0.027418    0.027418 ^ i_clk (in)
                      0.041692    0.000000    0.027418 ^ clkbuf_0_i_clk/A (sky130_fd_sc_hd__clkbuf_16)
     2    0.019559    0.030887    0.087157    0.114575 ^ clkbuf_0_i_clk/X (sky130_fd_sc_hd__clkbuf_16)
                      0.030891    0.000592    0.115167 ^ clkbuf_1_0__f_i_clk/A (sky130_fd_sc_hd__clkbuf_16)
     2    0.005496    0.021335    0.074116    0.189284 ^ clkbuf_1_0__f_i_clk/X (sky130_fd_sc_hd__clkbuf_16)
                      0.021336    0.000177    0.189461 ^ _18_/CLK (sky130_fd_sc_hd__dfrtp_1)
     2    0.005843    0.037592    0.229919    0.419379 v _18_/Q (sky130_fd_sc_hd__dfrtp_1)
                      0.037592    0.000125    0.419504 v hold5/A (sky130_fd_sc_hd__dlygate4sd3_1)
     1    0.005672    0.048170    0.376391    0.795896 v hold5/X (sky130_fd_sc_hd__dlygate4sd3_1)
                      0.048170    0.000180    0.796076 v _13_/A (sky130_fd_sc_hd__xor2_1)
     1    0.002638    0.031521    0.102443    0.898519 v _13_/X (sky130_fd_sc_hd__xor2_1)
                      0.031521    0.000054    0.898573 v _18_/D (sky130_fd_sc_hd__dfrtp_1)
                                              0.898573   data arrival time

                                 10.000000   10.000000   clock i_clk (rise edge)
                                  0.000000   10.000000   clock source latency
     1    0.010931    0.041688    0.027418   10.027418 ^ i_clk (in)
                      0.041692    0.000000   10.027418 ^ clkbuf_0_i_clk/A (sky130_fd_sc_hd__clkbuf_16)
     2    0.019559    0.030887    0.087157   10.114575 ^ clkbuf_0_i_clk/X (sky130_fd_sc_hd__clkbuf_16)
                      0.030891    0.000592   10.115168 ^ clkbuf_1_0__f_i_clk/A (sky130_fd_sc_hd__clkbuf_16)
     2    0.005496    0.021335    0.074116   10.189283 ^ clkbuf_1_0__f_i_clk/X (sky130_fd_sc_hd__clkbuf_16)
                      0.021336    0.000178   10.189461 ^ _18_/CLK (sky130_fd_sc_hd__dfrtp_1)
                                 -0.250000    9.939461   clock uncertainty
                                  0.000000    9.939461   clock reconvergence pessimism
                                 -0.073300    9.866161   library setup time
                                              9.866161   data required time
---------------------------------------------------------------------------------------------
                                              9.866161   data required time
                                             -0.898573   data arrival time
---------------------------------------------------------------------------------------------
                                              8.967588   slack (MET)


Startpoint: i_ena (input port clocked by i_clk)
Endpoint: _17_ (rising edge-triggered flip-flop clocked by i_clk)
Path Group: i_clk
Path Type: max

Fanout         Cap        Slew       Delay        Time   Description
---------------------------------------------------------------------------------------------
                                  0.000000    0.000000   clock i_clk (rise edge)
                                  0.000000    0.000000   clock network delay (propagated)
                                  0.020000    0.020000 ^ input external delay
     1    0.002512    0.012893    0.006484    0.026484 ^ i_ena (in)
                      0.012893    0.000000    0.026484 ^ hold3/A (sky130_fd_sc_hd__dlygate4sd3_1)
     1    0.002313    0.034440    0.363440    0.389923 ^ hold3/X (sky130_fd_sc_hd__dlygate4sd3_1)
                      0.034440    0.000044    0.389967 ^ input1/A (sky130_fd_sc_hd__clkbuf_1)
     4    0.010449    0.096444    0.097441    0.487408 ^ input1/X (sky130_fd_sc_hd__clkbuf_1)
                      0.096444    0.000129    0.487537 ^ _10_/D (sky130_fd_sc_hd__and4_1)
     2    0.007433    0.066054    0.140689    0.628226 ^ _10_/X (sky130_fd_sc_hd__and4_1)
                      0.066054    0.000154    0.628380 ^ _12_/A_N (sky130_fd_sc_hd__and2b_1)
     1    0.003667    0.027601    0.113720    0.742100 v _12_/X (sky130_fd_sc_hd__and2b_1)
                      0.027601    0.000114    0.742214 v _17_/D (sky130_fd_sc_hd__dfrtp_1)
                                              0.742214   data arrival time

                                 10.000000   10.000000   clock i_clk (rise edge)
                                  0.000000   10.000000   clock source latency
     1    0.010931    0.041688    0.027418   10.027418 ^ i_clk (in)
                      0.041692    0.000000   10.027418 ^ clkbuf_0_i_clk/A (sky130_fd_sc_hd__clkbuf_16)
     2    0.019559    0.030887    0.087157   10.114575 ^ clkbuf_0_i_clk/X (sky130_fd_sc_hd__clkbuf_16)
                      0.030891    0.000592   10.115168 ^ clkbuf_1_0__f_i_clk/A (sky130_fd_sc_hd__clkbuf_16)
     2    0.005496    0.021335    0.074116   10.189283 ^ clkbuf_1_0__f_i_clk/X (sky130_fd_sc_hd__clkbuf_16)
                      0.021336    0.000142   10.189425 ^ _17_/CLK (sky130_fd_sc_hd__dfrtp_1)
                                 -0.250000    9.939425   clock uncertainty
                                  0.000000    9.939425   clock reconvergence pessimism
                                 -0.071899    9.867527   library setup time
                                              9.867527   data required time
---------------------------------------------------------------------------------------------
                                              9.867527   data required time
                                             -0.742214   data arrival time
---------------------------------------------------------------------------------------------
                                              9.125312   slack (MET)


Startpoint: _16_ (rising edge-triggered flip-flop clocked by i_clk)
Endpoint: uo_out[1] (output port clocked by i_clk)
Path Group: i_clk
Path Type: max

Fanout         Cap        Slew       Delay        Time   Description
---------------------------------------------------------------------------------------------
                                  0.000000    0.000000   clock i_clk (rise edge)
                                  0.000000    0.000000   clock source latency
     1    0.010931    0.041688    0.027418    0.027418 ^ i_clk (in)
                      0.041692    0.000000    0.027418 ^ clkbuf_0_i_clk/A (sky130_fd_sc_hd__clkbuf_16)
     2    0.019559    0.030887    0.087157    0.114575 ^ clkbuf_0_i_clk/X (sky130_fd_sc_hd__clkbuf_16)
                      0.030890    0.000569    0.115144 ^ clkbuf_1_1__f_i_clk/A (sky130_fd_sc_hd__clkbuf_16)
     2    0.006196    0.021819    0.074714    0.189858 ^ clkbuf_1_1__f_i_clk/X (sky130_fd_sc_hd__clkbuf_16)
                      0.021819    0.000156    0.190014 ^ _16_/CLK (sky130_fd_sc_hd__dfrtp_1)
     4    0.015049    0.105738    0.252142    0.442156 ^ _16_/Q (sky130_fd_sc_hd__dfrtp_1)
                      0.105738    0.000364    0.442520 ^ output4/A (sky130_fd_sc_hd__buf_2)
     1    0.034864    0.130278    0.157316    0.599836 ^ output4/X (sky130_fd_sc_hd__buf_2)
                      0.130326    0.000874    0.600710 ^ uo_out[1] (out)
                                              0.600710   data arrival time

                                 10.000000   10.000000   clock i_clk (rise edge)
                                  0.000000   10.000000   clock network delay (propagated)
                                 -0.250000    9.750000   clock uncertainty
                                  0.000000    9.750000   clock reconvergence pessimism
                                 -0.020000    9.730000   output external delay
                                              9.730000   data required time
---------------------------------------------------------------------------------------------
                                              9.730000   data required time
                                             -0.600710   data arrival time
---------------------------------------------------------------------------------------------
                                              9.129290   slack (MET)


Startpoint: _19_ (rising edge-triggered flip-flop clocked by i_clk)
Endpoint: uo_out[0] (output port clocked by i_clk)
Path Group: i_clk
Path Type: max

Fanout         Cap        Slew       Delay        Time   Description
---------------------------------------------------------------------------------------------
                                  0.000000    0.000000   clock i_clk (rise edge)
                                  0.000000    0.000000   clock source latency
     1    0.010931    0.041688    0.027418    0.027418 ^ i_clk (in)
                      0.041692    0.000000    0.027418 ^ clkbuf_0_i_clk/A (sky130_fd_sc_hd__clkbuf_16)
     2    0.019559    0.030887    0.087157    0.114575 ^ clkbuf_0_i_clk/X (sky130_fd_sc_hd__clkbuf_16)
                      0.030890    0.000569    0.115144 ^ clkbuf_1_1__f_i_clk/A (sky130_fd_sc_hd__clkbuf_16)
     2    0.006196    0.021819    0.074714    0.189858 ^ clkbuf_1_1__f_i_clk/X (sky130_fd_sc_hd__clkbuf_16)
                      0.021819    0.000160    0.190018 ^ _19_/CLK (sky130_fd_sc_hd__dfrtp_1)
     5    0.013577    0.096361    0.245682    0.435700 ^ _19_/Q (sky130_fd_sc_hd__dfrtp_1)
                      0.096361    0.000270    0.435970 ^ output3/A (sky130_fd_sc_hd__buf_2)
     1    0.034550    0.129167    0.154420    0.590390 ^ output3/X (sky130_fd_sc_hd__buf_2)
                      0.129213    0.000832    0.591222 ^ uo_out[0] (out)
                                              0.591222   data arrival time

                                 10.000000   10.000000   clock i_clk (rise edge)
                                  0.000000   10.000000   clock network delay (propagated)
                                 -0.250000    9.750000   clock uncertainty
                                  0.000000    9.750000   clock reconvergence pessimism
                                 -0.020000    9.730000   output external delay
                                              9.730000   data required time
---------------------------------------------------------------------------------------------
                                              9.730000   data required time
                                             -0.591222   data arrival time
---------------------------------------------------------------------------------------------
                                              9.138778   slack (MET)


Startpoint: i_rst_n (input port clocked by i_clk)
Endpoint: _17_ (recovery check against rising-edge clock i_clk)
Path Group: asynchronous
Path Type: max

Fanout         Cap        Slew       Delay        Time   Description
---------------------------------------------------------------------------------------------
                                  0.000000    0.000000   clock i_clk (rise edge)
                                  0.000000    0.000000   clock network delay (propagated)
                                  0.020000    0.020000 ^ input external delay
     1    0.002720    0.013632    0.007031    0.027031 ^ i_rst_n (in)
                      0.013632    0.000000    0.027031 ^ hold1/A (sky130_fd_sc_hd__dlygate4sd3_1)
     1    0.002719    0.036761    0.366232    0.393263 ^ hold1/X (sky130_fd_sc_hd__dlygate4sd3_1)
                      0.036761    0.000082    0.393344 ^ input2/A (sky130_fd_sc_hd__dlymetal6s2s_1)
     1    0.002739    0.043451    0.065595    0.458939 ^ input2/X (sky130_fd_sc_hd__dlymetal6s2s_1)
                      0.043451    0.000085    0.459024 ^ hold2/A (sky130_fd_sc_hd__dlygate4sd3_1)
     4    0.017840    0.142368    0.453503    0.912527 ^ hold2/X (sky130_fd_sc_hd__dlygate4sd3_1)
                      0.142368    0.000341    0.912867 ^ _17_/RESET_B (sky130_fd_sc_hd__dfrtp_1)
                                              0.912867   data arrival time

                                 10.000000   10.000000   clock i_clk (rise edge)
                                  0.000000   10.000000   clock source latency
     1    0.010931    0.041688    0.027418   10.027418 ^ i_clk (in)
                      0.041692    0.000000   10.027418 ^ clkbuf_0_i_clk/A (sky130_fd_sc_hd__clkbuf_16)
     2    0.019559    0.030887    0.087157   10.114575 ^ clkbuf_0_i_clk/X (sky130_fd_sc_hd__clkbuf_16)
                      0.030891    0.000592   10.115168 ^ clkbuf_1_0__f_i_clk/A (sky130_fd_sc_hd__clkbuf_16)
     2    0.005496    0.021335    0.074116   10.189283 ^ clkbuf_1_0__f_i_clk/X (sky130_fd_sc_hd__clkbuf_16)
                      0.021336    0.000142   10.189425 ^ _17_/CLK (sky130_fd_sc_hd__dfrtp_1)
                                 -0.250000    9.939425   clock uncertainty
                                  0.000000    9.939425   clock reconvergence pessimism
                                  0.121338   10.060764   library recovery time
                                             10.060764   data required time
---------------------------------------------------------------------------------------------
                                             10.060764   data required time
                                             -0.912867   data arrival time
---------------------------------------------------------------------------------------------
                                              9.147897   slack (MET)


Startpoint: i_rst_n (input port clocked by i_clk)
Endpoint: _18_ (recovery check against rising-edge clock i_clk)
Path Group: asynchronous
Path Type: max

Fanout         Cap        Slew       Delay        Time   Description
---------------------------------------------------------------------------------------------
                                  0.000000    0.000000   clock i_clk (rise edge)
                                  0.000000    0.000000   clock network delay (propagated)
                                  0.020000    0.020000 ^ input external delay
     1    0.002720    0.013632    0.007031    0.027031 ^ i_rst_n (in)
                      0.013632    0.000000    0.027031 ^ hold1/A (sky130_fd_sc_hd__dlygate4sd3_1)
     1    0.002719    0.036761    0.366232    0.393263 ^ hold1/X (sky130_fd_sc_hd__dlygate4sd3_1)
                      0.036761    0.000082    0.393344 ^ input2/A (sky130_fd_sc_hd__dlymetal6s2s_1)
     1    0.002739    0.043451    0.065595    0.458939 ^ input2/X (sky130_fd_sc_hd__dlymetal6s2s_1)
                      0.043451    0.000085    0.459024 ^ hold2/A (sky130_fd_sc_hd__dlygate4sd3_1)
     4    0.017840    0.142368    0.453503    0.912527 ^ hold2/X (sky130_fd_sc_hd__dlygate4sd3_1)
                      0.142368    0.000305    0.912832 ^ _18_/RESET_B (sky130_fd_sc_hd__dfrtp_1)
                                              0.912832   data arrival time

                                 10.000000   10.000000   clock i_clk (rise edge)
                                  0.000000   10.000000   clock source latency
     1    0.010931    0.041688    0.027418   10.027418 ^ i_clk (in)
                      0.041692    0.000000   10.027418 ^ clkbuf_0_i_clk/A (sky130_fd_sc_hd__clkbuf_16)
     2    0.019559    0.030887    0.087157   10.114575 ^ clkbuf_0_i_clk/X (sky130_fd_sc_hd__clkbuf_16)
                      0.030891    0.000592   10.115168 ^ clkbuf_1_0__f_i_clk/A (sky130_fd_sc_hd__clkbuf_16)
     2    0.005496    0.021335    0.074116   10.189283 ^ clkbuf_1_0__f_i_clk/X (sky130_fd_sc_hd__clkbuf_16)
                      0.021336    0.000178   10.189461 ^ _18_/CLK (sky130_fd_sc_hd__dfrtp_1)
                                 -0.250000    9.939461   clock uncertainty
                                  0.000000    9.939461   clock reconvergence pessimism
                                  0.121338   10.060800   library recovery time
                                             10.060800   data required time
---------------------------------------------------------------------------------------------
                                             10.060800   data required time
                                             -0.912832   data arrival time
---------------------------------------------------------------------------------------------
                                              9.147968   slack (MET)


Startpoint: i_rst_n (input port clocked by i_clk)
Endpoint: _19_ (recovery check against rising-edge clock i_clk)
Path Group: asynchronous
Path Type: max

Fanout         Cap        Slew       Delay        Time   Description
---------------------------------------------------------------------------------------------
                                  0.000000    0.000000   clock i_clk (rise edge)
                                  0.000000    0.000000   clock network delay (propagated)
                                  0.020000    0.020000 ^ input external delay
     1    0.002720    0.013632    0.007031    0.027031 ^ i_rst_n (in)
                      0.013632    0.000000    0.027031 ^ hold1/A (sky130_fd_sc_hd__dlygate4sd3_1)
     1    0.002719    0.036761    0.366232    0.393263 ^ hold1/X (sky130_fd_sc_hd__dlygate4sd3_1)
                      0.036761    0.000082    0.393344 ^ input2/A (sky130_fd_sc_hd__dlymetal6s2s_1)
     1    0.002739    0.043451    0.065595    0.458939 ^ input2/X (sky130_fd_sc_hd__dlymetal6s2s_1)
                      0.043451    0.000085    0.459024 ^ hold2/A (sky130_fd_sc_hd__dlygate4sd3_1)
     4    0.017840    0.142368    0.453503    0.912527 ^ hold2/X (sky130_fd_sc_hd__dlygate4sd3_1)
                      0.142368    0.000348    0.912874 ^ _19_/RESET_B (sky130_fd_sc_hd__dfrtp_1)
                                              0.912874   data arrival time

                                 10.000000   10.000000   clock i_clk (rise edge)
                                  0.000000   10.000000   clock source latency
     1    0.010931    0.041688    0.027418   10.027418 ^ i_clk (in)
                      0.041692    0.000000   10.027418 ^ clkbuf_0_i_clk/A (sky130_fd_sc_hd__clkbuf_16)
     2    0.019559    0.030887    0.087157   10.114575 ^ clkbuf_0_i_clk/X (sky130_fd_sc_hd__clkbuf_16)
                      0.030890    0.000569   10.115145 ^ clkbuf_1_1__f_i_clk/A (sky130_fd_sc_hd__clkbuf_16)
     2    0.006196    0.021819    0.074714   10.189858 ^ clkbuf_1_1__f_i_clk/X (sky130_fd_sc_hd__clkbuf_16)
                      0.021819    0.000160   10.190018 ^ _19_/CLK (sky130_fd_sc_hd__dfrtp_1)
                                 -0.250000    9.940018   clock uncertainty
                                  0.000000    9.940018   clock reconvergence pessimism
                                  0.121413   10.061431   library recovery time
                                             10.061431   data required time
---------------------------------------------------------------------------------------------
                                             10.061431   data required time
                                             -0.912874   data arrival time
---------------------------------------------------------------------------------------------
                                              9.148557   slack (MET)


Startpoint: i_rst_n (input port clocked by i_clk)
Endpoint: _16_ (recovery check against rising-edge clock i_clk)
Path Group: asynchronous
Path Type: max

Fanout         Cap        Slew       Delay        Time   Description
---------------------------------------------------------------------------------------------
                                  0.000000    0.000000   clock i_clk (rise edge)
                                  0.000000    0.000000   clock network delay (propagated)
                                  0.020000    0.020000 ^ input external delay
     1    0.002720    0.013632    0.007031    0.027031 ^ i_rst_n (in)
                      0.013632    0.000000    0.027031 ^ hold1/A (sky130_fd_sc_hd__dlygate4sd3_1)
     1    0.002719    0.036761    0.366232    0.393263 ^ hold1/X (sky130_fd_sc_hd__dlygate4sd3_1)
                      0.036761    0.000082    0.393344 ^ input2/A (sky130_fd_sc_hd__dlymetal6s2s_1)
     1    0.002739    0.043451    0.065595    0.458939 ^ input2/X (sky130_fd_sc_hd__dlymetal6s2s_1)
                      0.043451    0.000085    0.459024 ^ hold2/A (sky130_fd_sc_hd__dlygate4sd3_1)
     4    0.017840    0.142368    0.453503    0.912527 ^ hold2/X (sky130_fd_sc_hd__dlygate4sd3_1)
                      0.142368    0.000332    0.912859 ^ _16_/RESET_B (sky130_fd_sc_hd__dfrtp_1)
                                              0.912859   data arrival time

                                 10.000000   10.000000   clock i_clk (rise edge)
                                  0.000000   10.000000   clock source latency
     1    0.010931    0.041688    0.027418   10.027418 ^ i_clk (in)
                      0.041692    0.000000   10.027418 ^ clkbuf_0_i_clk/A (sky130_fd_sc_hd__clkbuf_16)
     2    0.019559    0.030887    0.087157   10.114575 ^ clkbuf_0_i_clk/X (sky130_fd_sc_hd__clkbuf_16)
                      0.030890    0.000569   10.115145 ^ clkbuf_1_1__f_i_clk/A (sky130_fd_sc_hd__clkbuf_16)
     2    0.006196    0.021819    0.074714   10.189858 ^ clkbuf_1_1__f_i_clk/X (sky130_fd_sc_hd__clkbuf_16)
                      0.021819    0.000156   10.190015 ^ _16_/CLK (sky130_fd_sc_hd__dfrtp_1)
                                 -0.250000    9.940015   clock uncertainty
                                  0.000000    9.940015   clock reconvergence pessimism
                                  0.121413   10.061427   library recovery time
                                             10.061427   data required time
---------------------------------------------------------------------------------------------
                                             10.061427   data required time
                                             -0.912859   data arrival time
---------------------------------------------------------------------------------------------
                                              9.148568   slack (MET)


Startpoint: _17_ (rising edge-triggered flip-flop clocked by i_clk)
Endpoint: uo_out[2] (output port clocked by i_clk)
Path Group: i_clk
Path Type: max

Fanout         Cap        Slew       Delay        Time   Description
---------------------------------------------------------------------------------------------
                                  0.000000    0.000000   clock i_clk (rise edge)
                                  0.000000    0.000000   clock source latency
     1    0.010931    0.041688    0.027418    0.027418 ^ i_clk (in)
                      0.041692    0.000000    0.027418 ^ clkbuf_0_i_clk/A (sky130_fd_sc_hd__clkbuf_16)
     2    0.019559    0.030887    0.087157    0.114575 ^ clkbuf_0_i_clk/X (sky130_fd_sc_hd__clkbuf_16)
                      0.030891    0.000592    0.115167 ^ clkbuf_1_0__f_i_clk/A (sky130_fd_sc_hd__clkbuf_16)
     2    0.005496    0.021335    0.074116    0.189284 ^ clkbuf_1_0__f_i_clk/X (sky130_fd_sc_hd__clkbuf_16)
                      0.021336    0.000141    0.189425 ^ _17_/CLK (sky130_fd_sc_hd__dfrtp_1)
     3    0.010403    0.076587    0.231033    0.420458 ^ _17_/Q (sky130_fd_sc_hd__dfrtp_1)
                      0.076588    0.000373    0.420831 ^ output5/A (sky130_fd_sc_hd__buf_2)
     1    0.034712    0.129698    0.150263    0.571093 ^ output5/X (sky130_fd_sc_hd__buf_2)
                      0.129745    0.000866    0.571960 ^ uo_out[2] (out)
                                              0.571960   data arrival time

                                 10.000000   10.000000   clock i_clk (rise edge)
                                  0.000000   10.000000   clock network delay (propagated)
                                 -0.250000    9.750000   clock uncertainty
                                  0.000000    9.750000   clock reconvergence pessimism
                                 -0.020000    9.730000   output external delay
                                              9.730000   data required time
---------------------------------------------------------------------------------------------
                                              9.730000   data required time
                                             -0.571960   data arrival time
---------------------------------------------------------------------------------------------
                                              9.158041   slack (MET)


Startpoint: _18_ (rising edge-triggered flip-flop clocked by i_clk)
Endpoint: uo_out[3] (output port clocked by i_clk)
Path Group: i_clk
Path Type: max

Fanout         Cap        Slew       Delay        Time   Description
---------------------------------------------------------------------------------------------
                                  0.000000    0.000000   clock i_clk (rise edge)
                                  0.000000    0.000000   clock source latency
     1    0.010931    0.041688    0.027418    0.027418 ^ i_clk (in)
                      0.041692    0.000000    0.027418 ^ clkbuf_0_i_clk/A (sky130_fd_sc_hd__clkbuf_16)
     2    0.019559    0.030887    0.087157    0.114575 ^ clkbuf_0_i_clk/X (sky130_fd_sc_hd__clkbuf_16)
                      0.030891    0.000592    0.115167 ^ clkbuf_1_0__f_i_clk/A (sky130_fd_sc_hd__clkbuf_16)
     2    0.005496    0.021335    0.074116    0.189284 ^ clkbuf_1_0__f_i_clk/X (sky130_fd_sc_hd__clkbuf_16)
                      0.021336    0.000177    0.189461 ^ _18_/CLK (sky130_fd_sc_hd__dfrtp_1)
     2    0.006172    0.051268    0.210790    0.400250 ^ _18_/Q (sky130_fd_sc_hd__dfrtp_1)
                      0.051268    0.000164    0.400414 ^ output6/A (sky130_fd_sc_hd__buf_2)
     1    0.034598    0.129349    0.144053    0.544467 ^ output6/X (sky130_fd_sc_hd__buf_2)
                      0.129357    0.000846    0.545313 ^ uo_out[3] (out)
                                              0.545313   data arrival time

                                 10.000000   10.000000   clock i_clk (rise edge)
                                  0.000000   10.000000   clock network delay (propagated)
                                 -0.250000    9.750000   clock uncertainty
                                  0.000000    9.750000   clock reconvergence pessimism
                                 -0.020000    9.730000   output external delay
                                              9.730000   data required time
---------------------------------------------------------------------------------------------
                                              9.730000   data required time
                                             -0.545313   data arrival time
---------------------------------------------------------------------------------------------
                                              9.184687   slack (MET)


Startpoint: _19_ (rising edge-triggered flip-flop clocked by i_clk)
Endpoint: _19_ (rising edge-triggered flip-flop clocked by i_clk)
Path Group: i_clk
Path Type: max

Fanout         Cap        Slew       Delay        Time   Description
---------------------------------------------------------------------------------------------
                                  0.000000    0.000000   clock i_clk (rise edge)
                                  0.000000    0.000000   clock source latency
     1    0.010931    0.041688    0.027418    0.027418 ^ i_clk (in)
                      0.041692    0.000000    0.027418 ^ clkbuf_0_i_clk/A (sky130_fd_sc_hd__clkbuf_16)
     2    0.019559    0.030887    0.087157    0.114575 ^ clkbuf_0_i_clk/X (sky130_fd_sc_hd__clkbuf_16)
                      0.030890    0.000569    0.115144 ^ clkbuf_1_1__f_i_clk/A (sky130_fd_sc_hd__clkbuf_16)
     2    0.006196    0.021819    0.074714    0.189858 ^ clkbuf_1_1__f_i_clk/X (sky130_fd_sc_hd__clkbuf_16)
                      0.021819    0.000160    0.190018 ^ _19_/CLK (sky130_fd_sc_hd__dfrtp_1)
     5    0.012927    0.058623    0.253818    0.443836 v _19_/Q (sky130_fd_sc_hd__dfrtp_1)
                      0.058623    0.000236    0.444073 v _14_/A (sky130_fd_sc_hd__or2_1)
     1    0.001843    0.028917    0.134220    0.578293 v _14_/X (sky130_fd_sc_hd__or2_1)
                      0.028917    0.000052    0.578345 v _15_/B (sky130_fd_sc_hd__and2_1)
     1    0.003366    0.027034    0.096229    0.674574 v _15_/X (sky130_fd_sc_hd__and2_1)
                      0.027042    0.000098    0.674672 v _19_/D (sky130_fd_sc_hd__dfrtp_1)
                                              0.674672   data arrival time

                                 10.000000   10.000000   clock i_clk (rise edge)
                                  0.000000   10.000000   clock source latency
     1    0.010931    0.041688    0.027418   10.027418 ^ i_clk (in)
                      0.041692    0.000000   10.027418 ^ clkbuf_0_i_clk/A (sky130_fd_sc_hd__clkbuf_16)
     2    0.019559    0.030887    0.087157   10.114575 ^ clkbuf_0_i_clk/X (sky130_fd_sc_hd__clkbuf_16)
                      0.030890    0.000569   10.115145 ^ clkbuf_1_1__f_i_clk/A (sky130_fd_sc_hd__clkbuf_16)
     2    0.006196    0.021819    0.074714   10.189858 ^ clkbuf_1_1__f_i_clk/X (sky130_fd_sc_hd__clkbuf_16)
                      0.021819    0.000160   10.190018 ^ _19_/CLK (sky130_fd_sc_hd__dfrtp_1)
                                 -0.250000    9.940018   clock uncertainty
                                  0.000000    9.940018   clock reconvergence pessimism
                                 -0.071653    9.868365   library setup time
                                              9.868365   data required time
---------------------------------------------------------------------------------------------
                                              9.868365   data required time
                                             -0.674672   data arrival time
---------------------------------------------------------------------------------------------
                                              9.193693   slack (MET)



%OL_END_REPORT
%OL_CREATE_REPORT checks.rpt

===========================================================================
report_checks -unconstrained
===========================================================================
======================= nom_ff_n40C_1v95 Corner ===================================

Warning: corner.tcl line 77, unknown field nets.
Startpoint: i_rst_n (input port clocked by i_clk)
Endpoint: _17_ (recovery check against rising-edge clock i_clk)
Path Group: asynchronous
Path Type: max

Fanout         Cap        Slew       Delay        Time   Description
---------------------------------------------------------------------------------------------
                                  0.000000    0.000000   clock i_clk (rise edge)
                                  0.000000    0.000000   clock network delay (propagated)
                                  0.020000    0.020000 ^ input external delay
     1    0.002720    0.013632    0.007031    0.027031 ^ i_rst_n (in)
                      0.013632    0.000000    0.027031 ^ hold1/A (sky130_fd_sc_hd__dlygate4sd3_1)
     1    0.002719    0.036761    0.366232    0.393263 ^ hold1/X (sky130_fd_sc_hd__dlygate4sd3_1)
                      0.036761    0.000082    0.393344 ^ input2/A (sky130_fd_sc_hd__dlymetal6s2s_1)
     1    0.002739    0.043451    0.065595    0.458939 ^ input2/X (sky130_fd_sc_hd__dlymetal6s2s_1)
                      0.043451    0.000085    0.459024 ^ hold2/A (sky130_fd_sc_hd__dlygate4sd3_1)
     4    0.017840    0.142368    0.453503    0.912527 ^ hold2/X (sky130_fd_sc_hd__dlygate4sd3_1)
                      0.142368    0.000341    0.912867 ^ _17_/RESET_B (sky130_fd_sc_hd__dfrtp_1)
                                              0.912867   data arrival time

                                 10.000000   10.000000   clock i_clk (rise edge)
                                  0.000000   10.000000   clock source latency
     1    0.010931    0.041688    0.027418   10.027418 ^ i_clk (in)
                      0.041692    0.000000   10.027418 ^ clkbuf_0_i_clk/A (sky130_fd_sc_hd__clkbuf_16)
     2    0.019559    0.030887    0.087157   10.114575 ^ clkbuf_0_i_clk/X (sky130_fd_sc_hd__clkbuf_16)
                      0.030891    0.000592   10.115168 ^ clkbuf_1_0__f_i_clk/A (sky130_fd_sc_hd__clkbuf_16)
     2    0.005496    0.021335    0.074116   10.189283 ^ clkbuf_1_0__f_i_clk/X (sky130_fd_sc_hd__clkbuf_16)
                      0.021336    0.000142   10.189425 ^ _17_/CLK (sky130_fd_sc_hd__dfrtp_1)
                                 -0.250000    9.939425   clock uncertainty
                                  0.000000    9.939425   clock reconvergence pessimism
                                  0.121338   10.060764   library recovery time
                                             10.060764   data required time
---------------------------------------------------------------------------------------------
                                             10.060764   data required time
                                             -0.912867   data arrival time
---------------------------------------------------------------------------------------------
                                              9.147897   slack (MET)


Startpoint: i_ena (input port clocked by i_clk)
Endpoint: _16_ (rising edge-triggered flip-flop clocked by i_clk)
Path Group: i_clk
Path Type: max

Fanout         Cap        Slew       Delay        Time   Description
---------------------------------------------------------------------------------------------
                                  0.000000    0.000000   clock i_clk (rise edge)
                                  0.000000    0.000000   clock network delay (propagated)
                                  0.020000    0.020000 ^ input external delay
     1    0.002512    0.012893    0.006484    0.026484 ^ i_ena (in)
                      0.012893    0.000000    0.026484 ^ hold3/A (sky130_fd_sc_hd__dlygate4sd3_1)
     1    0.002313    0.034440    0.363440    0.389923 ^ hold3/X (sky130_fd_sc_hd__dlygate4sd3_1)
                      0.034440    0.000044    0.389967 ^ input1/A (sky130_fd_sc_hd__clkbuf_1)
     4    0.010449    0.096444    0.097441    0.487408 ^ input1/X (sky130_fd_sc_hd__clkbuf_1)
                      0.096444    0.000115    0.487523 ^ _08_/B (sky130_fd_sc_hd__nand2_1)
     2    0.006454    0.045099    0.051080    0.538604 v _08_/Y (sky130_fd_sc_hd__nand2_1)
                      0.045100    0.000121    0.538725 v _09_/B (sky130_fd_sc_hd__xnor2_1)
     1    0.002319    0.033668    0.078800    0.617525 v _09_/Y (sky130_fd_sc_hd__xnor2_1)
                      0.033668    0.000067    0.617592 v hold4/A (sky130_fd_sc_hd__dlygate4sd3_1)
     1    0.002785    0.038007    0.360825    0.978417 v hold4/X (sky130_fd_sc_hd__dlygate4sd3_1)
                      0.038007    0.000080    0.978497 v _16_/D (sky130_fd_sc_hd__dfrtp_1)
                                              0.978497   data arrival time

                                 10.000000   10.000000   clock i_clk (rise edge)
                                  0.000000   10.000000   clock source latency
     1    0.010931    0.041688    0.027418   10.027418 ^ i_clk (in)
                      0.041692    0.000000   10.027418 ^ clkbuf_0_i_clk/A (sky130_fd_sc_hd__clkbuf_16)
     2    0.019559    0.030887    0.087157   10.114575 ^ clkbuf_0_i_clk/X (sky130_fd_sc_hd__clkbuf_16)
                      0.030890    0.000569   10.115145 ^ clkbuf_1_1__f_i_clk/A (sky130_fd_sc_hd__clkbuf_16)
     2    0.006196    0.021819    0.074714   10.189858 ^ clkbuf_1_1__f_i_clk/X (sky130_fd_sc_hd__clkbuf_16)
                      0.021819    0.000156   10.190015 ^ _16_/CLK (sky130_fd_sc_hd__dfrtp_1)
                                 -0.250000    9.940015   clock uncertainty
                                  0.000000    9.940015   clock reconvergence pessimism
                                 -0.075570    9.864444   library setup time
                                              9.864444   data required time
---------------------------------------------------------------------------------------------
                                              9.864444   data required time
                                             -0.978497   data arrival time
---------------------------------------------------------------------------------------------
                                              8.885947   slack (MET)




===========================================================================
report_checks --slack_max -0.01
============================================================================
======================= nom_ff_n40C_1v95 Corner ===================================

Warning: corner.tcl line 85, unknown field nets.
No paths found.


===========================================================================
 report_check_types -max_slew -max_cap -max_fanout -violators
============================================================================
======================= nom_ff_n40C_1v95 Corner ===================================



===========================================================================
report_parasitic_annotation -report_unannotated
============================================================================
Found 36 unannotated drivers.
 ui_in[0]
 ui_in[1]
 ui_in[2]
 ui_in[3]
 ui_in[4]
 ui_in[5]
 ui_in[6]
 ui_in[7]
 uio_in[0]
 uio_in[1]
 uio_in[2]
 uio_in[3]
 uio_in[4]
 uio_in[5]
 uio_in[6]
 uio_in[7]
 tt_if_10/HI
 tt_if_11/HI
 tt_if_12/HI
 tt_if_13/HI
 tt_if_14/HI
 tt_if_15/HI
 tt_if_16/HI
 tt_if_17/HI
 tt_if_18/HI
 tt_if_19/HI
 tt_if_20/HI
 tt_if_21/HI
 tt_if_22/HI
 tt_if_23/HI
 tt_if_24/HI
 tt_if_25/HI
 tt_if_26/HI
 tt_if_7/HI
 tt_if_8/HI
 tt_if_9/HI
Found 0 partially unannotated drivers.

===========================================================================
max slew violation count 0
%OL_METRIC_I design__max_slew_violation__count__corner:nom_ff_n40C_1v95 0
max fanout violation count 0
%OL_METRIC_I design__max_fanout_violation__count__corner:nom_ff_n40C_1v95 0
max cap violation count 0
%OL_METRIC_I design__max_cap_violation__count__corner:nom_ff_n40C_1v95 0
============================================================================

===========================================================================
check_setup -verbose -unconstrained_endpoints -multiple_clock -no_clock -no_input_delay -loops -generated_clocks
===========================================================================
Warning: There are 20 unconstrained endpoints.
  uio_oe[0]
  uio_oe[1]
  uio_oe[2]
  uio_oe[3]
  uio_oe[4]
  uio_oe[5]
  uio_oe[6]
  uio_oe[7]
  uio_out[0]
  uio_out[1]
  uio_out[2]
  uio_out[3]
  uio_out[4]
  uio_out[5]
  uio_out[6]
  uio_out[7]
  uo_out[4]
  uo_out[5]
  uo_out[6]
  uo_out[7]
%OL_END_REPORT
%OL_CREATE_REPORT power.rpt

===========================================================================
 report_power
============================================================================
======================= nom_ff_n40C_1v95 Corner ===================================

Group                    Internal    Switching      Leakage        Total
                            Power        Power        Power        Power (Watts)
------------------------------------------------------------------------
Sequential           2.704766e-05 6.790955e-06 5.507463e-11 3.383867e-05  22.3%
Combinational        1.982826e-05 2.780213e-05 2.811915e-10 4.763068e-05  31.4%
Clock                5.846401e-05 1.188305e-05 3.169131e-10 7.034737e-05  46.3%
Macro                0.000000e+00 0.000000e+00 0.000000e+00 0.000000e+00   0.0%
Pad                  0.000000e+00 0.000000e+00 0.000000e+00 0.000000e+00   0.0%
------------------------------------------------------------------------
Total                1.053399e-04 4.647613e-05 6.531793e-10 1.518167e-04 100.0%
                            69.4%        30.6%         0.0%
%OL_METRIC_F power__internal__total 0.00010533993918215856
%OL_METRIC_F power__switching__total 4.647613241104409e-5
%OL_METRIC_F power__leakage__total 6.53179343945709e-10
%OL_METRIC_F power__total 0.00015181672642938793

%OL_END_REPORT
%OL_CREATE_REPORT skew.min.rpt

===========================================================================
Clock Skew (Hold)
============================================================================
%OL_METRIC_F clock__skew__worst_hold__corner:nom_ff_n40C_1v95 -0.25003552713779276
======================= nom_ff_n40C_1v95 Corner ===================================

Clock i_clk
0.189425 source latency _17_/CLK ^
-0.189461 target latency _18_/CLK ^
-0.250000 clock uncertainty
0.000000 CRPR
--------------
-0.250036 hold skew

%OL_END_REPORT
%OL_CREATE_REPORT skew.max.rpt

===========================================================================
Clock Skew (Setup)
============================================================================
%OL_METRIC_F clock__skew__worst_setup__corner:nom_ff_n40C_1v95 0.25059327544556304
======================= nom_ff_n40C_1v95 Corner ===================================

Clock i_clk
0.190018 source latency _19_/CLK ^
-0.189425 target latency _17_/CLK ^
0.250000 clock uncertainty
0.000000 CRPR
--------------
0.250593 setup skew

%OL_END_REPORT
%OL_CREATE_REPORT ws.min.rpt

===========================================================================
Worst Slack (Hold)
============================================================================
%OL_METRIC_F timing__hold__ws__corner:nom_ff_n40C_1v95 0.1281387254794748
nom_ff_n40C_1v95: 0.1281387254794748
%OL_END_REPORT
%OL_CREATE_REPORT ws.max.rpt

===========================================================================
Worst Slack (Setup)
============================================================================
%OL_METRIC_F timing__setup__ws__corner:nom_ff_n40C_1v95 8.88594734056614
nom_ff_n40C_1v95: 8.88594734056614
%OL_END_REPORT
%OL_CREATE_REPORT tns.min.rpt

===========================================================================
Total Negative Slack (Hold)
============================================================================
%OL_METRIC_F timing__hold__tns__corner:nom_ff_n40C_1v95 0.0
nom_ff_n40C_1v95: 0.0
%OL_END_REPORT
%OL_CREATE_REPORT tns.max.rpt

===========================================================================
Total Negative Slack (Setup)
============================================================================
%OL_METRIC_F timing__setup__tns__corner:nom_ff_n40C_1v95 0.0
nom_ff_n40C_1v95: 0.0
%OL_END_REPORT
%OL_CREATE_REPORT wns.min.rpt

===========================================================================
Worst Negative Slack (Hold)
============================================================================
%OL_METRIC_F timing__hold__wns__corner:nom_ff_n40C_1v95 0
nom_ff_n40C_1v95: 0
%OL_END_REPORT
%OL_CREATE_REPORT wns.max.rpt

===========================================================================
Worst Negative Slack (Setup)
============================================================================
%OL_METRIC_F timing__setup__wns__corner:nom_ff_n40C_1v95 0.0
nom_ff_n40C_1v95: 0.0
%OL_END_REPORT
%OL_CREATE_REPORT violator_list.rpt

===========================================================================
Violator List
============================================================================
Warning: corner.tcl line 263, find_timing_paths -group_count is deprecated. Use -group_path_count instead.
Warning: corner.tcl line 282, find_timing_paths -group_count is deprecated. Use -group_path_count instead.
Warning: corner.tcl line 298, find_timing_paths -group_count is deprecated. Use -group_path_count instead.
Warning: corner.tcl line 317, find_timing_paths -group_count is deprecated. Use -group_path_count instead.
%OL_METRIC_I timing__hold_vio__count__corner:nom_ff_n40C_1v95 0
%OL_METRIC_F timing__hold_r2r__ws__corner:nom_ff_n40C_1v95 0.128139
%OL_METRIC_I timing__hold_r2r_vio__count__corner:nom_ff_n40C_1v95 0
%OL_METRIC_I timing__setup_vio__count__corner:nom_ff_n40C_1v95 0
%OL_METRIC_F timing__setup_r2r__ws__corner:nom_ff_n40C_1v95 8.967588
%OL_METRIC_I timing__setup_r2r_vio__count__corner:nom_ff_n40C_1v95 0
%OL_END_REPORT
%OL_CREATE_REPORT unpropagated.rpt
%OL_END_REPORT
%OL_CREATE_REPORT clock.rpt
Clock: i_clk
Sources: i_clk 
Generated: no
Virtual: yes
Propagated: no
Period: 10.000000

===========================================================================
report_clock_properties
============================================================================
Clock                   Period          Waveform
----------------------------------------------------
i_clk                10.000000    0.000000  5.000000

===========================================================================
report_clock_latency
============================================================================
Clock i_clk
rise -> rise
    min     max
0.000000 0.000000 source latency
0.189425         network latency _17_/CLK
        0.190018 network latency _19_/CLK
---------------
0.189425 0.190018 latency
        0.000593 skew

fall -> fall
    min     max
0.000000 0.000000 source latency
0.189249         network latency _17_/CLK
        0.189794 network latency _19_/CLK
---------------
0.189249 0.189794 latency
        0.000545 skew



===========================================================================
report_clock_min_period
============================================================================
i_clk period_min = 1.06 fmax = 944.20
%OL_END_REPORT
Writing SDF files for all corners…
Removing Clock latencies before writing libs…
Writing timing models for all corners…
Writing timing models for the nom_ff_n40C_1v95 corner to /home/omare/Documents/UWASIC/Matrix-Vector-Analog/digital/AXI_IF/build/synthesis/runs/tt_if_full/54-openroad-stapostpnr/nom_ff_n40C_1v95/tt_if__nom_ff_n40C_1v95.lib…
