
===========================================================================
report_checks -unconstrained
===========================================================================
======================= nom_tt_025C_1v80 Corner ===================================

Startpoint: i_rst_n (input port clocked by i_clk)
Endpoint: _17_ (recovery check against rising-edge clock i_clk)
Path Group: asynchronous
Path Type: max

Fanout         Cap        Slew       Delay        Time   Description
---------------------------------------------------------------------------------------------
                                  0.000000    0.000000   clock i_clk (rise edge)
                                  0.000000    0.000000   clock network delay (propagated)
                                  0.020000    0.020000 ^ input external delay
     4    0.017345    0.083824    0.057250    0.077250 ^ i_rst_n (in)
                      0.083825    0.000000    0.077250 ^ _17_/RESET_B (sky130_fd_sc_hd__dfrtp_4)
                                              0.077250   data arrival time

                                 10.000000   10.000000   clock i_clk (rise edge)
                                  0.000000   10.000000   clock source latency
     4    0.010227    0.052417    0.034727   10.034727 ^ i_clk (in)
                      0.052417    0.000000   10.034727 ^ _17_/CLK (sky130_fd_sc_hd__dfrtp_4)
                                 -0.250000    9.784727   clock uncertainty
                                  0.000000    9.784727   clock reconvergence pessimism
                                  0.206920    9.991647   library recovery time
                                              9.991647   data required time
---------------------------------------------------------------------------------------------
                                              9.991647   data required time
                                             -0.077250   data arrival time
---------------------------------------------------------------------------------------------
                                              9.914396   slack (MET)


Startpoint: _19_ (rising edge-triggered flip-flop clocked by i_clk)
Endpoint: _19_ (rising edge-triggered flip-flop clocked by i_clk)
Path Group: i_clk
Path Type: max

Fanout         Cap        Slew       Delay        Time   Description
---------------------------------------------------------------------------------------------
                                  0.000000    0.000000   clock i_clk (rise edge)
                                  0.000000    0.000000   clock source latency
     4    0.010227    0.052417    0.034711    0.034711 ^ i_clk (in)
                      0.052417    0.000000    0.034711 ^ _19_/CLK (sky130_fd_sc_hd__dfrtp_4)
     5    0.043285    0.110824    0.541451    0.576163 v _19_/Q (sky130_fd_sc_hd__dfrtp_4)
                      0.110824    0.000161    0.576324 v _14_/A (sky130_fd_sc_hd__or2_1)
     1    0.001542    0.041978    0.234433    0.810757 v _14_/X (sky130_fd_sc_hd__or2_1)
                      0.041978    0.000001    0.810758 v _15_/B (sky130_fd_sc_hd__and2_1)
     1    0.002043    0.032696    0.144229    0.954987 v _15_/X (sky130_fd_sc_hd__and2_1)
                      0.032696    0.000001    0.954989 v _19_/D (sky130_fd_sc_hd__dfrtp_4)
                                              0.954989   data arrival time

                                 10.000000   10.000000   clock i_clk (rise edge)
                                  0.000000   10.000000   clock source latency
     4    0.010227    0.052417    0.034712   10.034712 ^ i_clk (in)
                      0.052417    0.000000   10.034712 ^ _19_/CLK (sky130_fd_sc_hd__dfrtp_4)
                                 -0.250000    9.784712   clock uncertainty
                                  0.000000    9.784712   clock reconvergence pessimism
                                 -0.107210    9.677502   library setup time
                                              9.677502   data required time
---------------------------------------------------------------------------------------------
                                              9.677502   data required time
                                             -0.954989   data arrival time
---------------------------------------------------------------------------------------------
                                              8.722513   slack (MET)




===========================================================================
report_checks --slack_max -0.01
============================================================================
======================= nom_tt_025C_1v80 Corner ===================================

No paths found.


===========================================================================
 report_check_types -max_slew -max_cap -max_fanout -violators
============================================================================
======================= nom_tt_025C_1v80 Corner ===================================



===========================================================================
report_parasitic_annotation -report_unannotated
============================================================================
Found 36 unannotated drivers.
 ui_in[0]
 ui_in[1]
 ui_in[2]
 ui_in[3]
 ui_in[4]
 ui_in[5]
 ui_in[6]
 ui_in[7]
 uio_in[0]
 uio_in[1]
 uio_in[2]
 uio_in[3]
 uio_in[4]
 uio_in[5]
 uio_in[6]
 uio_in[7]
 _20_/HI
 _21_/HI
 _22_/HI
 _23_/HI
 _24_/HI
 _25_/HI
 _26_/HI
 _27_/HI
 _28_/HI
 _29_/HI
 _30_/HI
 _31_/HI
 _32_/HI
 _33_/HI
 _34_/HI
 _35_/HI
 _36_/HI
 _37_/HI
 _38_/HI
 _39_/HI
Found 0 partially unannotated drivers.

===========================================================================
max slew violation count 0
Writing metric design__max_slew_violation__count__corner:nom_tt_025C_1v80: 0
max fanout violation count 0
Writing metric design__max_fanout_violation__count__corner:nom_tt_025C_1v80: 0
max cap violation count 0
Writing metric design__max_cap_violation__count__corner:nom_tt_025C_1v80: 0
============================================================================

===========================================================================
check_setup -verbose -unconstrained_endpoints -multiple_clock -no_clock -no_input_delay -loops -generated_clocks
===========================================================================
Warning: There are 20 unconstrained endpoints.
  uio_oe[0]
  uio_oe[1]
  uio_oe[2]
  uio_oe[3]
  uio_oe[4]
  uio_oe[5]
  uio_oe[6]
  uio_oe[7]
  uio_out[0]
  uio_out[1]
  uio_out[2]
  uio_out[3]
  uio_out[4]
  uio_out[5]
  uio_out[6]
  uio_out[7]
  uo_out[4]
  uo_out[5]
  uo_out[6]
  uo_out[7]
