Clock: i_clk
Sources: i_clk 
Generated: no
Virtual: yes
Propagated: no
Period: 10.000000

===========================================================================
report_clock_properties
============================================================================
Clock                   Period          Waveform
----------------------------------------------------
i_clk                10.000000    0.000000  5.000000

===========================================================================
report_clock_latency
============================================================================
Clock i_clk
rise -> rise
    min     max
0.000000 0.000000 source latency
0.034711         network latency _19_/CLK
        0.034732 network latency _18_/CLK
---------------
0.034711 0.034732 latency
        0.000021 skew

fall -> fall
    min     max
0.000000 0.000000 source latency
0.015557         network latency _19_/CLK
        0.015577 network latency _18_/CLK
---------------
0.015557 0.015577 latency
        0.000020 skew



===========================================================================
report_clock_min_period
============================================================================
i_clk period_min = 1.28 fmax = 782.79
