
===========================================================================
report_checks -path_delay max (Setup)
============================================================================
======================= nom_tt_025C_1v80 Corner ===================================

Startpoint: _19_ (rising edge-triggered flip-flop clocked by i_clk)
Endpoint: _19_ (rising edge-triggered flip-flop clocked by i_clk)
Path Group: i_clk
Path Type: max

Fanout         Cap        Slew       Delay        Time   Description
---------------------------------------------------------------------------------------------
                                  0.000000    0.000000   clock i_clk (rise edge)
                                  0.000000    0.000000   clock source latency
     4    0.010227    0.052417    0.034711    0.034711 ^ i_clk (in)
                      0.052417    0.000000    0.034711 ^ _19_/CLK (sky130_fd_sc_hd__dfrtp_4)
     5    0.043285    0.110824    0.541451    0.576163 v _19_/Q (sky130_fd_sc_hd__dfrtp_4)
                      0.110824    0.000161    0.576324 v _14_/A (sky130_fd_sc_hd__or2_1)
     1    0.001542    0.041978    0.234433    0.810757 v _14_/X (sky130_fd_sc_hd__or2_1)
                      0.041978    0.000001    0.810758 v _15_/B (sky130_fd_sc_hd__and2_1)
     1    0.002043    0.032696    0.144229    0.954987 v _15_/X (sky130_fd_sc_hd__and2_1)
                      0.032696    0.000001    0.954989 v _19_/D (sky130_fd_sc_hd__dfrtp_4)
                                              0.954989   data arrival time

                                 10.000000   10.000000   clock i_clk (rise edge)
                                  0.000000   10.000000   clock source latency
     4    0.010227    0.052417    0.034712   10.034712 ^ i_clk (in)
                      0.052417    0.000000   10.034712 ^ _19_/CLK (sky130_fd_sc_hd__dfrtp_4)
                                 -0.250000    9.784712   clock uncertainty
                                  0.000000    9.784712   clock reconvergence pessimism
                                 -0.107210    9.677502   library setup time
                                              9.677502   data required time
---------------------------------------------------------------------------------------------
                                              9.677502   data required time
                                             -0.954989   data arrival time
---------------------------------------------------------------------------------------------
                                              8.722513   slack (MET)


Startpoint: _17_ (rising edge-triggered flip-flop clocked by i_clk)
Endpoint: _18_ (rising edge-triggered flip-flop clocked by i_clk)
Path Group: i_clk
Path Type: max

Fanout         Cap        Slew       Delay        Time   Description
---------------------------------------------------------------------------------------------
                                  0.000000    0.000000   clock i_clk (rise edge)
                                  0.000000    0.000000   clock source latency
     4    0.010227    0.052417    0.034727    0.034727 ^ i_clk (in)
                      0.052417    0.000000    0.034727 ^ _17_/CLK (sky130_fd_sc_hd__dfrtp_4)
     3    0.040040    0.106197    0.535662    0.570389 v _17_/Q (sky130_fd_sc_hd__dfrtp_4)
                      0.106197    0.000243    0.570632 v _10_/C (sky130_fd_sc_hd__and4_1)
     2    0.006610    0.054263    0.229966    0.800598 v _10_/X (sky130_fd_sc_hd__and4_1)
                      0.054263    0.000025    0.800623 v _13_/B (sky130_fd_sc_hd__xor2_1)
     1    0.002092    0.047666    0.134866    0.935489 v _13_/X (sky130_fd_sc_hd__xor2_1)
                      0.047666    0.000002    0.935491 v _18_/D (sky130_fd_sc_hd__dfrtp_4)
                                              0.935491   data arrival time

                                 10.000000   10.000000   clock i_clk (rise edge)
                                  0.000000   10.000000   clock source latency
     4    0.010227    0.052417    0.034732   10.034733 ^ i_clk (in)
                      0.052417    0.000000   10.034733 ^ _18_/CLK (sky130_fd_sc_hd__dfrtp_4)
                                 -0.250000    9.784733   clock uncertainty
                                  0.000000    9.784733   clock reconvergence pessimism
                                 -0.113739    9.670993   library setup time
                                              9.670993   data required time
---------------------------------------------------------------------------------------------
                                              9.670993   data required time
                                             -0.935491   data arrival time
---------------------------------------------------------------------------------------------
                                              8.735501   slack (MET)


Startpoint: _16_ (rising edge-triggered flip-flop clocked by i_clk)
Endpoint: _17_ (rising edge-triggered flip-flop clocked by i_clk)
Path Group: i_clk
Path Type: max

Fanout         Cap        Slew       Delay        Time   Description
---------------------------------------------------------------------------------------------
                                  0.000000    0.000000   clock i_clk (rise edge)
                                  0.000000    0.000000   clock source latency
     4    0.010227    0.052417    0.034717    0.034717 ^ i_clk (in)
                      0.052417    0.000000    0.034717 ^ _16_/CLK (sky130_fd_sc_hd__dfrtp_4)
     4    0.044992    0.152131    0.493470    0.528187 ^ _16_/Q (sky130_fd_sc_hd__dfrtp_4)
                      0.152131    0.000189    0.528376 ^ _10_/B (sky130_fd_sc_hd__and4_1)
     2    0.007073    0.093416    0.233900    0.762277 ^ _10_/X (sky130_fd_sc_hd__and4_1)
                      0.093416    0.000023    0.762300 ^ _12_/A_N (sky130_fd_sc_hd__and2b_1)
     1    0.002151    0.031801    0.177985    0.940285 v _12_/X (sky130_fd_sc_hd__and2b_1)
                      0.031801    0.000003    0.940288 v _17_/D (sky130_fd_sc_hd__dfrtp_4)
                                              0.940288   data arrival time

                                 10.000000   10.000000   clock i_clk (rise edge)
                                  0.000000   10.000000   clock source latency
     4    0.010227    0.052417    0.034727   10.034727 ^ i_clk (in)
                      0.052417    0.000000   10.034727 ^ _17_/CLK (sky130_fd_sc_hd__dfrtp_4)
                                 -0.250000    9.784727   clock uncertainty
                                  0.000000    9.784727   clock reconvergence pessimism
                                 -0.106820    9.677907   library setup time
                                              9.677907   data required time
---------------------------------------------------------------------------------------------
                                              9.677907   data required time
                                             -0.940288   data arrival time
---------------------------------------------------------------------------------------------
                                              8.737618   slack (MET)


Startpoint: _19_ (rising edge-triggered flip-flop clocked by i_clk)
Endpoint: _16_ (rising edge-triggered flip-flop clocked by i_clk)
Path Group: i_clk
Path Type: max

Fanout         Cap        Slew       Delay        Time   Description
---------------------------------------------------------------------------------------------
                                  0.000000    0.000000   clock i_clk (rise edge)
                                  0.000000    0.000000   clock source latency
     4    0.010227    0.052417    0.034711    0.034711 ^ i_clk (in)
                      0.052417    0.000000    0.034711 ^ _19_/CLK (sky130_fd_sc_hd__dfrtp_4)
     5    0.043285    0.110824    0.541451    0.576163 v _19_/Q (sky130_fd_sc_hd__dfrtp_4)
                      0.110824    0.000161    0.576324 v _08_/A (sky130_fd_sc_hd__nand2_1)
     2    0.006455    0.076074    0.105571    0.681895 ^ _08_/Y (sky130_fd_sc_hd__nand2_1)
                      0.076074    0.000007    0.681902 ^ _09_/B (sky130_fd_sc_hd__xnor2_1)
     1    0.002297    0.108070    0.109333    0.791235 ^ _09_/Y (sky130_fd_sc_hd__xnor2_1)
                      0.108070    0.000004    0.791238 ^ _16_/D (sky130_fd_sc_hd__dfrtp_4)
                                              0.791238   data arrival time

                                 10.000000   10.000000   clock i_clk (rise edge)
                                  0.000000   10.000000   clock source latency
     4    0.010227    0.052417    0.034717   10.034718 ^ i_clk (in)
                      0.052417    0.000000   10.034718 ^ _16_/CLK (sky130_fd_sc_hd__dfrtp_4)
                                 -0.250000    9.784718   clock uncertainty
                                  0.000000    9.784718   clock reconvergence pessimism
                                 -0.077076    9.707642   library setup time
                                              9.707642   data required time
---------------------------------------------------------------------------------------------
                                              9.707642   data required time
                                             -0.791238   data arrival time
---------------------------------------------------------------------------------------------
                                              8.916403   slack (MET)


Startpoint: _16_ (rising edge-triggered flip-flop clocked by i_clk)
Endpoint: uo_out[1] (output port clocked by i_clk)
Path Group: i_clk
Path Type: max

Fanout         Cap        Slew       Delay        Time   Description
---------------------------------------------------------------------------------------------
                                  0.000000    0.000000   clock i_clk (rise edge)
                                  0.000000    0.000000   clock source latency
     4    0.010227    0.052417    0.034717    0.034717 ^ i_clk (in)
                      0.052417    0.000000    0.034717 ^ _16_/CLK (sky130_fd_sc_hd__dfrtp_4)
     4    0.044413    0.112507    0.543404    0.578121 v _16_/Q (sky130_fd_sc_hd__dfrtp_4)
                      0.112507    0.000446    0.578567 v uo_out[1] (out)
                                              0.578567   data arrival time

                                 10.000000   10.000000   clock i_clk (rise edge)
                                  0.000000   10.000000   clock network delay (propagated)
                                 -0.250000    9.750000   clock uncertainty
                                  0.000000    9.750000   clock reconvergence pessimism
                                 -0.020000    9.730000   output external delay
                                              9.730000   data required time
---------------------------------------------------------------------------------------------
                                              9.730000   data required time
                                             -0.578567   data arrival time
---------------------------------------------------------------------------------------------
                                              9.151434   slack (MET)


Startpoint: _19_ (rising edge-triggered flip-flop clocked by i_clk)
Endpoint: uo_out[0] (output port clocked by i_clk)
Path Group: i_clk
Path Type: max

Fanout         Cap        Slew       Delay        Time   Description
---------------------------------------------------------------------------------------------
                                  0.000000    0.000000   clock i_clk (rise edge)
                                  0.000000    0.000000   clock source latency
     4    0.010227    0.052417    0.034711    0.034711 ^ i_clk (in)
                      0.052417    0.000000    0.034711 ^ _19_/CLK (sky130_fd_sc_hd__dfrtp_4)
     5    0.043285    0.110824    0.541451    0.576163 v _19_/Q (sky130_fd_sc_hd__dfrtp_4)
                      0.110824    0.000440    0.576602 v uo_out[0] (out)
                                              0.576602   data arrival time

                                 10.000000   10.000000   clock i_clk (rise edge)
                                  0.000000   10.000000   clock network delay (propagated)
                                 -0.250000    9.750000   clock uncertainty
                                  0.000000    9.750000   clock reconvergence pessimism
                                 -0.020000    9.730000   output external delay
                                              9.730000   data required time
---------------------------------------------------------------------------------------------
                                              9.730000   data required time
                                             -0.576602   data arrival time
---------------------------------------------------------------------------------------------
                                              9.153399   slack (MET)


Startpoint: _18_ (rising edge-triggered flip-flop clocked by i_clk)
Endpoint: uo_out[3] (output port clocked by i_clk)
Path Group: i_clk
Path Type: max

Fanout         Cap        Slew       Delay        Time   Description
---------------------------------------------------------------------------------------------
                                  0.000000    0.000000   clock i_clk (rise edge)
                                  0.000000    0.000000   clock source latency
     4    0.010227    0.052417    0.034732    0.034732 ^ i_clk (in)
                      0.052417    0.000000    0.034732 ^ _18_/CLK (sky130_fd_sc_hd__dfrtp_4)
     2    0.041012    0.107534    0.537444    0.572177 v _18_/Q (sky130_fd_sc_hd__dfrtp_4)
                      0.107536    0.000566    0.572742 v uo_out[3] (out)
                                              0.572742   data arrival time

                                 10.000000   10.000000   clock i_clk (rise edge)
                                  0.000000   10.000000   clock network delay (propagated)
                                 -0.250000    9.750000   clock uncertainty
                                  0.000000    9.750000   clock reconvergence pessimism
                                 -0.020000    9.730000   output external delay
                                              9.730000   data required time
---------------------------------------------------------------------------------------------
                                              9.730000   data required time
                                             -0.572742   data arrival time
---------------------------------------------------------------------------------------------
                                              9.157258   slack (MET)


Startpoint: _17_ (rising edge-triggered flip-flop clocked by i_clk)
Endpoint: uo_out[2] (output port clocked by i_clk)
Path Group: i_clk
Path Type: max

Fanout         Cap        Slew       Delay        Time   Description
---------------------------------------------------------------------------------------------
                                  0.000000    0.000000   clock i_clk (rise edge)
                                  0.000000    0.000000   clock source latency
     4    0.010227    0.052417    0.034727    0.034727 ^ i_clk (in)
                      0.052417    0.000000    0.034727 ^ _17_/CLK (sky130_fd_sc_hd__dfrtp_4)
     3    0.040040    0.106197    0.535662    0.570389 v _17_/Q (sky130_fd_sc_hd__dfrtp_4)
                      0.106200    0.000692    0.571081 v uo_out[2] (out)
                                              0.571081   data arrival time

                                 10.000000   10.000000   clock i_clk (rise edge)
                                  0.000000   10.000000   clock network delay (propagated)
                                 -0.250000    9.750000   clock uncertainty
                                  0.000000    9.750000   clock reconvergence pessimism
                                 -0.020000    9.730000   output external delay
                                              9.730000   data required time
---------------------------------------------------------------------------------------------
                                              9.730000   data required time
                                             -0.571081   data arrival time
---------------------------------------------------------------------------------------------
                                              9.158919   slack (MET)


Startpoint: i_rst_n (input port clocked by i_clk)
Endpoint: _17_ (recovery check against rising-edge clock i_clk)
Path Group: asynchronous
Path Type: max

Fanout         Cap        Slew       Delay        Time   Description
---------------------------------------------------------------------------------------------
                                  0.000000    0.000000   clock i_clk (rise edge)
                                  0.000000    0.000000   clock network delay (propagated)
                                  0.020000    0.020000 ^ input external delay
     4    0.017345    0.083824    0.057250    0.077250 ^ i_rst_n (in)
                      0.083825    0.000000    0.077250 ^ _17_/RESET_B (sky130_fd_sc_hd__dfrtp_4)
                                              0.077250   data arrival time

                                 10.000000   10.000000   clock i_clk (rise edge)
                                  0.000000   10.000000   clock source latency
     4    0.010227    0.052417    0.034727   10.034727 ^ i_clk (in)
                      0.052417    0.000000   10.034727 ^ _17_/CLK (sky130_fd_sc_hd__dfrtp_4)
                                 -0.250000    9.784727   clock uncertainty
                                  0.000000    9.784727   clock reconvergence pessimism
                                  0.206920    9.991647   library recovery time
                                              9.991647   data required time
---------------------------------------------------------------------------------------------
                                              9.991647   data required time
                                             -0.077250   data arrival time
---------------------------------------------------------------------------------------------
                                              9.914396   slack (MET)


Startpoint: i_rst_n (input port clocked by i_clk)
Endpoint: _19_ (recovery check against rising-edge clock i_clk)
Path Group: asynchronous
Path Type: max

Fanout         Cap        Slew       Delay        Time   Description
---------------------------------------------------------------------------------------------
                                  0.000000    0.000000   clock i_clk (rise edge)
                                  0.000000    0.000000   clock network delay (propagated)
                                  0.020000    0.020000 ^ input external delay
     4    0.017345    0.083824    0.057233    0.077233 ^ i_rst_n (in)
                      0.083824    0.000000    0.077233 ^ _19_/RESET_B (sky130_fd_sc_hd__dfrtp_4)
                                              0.077233   data arrival time

                                 10.000000   10.000000   clock i_clk (rise edge)
                                  0.000000   10.000000   clock source latency
     4    0.010227    0.052417    0.034712   10.034712 ^ i_clk (in)
                      0.052417    0.000000   10.034712 ^ _19_/CLK (sky130_fd_sc_hd__dfrtp_4)
                                 -0.250000    9.784712   clock uncertainty
                                  0.000000    9.784712   clock reconvergence pessimism
                                  0.206920    9.991632   library recovery time
                                              9.991632   data required time
---------------------------------------------------------------------------------------------
                                              9.991632   data required time
                                             -0.077233   data arrival time
---------------------------------------------------------------------------------------------
                                              9.914398   slack (MET)


Startpoint: i_rst_n (input port clocked by i_clk)
Endpoint: _16_ (recovery check against rising-edge clock i_clk)
Path Group: asynchronous
Path Type: max

Fanout         Cap        Slew       Delay        Time   Description
---------------------------------------------------------------------------------------------
                                  0.000000    0.000000   clock i_clk (rise edge)
                                  0.000000    0.000000   clock network delay (propagated)
                                  0.020000    0.020000 ^ input external delay
     4    0.017345    0.083824    0.057219    0.077219 ^ i_rst_n (in)
                      0.083824    0.000000    0.077219 ^ _16_/RESET_B (sky130_fd_sc_hd__dfrtp_4)
                                              0.077219   data arrival time

                                 10.000000   10.000000   clock i_clk (rise edge)
                                  0.000000   10.000000   clock source latency
     4    0.010227    0.052417    0.034717   10.034718 ^ i_clk (in)
                      0.052417    0.000000   10.034718 ^ _16_/CLK (sky130_fd_sc_hd__dfrtp_4)
                                 -0.250000    9.784718   clock uncertainty
                                  0.000000    9.784718   clock reconvergence pessimism
                                  0.206920    9.991637   library recovery time
                                              9.991637   data required time
---------------------------------------------------------------------------------------------
                                              9.991637   data required time
                                             -0.077219   data arrival time
---------------------------------------------------------------------------------------------
                                              9.914418   slack (MET)


Startpoint: i_rst_n (input port clocked by i_clk)
Endpoint: _18_ (recovery check against rising-edge clock i_clk)
Path Group: asynchronous
Path Type: max

Fanout         Cap        Slew       Delay        Time   Description
---------------------------------------------------------------------------------------------
                                  0.000000    0.000000   clock i_clk (rise edge)
                                  0.000000    0.000000   clock network delay (propagated)
                                  0.020000    0.020000 ^ input external delay
     4    0.017345    0.083824    0.057243    0.077243 ^ i_rst_n (in)
                      0.083825    0.000000    0.077243 ^ _18_/RESET_B (sky130_fd_sc_hd__dfrtp_4)
                                              0.077243   data arrival time

                                 10.000000   10.000000   clock i_clk (rise edge)
                                  0.000000   10.000000   clock source latency
     4    0.010227    0.052417    0.034732   10.034733 ^ i_clk (in)
                      0.052417    0.000000   10.034733 ^ _18_/CLK (sky130_fd_sc_hd__dfrtp_4)
                                 -0.250000    9.784733   clock uncertainty
                                  0.000000    9.784733   clock reconvergence pessimism
                                  0.206920    9.991652   library recovery time
                                              9.991652   data required time
---------------------------------------------------------------------------------------------
                                              9.991652   data required time
                                             -0.077243   data arrival time
---------------------------------------------------------------------------------------------
                                              9.914409   slack (MET)



