
===========================================================================
report_checks -path_delay min (Hold)
============================================================================
======================= nom_tt_025C_1v80 Corner ===================================

Startpoint: i_rst_n (input port clocked by i_clk)
Endpoint: _16_ (removal check against rising-edge clock i_clk)
Path Group: asynchronous
Path Type: min

Fanout         Cap        Slew       Delay        Time   Description
---------------------------------------------------------------------------------------------
                                  0.000000    0.000000   clock i_clk (rise edge)
                                  0.000000    0.000000   clock network delay (propagated)
                                  0.020000    0.020000 ^ input external delay
     4    0.017345    0.083824    0.057219    0.077219 ^ i_rst_n (in)
                      0.083824    0.000000    0.077219 ^ _16_/RESET_B (sky130_fd_sc_hd__dfrtp_4)
                                              0.077219   data arrival time

                                  0.000000    0.000000   clock i_clk (rise edge)
                                  0.000000    0.000000   clock source latency
     4    0.010227    0.052417    0.034717    0.034717 ^ i_clk (in)
                      0.052417    0.000000    0.034717 ^ _16_/CLK (sky130_fd_sc_hd__dfrtp_4)
                                  0.250000    0.284717   clock uncertainty
                                  0.000000    0.284717   clock reconvergence pessimism
                                  0.333040    0.617757   library removal time
                                              0.617757   data required time
---------------------------------------------------------------------------------------------
                                              0.617757   data required time
                                             -0.077219   data arrival time
---------------------------------------------------------------------------------------------
                                             -0.540538   slack (VIOLATED)


Startpoint: i_rst_n (input port clocked by i_clk)
Endpoint: _18_ (removal check against rising-edge clock i_clk)
Path Group: asynchronous
Path Type: min

Fanout         Cap        Slew       Delay        Time   Description
---------------------------------------------------------------------------------------------
                                  0.000000    0.000000   clock i_clk (rise edge)
                                  0.000000    0.000000   clock network delay (propagated)
                                  0.020000    0.020000 ^ input external delay
     4    0.017345    0.083824    0.057243    0.077243 ^ i_rst_n (in)
                      0.083825    0.000000    0.077243 ^ _18_/RESET_B (sky130_fd_sc_hd__dfrtp_4)
                                              0.077243   data arrival time

                                  0.000000    0.000000   clock i_clk (rise edge)
                                  0.000000    0.000000   clock source latency
     4    0.010227    0.052417    0.034732    0.034732 ^ i_clk (in)
                      0.052417    0.000000    0.034732 ^ _18_/CLK (sky130_fd_sc_hd__dfrtp_4)
                                  0.250000    0.284732   clock uncertainty
                                  0.000000    0.284732   clock reconvergence pessimism
                                  0.333040    0.617773   library removal time
                                              0.617773   data required time
---------------------------------------------------------------------------------------------
                                              0.617773   data required time
                                             -0.077243   data arrival time
---------------------------------------------------------------------------------------------
                                             -0.540529   slack (VIOLATED)


Startpoint: i_rst_n (input port clocked by i_clk)
Endpoint: _19_ (removal check against rising-edge clock i_clk)
Path Group: asynchronous
Path Type: min

Fanout         Cap        Slew       Delay        Time   Description
---------------------------------------------------------------------------------------------
                                  0.000000    0.000000   clock i_clk (rise edge)
                                  0.000000    0.000000   clock network delay (propagated)
                                  0.020000    0.020000 ^ input external delay
     4    0.017345    0.083824    0.057233    0.077233 ^ i_rst_n (in)
                      0.083824    0.000000    0.077233 ^ _19_/RESET_B (sky130_fd_sc_hd__dfrtp_4)
                                              0.077233   data arrival time

                                  0.000000    0.000000   clock i_clk (rise edge)
                                  0.000000    0.000000   clock source latency
     4    0.010227    0.052417    0.034711    0.034711 ^ i_clk (in)
                      0.052417    0.000000    0.034711 ^ _19_/CLK (sky130_fd_sc_hd__dfrtp_4)
                                  0.250000    0.284711   clock uncertainty
                                  0.000000    0.284711   clock reconvergence pessimism
                                  0.333040    0.617752   library removal time
                                              0.617752   data required time
---------------------------------------------------------------------------------------------
                                              0.617752   data required time
                                             -0.077233   data arrival time
---------------------------------------------------------------------------------------------
                                             -0.540519   slack (VIOLATED)


Startpoint: i_rst_n (input port clocked by i_clk)
Endpoint: _17_ (removal check against rising-edge clock i_clk)
Path Group: asynchronous
Path Type: min

Fanout         Cap        Slew       Delay        Time   Description
---------------------------------------------------------------------------------------------
                                  0.000000    0.000000   clock i_clk (rise edge)
                                  0.000000    0.000000   clock network delay (propagated)
                                  0.020000    0.020000 ^ input external delay
     4    0.017345    0.083824    0.057250    0.077250 ^ i_rst_n (in)
                      0.083825    0.000000    0.077250 ^ _17_/RESET_B (sky130_fd_sc_hd__dfrtp_4)
                                              0.077250   data arrival time

                                  0.000000    0.000000   clock i_clk (rise edge)
                                  0.000000    0.000000   clock source latency
     4    0.010227    0.052417    0.034727    0.034727 ^ i_clk (in)
                      0.052417    0.000000    0.034727 ^ _17_/CLK (sky130_fd_sc_hd__dfrtp_4)
                                  0.250000    0.284727   clock uncertainty
                                  0.000000    0.284727   clock reconvergence pessimism
                                  0.333040    0.617767   library removal time
                                              0.617767   data required time
---------------------------------------------------------------------------------------------
                                              0.617767   data required time
                                             -0.077250   data arrival time
---------------------------------------------------------------------------------------------
                                             -0.540516   slack (VIOLATED)


Startpoint: i_ena (input port clocked by i_clk)
Endpoint: _16_ (rising edge-triggered flip-flop clocked by i_clk)
Path Group: i_clk
Path Type: min

Fanout         Cap        Slew       Delay        Time   Description
---------------------------------------------------------------------------------------------
                                  0.000000    0.000000   clock i_clk (rise edge)
                                  0.000000    0.000000   clock network delay (propagated)
                                  0.020000    0.020000 v input external delay
     4    0.008818    0.021910    0.014271    0.034271 v i_ena (in)
                      0.021911    0.000000    0.034271 v _08_/B (sky130_fd_sc_hd__nand2_1)
     2    0.006455    0.076052    0.073656    0.107927 ^ _08_/Y (sky130_fd_sc_hd__nand2_1)
                      0.076052    0.000007    0.107935 ^ _09_/B (sky130_fd_sc_hd__xnor2_1)
     1    0.002240    0.032734    0.060283    0.168218 v _09_/Y (sky130_fd_sc_hd__xnor2_1)
                      0.032734    0.000004    0.168221 v _16_/D (sky130_fd_sc_hd__dfrtp_4)
                                              0.168221   data arrival time

                                  0.000000    0.000000   clock i_clk (rise edge)
                                  0.000000    0.000000   clock source latency
     4    0.010227    0.052417    0.034717    0.034717 ^ i_clk (in)
                      0.052417    0.000000    0.034717 ^ _16_/CLK (sky130_fd_sc_hd__dfrtp_4)
                                  0.250000    0.284717   clock uncertainty
                                  0.000000    0.284717   clock reconvergence pessimism
                                 -0.035377    0.249340   library hold time
                                              0.249340   data required time
---------------------------------------------------------------------------------------------
                                              0.249340   data required time
                                             -0.168221   data arrival time
---------------------------------------------------------------------------------------------
                                             -0.081119   slack (VIOLATED)


Startpoint: i_ena (input port clocked by i_clk)
Endpoint: _19_ (rising edge-triggered flip-flop clocked by i_clk)
Path Group: i_clk
Path Type: min

Fanout         Cap        Slew       Delay        Time   Description
---------------------------------------------------------------------------------------------
                                  0.000000    0.000000   clock i_clk (rise edge)
                                  0.000000    0.000000   clock network delay (propagated)
                                  0.020000    0.020000 v input external delay
     4    0.008818    0.021910    0.014271    0.034271 v i_ena (in)
                      0.021911    0.000000    0.034271 v _08_/B (sky130_fd_sc_hd__nand2_1)
     2    0.006455    0.076052    0.073656    0.107927 ^ _08_/Y (sky130_fd_sc_hd__nand2_1)
                      0.076052    0.000004    0.107932 ^ _15_/A (sky130_fd_sc_hd__and2_1)
     1    0.002100    0.041384    0.115098    0.223030 ^ _15_/X (sky130_fd_sc_hd__and2_1)
                      0.041384    0.000001    0.223031 ^ _19_/D (sky130_fd_sc_hd__dfrtp_4)
                                              0.223031   data arrival time

                                  0.000000    0.000000   clock i_clk (rise edge)
                                  0.000000    0.000000   clock source latency
     4    0.010227    0.052417    0.034711    0.034711 ^ i_clk (in)
                      0.052417    0.000000    0.034711 ^ _19_/CLK (sky130_fd_sc_hd__dfrtp_4)
                                  0.250000    0.284711   clock uncertainty
                                  0.000000    0.284711   clock reconvergence pessimism
                                 -0.032994    0.251718   library hold time
                                              0.251718   data required time
---------------------------------------------------------------------------------------------
                                              0.251718   data required time
                                             -0.223031   data arrival time
---------------------------------------------------------------------------------------------
                                             -0.028687   slack (VIOLATED)


Startpoint: i_ena (input port clocked by i_clk)
Endpoint: _17_ (rising edge-triggered flip-flop clocked by i_clk)
Path Group: i_clk
Path Type: min

Fanout         Cap        Slew       Delay        Time   Description
---------------------------------------------------------------------------------------------
                                  0.000000    0.000000   clock i_clk (rise edge)
                                  0.000000    0.000000   clock network delay (propagated)
                                  0.020000    0.020000 ^ input external delay
     4    0.009564    0.049464    0.032576    0.052576 ^ i_ena (in)
                      0.049464    0.000000    0.052576 ^ _11_/A3 (sky130_fd_sc_hd__a31o_1)
     1    0.001968    0.037049    0.128337    0.180913 ^ _11_/X (sky130_fd_sc_hd__a31o_1)
                      0.037049    0.000003    0.180916 ^ _12_/B (sky130_fd_sc_hd__and2b_1)
     1    0.002208    0.037924    0.106026    0.286941 ^ _12_/X (sky130_fd_sc_hd__and2b_1)
                      0.037924    0.000003    0.286944 ^ _17_/D (sky130_fd_sc_hd__dfrtp_4)
                                              0.286944   data arrival time

                                  0.000000    0.000000   clock i_clk (rise edge)
                                  0.000000    0.000000   clock source latency
     4    0.010227    0.052417    0.034727    0.034727 ^ i_clk (in)
                      0.052417    0.000000    0.034727 ^ _17_/CLK (sky130_fd_sc_hd__dfrtp_4)
                                  0.250000    0.284727   clock uncertainty
                                  0.000000    0.284727   clock reconvergence pessimism
                                 -0.032269    0.252458   library hold time
                                              0.252458   data required time
---------------------------------------------------------------------------------------------
                                              0.252458   data required time
                                             -0.286944   data arrival time
---------------------------------------------------------------------------------------------
                                              0.034487   slack (MET)


Startpoint: i_ena (input port clocked by i_clk)
Endpoint: _18_ (rising edge-triggered flip-flop clocked by i_clk)
Path Group: i_clk
Path Type: min

Fanout         Cap        Slew       Delay        Time   Description
---------------------------------------------------------------------------------------------
                                  0.000000    0.000000   clock i_clk (rise edge)
                                  0.000000    0.000000   clock network delay (propagated)
                                  0.020000    0.020000 ^ input external delay
     4    0.009564    0.049464    0.032575    0.052575 ^ i_ena (in)
                      0.049464    0.000000    0.052575 ^ _10_/D (sky130_fd_sc_hd__and4_1)
     2    0.007073    0.093136    0.217655    0.270230 ^ _10_/X (sky130_fd_sc_hd__and4_1)
                      0.093136    0.000027    0.270257 ^ _13_/B (sky130_fd_sc_hd__xor2_1)
     1    0.002092    0.033969    0.065440    0.335697 v _13_/X (sky130_fd_sc_hd__xor2_1)
                      0.033969    0.000002    0.335699 v _18_/D (sky130_fd_sc_hd__dfrtp_4)
                                              0.335699   data arrival time

                                  0.000000    0.000000   clock i_clk (rise edge)
                                  0.000000    0.000000   clock source latency
     4    0.010227    0.052417    0.034732    0.034732 ^ i_clk (in)
                      0.052417    0.000000    0.034732 ^ _18_/CLK (sky130_fd_sc_hd__dfrtp_4)
                                  0.250000    0.284732   clock uncertainty
                                  0.000000    0.284732   clock reconvergence pessimism
                                 -0.035876    0.248856   library hold time
                                              0.248856   data required time
---------------------------------------------------------------------------------------------
                                              0.248856   data required time
                                             -0.335699   data arrival time
---------------------------------------------------------------------------------------------
                                              0.086843   slack (MET)


Startpoint: _17_ (rising edge-triggered flip-flop clocked by i_clk)
Endpoint: uo_out[2] (output port clocked by i_clk)
Path Group: i_clk
Path Type: min

Fanout         Cap        Slew       Delay        Time   Description
---------------------------------------------------------------------------------------------
                                  0.000000    0.000000   clock i_clk (rise edge)
                                  0.000000    0.000000   clock source latency
     4    0.010227    0.052417    0.034727    0.034727 ^ i_clk (in)
                      0.052417    0.000000    0.034727 ^ _17_/CLK (sky130_fd_sc_hd__dfrtp_4)
     3    0.040441    0.140483    0.483076    0.517802 ^ _17_/Q (sky130_fd_sc_hd__dfrtp_4)
                      0.140484    0.000695    0.518497 ^ uo_out[2] (out)
                                              0.518497   data arrival time

                                  0.000000    0.000000   clock i_clk (rise edge)
                                  0.000000    0.000000   clock network delay (propagated)
                                  0.250000    0.250000   clock uncertainty
                                  0.000000    0.250000   clock reconvergence pessimism
                                 -0.020000    0.230000   output external delay
                                              0.230000   data required time
---------------------------------------------------------------------------------------------
                                              0.230000   data required time
                                             -0.518497   data arrival time
---------------------------------------------------------------------------------------------
                                              0.288497   slack (MET)


Startpoint: _18_ (rising edge-triggered flip-flop clocked by i_clk)
Endpoint: uo_out[3] (output port clocked by i_clk)
Path Group: i_clk
Path Type: min

Fanout         Cap        Slew       Delay        Time   Description
---------------------------------------------------------------------------------------------
                                  0.000000    0.000000   clock i_clk (rise edge)
                                  0.000000    0.000000   clock source latency
     4    0.010227    0.052417    0.034732    0.034732 ^ i_clk (in)
                      0.052417    0.000000    0.034732 ^ _18_/CLK (sky130_fd_sc_hd__dfrtp_4)
     2    0.041346    0.142759    0.485209    0.519941 ^ _18_/Q (sky130_fd_sc_hd__dfrtp_4)
                      0.142759    0.000566    0.520507 ^ uo_out[3] (out)
                                              0.520507   data arrival time

                                  0.000000    0.000000   clock i_clk (rise edge)
                                  0.000000    0.000000   clock network delay (propagated)
                                  0.250000    0.250000   clock uncertainty
                                  0.000000    0.250000   clock reconvergence pessimism
                                 -0.020000    0.230000   output external delay
                                              0.230000   data required time
---------------------------------------------------------------------------------------------
                                              0.230000   data required time
                                             -0.520507   data arrival time
---------------------------------------------------------------------------------------------
                                              0.290507   slack (MET)


Startpoint: _19_ (rising edge-triggered flip-flop clocked by i_clk)
Endpoint: uo_out[0] (output port clocked by i_clk)
Path Group: i_clk
Path Type: min

Fanout         Cap        Slew       Delay        Time   Description
---------------------------------------------------------------------------------------------
                                  0.000000    0.000000   clock i_clk (rise edge)
                                  0.000000    0.000000   clock source latency
     4    0.010227    0.052417    0.034711    0.034711 ^ i_clk (in)
                      0.052417    0.000000    0.034711 ^ _19_/CLK (sky130_fd_sc_hd__dfrtp_4)
     5    0.043735    0.148880    0.490645    0.525356 ^ _19_/Q (sky130_fd_sc_hd__dfrtp_4)
                      0.148880    0.000441    0.525798 ^ uo_out[0] (out)
                                              0.525798   data arrival time

                                  0.000000    0.000000   clock i_clk (rise edge)
                                  0.000000    0.000000   clock network delay (propagated)
                                  0.250000    0.250000   clock uncertainty
                                  0.000000    0.250000   clock reconvergence pessimism
                                 -0.020000    0.230000   output external delay
                                              0.230000   data required time
---------------------------------------------------------------------------------------------
                                              0.230000   data required time
                                             -0.525798   data arrival time
---------------------------------------------------------------------------------------------
                                              0.295798   slack (MET)


Startpoint: _16_ (rising edge-triggered flip-flop clocked by i_clk)
Endpoint: uo_out[1] (output port clocked by i_clk)
Path Group: i_clk
Path Type: min

Fanout         Cap        Slew       Delay        Time   Description
---------------------------------------------------------------------------------------------
                                  0.000000    0.000000   clock i_clk (rise edge)
                                  0.000000    0.000000   clock source latency
     4    0.010227    0.052417    0.034717    0.034717 ^ i_clk (in)
                      0.052417    0.000000    0.034717 ^ _16_/CLK (sky130_fd_sc_hd__dfrtp_4)
     4    0.044992    0.152131    0.493470    0.528187 ^ _16_/Q (sky130_fd_sc_hd__dfrtp_4)
                      0.152131    0.000447    0.528634 ^ uo_out[1] (out)
                                              0.528634   data arrival time

                                  0.000000    0.000000   clock i_clk (rise edge)
                                  0.000000    0.000000   clock network delay (propagated)
                                  0.250000    0.250000   clock uncertainty
                                  0.000000    0.250000   clock reconvergence pessimism
                                 -0.020000    0.230000   output external delay
                                              0.230000   data required time
---------------------------------------------------------------------------------------------
                                              0.230000   data required time
                                             -0.528634   data arrival time
---------------------------------------------------------------------------------------------
                                              0.298634   slack (MET)



