Reading OpenROAD database at '/home/omare/Documents/UWASIC/Matrix-Vector-Analog/digital/AXI_IF/build/synthesis/runs/tt_if_full/27-openroad-globalplacement/tt_if.odb'…
Reading library file at '/home/omare/.volare/sky130A/libs.ref/sky130_fd_sc_hd/lib/sky130_fd_sc_hd__tt_025C_1v80.lib'…
Reading design constraints file at '/home/omare/Documents/UWASIC/Matrix-Vector-Analog/.venv/lib/python3.12/site-packages/openlane/scripts/base.sdc'…
[INFO] Using clock i_clk…
[INFO] Setting output delay to: 0.02
[INFO] Setting input delay to: 0.02
[INFO] Setting load to: 0.033442
[INFO] Setting clock uncertainty to: 0.25
[INFO] Setting clock transition to: 0.1499999999999999944488848768742172978818416595458984375
[INFO] Setting timing derate to: 5%
[INFO] Setting RC values…
%OL_CREATE_REPORT min.rpt

===========================================================================
report_checks -path_delay min (Hold)
============================================================================
======================= nom_tt_025C_1v80 Corner ===================================

[WARNING STA-0168] unknown field nets.
[WARNING STA-0503] report_checks -group_count is deprecated. Use -group_path_count instead.
Startpoint: i_rst_n (input port clocked by i_clk)
Endpoint: _16_ (removal check against rising-edge clock i_clk)
Path Group: asynchronous
Path Type: min

Fanout         Cap        Slew       Delay        Time   Description
---------------------------------------------------------------------------------------------
                                  0.000000    0.000000   clock i_clk (rise edge)
                                  0.000000    0.000000   clock network delay (propagated)
                                  0.020000    0.020000 ^ input external delay
     4    0.017345    0.083824    0.057219    0.077219 ^ i_rst_n (in)
                      0.083824    0.000000    0.077219 ^ _16_/RESET_B (sky130_fd_sc_hd__dfrtp_4)
                                              0.077219   data arrival time

                                  0.000000    0.000000   clock i_clk (rise edge)
                                  0.000000    0.000000   clock source latency
     4    0.010227    0.052417    0.034717    0.034717 ^ i_clk (in)
                      0.052417    0.000000    0.034717 ^ _16_/CLK (sky130_fd_sc_hd__dfrtp_4)
                                  0.250000    0.284717   clock uncertainty
                                  0.000000    0.284717   clock reconvergence pessimism
                                  0.333040    0.617757   library removal time
                                              0.617757   data required time
---------------------------------------------------------------------------------------------
                                              0.617757   data required time
                                             -0.077219   data arrival time
---------------------------------------------------------------------------------------------
                                             -0.540538   slack (VIOLATED)


Startpoint: i_rst_n (input port clocked by i_clk)
Endpoint: _18_ (removal check against rising-edge clock i_clk)
Path Group: asynchronous
Path Type: min

Fanout         Cap        Slew       Delay        Time   Description
---------------------------------------------------------------------------------------------
                                  0.000000    0.000000   clock i_clk (rise edge)
                                  0.000000    0.000000   clock network delay (propagated)
                                  0.020000    0.020000 ^ input external delay
     4    0.017345    0.083824    0.057243    0.077243 ^ i_rst_n (in)
                      0.083825    0.000000    0.077243 ^ _18_/RESET_B (sky130_fd_sc_hd__dfrtp_4)
                                              0.077243   data arrival time

                                  0.000000    0.000000   clock i_clk (rise edge)
                                  0.000000    0.000000   clock source latency
     4    0.010227    0.052417    0.034732    0.034732 ^ i_clk (in)
                      0.052417    0.000000    0.034732 ^ _18_/CLK (sky130_fd_sc_hd__dfrtp_4)
                                  0.250000    0.284732   clock uncertainty
                                  0.000000    0.284732   clock reconvergence pessimism
                                  0.333040    0.617773   library removal time
                                              0.617773   data required time
---------------------------------------------------------------------------------------------
                                              0.617773   data required time
                                             -0.077243   data arrival time
---------------------------------------------------------------------------------------------
                                             -0.540529   slack (VIOLATED)


Startpoint: i_rst_n (input port clocked by i_clk)
Endpoint: _19_ (removal check against rising-edge clock i_clk)
Path Group: asynchronous
Path Type: min

Fanout         Cap        Slew       Delay        Time   Description
---------------------------------------------------------------------------------------------
                                  0.000000    0.000000   clock i_clk (rise edge)
                                  0.000000    0.000000   clock network delay (propagated)
                                  0.020000    0.020000 ^ input external delay
     4    0.017345    0.083824    0.057233    0.077233 ^ i_rst_n (in)
                      0.083824    0.000000    0.077233 ^ _19_/RESET_B (sky130_fd_sc_hd__dfrtp_4)
                                              0.077233   data arrival time

                                  0.000000    0.000000   clock i_clk (rise edge)
                                  0.000000    0.000000   clock source latency
     4    0.010227    0.052417    0.034711    0.034711 ^ i_clk (in)
                      0.052417    0.000000    0.034711 ^ _19_/CLK (sky130_fd_sc_hd__dfrtp_4)
                                  0.250000    0.284711   clock uncertainty
                                  0.000000    0.284711   clock reconvergence pessimism
                                  0.333040    0.617752   library removal time
                                              0.617752   data required time
---------------------------------------------------------------------------------------------
                                              0.617752   data required time
                                             -0.077233   data arrival time
---------------------------------------------------------------------------------------------
                                             -0.540519   slack (VIOLATED)


Startpoint: i_rst_n (input port clocked by i_clk)
Endpoint: _17_ (removal check against rising-edge clock i_clk)
Path Group: asynchronous
Path Type: min

Fanout         Cap        Slew       Delay        Time   Description
---------------------------------------------------------------------------------------------
                                  0.000000    0.000000   clock i_clk (rise edge)
                                  0.000000    0.000000   clock network delay (propagated)
                                  0.020000    0.020000 ^ input external delay
     4    0.017345    0.083824    0.057250    0.077250 ^ i_rst_n (in)
                      0.083825    0.000000    0.077250 ^ _17_/RESET_B (sky130_fd_sc_hd__dfrtp_4)
                                              0.077250   data arrival time

                                  0.000000    0.000000   clock i_clk (rise edge)
                                  0.000000    0.000000   clock source latency
     4    0.010227    0.052417    0.034727    0.034727 ^ i_clk (in)
                      0.052417    0.000000    0.034727 ^ _17_/CLK (sky130_fd_sc_hd__dfrtp_4)
                                  0.250000    0.284727   clock uncertainty
                                  0.000000    0.284727   clock reconvergence pessimism
                                  0.333040    0.617767   library removal time
                                              0.617767   data required time
---------------------------------------------------------------------------------------------
                                              0.617767   data required time
                                             -0.077250   data arrival time
---------------------------------------------------------------------------------------------
                                             -0.540516   slack (VIOLATED)


Startpoint: i_ena (input port clocked by i_clk)
Endpoint: _16_ (rising edge-triggered flip-flop clocked by i_clk)
Path Group: i_clk
Path Type: min

Fanout         Cap        Slew       Delay        Time   Description
---------------------------------------------------------------------------------------------
                                  0.000000    0.000000   clock i_clk (rise edge)
                                  0.000000    0.000000   clock network delay (propagated)
                                  0.020000    0.020000 v input external delay
     4    0.008818    0.021910    0.014271    0.034271 v i_ena (in)
                      0.021911    0.000000    0.034271 v _08_/B (sky130_fd_sc_hd__nand2_1)
     2    0.006455    0.076052    0.073656    0.107927 ^ _08_/Y (sky130_fd_sc_hd__nand2_1)
                      0.076052    0.000007    0.107935 ^ _09_/B (sky130_fd_sc_hd__xnor2_1)
     1    0.002240    0.032734    0.060283    0.168218 v _09_/Y (sky130_fd_sc_hd__xnor2_1)
                      0.032734    0.000004    0.168221 v _16_/D (sky130_fd_sc_hd__dfrtp_4)
                                              0.168221   data arrival time

                                  0.000000    0.000000   clock i_clk (rise edge)
                                  0.000000    0.000000   clock source latency
     4    0.010227    0.052417    0.034717    0.034717 ^ i_clk (in)
                      0.052417    0.000000    0.034717 ^ _16_/CLK (sky130_fd_sc_hd__dfrtp_4)
                                  0.250000    0.284717   clock uncertainty
                                  0.000000    0.284717   clock reconvergence pessimism
                                 -0.035377    0.249340   library hold time
                                              0.249340   data required time
---------------------------------------------------------------------------------------------
                                              0.249340   data required time
                                             -0.168221   data arrival time
---------------------------------------------------------------------------------------------
                                             -0.081119   slack (VIOLATED)


Startpoint: i_ena (input port clocked by i_clk)
Endpoint: _19_ (rising edge-triggered flip-flop clocked by i_clk)
Path Group: i_clk
Path Type: min

Fanout         Cap        Slew       Delay        Time   Description
---------------------------------------------------------------------------------------------
                                  0.000000    0.000000   clock i_clk (rise edge)
                                  0.000000    0.000000   clock network delay (propagated)
                                  0.020000    0.020000 v input external delay
     4    0.008818    0.021910    0.014271    0.034271 v i_ena (in)
                      0.021911    0.000000    0.034271 v _08_/B (sky130_fd_sc_hd__nand2_1)
     2    0.006455    0.076052    0.073656    0.107927 ^ _08_/Y (sky130_fd_sc_hd__nand2_1)
                      0.076052    0.000004    0.107932 ^ _15_/A (sky130_fd_sc_hd__and2_1)
     1    0.002100    0.041384    0.115098    0.223030 ^ _15_/X (sky130_fd_sc_hd__and2_1)
                      0.041384    0.000001    0.223031 ^ _19_/D (sky130_fd_sc_hd__dfrtp_4)
                                              0.223031   data arrival time

                                  0.000000    0.000000   clock i_clk (rise edge)
                                  0.000000    0.000000   clock source latency
     4    0.010227    0.052417    0.034711    0.034711 ^ i_clk (in)
                      0.052417    0.000000    0.034711 ^ _19_/CLK (sky130_fd_sc_hd__dfrtp_4)
                                  0.250000    0.284711   clock uncertainty
                                  0.000000    0.284711   clock reconvergence pessimism
                                 -0.032994    0.251718   library hold time
                                              0.251718   data required time
---------------------------------------------------------------------------------------------
                                              0.251718   data required time
                                             -0.223031   data arrival time
---------------------------------------------------------------------------------------------
                                             -0.028687   slack (VIOLATED)


Startpoint: i_ena (input port clocked by i_clk)
Endpoint: _17_ (rising edge-triggered flip-flop clocked by i_clk)
Path Group: i_clk
Path Type: min

Fanout         Cap        Slew       Delay        Time   Description
---------------------------------------------------------------------------------------------
                                  0.000000    0.000000   clock i_clk (rise edge)
                                  0.000000    0.000000   clock network delay (propagated)
                                  0.020000    0.020000 ^ input external delay
     4    0.009564    0.049464    0.032576    0.052576 ^ i_ena (in)
                      0.049464    0.000000    0.052576 ^ _11_/A3 (sky130_fd_sc_hd__a31o_1)
     1    0.001968    0.037049    0.128337    0.180913 ^ _11_/X (sky130_fd_sc_hd__a31o_1)
                      0.037049    0.000003    0.180916 ^ _12_/B (sky130_fd_sc_hd__and2b_1)
     1    0.002208    0.037924    0.106026    0.286941 ^ _12_/X (sky130_fd_sc_hd__and2b_1)
                      0.037924    0.000003    0.286944 ^ _17_/D (sky130_fd_sc_hd__dfrtp_4)
                                              0.286944   data arrival time

                                  0.000000    0.000000   clock i_clk (rise edge)
                                  0.000000    0.000000   clock source latency
     4    0.010227    0.052417    0.034727    0.034727 ^ i_clk (in)
                      0.052417    0.000000    0.034727 ^ _17_/CLK (sky130_fd_sc_hd__dfrtp_4)
                                  0.250000    0.284727   clock uncertainty
                                  0.000000    0.284727   clock reconvergence pessimism
                                 -0.032269    0.252458   library hold time
                                              0.252458   data required time
---------------------------------------------------------------------------------------------
                                              0.252458   data required time
                                             -0.286944   data arrival time
---------------------------------------------------------------------------------------------
                                              0.034487   slack (MET)


Startpoint: i_ena (input port clocked by i_clk)
Endpoint: _18_ (rising edge-triggered flip-flop clocked by i_clk)
Path Group: i_clk
Path Type: min

Fanout         Cap        Slew       Delay        Time   Description
---------------------------------------------------------------------------------------------
                                  0.000000    0.000000   clock i_clk (rise edge)
                                  0.000000    0.000000   clock network delay (propagated)
                                  0.020000    0.020000 ^ input external delay
     4    0.009564    0.049464    0.032575    0.052575 ^ i_ena (in)
                      0.049464    0.000000    0.052575 ^ _10_/D (sky130_fd_sc_hd__and4_1)
     2    0.007073    0.093136    0.217655    0.270230 ^ _10_/X (sky130_fd_sc_hd__and4_1)
                      0.093136    0.000027    0.270257 ^ _13_/B (sky130_fd_sc_hd__xor2_1)
     1    0.002092    0.033969    0.065440    0.335697 v _13_/X (sky130_fd_sc_hd__xor2_1)
                      0.033969    0.000002    0.335699 v _18_/D (sky130_fd_sc_hd__dfrtp_4)
                                              0.335699   data arrival time

                                  0.000000    0.000000   clock i_clk (rise edge)
                                  0.000000    0.000000   clock source latency
     4    0.010227    0.052417    0.034732    0.034732 ^ i_clk (in)
                      0.052417    0.000000    0.034732 ^ _18_/CLK (sky130_fd_sc_hd__dfrtp_4)
                                  0.250000    0.284732   clock uncertainty
                                  0.000000    0.284732   clock reconvergence pessimism
                                 -0.035876    0.248856   library hold time
                                              0.248856   data required time
---------------------------------------------------------------------------------------------
                                              0.248856   data required time
                                             -0.335699   data arrival time
---------------------------------------------------------------------------------------------
                                              0.086843   slack (MET)


Startpoint: _17_ (rising edge-triggered flip-flop clocked by i_clk)
Endpoint: uo_out[2] (output port clocked by i_clk)
Path Group: i_clk
Path Type: min

Fanout         Cap        Slew       Delay        Time   Description
---------------------------------------------------------------------------------------------
                                  0.000000    0.000000   clock i_clk (rise edge)
                                  0.000000    0.000000   clock source latency
     4    0.010227    0.052417    0.034727    0.034727 ^ i_clk (in)
                      0.052417    0.000000    0.034727 ^ _17_/CLK (sky130_fd_sc_hd__dfrtp_4)
     3    0.040441    0.140483    0.483076    0.517802 ^ _17_/Q (sky130_fd_sc_hd__dfrtp_4)
                      0.140484    0.000695    0.518497 ^ uo_out[2] (out)
                                              0.518497   data arrival time

                                  0.000000    0.000000   clock i_clk (rise edge)
                                  0.000000    0.000000   clock network delay (propagated)
                                  0.250000    0.250000   clock uncertainty
                                  0.000000    0.250000   clock reconvergence pessimism
                                 -0.020000    0.230000   output external delay
                                              0.230000   data required time
---------------------------------------------------------------------------------------------
                                              0.230000   data required time
                                             -0.518497   data arrival time
---------------------------------------------------------------------------------------------
                                              0.288497   slack (MET)


Startpoint: _18_ (rising edge-triggered flip-flop clocked by i_clk)
Endpoint: uo_out[3] (output port clocked by i_clk)
Path Group: i_clk
Path Type: min

Fanout         Cap        Slew       Delay        Time   Description
---------------------------------------------------------------------------------------------
                                  0.000000    0.000000   clock i_clk (rise edge)
                                  0.000000    0.000000   clock source latency
     4    0.010227    0.052417    0.034732    0.034732 ^ i_clk (in)
                      0.052417    0.000000    0.034732 ^ _18_/CLK (sky130_fd_sc_hd__dfrtp_4)
     2    0.041346    0.142759    0.485209    0.519941 ^ _18_/Q (sky130_fd_sc_hd__dfrtp_4)
                      0.142759    0.000566    0.520507 ^ uo_out[3] (out)
                                              0.520507   data arrival time

                                  0.000000    0.000000   clock i_clk (rise edge)
                                  0.000000    0.000000   clock network delay (propagated)
                                  0.250000    0.250000   clock uncertainty
                                  0.000000    0.250000   clock reconvergence pessimism
                                 -0.020000    0.230000   output external delay
                                              0.230000   data required time
---------------------------------------------------------------------------------------------
                                              0.230000   data required time
                                             -0.520507   data arrival time
---------------------------------------------------------------------------------------------
                                              0.290507   slack (MET)


Startpoint: _19_ (rising edge-triggered flip-flop clocked by i_clk)
Endpoint: uo_out[0] (output port clocked by i_clk)
Path Group: i_clk
Path Type: min

Fanout         Cap        Slew       Delay        Time   Description
---------------------------------------------------------------------------------------------
                                  0.000000    0.000000   clock i_clk (rise edge)
                                  0.000000    0.000000   clock source latency
     4    0.010227    0.052417    0.034711    0.034711 ^ i_clk (in)
                      0.052417    0.000000    0.034711 ^ _19_/CLK (sky130_fd_sc_hd__dfrtp_4)
     5    0.043735    0.148880    0.490645    0.525356 ^ _19_/Q (sky130_fd_sc_hd__dfrtp_4)
                      0.148880    0.000441    0.525798 ^ uo_out[0] (out)
                                              0.525798   data arrival time

                                  0.000000    0.000000   clock i_clk (rise edge)
                                  0.000000    0.000000   clock network delay (propagated)
                                  0.250000    0.250000   clock uncertainty
                                  0.000000    0.250000   clock reconvergence pessimism
                                 -0.020000    0.230000   output external delay
                                              0.230000   data required time
---------------------------------------------------------------------------------------------
                                              0.230000   data required time
                                             -0.525798   data arrival time
---------------------------------------------------------------------------------------------
                                              0.295798   slack (MET)


Startpoint: _16_ (rising edge-triggered flip-flop clocked by i_clk)
Endpoint: uo_out[1] (output port clocked by i_clk)
Path Group: i_clk
Path Type: min

Fanout         Cap        Slew       Delay        Time   Description
---------------------------------------------------------------------------------------------
                                  0.000000    0.000000   clock i_clk (rise edge)
                                  0.000000    0.000000   clock source latency
     4    0.010227    0.052417    0.034717    0.034717 ^ i_clk (in)
                      0.052417    0.000000    0.034717 ^ _16_/CLK (sky130_fd_sc_hd__dfrtp_4)
     4    0.044992    0.152131    0.493470    0.528187 ^ _16_/Q (sky130_fd_sc_hd__dfrtp_4)
                      0.152131    0.000447    0.528634 ^ uo_out[1] (out)
                                              0.528634   data arrival time

                                  0.000000    0.000000   clock i_clk (rise edge)
                                  0.000000    0.000000   clock network delay (propagated)
                                  0.250000    0.250000   clock uncertainty
                                  0.000000    0.250000   clock reconvergence pessimism
                                 -0.020000    0.230000   output external delay
                                              0.230000   data required time
---------------------------------------------------------------------------------------------
                                              0.230000   data required time
                                             -0.528634   data arrival time
---------------------------------------------------------------------------------------------
                                              0.298634   slack (MET)



%OL_END_REPORT
%OL_CREATE_REPORT max.rpt

===========================================================================
report_checks -path_delay max (Setup)
============================================================================
======================= nom_tt_025C_1v80 Corner ===================================

[WARNING STA-0168] unknown field nets.
[WARNING STA-0503] report_checks -group_count is deprecated. Use -group_path_count instead.
Startpoint: _19_ (rising edge-triggered flip-flop clocked by i_clk)
Endpoint: _19_ (rising edge-triggered flip-flop clocked by i_clk)
Path Group: i_clk
Path Type: max

Fanout         Cap        Slew       Delay        Time   Description
---------------------------------------------------------------------------------------------
                                  0.000000    0.000000   clock i_clk (rise edge)
                                  0.000000    0.000000   clock source latency
     4    0.010227    0.052417    0.034711    0.034711 ^ i_clk (in)
                      0.052417    0.000000    0.034711 ^ _19_/CLK (sky130_fd_sc_hd__dfrtp_4)
     5    0.043285    0.110824    0.541451    0.576163 v _19_/Q (sky130_fd_sc_hd__dfrtp_4)
                      0.110824    0.000161    0.576324 v _14_/A (sky130_fd_sc_hd__or2_1)
     1    0.001542    0.041978    0.234433    0.810757 v _14_/X (sky130_fd_sc_hd__or2_1)
                      0.041978    0.000001    0.810758 v _15_/B (sky130_fd_sc_hd__and2_1)
     1    0.002043    0.032696    0.144229    0.954987 v _15_/X (sky130_fd_sc_hd__and2_1)
                      0.032696    0.000001    0.954989 v _19_/D (sky130_fd_sc_hd__dfrtp_4)
                                              0.954989   data arrival time

                                 10.000000   10.000000   clock i_clk (rise edge)
                                  0.000000   10.000000   clock source latency
     4    0.010227    0.052417    0.034712   10.034712 ^ i_clk (in)
                      0.052417    0.000000   10.034712 ^ _19_/CLK (sky130_fd_sc_hd__dfrtp_4)
                                 -0.250000    9.784712   clock uncertainty
                                  0.000000    9.784712   clock reconvergence pessimism
                                 -0.107210    9.677502   library setup time
                                              9.677502   data required time
---------------------------------------------------------------------------------------------
                                              9.677502   data required time
                                             -0.954989   data arrival time
---------------------------------------------------------------------------------------------
                                              8.722513   slack (MET)


Startpoint: _17_ (rising edge-triggered flip-flop clocked by i_clk)
Endpoint: _18_ (rising edge-triggered flip-flop clocked by i_clk)
Path Group: i_clk
Path Type: max

Fanout         Cap        Slew       Delay        Time   Description
---------------------------------------------------------------------------------------------
                                  0.000000    0.000000   clock i_clk (rise edge)
                                  0.000000    0.000000   clock source latency
     4    0.010227    0.052417    0.034727    0.034727 ^ i_clk (in)
                      0.052417    0.000000    0.034727 ^ _17_/CLK (sky130_fd_sc_hd__dfrtp_4)
     3    0.040040    0.106197    0.535662    0.570389 v _17_/Q (sky130_fd_sc_hd__dfrtp_4)
                      0.106197    0.000243    0.570632 v _10_/C (sky130_fd_sc_hd__and4_1)
     2    0.006610    0.054263    0.229966    0.800598 v _10_/X (sky130_fd_sc_hd__and4_1)
                      0.054263    0.000025    0.800623 v _13_/B (sky130_fd_sc_hd__xor2_1)
     1    0.002092    0.047666    0.134866    0.935489 v _13_/X (sky130_fd_sc_hd__xor2_1)
                      0.047666    0.000002    0.935491 v _18_/D (sky130_fd_sc_hd__dfrtp_4)
                                              0.935491   data arrival time

                                 10.000000   10.000000   clock i_clk (rise edge)
                                  0.000000   10.000000   clock source latency
     4    0.010227    0.052417    0.034732   10.034733 ^ i_clk (in)
                      0.052417    0.000000   10.034733 ^ _18_/CLK (sky130_fd_sc_hd__dfrtp_4)
                                 -0.250000    9.784733   clock uncertainty
                                  0.000000    9.784733   clock reconvergence pessimism
                                 -0.113739    9.670993   library setup time
                                              9.670993   data required time
---------------------------------------------------------------------------------------------
                                              9.670993   data required time
                                             -0.935491   data arrival time
---------------------------------------------------------------------------------------------
                                              8.735501   slack (MET)


Startpoint: _16_ (rising edge-triggered flip-flop clocked by i_clk)
Endpoint: _17_ (rising edge-triggered flip-flop clocked by i_clk)
Path Group: i_clk
Path Type: max

Fanout         Cap        Slew       Delay        Time   Description
---------------------------------------------------------------------------------------------
                                  0.000000    0.000000   clock i_clk (rise edge)
                                  0.000000    0.000000   clock source latency
     4    0.010227    0.052417    0.034717    0.034717 ^ i_clk (in)
                      0.052417    0.000000    0.034717 ^ _16_/CLK (sky130_fd_sc_hd__dfrtp_4)
     4    0.044992    0.152131    0.493470    0.528187 ^ _16_/Q (sky130_fd_sc_hd__dfrtp_4)
                      0.152131    0.000189    0.528376 ^ _10_/B (sky130_fd_sc_hd__and4_1)
     2    0.007073    0.093416    0.233900    0.762277 ^ _10_/X (sky130_fd_sc_hd__and4_1)
                      0.093416    0.000023    0.762300 ^ _12_/A_N (sky130_fd_sc_hd__and2b_1)
     1    0.002151    0.031801    0.177985    0.940285 v _12_/X (sky130_fd_sc_hd__and2b_1)
                      0.031801    0.000003    0.940288 v _17_/D (sky130_fd_sc_hd__dfrtp_4)
                                              0.940288   data arrival time

                                 10.000000   10.000000   clock i_clk (rise edge)
                                  0.000000   10.000000   clock source latency
     4    0.010227    0.052417    0.034727   10.034727 ^ i_clk (in)
                      0.052417    0.000000   10.034727 ^ _17_/CLK (sky130_fd_sc_hd__dfrtp_4)
                                 -0.250000    9.784727   clock uncertainty
                                  0.000000    9.784727   clock reconvergence pessimism
                                 -0.106820    9.677907   library setup time
                                              9.677907   data required time
---------------------------------------------------------------------------------------------
                                              9.677907   data required time
                                             -0.940288   data arrival time
---------------------------------------------------------------------------------------------
                                              8.737618   slack (MET)


Startpoint: _19_ (rising edge-triggered flip-flop clocked by i_clk)
Endpoint: _16_ (rising edge-triggered flip-flop clocked by i_clk)
Path Group: i_clk
Path Type: max

Fanout         Cap        Slew       Delay        Time   Description
---------------------------------------------------------------------------------------------
                                  0.000000    0.000000   clock i_clk (rise edge)
                                  0.000000    0.000000   clock source latency
     4    0.010227    0.052417    0.034711    0.034711 ^ i_clk (in)
                      0.052417    0.000000    0.034711 ^ _19_/CLK (sky130_fd_sc_hd__dfrtp_4)
     5    0.043285    0.110824    0.541451    0.576163 v _19_/Q (sky130_fd_sc_hd__dfrtp_4)
                      0.110824    0.000161    0.576324 v _08_/A (sky130_fd_sc_hd__nand2_1)
     2    0.006455    0.076074    0.105571    0.681895 ^ _08_/Y (sky130_fd_sc_hd__nand2_1)
                      0.076074    0.000007    0.681902 ^ _09_/B (sky130_fd_sc_hd__xnor2_1)
     1    0.002297    0.108070    0.109333    0.791235 ^ _09_/Y (sky130_fd_sc_hd__xnor2_1)
                      0.108070    0.000004    0.791238 ^ _16_/D (sky130_fd_sc_hd__dfrtp_4)
                                              0.791238   data arrival time

                                 10.000000   10.000000   clock i_clk (rise edge)
                                  0.000000   10.000000   clock source latency
     4    0.010227    0.052417    0.034717   10.034718 ^ i_clk (in)
                      0.052417    0.000000   10.034718 ^ _16_/CLK (sky130_fd_sc_hd__dfrtp_4)
                                 -0.250000    9.784718   clock uncertainty
                                  0.000000    9.784718   clock reconvergence pessimism
                                 -0.077076    9.707642   library setup time
                                              9.707642   data required time
---------------------------------------------------------------------------------------------
                                              9.707642   data required time
                                             -0.791238   data arrival time
---------------------------------------------------------------------------------------------
                                              8.916403   slack (MET)


Startpoint: _16_ (rising edge-triggered flip-flop clocked by i_clk)
Endpoint: uo_out[1] (output port clocked by i_clk)
Path Group: i_clk
Path Type: max

Fanout         Cap        Slew       Delay        Time   Description
---------------------------------------------------------------------------------------------
                                  0.000000    0.000000   clock i_clk (rise edge)
                                  0.000000    0.000000   clock source latency
     4    0.010227    0.052417    0.034717    0.034717 ^ i_clk (in)
                      0.052417    0.000000    0.034717 ^ _16_/CLK (sky130_fd_sc_hd__dfrtp_4)
     4    0.044413    0.112507    0.543404    0.578121 v _16_/Q (sky130_fd_sc_hd__dfrtp_4)
                      0.112507    0.000446    0.578567 v uo_out[1] (out)
                                              0.578567   data arrival time

                                 10.000000   10.000000   clock i_clk (rise edge)
                                  0.000000   10.000000   clock network delay (propagated)
                                 -0.250000    9.750000   clock uncertainty
                                  0.000000    9.750000   clock reconvergence pessimism
                                 -0.020000    9.730000   output external delay
                                              9.730000   data required time
---------------------------------------------------------------------------------------------
                                              9.730000   data required time
                                             -0.578567   data arrival time
---------------------------------------------------------------------------------------------
                                              9.151434   slack (MET)


Startpoint: _19_ (rising edge-triggered flip-flop clocked by i_clk)
Endpoint: uo_out[0] (output port clocked by i_clk)
Path Group: i_clk
Path Type: max

Fanout         Cap        Slew       Delay        Time   Description
---------------------------------------------------------------------------------------------
                                  0.000000    0.000000   clock i_clk (rise edge)
                                  0.000000    0.000000   clock source latency
     4    0.010227    0.052417    0.034711    0.034711 ^ i_clk (in)
                      0.052417    0.000000    0.034711 ^ _19_/CLK (sky130_fd_sc_hd__dfrtp_4)
     5    0.043285    0.110824    0.541451    0.576163 v _19_/Q (sky130_fd_sc_hd__dfrtp_4)
                      0.110824    0.000440    0.576602 v uo_out[0] (out)
                                              0.576602   data arrival time

                                 10.000000   10.000000   clock i_clk (rise edge)
                                  0.000000   10.000000   clock network delay (propagated)
                                 -0.250000    9.750000   clock uncertainty
                                  0.000000    9.750000   clock reconvergence pessimism
                                 -0.020000    9.730000   output external delay
                                              9.730000   data required time
---------------------------------------------------------------------------------------------
                                              9.730000   data required time
                                             -0.576602   data arrival time
---------------------------------------------------------------------------------------------
                                              9.153399   slack (MET)


Startpoint: _18_ (rising edge-triggered flip-flop clocked by i_clk)
Endpoint: uo_out[3] (output port clocked by i_clk)
Path Group: i_clk
Path Type: max

Fanout         Cap        Slew       Delay        Time   Description
---------------------------------------------------------------------------------------------
                                  0.000000    0.000000   clock i_clk (rise edge)
                                  0.000000    0.000000   clock source latency
     4    0.010227    0.052417    0.034732    0.034732 ^ i_clk (in)
                      0.052417    0.000000    0.034732 ^ _18_/CLK (sky130_fd_sc_hd__dfrtp_4)
     2    0.041012    0.107534    0.537444    0.572177 v _18_/Q (sky130_fd_sc_hd__dfrtp_4)
                      0.107536    0.000566    0.572742 v uo_out[3] (out)
                                              0.572742   data arrival time

                                 10.000000   10.000000   clock i_clk (rise edge)
                                  0.000000   10.000000   clock network delay (propagated)
                                 -0.250000    9.750000   clock uncertainty
                                  0.000000    9.750000   clock reconvergence pessimism
                                 -0.020000    9.730000   output external delay
                                              9.730000   data required time
---------------------------------------------------------------------------------------------
                                              9.730000   data required time
                                             -0.572742   data arrival time
---------------------------------------------------------------------------------------------
                                              9.157258   slack (MET)


Startpoint: _17_ (rising edge-triggered flip-flop clocked by i_clk)
Endpoint: uo_out[2] (output port clocked by i_clk)
Path Group: i_clk
Path Type: max

Fanout         Cap        Slew       Delay        Time   Description
---------------------------------------------------------------------------------------------
                                  0.000000    0.000000   clock i_clk (rise edge)
                                  0.000000    0.000000   clock source latency
     4    0.010227    0.052417    0.034727    0.034727 ^ i_clk (in)
                      0.052417    0.000000    0.034727 ^ _17_/CLK (sky130_fd_sc_hd__dfrtp_4)
     3    0.040040    0.106197    0.535662    0.570389 v _17_/Q (sky130_fd_sc_hd__dfrtp_4)
                      0.106200    0.000692    0.571081 v uo_out[2] (out)
                                              0.571081   data arrival time

                                 10.000000   10.000000   clock i_clk (rise edge)
                                  0.000000   10.000000   clock network delay (propagated)
                                 -0.250000    9.750000   clock uncertainty
                                  0.000000    9.750000   clock reconvergence pessimism
                                 -0.020000    9.730000   output external delay
                                              9.730000   data required time
---------------------------------------------------------------------------------------------
                                              9.730000   data required time
                                             -0.571081   data arrival time
---------------------------------------------------------------------------------------------
                                              9.158919   slack (MET)


Startpoint: i_rst_n (input port clocked by i_clk)
Endpoint: _17_ (recovery check against rising-edge clock i_clk)
Path Group: asynchronous
Path Type: max

Fanout         Cap        Slew       Delay        Time   Description
---------------------------------------------------------------------------------------------
                                  0.000000    0.000000   clock i_clk (rise edge)
                                  0.000000    0.000000   clock network delay (propagated)
                                  0.020000    0.020000 ^ input external delay
     4    0.017345    0.083824    0.057250    0.077250 ^ i_rst_n (in)
                      0.083825    0.000000    0.077250 ^ _17_/RESET_B (sky130_fd_sc_hd__dfrtp_4)
                                              0.077250   data arrival time

                                 10.000000   10.000000   clock i_clk (rise edge)
                                  0.000000   10.000000   clock source latency
     4    0.010227    0.052417    0.034727   10.034727 ^ i_clk (in)
                      0.052417    0.000000   10.034727 ^ _17_/CLK (sky130_fd_sc_hd__dfrtp_4)
                                 -0.250000    9.784727   clock uncertainty
                                  0.000000    9.784727   clock reconvergence pessimism
                                  0.206920    9.991647   library recovery time
                                              9.991647   data required time
---------------------------------------------------------------------------------------------
                                              9.991647   data required time
                                             -0.077250   data arrival time
---------------------------------------------------------------------------------------------
                                              9.914396   slack (MET)


Startpoint: i_rst_n (input port clocked by i_clk)
Endpoint: _19_ (recovery check against rising-edge clock i_clk)
Path Group: asynchronous
Path Type: max

Fanout         Cap        Slew       Delay        Time   Description
---------------------------------------------------------------------------------------------
                                  0.000000    0.000000   clock i_clk (rise edge)
                                  0.000000    0.000000   clock network delay (propagated)
                                  0.020000    0.020000 ^ input external delay
     4    0.017345    0.083824    0.057233    0.077233 ^ i_rst_n (in)
                      0.083824    0.000000    0.077233 ^ _19_/RESET_B (sky130_fd_sc_hd__dfrtp_4)
                                              0.077233   data arrival time

                                 10.000000   10.000000   clock i_clk (rise edge)
                                  0.000000   10.000000   clock source latency
     4    0.010227    0.052417    0.034712   10.034712 ^ i_clk (in)
                      0.052417    0.000000   10.034712 ^ _19_/CLK (sky130_fd_sc_hd__dfrtp_4)
                                 -0.250000    9.784712   clock uncertainty
                                  0.000000    9.784712   clock reconvergence pessimism
                                  0.206920    9.991632   library recovery time
                                              9.991632   data required time
---------------------------------------------------------------------------------------------
                                              9.991632   data required time
                                             -0.077233   data arrival time
---------------------------------------------------------------------------------------------
                                              9.914398   slack (MET)


Startpoint: i_rst_n (input port clocked by i_clk)
Endpoint: _16_ (recovery check against rising-edge clock i_clk)
Path Group: asynchronous
Path Type: max

Fanout         Cap        Slew       Delay        Time   Description
---------------------------------------------------------------------------------------------
                                  0.000000    0.000000   clock i_clk (rise edge)
                                  0.000000    0.000000   clock network delay (propagated)
                                  0.020000    0.020000 ^ input external delay
     4    0.017345    0.083824    0.057219    0.077219 ^ i_rst_n (in)
                      0.083824    0.000000    0.077219 ^ _16_/RESET_B (sky130_fd_sc_hd__dfrtp_4)
                                              0.077219   data arrival time

                                 10.000000   10.000000   clock i_clk (rise edge)
                                  0.000000   10.000000   clock source latency
     4    0.010227    0.052417    0.034717   10.034718 ^ i_clk (in)
                      0.052417    0.000000   10.034718 ^ _16_/CLK (sky130_fd_sc_hd__dfrtp_4)
                                 -0.250000    9.784718   clock uncertainty
                                  0.000000    9.784718   clock reconvergence pessimism
                                  0.206920    9.991637   library recovery time
                                              9.991637   data required time
---------------------------------------------------------------------------------------------
                                              9.991637   data required time
                                             -0.077219   data arrival time
---------------------------------------------------------------------------------------------
                                              9.914418   slack (MET)


Startpoint: i_rst_n (input port clocked by i_clk)
Endpoint: _18_ (recovery check against rising-edge clock i_clk)
Path Group: asynchronous
Path Type: max

Fanout         Cap        Slew       Delay        Time   Description
---------------------------------------------------------------------------------------------
                                  0.000000    0.000000   clock i_clk (rise edge)
                                  0.000000    0.000000   clock network delay (propagated)
                                  0.020000    0.020000 ^ input external delay
     4    0.017345    0.083824    0.057243    0.077243 ^ i_rst_n (in)
                      0.083825    0.000000    0.077243 ^ _18_/RESET_B (sky130_fd_sc_hd__dfrtp_4)
                                              0.077243   data arrival time

                                 10.000000   10.000000   clock i_clk (rise edge)
                                  0.000000   10.000000   clock source latency
     4    0.010227    0.052417    0.034732   10.034733 ^ i_clk (in)
                      0.052417    0.000000   10.034733 ^ _18_/CLK (sky130_fd_sc_hd__dfrtp_4)
                                 -0.250000    9.784733   clock uncertainty
                                  0.000000    9.784733   clock reconvergence pessimism
                                  0.206920    9.991652   library recovery time
                                              9.991652   data required time
---------------------------------------------------------------------------------------------
                                              9.991652   data required time
                                             -0.077243   data arrival time
---------------------------------------------------------------------------------------------
                                              9.914409   slack (MET)



%OL_END_REPORT
%OL_CREATE_REPORT checks.rpt

===========================================================================
report_checks -unconstrained
===========================================================================
======================= nom_tt_025C_1v80 Corner ===================================

[WARNING STA-0168] unknown field nets.
Startpoint: i_rst_n (input port clocked by i_clk)
Endpoint: _17_ (recovery check against rising-edge clock i_clk)
Path Group: asynchronous
Path Type: max

Fanout         Cap        Slew       Delay        Time   Description
---------------------------------------------------------------------------------------------
                                  0.000000    0.000000   clock i_clk (rise edge)
                                  0.000000    0.000000   clock network delay (propagated)
                                  0.020000    0.020000 ^ input external delay
     4    0.017345    0.083824    0.057250    0.077250 ^ i_rst_n (in)
                      0.083825    0.000000    0.077250 ^ _17_/RESET_B (sky130_fd_sc_hd__dfrtp_4)
                                              0.077250   data arrival time

                                 10.000000   10.000000   clock i_clk (rise edge)
                                  0.000000   10.000000   clock source latency
     4    0.010227    0.052417    0.034727   10.034727 ^ i_clk (in)
                      0.052417    0.000000   10.034727 ^ _17_/CLK (sky130_fd_sc_hd__dfrtp_4)
                                 -0.250000    9.784727   clock uncertainty
                                  0.000000    9.784727   clock reconvergence pessimism
                                  0.206920    9.991647   library recovery time
                                              9.991647   data required time
---------------------------------------------------------------------------------------------
                                              9.991647   data required time
                                             -0.077250   data arrival time
---------------------------------------------------------------------------------------------
                                              9.914396   slack (MET)


Startpoint: _19_ (rising edge-triggered flip-flop clocked by i_clk)
Endpoint: _19_ (rising edge-triggered flip-flop clocked by i_clk)
Path Group: i_clk
Path Type: max

Fanout         Cap        Slew       Delay        Time   Description
---------------------------------------------------------------------------------------------
                                  0.000000    0.000000   clock i_clk (rise edge)
                                  0.000000    0.000000   clock source latency
     4    0.010227    0.052417    0.034711    0.034711 ^ i_clk (in)
                      0.052417    0.000000    0.034711 ^ _19_/CLK (sky130_fd_sc_hd__dfrtp_4)
     5    0.043285    0.110824    0.541451    0.576163 v _19_/Q (sky130_fd_sc_hd__dfrtp_4)
                      0.110824    0.000161    0.576324 v _14_/A (sky130_fd_sc_hd__or2_1)
     1    0.001542    0.041978    0.234433    0.810757 v _14_/X (sky130_fd_sc_hd__or2_1)
                      0.041978    0.000001    0.810758 v _15_/B (sky130_fd_sc_hd__and2_1)
     1    0.002043    0.032696    0.144229    0.954987 v _15_/X (sky130_fd_sc_hd__and2_1)
                      0.032696    0.000001    0.954989 v _19_/D (sky130_fd_sc_hd__dfrtp_4)
                                              0.954989   data arrival time

                                 10.000000   10.000000   clock i_clk (rise edge)
                                  0.000000   10.000000   clock source latency
     4    0.010227    0.052417    0.034712   10.034712 ^ i_clk (in)
                      0.052417    0.000000   10.034712 ^ _19_/CLK (sky130_fd_sc_hd__dfrtp_4)
                                 -0.250000    9.784712   clock uncertainty
                                  0.000000    9.784712   clock reconvergence pessimism
                                 -0.107210    9.677502   library setup time
                                              9.677502   data required time
---------------------------------------------------------------------------------------------
                                              9.677502   data required time
                                             -0.954989   data arrival time
---------------------------------------------------------------------------------------------
                                              8.722513   slack (MET)




===========================================================================
report_checks --slack_max -0.01
============================================================================
======================= nom_tt_025C_1v80 Corner ===================================

[WARNING STA-0168] unknown field nets.
No paths found.


===========================================================================
 report_check_types -max_slew -max_cap -max_fanout -violators
============================================================================
======================= nom_tt_025C_1v80 Corner ===================================



===========================================================================
report_parasitic_annotation -report_unannotated
============================================================================
Found 36 unannotated drivers.
 ui_in[0]
 ui_in[1]
 ui_in[2]
 ui_in[3]
 ui_in[4]
 ui_in[5]
 ui_in[6]
 ui_in[7]
 uio_in[0]
 uio_in[1]
 uio_in[2]
 uio_in[3]
 uio_in[4]
 uio_in[5]
 uio_in[6]
 uio_in[7]
 _20_/HI
 _21_/HI
 _22_/HI
 _23_/HI
 _24_/HI
 _25_/HI
 _26_/HI
 _27_/HI
 _28_/HI
 _29_/HI
 _30_/HI
 _31_/HI
 _32_/HI
 _33_/HI
 _34_/HI
 _35_/HI
 _36_/HI
 _37_/HI
 _38_/HI
 _39_/HI
Found 0 partially unannotated drivers.

===========================================================================
max slew violation count 0
Writing metric design__max_slew_violation__count__corner:nom_tt_025C_1v80: 0
max fanout violation count 0
Writing metric design__max_fanout_violation__count__corner:nom_tt_025C_1v80: 0
max cap violation count 0
Writing metric design__max_cap_violation__count__corner:nom_tt_025C_1v80: 0
============================================================================

===========================================================================
check_setup -verbose -unconstrained_endpoints -multiple_clock -no_clock -no_input_delay -loops -generated_clocks
===========================================================================
Warning: There are 20 unconstrained endpoints.
  uio_oe[0]
  uio_oe[1]
  uio_oe[2]
  uio_oe[3]
  uio_oe[4]
  uio_oe[5]
  uio_oe[6]
  uio_oe[7]
  uio_out[0]
  uio_out[1]
  uio_out[2]
  uio_out[3]
  uio_out[4]
  uio_out[5]
  uio_out[6]
  uio_out[7]
  uo_out[4]
  uo_out[5]
  uo_out[6]
  uo_out[7]
%OL_END_REPORT
%OL_CREATE_REPORT power.rpt

===========================================================================
 report_power
============================================================================
======================= nom_tt_025C_1v80 Corner ===================================

Group                    Internal    Switching      Leakage        Total
                            Power        Power        Power        Power (Watts)
------------------------------------------------------------------------
Sequential           2.811465e-05 2.267455e-05 4.252093e-11 5.078924e-05  85.5%
Combinational        6.140295e-06 2.464240e-06 8.780127e-11 8.604623e-06  14.5%
Clock                0.000000e+00 0.000000e+00 5.832067e-11 5.832067e-11   0.0%
Macro                0.000000e+00 0.000000e+00 0.000000e+00 0.000000e+00   0.0%
Pad                  0.000000e+00 0.000000e+00 0.000000e+00 0.000000e+00   0.0%
------------------------------------------------------------------------
Total                3.425495e-05 2.513879e-05 1.886428e-10 5.939393e-05 100.0%
                            57.7%        42.3%         0.0%
Writing metric power__internal__total: 3.425494651310146e-5
Writing metric power__switching__total: 2.5138788259937428e-5
Writing metric power__leakage__total: 1.8864279582864185e-10
Writing metric power__total: 5.939392576692626e-5

%OL_END_REPORT
%OL_CREATE_REPORT skew.min.rpt

===========================================================================
Clock Skew (Hold)
============================================================================
Writing metric clock__skew__worst_hold__corner:nom_tt_025C_1v80: -0.2500210109713353
======================= nom_tt_025C_1v80 Corner ===================================

Clock i_clk
0.034711 source latency _19_/CLK ^
-0.034732 target latency _18_/CLK ^
-0.250000 clock uncertainty
0.000000 CRPR
--------------
-0.250021 hold skew

%OL_END_REPORT
%OL_CREATE_REPORT skew.max.rpt

===========================================================================
Clock Skew (Setup)
============================================================================
Writing metric clock__skew__worst_setup__corner:nom_tt_025C_1v80: 0.25
======================= nom_tt_025C_1v80 Corner ===================================

Clock i_clk
0.034717 source latency _16_/CLK ^
-0.034717 target latency _16_/CLK ^
0.250000 clock uncertainty
0.000000 CRPR
--------------
0.250000 setup skew

%OL_END_REPORT
%OL_CREATE_REPORT ws.min.rpt

===========================================================================
Worst Slack (Hold)
============================================================================
Writing metric timing__hold__ws__corner:nom_tt_025C_1v80: -0.5405377409780776
nom_tt_025C_1v80: -0.5405377409780776
%OL_END_REPORT
%OL_CREATE_REPORT ws.max.rpt

===========================================================================
Worst Slack (Setup)
============================================================================
Writing metric timing__setup__ws__corner:nom_tt_025C_1v80: 8.722512736756455
nom_tt_025C_1v80: 8.722512736756455
%OL_END_REPORT
%OL_CREATE_REPORT tns.min.rpt

===========================================================================
Total Negative Slack (Hold)
============================================================================
Writing metric timing__hold__tns__corner:nom_tt_025C_1v80: -2.2719076152308837
nom_tt_025C_1v80: -2.2719076152308837
%OL_END_REPORT
%OL_CREATE_REPORT tns.max.rpt

===========================================================================
Total Negative Slack (Setup)
============================================================================
Writing metric timing__setup__tns__corner:nom_tt_025C_1v80: 0.0
nom_tt_025C_1v80: 0.0
%OL_END_REPORT
%OL_CREATE_REPORT wns.min.rpt

===========================================================================
Worst Negative Slack (Hold)
============================================================================
Writing metric timing__hold__wns__corner:nom_tt_025C_1v80: -0.5405377409780776
nom_tt_025C_1v80: -0.5405377409780776
%OL_END_REPORT
%OL_CREATE_REPORT wns.max.rpt

===========================================================================
Worst Negative Slack (Setup)
============================================================================
Writing metric timing__setup__wns__corner:nom_tt_025C_1v80: 0.0
nom_tt_025C_1v80: 0.0
%OL_END_REPORT
%OL_CREATE_REPORT violator_list.rpt

===========================================================================
Violator List
============================================================================
[WARNING STA-0503] find_timing_paths -group_count is deprecated. Use -group_path_count instead.
[hold in-reg] i_rst_n -> _16_/RESET_B : -0.540538
[hold in-reg] i_rst_n -> _18_/RESET_B : -0.540529
[hold in-reg] i_rst_n -> _19_/RESET_B : -0.540519
[hold in-reg] i_rst_n -> _17_/RESET_B : -0.540516
[hold in-reg] i_ena -> _16_/D : -0.081119
[hold in-reg] i_ena -> _19_/D : -0.028687
[WARNING STA-0503] find_timing_paths -group_count is deprecated. Use -group_path_count instead.
[WARNING STA-0503] find_timing_paths -group_count is deprecated. Use -group_path_count instead.
[WARNING STA-0503] find_timing_paths -group_count is deprecated. Use -group_path_count instead.
Writing metric timing__hold_vio__count__corner:nom_tt_025C_1v80: 6
Writing metric timing__hold_r2r__ws__corner:nom_tt_025C_1v80: 1e30
Writing metric timing__hold_r2r_vio__count__corner:nom_tt_025C_1v80: 0
Writing metric timing__setup_vio__count__corner:nom_tt_025C_1v80: 0
Writing metric timing__setup_r2r__ws__corner:nom_tt_025C_1v80: 8.722513
Writing metric timing__setup_r2r_vio__count__corner:nom_tt_025C_1v80: 0
%OL_END_REPORT
%OL_CREATE_REPORT unpropagated.rpt
%OL_END_REPORT
%OL_CREATE_REPORT clock.rpt
Clock: i_clk
Sources: i_clk 
Generated: no
Virtual: yes
Propagated: no
Period: 10.000000

===========================================================================
report_clock_properties
============================================================================
Clock                   Period          Waveform
----------------------------------------------------
i_clk                10.000000    0.000000  5.000000

===========================================================================
report_clock_latency
============================================================================
Clock i_clk
rise -> rise
    min     max
0.000000 0.000000 source latency
0.034711         network latency _19_/CLK
        0.034732 network latency _18_/CLK
---------------
0.034711 0.034732 latency
        0.000021 skew

fall -> fall
    min     max
0.000000 0.000000 source latency
0.015557         network latency _19_/CLK
        0.015577 network latency _18_/CLK
---------------
0.015557 0.015577 latency
        0.000020 skew



===========================================================================
report_clock_min_period
============================================================================
i_clk period_min = 1.28 fmax = 782.79
%OL_END_REPORT
