
===========================================================================
report_checks -unconstrained
===========================================================================
======================= nom_tt_025C_1v80 Corner ===================================

Startpoint: i_rst_n (input port clocked by i_clk)
Endpoint: _18_ (recovery check against rising-edge clock i_clk)
Path Group: asynchronous
Path Type: max

Fanout         Cap        Slew       Delay        Time   Description
---------------------------------------------------------------------------------------------
                                  0.000000    0.000000   clock i_clk (rise edge)
                                  0.000000    0.000000   clock network delay (propagated)
                                  0.020000    0.020000 ^ input external delay
     1    0.002863    0.020000    0.010547    0.030547 ^ i_rst_n (in)
                      0.020000    0.000000    0.030547 ^ hold1/A (sky130_fd_sc_hd__dlygate4sd3_1)
     1    0.002918    0.053889    0.527702    0.558249 ^ hold1/X (sky130_fd_sc_hd__dlygate4sd3_1)
                      0.053889    0.000092    0.558341 ^ input2/A (sky130_fd_sc_hd__dlymetal6s2s_1)
     1    0.002929    0.057516    0.100513    0.658854 ^ input2/X (sky130_fd_sc_hd__dlymetal6s2s_1)
                      0.057516    0.000095    0.658949 ^ hold2/A (sky130_fd_sc_hd__dlygate4sd3_1)
     4    0.018718    0.196460    0.653967    1.312917 ^ hold2/X (sky130_fd_sc_hd__dlygate4sd3_1)
                      0.196460    0.000351    1.313267 ^ _18_/RESET_B (sky130_fd_sc_hd__dfrtp_1)
                                              1.313267   data arrival time

                                 10.000000   10.000000   clock i_clk (rise edge)
                                  0.000000   10.000000   clock source latency
     1    0.009905    0.051014    0.033783   10.033783 ^ i_clk (in)
                      0.051017    0.000000   10.033783 ^ clkbuf_0_i_clk/A (sky130_fd_sc_hd__clkbuf_16)
     2    0.019015    0.041002    0.126492   10.160275 ^ clkbuf_0_i_clk/X (sky130_fd_sc_hd__clkbuf_16)
                      0.041006    0.000694   10.160969 ^ clkbuf_1_0__f_i_clk/A (sky130_fd_sc_hd__clkbuf_16)
     2    0.005843    0.029533    0.110068   10.271036 ^ clkbuf_1_0__f_i_clk/X (sky130_fd_sc_hd__clkbuf_16)
                      0.029534    0.000187   10.271223 ^ _18_/CLK (sky130_fd_sc_hd__dfrtp_1)
                                 -0.250000   10.021223   clock uncertainty
                                  0.000000   10.021223   clock reconvergence pessimism
                                  0.186283   10.207506   library recovery time
                                             10.207506   data required time
---------------------------------------------------------------------------------------------
                                             10.207506   data required time
                                             -1.313267   data arrival time
---------------------------------------------------------------------------------------------
                                              8.894239   slack (MET)


Startpoint: i_ena (input port clocked by i_clk)
Endpoint: _16_ (rising edge-triggered flip-flop clocked by i_clk)
Path Group: i_clk
Path Type: max

Fanout         Cap        Slew       Delay        Time   Description
---------------------------------------------------------------------------------------------
                                  0.000000    0.000000   clock i_clk (rise edge)
                                  0.000000    0.000000   clock network delay (propagated)
                                  0.020000    0.020000 ^ input external delay
     1    0.003037    0.020751    0.011157    0.031157 ^ i_ena (in)
                      0.020751    0.000000    0.031157 ^ hold3/A (sky130_fd_sc_hd__dlygate4sd3_1)
     1    0.002567    0.050893    0.524683    0.555839 ^ hold3/X (sky130_fd_sc_hd__dlygate4sd3_1)
                      0.050893    0.000054    0.555893 ^ input1/A (sky130_fd_sc_hd__clkbuf_1)
     4    0.011300    0.139431    0.150082    0.705975 ^ input1/X (sky130_fd_sc_hd__clkbuf_1)
                      0.139432    0.000252    0.706227 ^ _08_/B (sky130_fd_sc_hd__nand2_1)
     2    0.007617    0.071390    0.099733    0.805960 v _08_/Y (sky130_fd_sc_hd__nand2_1)
                      0.071390    0.000190    0.806150 v _09_/B (sky130_fd_sc_hd__xnor2_1)
     1    0.002064    0.043893    0.124013    0.930163 v _09_/Y (sky130_fd_sc_hd__xnor2_1)
                      0.043893    0.000043    0.930206 v hold4/A (sky130_fd_sc_hd__dlygate4sd3_1)
     1    0.002715    0.052506    0.546968    1.477173 v hold4/X (sky130_fd_sc_hd__dlygate4sd3_1)
                      0.052506    0.000064    1.477237 v _16_/D (sky130_fd_sc_hd__dfrtp_1)
                                              1.477237   data arrival time

                                 10.000000   10.000000   clock i_clk (rise edge)
                                  0.000000   10.000000   clock source latency
     1    0.009905    0.051014    0.033783   10.033783 ^ i_clk (in)
                      0.051017    0.000000   10.033783 ^ clkbuf_0_i_clk/A (sky130_fd_sc_hd__clkbuf_16)
     2    0.019015    0.041002    0.126492   10.160275 ^ clkbuf_0_i_clk/X (sky130_fd_sc_hd__clkbuf_16)
                      0.041005    0.000647   10.160922 ^ clkbuf_1_1__f_i_clk/A (sky130_fd_sc_hd__clkbuf_16)
     2    0.005998    0.029671    0.110263   10.271185 ^ clkbuf_1_1__f_i_clk/X (sky130_fd_sc_hd__clkbuf_16)
                      0.029671    0.000124   10.271310 ^ _16_/CLK (sky130_fd_sc_hd__dfrtp_1)
                                 -0.250000   10.021310   clock uncertainty
                                  0.000000   10.021310   clock reconvergence pessimism
                                 -0.121059    9.900250   library setup time
                                              9.900250   data required time
---------------------------------------------------------------------------------------------
                                              9.900250   data required time
                                             -1.477237   data arrival time
---------------------------------------------------------------------------------------------
                                              8.423014   slack (MET)




===========================================================================
report_checks --slack_max -0.01
============================================================================
======================= nom_tt_025C_1v80 Corner ===================================

No paths found.


===========================================================================
 report_check_types -max_slew -max_cap -max_fanout -violators
============================================================================
======================= nom_tt_025C_1v80 Corner ===================================



===========================================================================
report_parasitic_annotation -report_unannotated
============================================================================
Found 36 unannotated drivers.
 ui_in[0]
 ui_in[1]
 ui_in[2]
 ui_in[3]
 ui_in[4]
 ui_in[5]
 ui_in[6]
 ui_in[7]
 uio_in[0]
 uio_in[1]
 uio_in[2]
 uio_in[3]
 uio_in[4]
 uio_in[5]
 uio_in[6]
 uio_in[7]
 tt_if_10/HI
 tt_if_11/HI
 tt_if_12/HI
 tt_if_13/HI
 tt_if_14/HI
 tt_if_15/HI
 tt_if_16/HI
 tt_if_17/HI
 tt_if_18/HI
 tt_if_19/HI
 tt_if_20/HI
 tt_if_21/HI
 tt_if_22/HI
 tt_if_23/HI
 tt_if_24/HI
 tt_if_25/HI
 tt_if_26/HI
 tt_if_7/HI
 tt_if_8/HI
 tt_if_9/HI
Found 0 partially unannotated drivers.

===========================================================================
max slew violation count 0
Writing metric design__max_slew_violation__count__corner:nom_tt_025C_1v80: 0
max fanout violation count 0
Writing metric design__max_fanout_violation__count__corner:nom_tt_025C_1v80: 0
max cap violation count 0
Writing metric design__max_cap_violation__count__corner:nom_tt_025C_1v80: 0
============================================================================

===========================================================================
check_setup -verbose -unconstrained_endpoints -multiple_clock -no_clock -no_input_delay -loops -generated_clocks
===========================================================================
Warning: There are 20 unconstrained endpoints.
  uio_oe[0]
  uio_oe[1]
  uio_oe[2]
  uio_oe[3]
  uio_oe[4]
  uio_oe[5]
  uio_oe[6]
  uio_oe[7]
  uio_out[0]
  uio_out[1]
  uio_out[2]
  uio_out[3]
  uio_out[4]
  uio_out[5]
  uio_out[6]
  uio_out[7]
  uo_out[4]
  uo_out[5]
  uo_out[6]
  uo_out[7]
