Clock: i_clk
Sources: i_clk 
Generated: no
Virtual: yes
Propagated: no
Period: 10.000000

===========================================================================
report_clock_properties
============================================================================
Clock                   Period          Waveform
----------------------------------------------------
i_clk                10.000000    0.000000  5.000000

===========================================================================
report_clock_latency
============================================================================
Clock i_clk
rise -> rise
    min     max
0.000000 0.000000 source latency
0.271219         network latency _17_/CLK
        0.271326 network latency _19_/CLK
---------------
0.271219 0.271326 latency
        0.000107 skew

fall -> fall
    min     max
0.000000 0.000000 source latency
0.279108         network latency _17_/CLK
        0.279206 network latency _19_/CLK
---------------
0.279108 0.279206 latency
        0.000098 skew



===========================================================================
report_clock_min_period
============================================================================
i_clk period_min = 1.51 fmax = 660.11
