
===========================================================================
report_checks -path_delay max (Setup)
============================================================================
======================= nom_tt_025C_1v80 Corner ===================================

Startpoint: i_ena (input port clocked by i_clk)
Endpoint: _16_ (rising edge-triggered flip-flop clocked by i_clk)
Path Group: i_clk
Path Type: max

Fanout         Cap        Slew       Delay        Time   Description
---------------------------------------------------------------------------------------------
                                  0.000000    0.000000   clock i_clk (rise edge)
                                  0.000000    0.000000   clock network delay (propagated)
                                  0.020000    0.020000 ^ input external delay
     1    0.003037    0.020751    0.011157    0.031157 ^ i_ena (in)
                      0.020751    0.000000    0.031157 ^ hold3/A (sky130_fd_sc_hd__dlygate4sd3_1)
     1    0.002567    0.050893    0.524683    0.555839 ^ hold3/X (sky130_fd_sc_hd__dlygate4sd3_1)
                      0.050893    0.000054    0.555893 ^ input1/A (sky130_fd_sc_hd__clkbuf_1)
     4    0.011300    0.139431    0.150082    0.705975 ^ input1/X (sky130_fd_sc_hd__clkbuf_1)
                      0.139432    0.000252    0.706227 ^ _08_/B (sky130_fd_sc_hd__nand2_1)
     2    0.007617    0.071390    0.099733    0.805960 v _08_/Y (sky130_fd_sc_hd__nand2_1)
                      0.071390    0.000190    0.806150 v _09_/B (sky130_fd_sc_hd__xnor2_1)
     1    0.002064    0.043893    0.124013    0.930163 v _09_/Y (sky130_fd_sc_hd__xnor2_1)
                      0.043893    0.000043    0.930206 v hold4/A (sky130_fd_sc_hd__dlygate4sd3_1)
     1    0.002715    0.052506    0.546968    1.477173 v hold4/X (sky130_fd_sc_hd__dlygate4sd3_1)
                      0.052506    0.000064    1.477237 v _16_/D (sky130_fd_sc_hd__dfrtp_1)
                                              1.477237   data arrival time

                                 10.000000   10.000000   clock i_clk (rise edge)
                                  0.000000   10.000000   clock source latency
     1    0.009905    0.051014    0.033783   10.033783 ^ i_clk (in)
                      0.051017    0.000000   10.033783 ^ clkbuf_0_i_clk/A (sky130_fd_sc_hd__clkbuf_16)
     2    0.019015    0.041002    0.126492   10.160275 ^ clkbuf_0_i_clk/X (sky130_fd_sc_hd__clkbuf_16)
                      0.041005    0.000647   10.160922 ^ clkbuf_1_1__f_i_clk/A (sky130_fd_sc_hd__clkbuf_16)
     2    0.005998    0.029671    0.110263   10.271185 ^ clkbuf_1_1__f_i_clk/X (sky130_fd_sc_hd__clkbuf_16)
                      0.029671    0.000124   10.271310 ^ _16_/CLK (sky130_fd_sc_hd__dfrtp_1)
                                 -0.250000   10.021310   clock uncertainty
                                  0.000000   10.021310   clock reconvergence pessimism
                                 -0.121059    9.900250   library setup time
                                              9.900250   data required time
---------------------------------------------------------------------------------------------
                                              9.900250   data required time
                                             -1.477237   data arrival time
---------------------------------------------------------------------------------------------
                                              8.423014   slack (MET)


Startpoint: _18_ (rising edge-triggered flip-flop clocked by i_clk)
Endpoint: _18_ (rising edge-triggered flip-flop clocked by i_clk)
Path Group: i_clk
Path Type: max

Fanout         Cap        Slew       Delay        Time   Description
---------------------------------------------------------------------------------------------
                                  0.000000    0.000000   clock i_clk (rise edge)
                                  0.000000    0.000000   clock source latency
     1    0.009905    0.051014    0.033783    0.033783 ^ i_clk (in)
                      0.051017    0.000000    0.033783 ^ clkbuf_0_i_clk/A (sky130_fd_sc_hd__clkbuf_16)
     2    0.019015    0.041002    0.126492    0.160275 ^ clkbuf_0_i_clk/X (sky130_fd_sc_hd__clkbuf_16)
                      0.041006    0.000693    0.160968 ^ clkbuf_1_0__f_i_clk/A (sky130_fd_sc_hd__clkbuf_16)
     2    0.005843    0.029533    0.110068    0.271036 ^ clkbuf_1_0__f_i_clk/X (sky130_fd_sc_hd__clkbuf_16)
                      0.029534    0.000187    0.271223 ^ _18_/CLK (sky130_fd_sc_hd__dfrtp_1)
     2    0.005732    0.052589    0.363850    0.635073 v _18_/Q (sky130_fd_sc_hd__dfrtp_1)
                      0.052589    0.000104    0.635176 v hold5/A (sky130_fd_sc_hd__dlygate4sd3_1)
     1    0.005423    0.065725    0.569725    1.204901 v hold5/X (sky130_fd_sc_hd__dlygate4sd3_1)
                      0.065725    0.000150    1.205052 v _13_/A (sky130_fd_sc_hd__xor2_1)
     1    0.002431    0.047345    0.159693    1.364745 v _13_/X (sky130_fd_sc_hd__xor2_1)
                      0.047345    0.000052    1.364797 v _18_/D (sky130_fd_sc_hd__dfrtp_1)
                                              1.364797   data arrival time

                                 10.000000   10.000000   clock i_clk (rise edge)
                                  0.000000   10.000000   clock source latency
     1    0.009905    0.051014    0.033783   10.033783 ^ i_clk (in)
                      0.051017    0.000000   10.033783 ^ clkbuf_0_i_clk/A (sky130_fd_sc_hd__clkbuf_16)
     2    0.019015    0.041002    0.126492   10.160275 ^ clkbuf_0_i_clk/X (sky130_fd_sc_hd__clkbuf_16)
                      0.041006    0.000694   10.160969 ^ clkbuf_1_0__f_i_clk/A (sky130_fd_sc_hd__clkbuf_16)
     2    0.005843    0.029533    0.110068   10.271036 ^ clkbuf_1_0__f_i_clk/X (sky130_fd_sc_hd__clkbuf_16)
                      0.029534    0.000187   10.271223 ^ _18_/CLK (sky130_fd_sc_hd__dfrtp_1)
                                 -0.250000   10.021223   clock uncertainty
                                  0.000000   10.021223   clock reconvergence pessimism
                                 -0.118837    9.902387   library setup time
                                              9.902387   data required time
---------------------------------------------------------------------------------------------
                                              9.902387   data required time
                                             -1.364797   data arrival time
---------------------------------------------------------------------------------------------
                                              8.537589   slack (MET)


Startpoint: i_ena (input port clocked by i_clk)
Endpoint: _17_ (rising edge-triggered flip-flop clocked by i_clk)
Path Group: i_clk
Path Type: max

Fanout         Cap        Slew       Delay        Time   Description
---------------------------------------------------------------------------------------------
                                  0.000000    0.000000   clock i_clk (rise edge)
                                  0.000000    0.000000   clock network delay (propagated)
                                  0.020000    0.020000 ^ input external delay
     1    0.003037    0.020751    0.011157    0.031157 ^ i_ena (in)
                      0.020751    0.000000    0.031157 ^ hold3/A (sky130_fd_sc_hd__dlygate4sd3_1)
     1    0.002567    0.050893    0.524683    0.555839 ^ hold3/X (sky130_fd_sc_hd__dlygate4sd3_1)
                      0.050893    0.000054    0.555893 ^ input1/A (sky130_fd_sc_hd__clkbuf_1)
     4    0.011300    0.139431    0.150082    0.705975 ^ input1/X (sky130_fd_sc_hd__clkbuf_1)
                      0.139432    0.000178    0.706154 ^ _10_/D (sky130_fd_sc_hd__and4_1)
     2    0.008217    0.100332    0.245548    0.951701 ^ _10_/X (sky130_fd_sc_hd__and4_1)
                      0.100332    0.000249    0.951950 ^ _12_/A_N (sky130_fd_sc_hd__and2b_1)
     1    0.002940    0.034299    0.184903    1.136852 v _12_/X (sky130_fd_sc_hd__and2b_1)
                      0.034299    0.000070    1.136922 v _17_/D (sky130_fd_sc_hd__dfrtp_1)
                                              1.136922   data arrival time

                                 10.000000   10.000000   clock i_clk (rise edge)
                                  0.000000   10.000000   clock source latency
     1    0.009905    0.051014    0.033783   10.033783 ^ i_clk (in)
                      0.051017    0.000000   10.033783 ^ clkbuf_0_i_clk/A (sky130_fd_sc_hd__clkbuf_16)
     2    0.019015    0.041002    0.126492   10.160275 ^ clkbuf_0_i_clk/X (sky130_fd_sc_hd__clkbuf_16)
                      0.041006    0.000694   10.160969 ^ clkbuf_1_0__f_i_clk/A (sky130_fd_sc_hd__clkbuf_16)
     2    0.005843    0.029533    0.110068   10.271036 ^ clkbuf_1_0__f_i_clk/X (sky130_fd_sc_hd__clkbuf_16)
                      0.029534    0.000183   10.271219 ^ _17_/CLK (sky130_fd_sc_hd__dfrtp_1)
                                 -0.250000   10.021219   clock uncertainty
                                  0.000000   10.021219   clock reconvergence pessimism
                                 -0.113140    9.908079   library setup time
                                              9.908079   data required time
---------------------------------------------------------------------------------------------
                                              9.908079   data required time
                                             -1.136922   data arrival time
---------------------------------------------------------------------------------------------
                                              8.771156   slack (MET)


Startpoint: _16_ (rising edge-triggered flip-flop clocked by i_clk)
Endpoint: uo_out[1] (output port clocked by i_clk)
Path Group: i_clk
Path Type: max

Fanout         Cap        Slew       Delay        Time   Description
---------------------------------------------------------------------------------------------
                                  0.000000    0.000000   clock i_clk (rise edge)
                                  0.000000    0.000000   clock source latency
     1    0.009905    0.051014    0.033783    0.033783 ^ i_clk (in)
                      0.051017    0.000000    0.033783 ^ clkbuf_0_i_clk/A (sky130_fd_sc_hd__clkbuf_16)
     2    0.019015    0.041002    0.126492    0.160275 ^ clkbuf_0_i_clk/X (sky130_fd_sc_hd__clkbuf_16)
                      0.041005    0.000647    0.160922 ^ clkbuf_1_1__f_i_clk/A (sky130_fd_sc_hd__clkbuf_16)
     2    0.005998    0.029671    0.110263    0.271185 ^ clkbuf_1_1__f_i_clk/X (sky130_fd_sc_hd__clkbuf_16)
                      0.029671    0.000124    0.271309 ^ _16_/CLK (sky130_fd_sc_hd__dfrtp_1)
     4    0.014340    0.135841    0.383542    0.654851 ^ _16_/Q (sky130_fd_sc_hd__dfrtp_1)
                      0.135841    0.000313    0.655163 ^ output4/A (sky130_fd_sc_hd__buf_2)
     1    0.034629    0.172352    0.231253    0.886416 ^ output4/X (sky130_fd_sc_hd__buf_2)
                      0.172355    0.000936    0.887352 ^ uo_out[1] (out)
                                              0.887352   data arrival time

                                 10.000000   10.000000   clock i_clk (rise edge)
                                  0.000000   10.000000   clock network delay (propagated)
                                 -0.250000    9.750000   clock uncertainty
                                  0.000000    9.750000   clock reconvergence pessimism
                                 -0.020000    9.730000   output external delay
                                              9.730000   data required time
---------------------------------------------------------------------------------------------
                                              9.730000   data required time
                                             -0.887352   data arrival time
---------------------------------------------------------------------------------------------
                                              8.842648   slack (MET)


Startpoint: _19_ (rising edge-triggered flip-flop clocked by i_clk)
Endpoint: _19_ (rising edge-triggered flip-flop clocked by i_clk)
Path Group: i_clk
Path Type: max

Fanout         Cap        Slew       Delay        Time   Description
---------------------------------------------------------------------------------------------
                                  0.000000    0.000000   clock i_clk (rise edge)
                                  0.000000    0.000000   clock source latency
     1    0.009905    0.051014    0.033783    0.033783 ^ i_clk (in)
                      0.051017    0.000000    0.033783 ^ clkbuf_0_i_clk/A (sky130_fd_sc_hd__clkbuf_16)
     2    0.019015    0.041002    0.126492    0.160275 ^ clkbuf_0_i_clk/X (sky130_fd_sc_hd__clkbuf_16)
                      0.041005    0.000647    0.160922 ^ clkbuf_1_1__f_i_clk/A (sky130_fd_sc_hd__clkbuf_16)
     2    0.005998    0.029671    0.110263    0.271185 ^ clkbuf_1_1__f_i_clk/X (sky130_fd_sc_hd__clkbuf_16)
                      0.029671    0.000141    0.271326 ^ _19_/CLK (sky130_fd_sc_hd__dfrtp_1)
     5    0.012576    0.081951    0.396404    0.667730 v _19_/Q (sky130_fd_sc_hd__dfrtp_1)
                      0.081951    0.000323    0.668053 v _14_/A (sky130_fd_sc_hd__or2_1)
     1    0.002254    0.044823    0.229295    0.897348 v _14_/X (sky130_fd_sc_hd__or2_1)
                      0.044823    0.000051    0.897399 v _15_/B (sky130_fd_sc_hd__and2_1)
     1    0.004058    0.040273    0.156440    1.053839 v _15_/X (sky130_fd_sc_hd__and2_1)
                      0.040273    0.000147    1.053986 v _19_/D (sky130_fd_sc_hd__dfrtp_1)
                                              1.053986   data arrival time

                                 10.000000   10.000000   clock i_clk (rise edge)
                                  0.000000   10.000000   clock source latency
     1    0.009905    0.051014    0.033783   10.033783 ^ i_clk (in)
                      0.051017    0.000000   10.033783 ^ clkbuf_0_i_clk/A (sky130_fd_sc_hd__clkbuf_16)
     2    0.019015    0.041002    0.126492   10.160275 ^ clkbuf_0_i_clk/X (sky130_fd_sc_hd__clkbuf_16)
                      0.041005    0.000647   10.160922 ^ clkbuf_1_1__f_i_clk/A (sky130_fd_sc_hd__clkbuf_16)
     2    0.005998    0.029671    0.110263   10.271185 ^ clkbuf_1_1__f_i_clk/X (sky130_fd_sc_hd__clkbuf_16)
                      0.029671    0.000141   10.271326 ^ _19_/CLK (sky130_fd_sc_hd__dfrtp_1)
                                 -0.250000   10.021326   clock uncertainty
                                  0.000000   10.021326   clock reconvergence pessimism
                                 -0.115717    9.905609   library setup time
                                              9.905609   data required time
---------------------------------------------------------------------------------------------
                                              9.905609   data required time
                                             -1.053986   data arrival time
---------------------------------------------------------------------------------------------
                                              8.851624   slack (MET)


Startpoint: _19_ (rising edge-triggered flip-flop clocked by i_clk)
Endpoint: uo_out[0] (output port clocked by i_clk)
Path Group: i_clk
Path Type: max

Fanout         Cap        Slew       Delay        Time   Description
---------------------------------------------------------------------------------------------
                                  0.000000    0.000000   clock i_clk (rise edge)
                                  0.000000    0.000000   clock source latency
     1    0.009905    0.051014    0.033783    0.033783 ^ i_clk (in)
                      0.051017    0.000000    0.033783 ^ clkbuf_0_i_clk/A (sky130_fd_sc_hd__clkbuf_16)
     2    0.019015    0.041002    0.126492    0.160275 ^ clkbuf_0_i_clk/X (sky130_fd_sc_hd__clkbuf_16)
                      0.041005    0.000647    0.160922 ^ clkbuf_1_1__f_i_clk/A (sky130_fd_sc_hd__clkbuf_16)
     2    0.005998    0.029671    0.110263    0.271185 ^ clkbuf_1_1__f_i_clk/X (sky130_fd_sc_hd__clkbuf_16)
                      0.029671    0.000141    0.271326 ^ _19_/CLK (sky130_fd_sc_hd__dfrtp_1)
     5    0.013186    0.126336    0.376634    0.647960 ^ _19_/Q (sky130_fd_sc_hd__dfrtp_1)
                      0.126336    0.000345    0.648306 ^ output3/A (sky130_fd_sc_hd__buf_2)
     1    0.034646    0.172422    0.228737    0.877042 ^ output3/X (sky130_fd_sc_hd__buf_2)
                      0.172425    0.000941    0.877983 ^ uo_out[0] (out)
                                              0.877983   data arrival time

                                 10.000000   10.000000   clock i_clk (rise edge)
                                  0.000000   10.000000   clock network delay (propagated)
                                 -0.250000    9.750000   clock uncertainty
                                  0.000000    9.750000   clock reconvergence pessimism
                                 -0.020000    9.730000   output external delay
                                              9.730000   data required time
---------------------------------------------------------------------------------------------
                                              9.730000   data required time
                                             -0.877983   data arrival time
---------------------------------------------------------------------------------------------
                                              8.852017   slack (MET)


Startpoint: _17_ (rising edge-triggered flip-flop clocked by i_clk)
Endpoint: uo_out[2] (output port clocked by i_clk)
Path Group: i_clk
Path Type: max

Fanout         Cap        Slew       Delay        Time   Description
---------------------------------------------------------------------------------------------
                                  0.000000    0.000000   clock i_clk (rise edge)
                                  0.000000    0.000000   clock source latency
     1    0.009905    0.051014    0.033783    0.033783 ^ i_clk (in)
                      0.051017    0.000000    0.033783 ^ clkbuf_0_i_clk/A (sky130_fd_sc_hd__clkbuf_16)
     2    0.019015    0.041002    0.126492    0.160275 ^ clkbuf_0_i_clk/X (sky130_fd_sc_hd__clkbuf_16)
                      0.041006    0.000693    0.160968 ^ clkbuf_1_0__f_i_clk/A (sky130_fd_sc_hd__clkbuf_16)
     2    0.005843    0.029533    0.110068    0.271036 ^ clkbuf_1_0__f_i_clk/X (sky130_fd_sc_hd__clkbuf_16)
                      0.029534    0.000183    0.271219 ^ _17_/CLK (sky130_fd_sc_hd__dfrtp_1)
     3    0.007830    0.063012    0.375076    0.646295 v _17_/Q (sky130_fd_sc_hd__dfrtp_1)
                      0.063012    0.000278    0.646573 v output5/A (sky130_fd_sc_hd__buf_2)
     1    0.034735    0.090611    0.188715    0.835288 v output5/X (sky130_fd_sc_hd__buf_2)
                      0.090621    0.000976    0.836264 v uo_out[2] (out)
                                              0.836264   data arrival time

                                 10.000000   10.000000   clock i_clk (rise edge)
                                  0.000000   10.000000   clock network delay (propagated)
                                 -0.250000    9.750000   clock uncertainty
                                  0.000000    9.750000   clock reconvergence pessimism
                                 -0.020000    9.730000   output external delay
                                              9.730000   data required time
---------------------------------------------------------------------------------------------
                                              9.730000   data required time
                                             -0.836264   data arrival time
---------------------------------------------------------------------------------------------
                                              8.893736   slack (MET)


Startpoint: i_rst_n (input port clocked by i_clk)
Endpoint: _18_ (recovery check against rising-edge clock i_clk)
Path Group: asynchronous
Path Type: max

Fanout         Cap        Slew       Delay        Time   Description
---------------------------------------------------------------------------------------------
                                  0.000000    0.000000   clock i_clk (rise edge)
                                  0.000000    0.000000   clock network delay (propagated)
                                  0.020000    0.020000 ^ input external delay
     1    0.002863    0.020000    0.010547    0.030547 ^ i_rst_n (in)
                      0.020000    0.000000    0.030547 ^ hold1/A (sky130_fd_sc_hd__dlygate4sd3_1)
     1    0.002918    0.053889    0.527702    0.558249 ^ hold1/X (sky130_fd_sc_hd__dlygate4sd3_1)
                      0.053889    0.000092    0.558341 ^ input2/A (sky130_fd_sc_hd__dlymetal6s2s_1)
     1    0.002929    0.057516    0.100513    0.658854 ^ input2/X (sky130_fd_sc_hd__dlymetal6s2s_1)
                      0.057516    0.000095    0.658949 ^ hold2/A (sky130_fd_sc_hd__dlygate4sd3_1)
     4    0.018718    0.196460    0.653967    1.312917 ^ hold2/X (sky130_fd_sc_hd__dlygate4sd3_1)
                      0.196460    0.000351    1.313267 ^ _18_/RESET_B (sky130_fd_sc_hd__dfrtp_1)
                                              1.313267   data arrival time

                                 10.000000   10.000000   clock i_clk (rise edge)
                                  0.000000   10.000000   clock source latency
     1    0.009905    0.051014    0.033783   10.033783 ^ i_clk (in)
                      0.051017    0.000000   10.033783 ^ clkbuf_0_i_clk/A (sky130_fd_sc_hd__clkbuf_16)
     2    0.019015    0.041002    0.126492   10.160275 ^ clkbuf_0_i_clk/X (sky130_fd_sc_hd__clkbuf_16)
                      0.041006    0.000694   10.160969 ^ clkbuf_1_0__f_i_clk/A (sky130_fd_sc_hd__clkbuf_16)
     2    0.005843    0.029533    0.110068   10.271036 ^ clkbuf_1_0__f_i_clk/X (sky130_fd_sc_hd__clkbuf_16)
                      0.029534    0.000187   10.271223 ^ _18_/CLK (sky130_fd_sc_hd__dfrtp_1)
                                 -0.250000   10.021223   clock uncertainty
                                  0.000000   10.021223   clock reconvergence pessimism
                                  0.186283   10.207506   library recovery time
                                             10.207506   data required time
---------------------------------------------------------------------------------------------
                                             10.207506   data required time
                                             -1.313267   data arrival time
---------------------------------------------------------------------------------------------
                                              8.894239   slack (MET)


Startpoint: i_rst_n (input port clocked by i_clk)
Endpoint: _16_ (recovery check against rising-edge clock i_clk)
Path Group: asynchronous
Path Type: max

Fanout         Cap        Slew       Delay        Time   Description
---------------------------------------------------------------------------------------------
                                  0.000000    0.000000   clock i_clk (rise edge)
                                  0.000000    0.000000   clock network delay (propagated)
                                  0.020000    0.020000 ^ input external delay
     1    0.002863    0.020000    0.010547    0.030547 ^ i_rst_n (in)
                      0.020000    0.000000    0.030547 ^ hold1/A (sky130_fd_sc_hd__dlygate4sd3_1)
     1    0.002918    0.053889    0.527702    0.558249 ^ hold1/X (sky130_fd_sc_hd__dlygate4sd3_1)
                      0.053889    0.000092    0.558341 ^ input2/A (sky130_fd_sc_hd__dlymetal6s2s_1)
     1    0.002929    0.057516    0.100513    0.658854 ^ input2/X (sky130_fd_sc_hd__dlymetal6s2s_1)
                      0.057516    0.000095    0.658949 ^ hold2/A (sky130_fd_sc_hd__dlygate4sd3_1)
     4    0.018718    0.196460    0.653967    1.312917 ^ hold2/X (sky130_fd_sc_hd__dlygate4sd3_1)
                      0.196460    0.000448    1.313365 ^ _16_/RESET_B (sky130_fd_sc_hd__dfrtp_1)
                                              1.313365   data arrival time

                                 10.000000   10.000000   clock i_clk (rise edge)
                                  0.000000   10.000000   clock source latency
     1    0.009905    0.051014    0.033783   10.033783 ^ i_clk (in)
                      0.051017    0.000000   10.033783 ^ clkbuf_0_i_clk/A (sky130_fd_sc_hd__clkbuf_16)
     2    0.019015    0.041002    0.126492   10.160275 ^ clkbuf_0_i_clk/X (sky130_fd_sc_hd__clkbuf_16)
                      0.041005    0.000647   10.160922 ^ clkbuf_1_1__f_i_clk/A (sky130_fd_sc_hd__clkbuf_16)
     2    0.005998    0.029671    0.110263   10.271185 ^ clkbuf_1_1__f_i_clk/X (sky130_fd_sc_hd__clkbuf_16)
                      0.029671    0.000124   10.271310 ^ _16_/CLK (sky130_fd_sc_hd__dfrtp_1)
                                 -0.250000   10.021310   clock uncertainty
                                  0.000000   10.021310   clock reconvergence pessimism
                                  0.186326   10.207636   library recovery time
                                             10.207636   data required time
---------------------------------------------------------------------------------------------
                                             10.207636   data required time
                                             -1.313365   data arrival time
---------------------------------------------------------------------------------------------
                                              8.894271   slack (MET)


Startpoint: i_rst_n (input port clocked by i_clk)
Endpoint: _17_ (recovery check against rising-edge clock i_clk)
Path Group: asynchronous
Path Type: max

Fanout         Cap        Slew       Delay        Time   Description
---------------------------------------------------------------------------------------------
                                  0.000000    0.000000   clock i_clk (rise edge)
                                  0.000000    0.000000   clock network delay (propagated)
                                  0.020000    0.020000 ^ input external delay
     1    0.002863    0.020000    0.010547    0.030547 ^ i_rst_n (in)
                      0.020000    0.000000    0.030547 ^ hold1/A (sky130_fd_sc_hd__dlygate4sd3_1)
     1    0.002918    0.053889    0.527702    0.558249 ^ hold1/X (sky130_fd_sc_hd__dlygate4sd3_1)
                      0.053889    0.000092    0.558341 ^ input2/A (sky130_fd_sc_hd__dlymetal6s2s_1)
     1    0.002929    0.057516    0.100513    0.658854 ^ input2/X (sky130_fd_sc_hd__dlymetal6s2s_1)
                      0.057516    0.000095    0.658949 ^ hold2/A (sky130_fd_sc_hd__dlygate4sd3_1)
     4    0.018718    0.196460    0.653967    1.312917 ^ hold2/X (sky130_fd_sc_hd__dlygate4sd3_1)
                      0.196460    0.000311    1.313228 ^ _17_/RESET_B (sky130_fd_sc_hd__dfrtp_1)
                                              1.313228   data arrival time

                                 10.000000   10.000000   clock i_clk (rise edge)
                                  0.000000   10.000000   clock source latency
     1    0.009905    0.051014    0.033783   10.033783 ^ i_clk (in)
                      0.051017    0.000000   10.033783 ^ clkbuf_0_i_clk/A (sky130_fd_sc_hd__clkbuf_16)
     2    0.019015    0.041002    0.126492   10.160275 ^ clkbuf_0_i_clk/X (sky130_fd_sc_hd__clkbuf_16)
                      0.041006    0.000694   10.160969 ^ clkbuf_1_0__f_i_clk/A (sky130_fd_sc_hd__clkbuf_16)
     2    0.005843    0.029533    0.110068   10.271036 ^ clkbuf_1_0__f_i_clk/X (sky130_fd_sc_hd__clkbuf_16)
                      0.029534    0.000183   10.271219 ^ _17_/CLK (sky130_fd_sc_hd__dfrtp_1)
                                 -0.250000   10.021219   clock uncertainty
                                  0.000000   10.021219   clock reconvergence pessimism
                                  0.186283   10.207501   library recovery time
                                             10.207501   data required time
---------------------------------------------------------------------------------------------
                                             10.207501   data required time
                                             -1.313228   data arrival time
---------------------------------------------------------------------------------------------
                                              8.894274   slack (MET)


Startpoint: i_rst_n (input port clocked by i_clk)
Endpoint: _19_ (recovery check against rising-edge clock i_clk)
Path Group: asynchronous
Path Type: max

Fanout         Cap        Slew       Delay        Time   Description
---------------------------------------------------------------------------------------------
                                  0.000000    0.000000   clock i_clk (rise edge)
                                  0.000000    0.000000   clock network delay (propagated)
                                  0.020000    0.020000 ^ input external delay
     1    0.002863    0.020000    0.010547    0.030547 ^ i_rst_n (in)
                      0.020000    0.000000    0.030547 ^ hold1/A (sky130_fd_sc_hd__dlygate4sd3_1)
     1    0.002918    0.053889    0.527702    0.558249 ^ hold1/X (sky130_fd_sc_hd__dlygate4sd3_1)
                      0.053889    0.000092    0.558341 ^ input2/A (sky130_fd_sc_hd__dlymetal6s2s_1)
     1    0.002929    0.057516    0.100513    0.658854 ^ input2/X (sky130_fd_sc_hd__dlymetal6s2s_1)
                      0.057516    0.000095    0.658949 ^ hold2/A (sky130_fd_sc_hd__dlygate4sd3_1)
     4    0.018718    0.196460    0.653967    1.312917 ^ hold2/X (sky130_fd_sc_hd__dlygate4sd3_1)
                      0.196460    0.000448    1.313364 ^ _19_/RESET_B (sky130_fd_sc_hd__dfrtp_1)
                                              1.313364   data arrival time

                                 10.000000   10.000000   clock i_clk (rise edge)
                                  0.000000   10.000000   clock source latency
     1    0.009905    0.051014    0.033783   10.033783 ^ i_clk (in)
                      0.051017    0.000000   10.033783 ^ clkbuf_0_i_clk/A (sky130_fd_sc_hd__clkbuf_16)
     2    0.019015    0.041002    0.126492   10.160275 ^ clkbuf_0_i_clk/X (sky130_fd_sc_hd__clkbuf_16)
                      0.041005    0.000647   10.160922 ^ clkbuf_1_1__f_i_clk/A (sky130_fd_sc_hd__clkbuf_16)
     2    0.005998    0.029671    0.110263   10.271185 ^ clkbuf_1_1__f_i_clk/X (sky130_fd_sc_hd__clkbuf_16)
                      0.029671    0.000141   10.271326 ^ _19_/CLK (sky130_fd_sc_hd__dfrtp_1)
                                 -0.250000   10.021326   clock uncertainty
                                  0.000000   10.021326   clock reconvergence pessimism
                                  0.186326   10.207653   library recovery time
                                             10.207653   data required time
---------------------------------------------------------------------------------------------
                                             10.207653   data required time
                                             -1.313364   data arrival time
---------------------------------------------------------------------------------------------
                                              8.894288   slack (MET)


Startpoint: _18_ (rising edge-triggered flip-flop clocked by i_clk)
Endpoint: uo_out[3] (output port clocked by i_clk)
Path Group: i_clk
Path Type: max

Fanout         Cap        Slew       Delay        Time   Description
---------------------------------------------------------------------------------------------
                                  0.000000    0.000000   clock i_clk (rise edge)
                                  0.000000    0.000000   clock source latency
     1    0.009905    0.051014    0.033783    0.033783 ^ i_clk (in)
                      0.051017    0.000000    0.033783 ^ clkbuf_0_i_clk/A (sky130_fd_sc_hd__clkbuf_16)
     2    0.019015    0.041002    0.126492    0.160275 ^ clkbuf_0_i_clk/X (sky130_fd_sc_hd__clkbuf_16)
                      0.041006    0.000693    0.160968 ^ clkbuf_1_0__f_i_clk/A (sky130_fd_sc_hd__clkbuf_16)
     2    0.005843    0.029533    0.110068    0.271036 ^ clkbuf_1_0__f_i_clk/X (sky130_fd_sc_hd__clkbuf_16)
                      0.029534    0.000187    0.271223 ^ _18_/CLK (sky130_fd_sc_hd__dfrtp_1)
     2    0.005732    0.052589    0.363850    0.635073 v _18_/Q (sky130_fd_sc_hd__dfrtp_1)
                      0.052589    0.000147    0.635220 v output6/A (sky130_fd_sc_hd__buf_2)
     1    0.034815    0.090785    0.184112    0.819332 v output6/X (sky130_fd_sc_hd__buf_2)
                      0.090797    0.001005    0.820337 v uo_out[3] (out)
                                              0.820337   data arrival time

                                 10.000000   10.000000   clock i_clk (rise edge)
                                  0.000000   10.000000   clock network delay (propagated)
                                 -0.250000    9.750000   clock uncertainty
                                  0.000000    9.750000   clock reconvergence pessimism
                                 -0.020000    9.730000   output external delay
                                              9.730000   data required time
---------------------------------------------------------------------------------------------
                                              9.730000   data required time
                                             -0.820337   data arrival time
---------------------------------------------------------------------------------------------
                                              8.909663   slack (MET)



