
===========================================================================
report_checks -path_delay min (Hold)
============================================================================
======================= nom_tt_025C_1v80 Corner ===================================

Startpoint: _17_ (rising edge-triggered flip-flop clocked by i_clk)
Endpoint: _17_ (rising edge-triggered flip-flop clocked by i_clk)
Path Group: i_clk
Path Type: min

Fanout         Cap        Slew       Delay        Time   Description
---------------------------------------------------------------------------------------------
                                  0.000000    0.000000   clock i_clk (rise edge)
                                  0.000000    0.000000   clock source latency
     1    0.009905    0.051014    0.033783    0.033783 ^ i_clk (in)
                      0.051017    0.000000    0.033783 ^ clkbuf_0_i_clk/A (sky130_fd_sc_hd__clkbuf_16)
     2    0.019015    0.041002    0.126492    0.160275 ^ clkbuf_0_i_clk/X (sky130_fd_sc_hd__clkbuf_16)
                      0.041006    0.000693    0.160968 ^ clkbuf_1_0__f_i_clk/A (sky130_fd_sc_hd__clkbuf_16)
     2    0.005843    0.029533    0.110068    0.271036 ^ clkbuf_1_0__f_i_clk/X (sky130_fd_sc_hd__clkbuf_16)
                      0.029534    0.000183    0.271219 ^ _17_/CLK (sky130_fd_sc_hd__dfrtp_1)
     3    0.008391    0.088436    0.346857    0.618076 ^ _17_/Q (sky130_fd_sc_hd__dfrtp_1)
                      0.088436    0.000248    0.618325 ^ _11_/B1 (sky130_fd_sc_hd__a31o_1)
     1    0.003081    0.043110    0.102559    0.720883 ^ _11_/X (sky130_fd_sc_hd__a31o_1)
                      0.043110    0.000102    0.720986 ^ _12_/B (sky130_fd_sc_hd__and2b_1)
     1    0.002997    0.042861    0.113597    0.834582 ^ _12_/X (sky130_fd_sc_hd__and2b_1)
                      0.042861    0.000072    0.834654 ^ _17_/D (sky130_fd_sc_hd__dfrtp_1)
                                              0.834654   data arrival time

                                  0.000000    0.000000   clock i_clk (rise edge)
                                  0.000000    0.000000   clock source latency
     1    0.009905    0.051014    0.033783    0.033783 ^ i_clk (in)
                      0.051017    0.000000    0.033783 ^ clkbuf_0_i_clk/A (sky130_fd_sc_hd__clkbuf_16)
     2    0.019015    0.041002    0.126492    0.160275 ^ clkbuf_0_i_clk/X (sky130_fd_sc_hd__clkbuf_16)
                      0.041006    0.000693    0.160968 ^ clkbuf_1_0__f_i_clk/A (sky130_fd_sc_hd__clkbuf_16)
     2    0.005843    0.029533    0.110068    0.271036 ^ clkbuf_1_0__f_i_clk/X (sky130_fd_sc_hd__clkbuf_16)
                      0.029534    0.000183    0.271219 ^ _17_/CLK (sky130_fd_sc_hd__dfrtp_1)
                                  0.250000    0.521219   clock uncertainty
                                  0.000000    0.521219   clock reconvergence pessimism
                                 -0.036429    0.484790   library hold time
                                              0.484790   data required time
---------------------------------------------------------------------------------------------
                                              0.484790   data required time
                                             -0.834654   data arrival time
---------------------------------------------------------------------------------------------
                                              0.349864   slack (MET)


Startpoint: _19_ (rising edge-triggered flip-flop clocked by i_clk)
Endpoint: _19_ (rising edge-triggered flip-flop clocked by i_clk)
Path Group: i_clk
Path Type: min

Fanout         Cap        Slew       Delay        Time   Description
---------------------------------------------------------------------------------------------
                                  0.000000    0.000000   clock i_clk (rise edge)
                                  0.000000    0.000000   clock source latency
     1    0.009905    0.051014    0.033783    0.033783 ^ i_clk (in)
                      0.051017    0.000000    0.033783 ^ clkbuf_0_i_clk/A (sky130_fd_sc_hd__clkbuf_16)
     2    0.019015    0.041002    0.126492    0.160275 ^ clkbuf_0_i_clk/X (sky130_fd_sc_hd__clkbuf_16)
                      0.041005    0.000647    0.160922 ^ clkbuf_1_1__f_i_clk/A (sky130_fd_sc_hd__clkbuf_16)
     2    0.005998    0.029671    0.110263    0.271185 ^ clkbuf_1_1__f_i_clk/X (sky130_fd_sc_hd__clkbuf_16)
                      0.029671    0.000141    0.271326 ^ _19_/CLK (sky130_fd_sc_hd__dfrtp_1)
     5    0.013186    0.126336    0.376634    0.647960 ^ _19_/Q (sky130_fd_sc_hd__dfrtp_1)
                      0.126336    0.000342    0.648302 ^ _14_/A (sky130_fd_sc_hd__or2_1)
     1    0.002383    0.037118    0.114354    0.762656 ^ _14_/X (sky130_fd_sc_hd__or2_1)
                      0.037118    0.000055    0.762711 ^ _15_/B (sky130_fd_sc_hd__and2_1)
     1    0.004115    0.057057    0.121740    0.884451 ^ _15_/X (sky130_fd_sc_hd__and2_1)
                      0.057057    0.000150    0.884600 ^ _19_/D (sky130_fd_sc_hd__dfrtp_1)
                                              0.884600   data arrival time

                                  0.000000    0.000000   clock i_clk (rise edge)
                                  0.000000    0.000000   clock source latency
     1    0.009905    0.051014    0.033783    0.033783 ^ i_clk (in)
                      0.051017    0.000000    0.033783 ^ clkbuf_0_i_clk/A (sky130_fd_sc_hd__clkbuf_16)
     2    0.019015    0.041002    0.126492    0.160275 ^ clkbuf_0_i_clk/X (sky130_fd_sc_hd__clkbuf_16)
                      0.041005    0.000647    0.160922 ^ clkbuf_1_1__f_i_clk/A (sky130_fd_sc_hd__clkbuf_16)
     2    0.005998    0.029671    0.110263    0.271185 ^ clkbuf_1_1__f_i_clk/X (sky130_fd_sc_hd__clkbuf_16)
                      0.029671    0.000141    0.271326 ^ _19_/CLK (sky130_fd_sc_hd__dfrtp_1)
                                  0.250000    0.521326   clock uncertainty
                                  0.000000    0.521326   clock reconvergence pessimism
                                 -0.039391    0.481936   library hold time
                                              0.481936   data required time
---------------------------------------------------------------------------------------------
                                              0.481936   data required time
                                             -0.884600   data arrival time
---------------------------------------------------------------------------------------------
                                              0.402665   slack (MET)


Startpoint: i_rst_n (input port clocked by i_clk)
Endpoint: _19_ (removal check against rising-edge clock i_clk)
Path Group: asynchronous
Path Type: min

Fanout         Cap        Slew       Delay        Time   Description
---------------------------------------------------------------------------------------------
                                  0.000000    0.000000   clock i_clk (rise edge)
                                  0.000000    0.000000   clock network delay (propagated)
                                  0.020000    0.020000 ^ input external delay
     1    0.002863    0.020000    0.010547    0.030547 ^ i_rst_n (in)
                      0.020000    0.000000    0.030547 ^ hold1/A (sky130_fd_sc_hd__dlygate4sd3_1)
     1    0.002918    0.053889    0.527702    0.558249 ^ hold1/X (sky130_fd_sc_hd__dlygate4sd3_1)
                      0.053889    0.000092    0.558341 ^ input2/A (sky130_fd_sc_hd__dlymetal6s2s_1)
     1    0.002929    0.057516    0.100513    0.658854 ^ input2/X (sky130_fd_sc_hd__dlymetal6s2s_1)
                      0.057516    0.000095    0.658949 ^ hold2/A (sky130_fd_sc_hd__dlygate4sd3_1)
     4    0.018718    0.196460    0.653967    1.312917 ^ hold2/X (sky130_fd_sc_hd__dlygate4sd3_1)
                      0.196460    0.000448    1.313364 ^ _19_/RESET_B (sky130_fd_sc_hd__dfrtp_1)
                                              1.313364   data arrival time

                                  0.000000    0.000000   clock i_clk (rise edge)
                                  0.000000    0.000000   clock source latency
     1    0.009905    0.051014    0.033783    0.033783 ^ i_clk (in)
                      0.051017    0.000000    0.033783 ^ clkbuf_0_i_clk/A (sky130_fd_sc_hd__clkbuf_16)
     2    0.019015    0.041002    0.126492    0.160275 ^ clkbuf_0_i_clk/X (sky130_fd_sc_hd__clkbuf_16)
                      0.041005    0.000647    0.160922 ^ clkbuf_1_1__f_i_clk/A (sky130_fd_sc_hd__clkbuf_16)
     2    0.005998    0.029671    0.110263    0.271185 ^ clkbuf_1_1__f_i_clk/X (sky130_fd_sc_hd__clkbuf_16)
                      0.029671    0.000141    0.271326 ^ _19_/CLK (sky130_fd_sc_hd__dfrtp_1)
                                  0.250000    0.521326   clock uncertainty
                                  0.000000    0.521326   clock reconvergence pessimism
                                  0.357752    0.879078   library removal time
                                              0.879078   data required time
---------------------------------------------------------------------------------------------
                                              0.879078   data required time
                                             -1.313364   data arrival time
---------------------------------------------------------------------------------------------
                                              0.434287   slack (MET)


Startpoint: i_rst_n (input port clocked by i_clk)
Endpoint: _17_ (removal check against rising-edge clock i_clk)
Path Group: asynchronous
Path Type: min

Fanout         Cap        Slew       Delay        Time   Description
---------------------------------------------------------------------------------------------
                                  0.000000    0.000000   clock i_clk (rise edge)
                                  0.000000    0.000000   clock network delay (propagated)
                                  0.020000    0.020000 ^ input external delay
     1    0.002863    0.020000    0.010547    0.030547 ^ i_rst_n (in)
                      0.020000    0.000000    0.030547 ^ hold1/A (sky130_fd_sc_hd__dlygate4sd3_1)
     1    0.002918    0.053889    0.527702    0.558249 ^ hold1/X (sky130_fd_sc_hd__dlygate4sd3_1)
                      0.053889    0.000092    0.558341 ^ input2/A (sky130_fd_sc_hd__dlymetal6s2s_1)
     1    0.002929    0.057516    0.100513    0.658854 ^ input2/X (sky130_fd_sc_hd__dlymetal6s2s_1)
                      0.057516    0.000095    0.658949 ^ hold2/A (sky130_fd_sc_hd__dlygate4sd3_1)
     4    0.018718    0.196460    0.653967    1.312917 ^ hold2/X (sky130_fd_sc_hd__dlygate4sd3_1)
                      0.196460    0.000311    1.313228 ^ _17_/RESET_B (sky130_fd_sc_hd__dfrtp_1)
                                              1.313228   data arrival time

                                  0.000000    0.000000   clock i_clk (rise edge)
                                  0.000000    0.000000   clock source latency
     1    0.009905    0.051014    0.033783    0.033783 ^ i_clk (in)
                      0.051017    0.000000    0.033783 ^ clkbuf_0_i_clk/A (sky130_fd_sc_hd__clkbuf_16)
     2    0.019015    0.041002    0.126492    0.160275 ^ clkbuf_0_i_clk/X (sky130_fd_sc_hd__clkbuf_16)
                      0.041006    0.000693    0.160968 ^ clkbuf_1_0__f_i_clk/A (sky130_fd_sc_hd__clkbuf_16)
     2    0.005843    0.029533    0.110068    0.271036 ^ clkbuf_1_0__f_i_clk/X (sky130_fd_sc_hd__clkbuf_16)
                      0.029534    0.000183    0.271219 ^ _17_/CLK (sky130_fd_sc_hd__dfrtp_1)
                                  0.250000    0.521219   clock uncertainty
                                  0.000000    0.521219   clock reconvergence pessimism
                                  0.357714    0.878933   library removal time
                                              0.878933   data required time
---------------------------------------------------------------------------------------------
                                              0.878933   data required time
                                             -1.313228   data arrival time
---------------------------------------------------------------------------------------------
                                              0.434295   slack (MET)


Startpoint: i_rst_n (input port clocked by i_clk)
Endpoint: _16_ (removal check against rising-edge clock i_clk)
Path Group: asynchronous
Path Type: min

Fanout         Cap        Slew       Delay        Time   Description
---------------------------------------------------------------------------------------------
                                  0.000000    0.000000   clock i_clk (rise edge)
                                  0.000000    0.000000   clock network delay (propagated)
                                  0.020000    0.020000 ^ input external delay
     1    0.002863    0.020000    0.010547    0.030547 ^ i_rst_n (in)
                      0.020000    0.000000    0.030547 ^ hold1/A (sky130_fd_sc_hd__dlygate4sd3_1)
     1    0.002918    0.053889    0.527702    0.558249 ^ hold1/X (sky130_fd_sc_hd__dlygate4sd3_1)
                      0.053889    0.000092    0.558341 ^ input2/A (sky130_fd_sc_hd__dlymetal6s2s_1)
     1    0.002929    0.057516    0.100513    0.658854 ^ input2/X (sky130_fd_sc_hd__dlymetal6s2s_1)
                      0.057516    0.000095    0.658949 ^ hold2/A (sky130_fd_sc_hd__dlygate4sd3_1)
     4    0.018718    0.196460    0.653967    1.312917 ^ hold2/X (sky130_fd_sc_hd__dlygate4sd3_1)
                      0.196460    0.000448    1.313365 ^ _16_/RESET_B (sky130_fd_sc_hd__dfrtp_1)
                                              1.313365   data arrival time

                                  0.000000    0.000000   clock i_clk (rise edge)
                                  0.000000    0.000000   clock source latency
     1    0.009905    0.051014    0.033783    0.033783 ^ i_clk (in)
                      0.051017    0.000000    0.033783 ^ clkbuf_0_i_clk/A (sky130_fd_sc_hd__clkbuf_16)
     2    0.019015    0.041002    0.126492    0.160275 ^ clkbuf_0_i_clk/X (sky130_fd_sc_hd__clkbuf_16)
                      0.041005    0.000647    0.160922 ^ clkbuf_1_1__f_i_clk/A (sky130_fd_sc_hd__clkbuf_16)
     2    0.005998    0.029671    0.110263    0.271185 ^ clkbuf_1_1__f_i_clk/X (sky130_fd_sc_hd__clkbuf_16)
                      0.029671    0.000124    0.271309 ^ _16_/CLK (sky130_fd_sc_hd__dfrtp_1)
                                  0.250000    0.521309   clock uncertainty
                                  0.000000    0.521309   clock reconvergence pessimism
                                  0.357752    0.879061   library removal time
                                              0.879061   data required time
---------------------------------------------------------------------------------------------
                                              0.879061   data required time
                                             -1.313365   data arrival time
---------------------------------------------------------------------------------------------
                                              0.434304   slack (MET)


Startpoint: i_rst_n (input port clocked by i_clk)
Endpoint: _18_ (removal check against rising-edge clock i_clk)
Path Group: asynchronous
Path Type: min

Fanout         Cap        Slew       Delay        Time   Description
---------------------------------------------------------------------------------------------
                                  0.000000    0.000000   clock i_clk (rise edge)
                                  0.000000    0.000000   clock network delay (propagated)
                                  0.020000    0.020000 ^ input external delay
     1    0.002863    0.020000    0.010547    0.030547 ^ i_rst_n (in)
                      0.020000    0.000000    0.030547 ^ hold1/A (sky130_fd_sc_hd__dlygate4sd3_1)
     1    0.002918    0.053889    0.527702    0.558249 ^ hold1/X (sky130_fd_sc_hd__dlygate4sd3_1)
                      0.053889    0.000092    0.558341 ^ input2/A (sky130_fd_sc_hd__dlymetal6s2s_1)
     1    0.002929    0.057516    0.100513    0.658854 ^ input2/X (sky130_fd_sc_hd__dlymetal6s2s_1)
                      0.057516    0.000095    0.658949 ^ hold2/A (sky130_fd_sc_hd__dlygate4sd3_1)
     4    0.018718    0.196460    0.653967    1.312917 ^ hold2/X (sky130_fd_sc_hd__dlygate4sd3_1)
                      0.196460    0.000351    1.313267 ^ _18_/RESET_B (sky130_fd_sc_hd__dfrtp_1)
                                              1.313267   data arrival time

                                  0.000000    0.000000   clock i_clk (rise edge)
                                  0.000000    0.000000   clock source latency
     1    0.009905    0.051014    0.033783    0.033783 ^ i_clk (in)
                      0.051017    0.000000    0.033783 ^ clkbuf_0_i_clk/A (sky130_fd_sc_hd__clkbuf_16)
     2    0.019015    0.041002    0.126492    0.160275 ^ clkbuf_0_i_clk/X (sky130_fd_sc_hd__clkbuf_16)
                      0.041006    0.000693    0.160968 ^ clkbuf_1_0__f_i_clk/A (sky130_fd_sc_hd__clkbuf_16)
     2    0.005843    0.029533    0.110068    0.271036 ^ clkbuf_1_0__f_i_clk/X (sky130_fd_sc_hd__clkbuf_16)
                      0.029534    0.000187    0.271223 ^ _18_/CLK (sky130_fd_sc_hd__dfrtp_1)
                                  0.250000    0.521223   clock uncertainty
                                  0.000000    0.521223   clock reconvergence pessimism
                                  0.357714    0.878937   library removal time
                                              0.878937   data required time
---------------------------------------------------------------------------------------------
                                              0.878937   data required time
                                             -1.313267   data arrival time
---------------------------------------------------------------------------------------------
                                              0.434330   slack (MET)


Startpoint: _17_ (rising edge-triggered flip-flop clocked by i_clk)
Endpoint: _18_ (rising edge-triggered flip-flop clocked by i_clk)
Path Group: i_clk
Path Type: min

Fanout         Cap        Slew       Delay        Time   Description
---------------------------------------------------------------------------------------------
                                  0.000000    0.000000   clock i_clk (rise edge)
                                  0.000000    0.000000   clock source latency
     1    0.009905    0.051014    0.033783    0.033783 ^ i_clk (in)
                      0.051017    0.000000    0.033783 ^ clkbuf_0_i_clk/A (sky130_fd_sc_hd__clkbuf_16)
     2    0.019015    0.041002    0.126492    0.160275 ^ clkbuf_0_i_clk/X (sky130_fd_sc_hd__clkbuf_16)
                      0.041006    0.000693    0.160968 ^ clkbuf_1_0__f_i_clk/A (sky130_fd_sc_hd__clkbuf_16)
     2    0.005843    0.029533    0.110068    0.271036 ^ clkbuf_1_0__f_i_clk/X (sky130_fd_sc_hd__clkbuf_16)
                      0.029534    0.000183    0.271219 ^ _17_/CLK (sky130_fd_sc_hd__dfrtp_1)
     3    0.008391    0.088436    0.346857    0.618076 ^ _17_/Q (sky130_fd_sc_hd__dfrtp_1)
                      0.088436    0.000272    0.618348 ^ _10_/C (sky130_fd_sc_hd__and4_1)
     2    0.008217    0.100183    0.230319    0.848667 ^ _10_/X (sky130_fd_sc_hd__and4_1)
                      0.100183    0.000307    0.848974 ^ _13_/B (sky130_fd_sc_hd__xor2_1)
     1    0.002431    0.034729    0.069690    0.918664 v _13_/X (sky130_fd_sc_hd__xor2_1)
                      0.034729    0.000052    0.918717 v _18_/D (sky130_fd_sc_hd__dfrtp_1)
                                              0.918717   data arrival time

                                  0.000000    0.000000   clock i_clk (rise edge)
                                  0.000000    0.000000   clock source latency
     1    0.009905    0.051014    0.033783    0.033783 ^ i_clk (in)
                      0.051017    0.000000    0.033783 ^ clkbuf_0_i_clk/A (sky130_fd_sc_hd__clkbuf_16)
     2    0.019015    0.041002    0.126492    0.160275 ^ clkbuf_0_i_clk/X (sky130_fd_sc_hd__clkbuf_16)
                      0.041006    0.000693    0.160968 ^ clkbuf_1_0__f_i_clk/A (sky130_fd_sc_hd__clkbuf_16)
     2    0.005843    0.029533    0.110068    0.271036 ^ clkbuf_1_0__f_i_clk/X (sky130_fd_sc_hd__clkbuf_16)
                      0.029534    0.000187    0.271223 ^ _18_/CLK (sky130_fd_sc_hd__dfrtp_1)
                                  0.250000    0.521223   clock uncertainty
                                  0.000000    0.521223   clock reconvergence pessimism
                                 -0.045121    0.476102   library hold time
                                              0.476102   data required time
---------------------------------------------------------------------------------------------
                                              0.476102   data required time
                                             -0.918717   data arrival time
---------------------------------------------------------------------------------------------
                                              0.442615   slack (MET)


Startpoint: _18_ (rising edge-triggered flip-flop clocked by i_clk)
Endpoint: uo_out[3] (output port clocked by i_clk)
Path Group: i_clk
Path Type: min

Fanout         Cap        Slew       Delay        Time   Description
---------------------------------------------------------------------------------------------
                                  0.000000    0.000000   clock i_clk (rise edge)
                                  0.000000    0.000000   clock source latency
     1    0.009905    0.051014    0.033783    0.033783 ^ i_clk (in)
                      0.051017    0.000000    0.033783 ^ clkbuf_0_i_clk/A (sky130_fd_sc_hd__clkbuf_16)
     2    0.019015    0.041002    0.126492    0.160275 ^ clkbuf_0_i_clk/X (sky130_fd_sc_hd__clkbuf_16)
                      0.041006    0.000693    0.160968 ^ clkbuf_1_0__f_i_clk/A (sky130_fd_sc_hd__clkbuf_16)
     2    0.005843    0.029533    0.110068    0.271036 ^ clkbuf_1_0__f_i_clk/X (sky130_fd_sc_hd__clkbuf_16)
                      0.029534    0.000187    0.271223 ^ _18_/CLK (sky130_fd_sc_hd__dfrtp_1)
     2    0.006057    0.069952    0.331203    0.602426 ^ _18_/Q (sky130_fd_sc_hd__dfrtp_1)
                      0.069952    0.000157    0.602583 ^ output6/A (sky130_fd_sc_hd__buf_2)
     1    0.034815    0.172910    0.208852    0.811435 ^ output6/X (sky130_fd_sc_hd__buf_2)
                      0.172913    0.001006    0.812441 ^ uo_out[3] (out)
                                              0.812441   data arrival time

                                  0.000000    0.000000   clock i_clk (rise edge)
                                  0.000000    0.000000   clock network delay (propagated)
                                  0.250000    0.250000   clock uncertainty
                                  0.000000    0.250000   clock reconvergence pessimism
                                 -0.020000    0.230000   output external delay
                                              0.230000   data required time
---------------------------------------------------------------------------------------------
                                              0.230000   data required time
                                             -0.812441   data arrival time
---------------------------------------------------------------------------------------------
                                              0.582441   slack (MET)


Startpoint: _17_ (rising edge-triggered flip-flop clocked by i_clk)
Endpoint: uo_out[2] (output port clocked by i_clk)
Path Group: i_clk
Path Type: min

Fanout         Cap        Slew       Delay        Time   Description
---------------------------------------------------------------------------------------------
                                  0.000000    0.000000   clock i_clk (rise edge)
                                  0.000000    0.000000   clock source latency
     1    0.009905    0.051014    0.033783    0.033783 ^ i_clk (in)
                      0.051017    0.000000    0.033783 ^ clkbuf_0_i_clk/A (sky130_fd_sc_hd__clkbuf_16)
     2    0.019015    0.041002    0.126492    0.160275 ^ clkbuf_0_i_clk/X (sky130_fd_sc_hd__clkbuf_16)
                      0.041006    0.000693    0.160968 ^ clkbuf_1_0__f_i_clk/A (sky130_fd_sc_hd__clkbuf_16)
     2    0.005843    0.029533    0.110068    0.271036 ^ clkbuf_1_0__f_i_clk/X (sky130_fd_sc_hd__clkbuf_16)
                      0.029534    0.000183    0.271219 ^ _17_/CLK (sky130_fd_sc_hd__dfrtp_1)
     3    0.008391    0.088436    0.346857    0.618076 ^ _17_/Q (sky130_fd_sc_hd__dfrtp_1)
                      0.088436    0.000299    0.618375 ^ output5/A (sky130_fd_sc_hd__buf_2)
     1    0.034735    0.172643    0.215420    0.833795 ^ output5/X (sky130_fd_sc_hd__buf_2)
                      0.172646    0.000977    0.834772 ^ uo_out[2] (out)
                                              0.834772   data arrival time

                                  0.000000    0.000000   clock i_clk (rise edge)
                                  0.000000    0.000000   clock network delay (propagated)
                                  0.250000    0.250000   clock uncertainty
                                  0.000000    0.250000   clock reconvergence pessimism
                                 -0.020000    0.230000   output external delay
                                              0.230000   data required time
---------------------------------------------------------------------------------------------
                                              0.230000   data required time
                                             -0.834772   data arrival time
---------------------------------------------------------------------------------------------
                                              0.604772   slack (MET)


Startpoint: _19_ (rising edge-triggered flip-flop clocked by i_clk)
Endpoint: uo_out[0] (output port clocked by i_clk)
Path Group: i_clk
Path Type: min

Fanout         Cap        Slew       Delay        Time   Description
---------------------------------------------------------------------------------------------
                                  0.000000    0.000000   clock i_clk (rise edge)
                                  0.000000    0.000000   clock source latency
     1    0.009905    0.051014    0.033783    0.033783 ^ i_clk (in)
                      0.051017    0.000000    0.033783 ^ clkbuf_0_i_clk/A (sky130_fd_sc_hd__clkbuf_16)
     2    0.019015    0.041002    0.126492    0.160275 ^ clkbuf_0_i_clk/X (sky130_fd_sc_hd__clkbuf_16)
                      0.041005    0.000647    0.160922 ^ clkbuf_1_1__f_i_clk/A (sky130_fd_sc_hd__clkbuf_16)
     2    0.005998    0.029671    0.110263    0.271185 ^ clkbuf_1_1__f_i_clk/X (sky130_fd_sc_hd__clkbuf_16)
                      0.029671    0.000141    0.271326 ^ _19_/CLK (sky130_fd_sc_hd__dfrtp_1)
     5    0.012576    0.081951    0.396404    0.667730 v _19_/Q (sky130_fd_sc_hd__dfrtp_1)
                      0.081951    0.000327    0.668057 v output3/A (sky130_fd_sc_hd__buf_2)
     1    0.034646    0.090425    0.197193    0.865250 v output3/X (sky130_fd_sc_hd__buf_2)
                      0.090435    0.000940    0.866190 v uo_out[0] (out)
                                              0.866190   data arrival time

                                  0.000000    0.000000   clock i_clk (rise edge)
                                  0.000000    0.000000   clock network delay (propagated)
                                  0.250000    0.250000   clock uncertainty
                                  0.000000    0.250000   clock reconvergence pessimism
                                 -0.020000    0.230000   output external delay
                                              0.230000   data required time
---------------------------------------------------------------------------------------------
                                              0.230000   data required time
                                             -0.866190   data arrival time
---------------------------------------------------------------------------------------------
                                              0.636190   slack (MET)


Startpoint: _16_ (rising edge-triggered flip-flop clocked by i_clk)
Endpoint: uo_out[1] (output port clocked by i_clk)
Path Group: i_clk
Path Type: min

Fanout         Cap        Slew       Delay        Time   Description
---------------------------------------------------------------------------------------------
                                  0.000000    0.000000   clock i_clk (rise edge)
                                  0.000000    0.000000   clock source latency
     1    0.009905    0.051014    0.033783    0.033783 ^ i_clk (in)
                      0.051017    0.000000    0.033783 ^ clkbuf_0_i_clk/A (sky130_fd_sc_hd__clkbuf_16)
     2    0.019015    0.041002    0.126492    0.160275 ^ clkbuf_0_i_clk/X (sky130_fd_sc_hd__clkbuf_16)
                      0.041005    0.000647    0.160922 ^ clkbuf_1_1__f_i_clk/A (sky130_fd_sc_hd__clkbuf_16)
     2    0.005998    0.029671    0.110263    0.271185 ^ clkbuf_1_1__f_i_clk/X (sky130_fd_sc_hd__clkbuf_16)
                      0.029671    0.000124    0.271309 ^ _16_/CLK (sky130_fd_sc_hd__dfrtp_1)
     4    0.013601    0.086470    0.400466    0.671775 v _16_/Q (sky130_fd_sc_hd__dfrtp_1)
                      0.086470    0.000296    0.672070 v output4/A (sky130_fd_sc_hd__buf_2)
     1    0.034629    0.090391    0.199220    0.871290 v output4/X (sky130_fd_sc_hd__buf_2)
                      0.090401    0.000935    0.872226 v uo_out[1] (out)
                                              0.872226   data arrival time

                                  0.000000    0.000000   clock i_clk (rise edge)
                                  0.000000    0.000000   clock network delay (propagated)
                                  0.250000    0.250000   clock uncertainty
                                  0.000000    0.250000   clock reconvergence pessimism
                                 -0.020000    0.230000   output external delay
                                              0.230000   data required time
---------------------------------------------------------------------------------------------
                                              0.230000   data required time
                                             -0.872226   data arrival time
---------------------------------------------------------------------------------------------
                                              0.642226   slack (MET)


Startpoint: _16_ (rising edge-triggered flip-flop clocked by i_clk)
Endpoint: _16_ (rising edge-triggered flip-flop clocked by i_clk)
Path Group: i_clk
Path Type: min

Fanout         Cap        Slew       Delay        Time   Description
---------------------------------------------------------------------------------------------
                                  0.000000    0.000000   clock i_clk (rise edge)
                                  0.000000    0.000000   clock source latency
     1    0.009905    0.051014    0.033783    0.033783 ^ i_clk (in)
                      0.051017    0.000000    0.033783 ^ clkbuf_0_i_clk/A (sky130_fd_sc_hd__clkbuf_16)
     2    0.019015    0.041002    0.126492    0.160275 ^ clkbuf_0_i_clk/X (sky130_fd_sc_hd__clkbuf_16)
                      0.041005    0.000647    0.160922 ^ clkbuf_1_1__f_i_clk/A (sky130_fd_sc_hd__clkbuf_16)
     2    0.005998    0.029671    0.110263    0.271185 ^ clkbuf_1_1__f_i_clk/X (sky130_fd_sc_hd__clkbuf_16)
                      0.029671    0.000124    0.271309 ^ _16_/CLK (sky130_fd_sc_hd__dfrtp_1)
     4    0.014340    0.135841    0.383542    0.654851 ^ _16_/Q (sky130_fd_sc_hd__dfrtp_1)
                      0.135841    0.000427    0.655278 ^ _09_/A (sky130_fd_sc_hd__xnor2_1)
     1    0.002064    0.031387    0.081852    0.737130 v _09_/Y (sky130_fd_sc_hd__xnor2_1)
                      0.031387    0.000043    0.737173 v hold4/A (sky130_fd_sc_hd__dlygate4sd3_1)
     1    0.002715    0.052613    0.542097    1.279270 v hold4/X (sky130_fd_sc_hd__dlygate4sd3_1)
                      0.052613    0.000064    1.279334 v _16_/D (sky130_fd_sc_hd__dfrtp_1)
                                              1.279334   data arrival time

                                  0.000000    0.000000   clock i_clk (rise edge)
                                  0.000000    0.000000   clock source latency
     1    0.009905    0.051014    0.033783    0.033783 ^ i_clk (in)
                      0.051017    0.000000    0.033783 ^ clkbuf_0_i_clk/A (sky130_fd_sc_hd__clkbuf_16)
     2    0.019015    0.041002    0.126492    0.160275 ^ clkbuf_0_i_clk/X (sky130_fd_sc_hd__clkbuf_16)
                      0.041005    0.000647    0.160922 ^ clkbuf_1_1__f_i_clk/A (sky130_fd_sc_hd__clkbuf_16)
     2    0.005998    0.029671    0.110263    0.271185 ^ clkbuf_1_1__f_i_clk/X (sky130_fd_sc_hd__clkbuf_16)
                      0.029671    0.000124    0.271309 ^ _16_/CLK (sky130_fd_sc_hd__dfrtp_1)
                                  0.250000    0.521309   clock uncertainty
                                  0.000000    0.521309   clock reconvergence pessimism
                                 -0.052372    0.468937   library hold time
                                              0.468937   data required time
---------------------------------------------------------------------------------------------
                                              0.468937   data required time
                                             -1.279334   data arrival time
---------------------------------------------------------------------------------------------
                                              0.810397   slack (MET)



