Reading OpenROAD database at '/home/omare/Documents/UWASIC/Matrix-Vector-Analog/digital/AXI_IF/build/synthesis/runs/tt_if_full/41-openroad-repairantennas/1-diodeinsertion/tt_if.odb'…
Reading library file at '/home/omare/.volare/sky130A/libs.ref/sky130_fd_sc_hd/lib/sky130_fd_sc_hd__tt_025C_1v80.lib'…
Reading design constraints file at '/home/omare/Documents/UWASIC/Matrix-Vector-Analog/.venv/lib/python3.12/site-packages/openlane/scripts/base.sdc'…
[INFO] Using clock i_clk…
[INFO] Setting output delay to: 0.02
[INFO] Setting input delay to: 0.02
[INFO] Setting load to: 0.033442
[INFO] Setting clock uncertainty to: 0.25
[INFO] Setting clock transition to: 0.1499999999999999944488848768742172978818416595458984375
[INFO] Setting timing derate to: 5%
[INFO] Setting RC values…
%OL_CREATE_REPORT min.rpt

===========================================================================
report_checks -path_delay min (Hold)
============================================================================
======================= nom_tt_025C_1v80 Corner ===================================

[WARNING STA-0168] unknown field nets.
[WARNING STA-0503] report_checks -group_count is deprecated. Use -group_path_count instead.
Startpoint: _17_ (rising edge-triggered flip-flop clocked by i_clk)
Endpoint: _17_ (rising edge-triggered flip-flop clocked by i_clk)
Path Group: i_clk
Path Type: min

Fanout         Cap        Slew       Delay        Time   Description
---------------------------------------------------------------------------------------------
                                  0.000000    0.000000   clock i_clk (rise edge)
                                  0.000000    0.000000   clock source latency
     1    0.009905    0.051014    0.033783    0.033783 ^ i_clk (in)
                      0.051017    0.000000    0.033783 ^ clkbuf_0_i_clk/A (sky130_fd_sc_hd__clkbuf_16)
     2    0.019015    0.041002    0.126492    0.160275 ^ clkbuf_0_i_clk/X (sky130_fd_sc_hd__clkbuf_16)
                      0.041006    0.000693    0.160968 ^ clkbuf_1_0__f_i_clk/A (sky130_fd_sc_hd__clkbuf_16)
     2    0.005843    0.029533    0.110068    0.271036 ^ clkbuf_1_0__f_i_clk/X (sky130_fd_sc_hd__clkbuf_16)
                      0.029534    0.000183    0.271219 ^ _17_/CLK (sky130_fd_sc_hd__dfrtp_1)
     3    0.008391    0.088436    0.346857    0.618076 ^ _17_/Q (sky130_fd_sc_hd__dfrtp_1)
                      0.088436    0.000248    0.618325 ^ _11_/B1 (sky130_fd_sc_hd__a31o_1)
     1    0.003081    0.043110    0.102559    0.720883 ^ _11_/X (sky130_fd_sc_hd__a31o_1)
                      0.043110    0.000102    0.720986 ^ _12_/B (sky130_fd_sc_hd__and2b_1)
     1    0.002997    0.042861    0.113597    0.834582 ^ _12_/X (sky130_fd_sc_hd__and2b_1)
                      0.042861    0.000072    0.834654 ^ _17_/D (sky130_fd_sc_hd__dfrtp_1)
                                              0.834654   data arrival time

                                  0.000000    0.000000   clock i_clk (rise edge)
                                  0.000000    0.000000   clock source latency
     1    0.009905    0.051014    0.033783    0.033783 ^ i_clk (in)
                      0.051017    0.000000    0.033783 ^ clkbuf_0_i_clk/A (sky130_fd_sc_hd__clkbuf_16)
     2    0.019015    0.041002    0.126492    0.160275 ^ clkbuf_0_i_clk/X (sky130_fd_sc_hd__clkbuf_16)
                      0.041006    0.000693    0.160968 ^ clkbuf_1_0__f_i_clk/A (sky130_fd_sc_hd__clkbuf_16)
     2    0.005843    0.029533    0.110068    0.271036 ^ clkbuf_1_0__f_i_clk/X (sky130_fd_sc_hd__clkbuf_16)
                      0.029534    0.000183    0.271219 ^ _17_/CLK (sky130_fd_sc_hd__dfrtp_1)
                                  0.250000    0.521219   clock uncertainty
                                  0.000000    0.521219   clock reconvergence pessimism
                                 -0.036429    0.484790   library hold time
                                              0.484790   data required time
---------------------------------------------------------------------------------------------
                                              0.484790   data required time
                                             -0.834654   data arrival time
---------------------------------------------------------------------------------------------
                                              0.349864   slack (MET)


Startpoint: _19_ (rising edge-triggered flip-flop clocked by i_clk)
Endpoint: _19_ (rising edge-triggered flip-flop clocked by i_clk)
Path Group: i_clk
Path Type: min

Fanout         Cap        Slew       Delay        Time   Description
---------------------------------------------------------------------------------------------
                                  0.000000    0.000000   clock i_clk (rise edge)
                                  0.000000    0.000000   clock source latency
     1    0.009905    0.051014    0.033783    0.033783 ^ i_clk (in)
                      0.051017    0.000000    0.033783 ^ clkbuf_0_i_clk/A (sky130_fd_sc_hd__clkbuf_16)
     2    0.019015    0.041002    0.126492    0.160275 ^ clkbuf_0_i_clk/X (sky130_fd_sc_hd__clkbuf_16)
                      0.041005    0.000647    0.160922 ^ clkbuf_1_1__f_i_clk/A (sky130_fd_sc_hd__clkbuf_16)
     2    0.005998    0.029671    0.110263    0.271185 ^ clkbuf_1_1__f_i_clk/X (sky130_fd_sc_hd__clkbuf_16)
                      0.029671    0.000141    0.271326 ^ _19_/CLK (sky130_fd_sc_hd__dfrtp_1)
     5    0.013186    0.126336    0.376634    0.647960 ^ _19_/Q (sky130_fd_sc_hd__dfrtp_1)
                      0.126336    0.000342    0.648302 ^ _14_/A (sky130_fd_sc_hd__or2_1)
     1    0.002383    0.037118    0.114354    0.762656 ^ _14_/X (sky130_fd_sc_hd__or2_1)
                      0.037118    0.000055    0.762711 ^ _15_/B (sky130_fd_sc_hd__and2_1)
     1    0.004115    0.057057    0.121740    0.884451 ^ _15_/X (sky130_fd_sc_hd__and2_1)
                      0.057057    0.000150    0.884600 ^ _19_/D (sky130_fd_sc_hd__dfrtp_1)
                                              0.884600   data arrival time

                                  0.000000    0.000000   clock i_clk (rise edge)
                                  0.000000    0.000000   clock source latency
     1    0.009905    0.051014    0.033783    0.033783 ^ i_clk (in)
                      0.051017    0.000000    0.033783 ^ clkbuf_0_i_clk/A (sky130_fd_sc_hd__clkbuf_16)
     2    0.019015    0.041002    0.126492    0.160275 ^ clkbuf_0_i_clk/X (sky130_fd_sc_hd__clkbuf_16)
                      0.041005    0.000647    0.160922 ^ clkbuf_1_1__f_i_clk/A (sky130_fd_sc_hd__clkbuf_16)
     2    0.005998    0.029671    0.110263    0.271185 ^ clkbuf_1_1__f_i_clk/X (sky130_fd_sc_hd__clkbuf_16)
                      0.029671    0.000141    0.271326 ^ _19_/CLK (sky130_fd_sc_hd__dfrtp_1)
                                  0.250000    0.521326   clock uncertainty
                                  0.000000    0.521326   clock reconvergence pessimism
                                 -0.039391    0.481936   library hold time
                                              0.481936   data required time
---------------------------------------------------------------------------------------------
                                              0.481936   data required time
                                             -0.884600   data arrival time
---------------------------------------------------------------------------------------------
                                              0.402665   slack (MET)


Startpoint: i_rst_n (input port clocked by i_clk)
Endpoint: _19_ (removal check against rising-edge clock i_clk)
Path Group: asynchronous
Path Type: min

Fanout         Cap        Slew       Delay        Time   Description
---------------------------------------------------------------------------------------------
                                  0.000000    0.000000   clock i_clk (rise edge)
                                  0.000000    0.000000   clock network delay (propagated)
                                  0.020000    0.020000 ^ input external delay
     1    0.002863    0.020000    0.010547    0.030547 ^ i_rst_n (in)
                      0.020000    0.000000    0.030547 ^ hold1/A (sky130_fd_sc_hd__dlygate4sd3_1)
     1    0.002918    0.053889    0.527702    0.558249 ^ hold1/X (sky130_fd_sc_hd__dlygate4sd3_1)
                      0.053889    0.000092    0.558341 ^ input2/A (sky130_fd_sc_hd__dlymetal6s2s_1)
     1    0.002929    0.057516    0.100513    0.658854 ^ input2/X (sky130_fd_sc_hd__dlymetal6s2s_1)
                      0.057516    0.000095    0.658949 ^ hold2/A (sky130_fd_sc_hd__dlygate4sd3_1)
     4    0.018718    0.196460    0.653967    1.312917 ^ hold2/X (sky130_fd_sc_hd__dlygate4sd3_1)
                      0.196460    0.000448    1.313364 ^ _19_/RESET_B (sky130_fd_sc_hd__dfrtp_1)
                                              1.313364   data arrival time

                                  0.000000    0.000000   clock i_clk (rise edge)
                                  0.000000    0.000000   clock source latency
     1    0.009905    0.051014    0.033783    0.033783 ^ i_clk (in)
                      0.051017    0.000000    0.033783 ^ clkbuf_0_i_clk/A (sky130_fd_sc_hd__clkbuf_16)
     2    0.019015    0.041002    0.126492    0.160275 ^ clkbuf_0_i_clk/X (sky130_fd_sc_hd__clkbuf_16)
                      0.041005    0.000647    0.160922 ^ clkbuf_1_1__f_i_clk/A (sky130_fd_sc_hd__clkbuf_16)
     2    0.005998    0.029671    0.110263    0.271185 ^ clkbuf_1_1__f_i_clk/X (sky130_fd_sc_hd__clkbuf_16)
                      0.029671    0.000141    0.271326 ^ _19_/CLK (sky130_fd_sc_hd__dfrtp_1)
                                  0.250000    0.521326   clock uncertainty
                                  0.000000    0.521326   clock reconvergence pessimism
                                  0.357752    0.879078   library removal time
                                              0.879078   data required time
---------------------------------------------------------------------------------------------
                                              0.879078   data required time
                                             -1.313364   data arrival time
---------------------------------------------------------------------------------------------
                                              0.434287   slack (MET)


Startpoint: i_rst_n (input port clocked by i_clk)
Endpoint: _17_ (removal check against rising-edge clock i_clk)
Path Group: asynchronous
Path Type: min

Fanout         Cap        Slew       Delay        Time   Description
---------------------------------------------------------------------------------------------
                                  0.000000    0.000000   clock i_clk (rise edge)
                                  0.000000    0.000000   clock network delay (propagated)
                                  0.020000    0.020000 ^ input external delay
     1    0.002863    0.020000    0.010547    0.030547 ^ i_rst_n (in)
                      0.020000    0.000000    0.030547 ^ hold1/A (sky130_fd_sc_hd__dlygate4sd3_1)
     1    0.002918    0.053889    0.527702    0.558249 ^ hold1/X (sky130_fd_sc_hd__dlygate4sd3_1)
                      0.053889    0.000092    0.558341 ^ input2/A (sky130_fd_sc_hd__dlymetal6s2s_1)
     1    0.002929    0.057516    0.100513    0.658854 ^ input2/X (sky130_fd_sc_hd__dlymetal6s2s_1)
                      0.057516    0.000095    0.658949 ^ hold2/A (sky130_fd_sc_hd__dlygate4sd3_1)
     4    0.018718    0.196460    0.653967    1.312917 ^ hold2/X (sky130_fd_sc_hd__dlygate4sd3_1)
                      0.196460    0.000311    1.313228 ^ _17_/RESET_B (sky130_fd_sc_hd__dfrtp_1)
                                              1.313228   data arrival time

                                  0.000000    0.000000   clock i_clk (rise edge)
                                  0.000000    0.000000   clock source latency
     1    0.009905    0.051014    0.033783    0.033783 ^ i_clk (in)
                      0.051017    0.000000    0.033783 ^ clkbuf_0_i_clk/A (sky130_fd_sc_hd__clkbuf_16)
     2    0.019015    0.041002    0.126492    0.160275 ^ clkbuf_0_i_clk/X (sky130_fd_sc_hd__clkbuf_16)
                      0.041006    0.000693    0.160968 ^ clkbuf_1_0__f_i_clk/A (sky130_fd_sc_hd__clkbuf_16)
     2    0.005843    0.029533    0.110068    0.271036 ^ clkbuf_1_0__f_i_clk/X (sky130_fd_sc_hd__clkbuf_16)
                      0.029534    0.000183    0.271219 ^ _17_/CLK (sky130_fd_sc_hd__dfrtp_1)
                                  0.250000    0.521219   clock uncertainty
                                  0.000000    0.521219   clock reconvergence pessimism
                                  0.357714    0.878933   library removal time
                                              0.878933   data required time
---------------------------------------------------------------------------------------------
                                              0.878933   data required time
                                             -1.313228   data arrival time
---------------------------------------------------------------------------------------------
                                              0.434295   slack (MET)


Startpoint: i_rst_n (input port clocked by i_clk)
Endpoint: _16_ (removal check against rising-edge clock i_clk)
Path Group: asynchronous
Path Type: min

Fanout         Cap        Slew       Delay        Time   Description
---------------------------------------------------------------------------------------------
                                  0.000000    0.000000   clock i_clk (rise edge)
                                  0.000000    0.000000   clock network delay (propagated)
                                  0.020000    0.020000 ^ input external delay
     1    0.002863    0.020000    0.010547    0.030547 ^ i_rst_n (in)
                      0.020000    0.000000    0.030547 ^ hold1/A (sky130_fd_sc_hd__dlygate4sd3_1)
     1    0.002918    0.053889    0.527702    0.558249 ^ hold1/X (sky130_fd_sc_hd__dlygate4sd3_1)
                      0.053889    0.000092    0.558341 ^ input2/A (sky130_fd_sc_hd__dlymetal6s2s_1)
     1    0.002929    0.057516    0.100513    0.658854 ^ input2/X (sky130_fd_sc_hd__dlymetal6s2s_1)
                      0.057516    0.000095    0.658949 ^ hold2/A (sky130_fd_sc_hd__dlygate4sd3_1)
     4    0.018718    0.196460    0.653967    1.312917 ^ hold2/X (sky130_fd_sc_hd__dlygate4sd3_1)
                      0.196460    0.000448    1.313365 ^ _16_/RESET_B (sky130_fd_sc_hd__dfrtp_1)
                                              1.313365   data arrival time

                                  0.000000    0.000000   clock i_clk (rise edge)
                                  0.000000    0.000000   clock source latency
     1    0.009905    0.051014    0.033783    0.033783 ^ i_clk (in)
                      0.051017    0.000000    0.033783 ^ clkbuf_0_i_clk/A (sky130_fd_sc_hd__clkbuf_16)
     2    0.019015    0.041002    0.126492    0.160275 ^ clkbuf_0_i_clk/X (sky130_fd_sc_hd__clkbuf_16)
                      0.041005    0.000647    0.160922 ^ clkbuf_1_1__f_i_clk/A (sky130_fd_sc_hd__clkbuf_16)
     2    0.005998    0.029671    0.110263    0.271185 ^ clkbuf_1_1__f_i_clk/X (sky130_fd_sc_hd__clkbuf_16)
                      0.029671    0.000124    0.271309 ^ _16_/CLK (sky130_fd_sc_hd__dfrtp_1)
                                  0.250000    0.521309   clock uncertainty
                                  0.000000    0.521309   clock reconvergence pessimism
                                  0.357752    0.879061   library removal time
                                              0.879061   data required time
---------------------------------------------------------------------------------------------
                                              0.879061   data required time
                                             -1.313365   data arrival time
---------------------------------------------------------------------------------------------
                                              0.434304   slack (MET)


Startpoint: i_rst_n (input port clocked by i_clk)
Endpoint: _18_ (removal check against rising-edge clock i_clk)
Path Group: asynchronous
Path Type: min

Fanout         Cap        Slew       Delay        Time   Description
---------------------------------------------------------------------------------------------
                                  0.000000    0.000000   clock i_clk (rise edge)
                                  0.000000    0.000000   clock network delay (propagated)
                                  0.020000    0.020000 ^ input external delay
     1    0.002863    0.020000    0.010547    0.030547 ^ i_rst_n (in)
                      0.020000    0.000000    0.030547 ^ hold1/A (sky130_fd_sc_hd__dlygate4sd3_1)
     1    0.002918    0.053889    0.527702    0.558249 ^ hold1/X (sky130_fd_sc_hd__dlygate4sd3_1)
                      0.053889    0.000092    0.558341 ^ input2/A (sky130_fd_sc_hd__dlymetal6s2s_1)
     1    0.002929    0.057516    0.100513    0.658854 ^ input2/X (sky130_fd_sc_hd__dlymetal6s2s_1)
                      0.057516    0.000095    0.658949 ^ hold2/A (sky130_fd_sc_hd__dlygate4sd3_1)
     4    0.018718    0.196460    0.653967    1.312917 ^ hold2/X (sky130_fd_sc_hd__dlygate4sd3_1)
                      0.196460    0.000351    1.313267 ^ _18_/RESET_B (sky130_fd_sc_hd__dfrtp_1)
                                              1.313267   data arrival time

                                  0.000000    0.000000   clock i_clk (rise edge)
                                  0.000000    0.000000   clock source latency
     1    0.009905    0.051014    0.033783    0.033783 ^ i_clk (in)
                      0.051017    0.000000    0.033783 ^ clkbuf_0_i_clk/A (sky130_fd_sc_hd__clkbuf_16)
     2    0.019015    0.041002    0.126492    0.160275 ^ clkbuf_0_i_clk/X (sky130_fd_sc_hd__clkbuf_16)
                      0.041006    0.000693    0.160968 ^ clkbuf_1_0__f_i_clk/A (sky130_fd_sc_hd__clkbuf_16)
     2    0.005843    0.029533    0.110068    0.271036 ^ clkbuf_1_0__f_i_clk/X (sky130_fd_sc_hd__clkbuf_16)
                      0.029534    0.000187    0.271223 ^ _18_/CLK (sky130_fd_sc_hd__dfrtp_1)
                                  0.250000    0.521223   clock uncertainty
                                  0.000000    0.521223   clock reconvergence pessimism
                                  0.357714    0.878937   library removal time
                                              0.878937   data required time
---------------------------------------------------------------------------------------------
                                              0.878937   data required time
                                             -1.313267   data arrival time
---------------------------------------------------------------------------------------------
                                              0.434330   slack (MET)


Startpoint: _17_ (rising edge-triggered flip-flop clocked by i_clk)
Endpoint: _18_ (rising edge-triggered flip-flop clocked by i_clk)
Path Group: i_clk
Path Type: min

Fanout         Cap        Slew       Delay        Time   Description
---------------------------------------------------------------------------------------------
                                  0.000000    0.000000   clock i_clk (rise edge)
                                  0.000000    0.000000   clock source latency
     1    0.009905    0.051014    0.033783    0.033783 ^ i_clk (in)
                      0.051017    0.000000    0.033783 ^ clkbuf_0_i_clk/A (sky130_fd_sc_hd__clkbuf_16)
     2    0.019015    0.041002    0.126492    0.160275 ^ clkbuf_0_i_clk/X (sky130_fd_sc_hd__clkbuf_16)
                      0.041006    0.000693    0.160968 ^ clkbuf_1_0__f_i_clk/A (sky130_fd_sc_hd__clkbuf_16)
     2    0.005843    0.029533    0.110068    0.271036 ^ clkbuf_1_0__f_i_clk/X (sky130_fd_sc_hd__clkbuf_16)
                      0.029534    0.000183    0.271219 ^ _17_/CLK (sky130_fd_sc_hd__dfrtp_1)
     3    0.008391    0.088436    0.346857    0.618076 ^ _17_/Q (sky130_fd_sc_hd__dfrtp_1)
                      0.088436    0.000272    0.618348 ^ _10_/C (sky130_fd_sc_hd__and4_1)
     2    0.008217    0.100183    0.230319    0.848667 ^ _10_/X (sky130_fd_sc_hd__and4_1)
                      0.100183    0.000307    0.848974 ^ _13_/B (sky130_fd_sc_hd__xor2_1)
     1    0.002431    0.034729    0.069690    0.918664 v _13_/X (sky130_fd_sc_hd__xor2_1)
                      0.034729    0.000052    0.918717 v _18_/D (sky130_fd_sc_hd__dfrtp_1)
                                              0.918717   data arrival time

                                  0.000000    0.000000   clock i_clk (rise edge)
                                  0.000000    0.000000   clock source latency
     1    0.009905    0.051014    0.033783    0.033783 ^ i_clk (in)
                      0.051017    0.000000    0.033783 ^ clkbuf_0_i_clk/A (sky130_fd_sc_hd__clkbuf_16)
     2    0.019015    0.041002    0.126492    0.160275 ^ clkbuf_0_i_clk/X (sky130_fd_sc_hd__clkbuf_16)
                      0.041006    0.000693    0.160968 ^ clkbuf_1_0__f_i_clk/A (sky130_fd_sc_hd__clkbuf_16)
     2    0.005843    0.029533    0.110068    0.271036 ^ clkbuf_1_0__f_i_clk/X (sky130_fd_sc_hd__clkbuf_16)
                      0.029534    0.000187    0.271223 ^ _18_/CLK (sky130_fd_sc_hd__dfrtp_1)
                                  0.250000    0.521223   clock uncertainty
                                  0.000000    0.521223   clock reconvergence pessimism
                                 -0.045121    0.476102   library hold time
                                              0.476102   data required time
---------------------------------------------------------------------------------------------
                                              0.476102   data required time
                                             -0.918717   data arrival time
---------------------------------------------------------------------------------------------
                                              0.442615   slack (MET)


Startpoint: _18_ (rising edge-triggered flip-flop clocked by i_clk)
Endpoint: uo_out[3] (output port clocked by i_clk)
Path Group: i_clk
Path Type: min

Fanout         Cap        Slew       Delay        Time   Description
---------------------------------------------------------------------------------------------
                                  0.000000    0.000000   clock i_clk (rise edge)
                                  0.000000    0.000000   clock source latency
     1    0.009905    0.051014    0.033783    0.033783 ^ i_clk (in)
                      0.051017    0.000000    0.033783 ^ clkbuf_0_i_clk/A (sky130_fd_sc_hd__clkbuf_16)
     2    0.019015    0.041002    0.126492    0.160275 ^ clkbuf_0_i_clk/X (sky130_fd_sc_hd__clkbuf_16)
                      0.041006    0.000693    0.160968 ^ clkbuf_1_0__f_i_clk/A (sky130_fd_sc_hd__clkbuf_16)
     2    0.005843    0.029533    0.110068    0.271036 ^ clkbuf_1_0__f_i_clk/X (sky130_fd_sc_hd__clkbuf_16)
                      0.029534    0.000187    0.271223 ^ _18_/CLK (sky130_fd_sc_hd__dfrtp_1)
     2    0.006057    0.069952    0.331203    0.602426 ^ _18_/Q (sky130_fd_sc_hd__dfrtp_1)
                      0.069952    0.000157    0.602583 ^ output6/A (sky130_fd_sc_hd__buf_2)
     1    0.034815    0.172910    0.208852    0.811435 ^ output6/X (sky130_fd_sc_hd__buf_2)
                      0.172913    0.001006    0.812441 ^ uo_out[3] (out)
                                              0.812441   data arrival time

                                  0.000000    0.000000   clock i_clk (rise edge)
                                  0.000000    0.000000   clock network delay (propagated)
                                  0.250000    0.250000   clock uncertainty
                                  0.000000    0.250000   clock reconvergence pessimism
                                 -0.020000    0.230000   output external delay
                                              0.230000   data required time
---------------------------------------------------------------------------------------------
                                              0.230000   data required time
                                             -0.812441   data arrival time
---------------------------------------------------------------------------------------------
                                              0.582441   slack (MET)


Startpoint: _17_ (rising edge-triggered flip-flop clocked by i_clk)
Endpoint: uo_out[2] (output port clocked by i_clk)
Path Group: i_clk
Path Type: min

Fanout         Cap        Slew       Delay        Time   Description
---------------------------------------------------------------------------------------------
                                  0.000000    0.000000   clock i_clk (rise edge)
                                  0.000000    0.000000   clock source latency
     1    0.009905    0.051014    0.033783    0.033783 ^ i_clk (in)
                      0.051017    0.000000    0.033783 ^ clkbuf_0_i_clk/A (sky130_fd_sc_hd__clkbuf_16)
     2    0.019015    0.041002    0.126492    0.160275 ^ clkbuf_0_i_clk/X (sky130_fd_sc_hd__clkbuf_16)
                      0.041006    0.000693    0.160968 ^ clkbuf_1_0__f_i_clk/A (sky130_fd_sc_hd__clkbuf_16)
     2    0.005843    0.029533    0.110068    0.271036 ^ clkbuf_1_0__f_i_clk/X (sky130_fd_sc_hd__clkbuf_16)
                      0.029534    0.000183    0.271219 ^ _17_/CLK (sky130_fd_sc_hd__dfrtp_1)
     3    0.008391    0.088436    0.346857    0.618076 ^ _17_/Q (sky130_fd_sc_hd__dfrtp_1)
                      0.088436    0.000299    0.618375 ^ output5/A (sky130_fd_sc_hd__buf_2)
     1    0.034735    0.172643    0.215420    0.833795 ^ output5/X (sky130_fd_sc_hd__buf_2)
                      0.172646    0.000977    0.834772 ^ uo_out[2] (out)
                                              0.834772   data arrival time

                                  0.000000    0.000000   clock i_clk (rise edge)
                                  0.000000    0.000000   clock network delay (propagated)
                                  0.250000    0.250000   clock uncertainty
                                  0.000000    0.250000   clock reconvergence pessimism
                                 -0.020000    0.230000   output external delay
                                              0.230000   data required time
---------------------------------------------------------------------------------------------
                                              0.230000   data required time
                                             -0.834772   data arrival time
---------------------------------------------------------------------------------------------
                                              0.604772   slack (MET)


Startpoint: _19_ (rising edge-triggered flip-flop clocked by i_clk)
Endpoint: uo_out[0] (output port clocked by i_clk)
Path Group: i_clk
Path Type: min

Fanout         Cap        Slew       Delay        Time   Description
---------------------------------------------------------------------------------------------
                                  0.000000    0.000000   clock i_clk (rise edge)
                                  0.000000    0.000000   clock source latency
     1    0.009905    0.051014    0.033783    0.033783 ^ i_clk (in)
                      0.051017    0.000000    0.033783 ^ clkbuf_0_i_clk/A (sky130_fd_sc_hd__clkbuf_16)
     2    0.019015    0.041002    0.126492    0.160275 ^ clkbuf_0_i_clk/X (sky130_fd_sc_hd__clkbuf_16)
                      0.041005    0.000647    0.160922 ^ clkbuf_1_1__f_i_clk/A (sky130_fd_sc_hd__clkbuf_16)
     2    0.005998    0.029671    0.110263    0.271185 ^ clkbuf_1_1__f_i_clk/X (sky130_fd_sc_hd__clkbuf_16)
                      0.029671    0.000141    0.271326 ^ _19_/CLK (sky130_fd_sc_hd__dfrtp_1)
     5    0.012576    0.081951    0.396404    0.667730 v _19_/Q (sky130_fd_sc_hd__dfrtp_1)
                      0.081951    0.000327    0.668057 v output3/A (sky130_fd_sc_hd__buf_2)
     1    0.034646    0.090425    0.197193    0.865250 v output3/X (sky130_fd_sc_hd__buf_2)
                      0.090435    0.000940    0.866190 v uo_out[0] (out)
                                              0.866190   data arrival time

                                  0.000000    0.000000   clock i_clk (rise edge)
                                  0.000000    0.000000   clock network delay (propagated)
                                  0.250000    0.250000   clock uncertainty
                                  0.000000    0.250000   clock reconvergence pessimism
                                 -0.020000    0.230000   output external delay
                                              0.230000   data required time
---------------------------------------------------------------------------------------------
                                              0.230000   data required time
                                             -0.866190   data arrival time
---------------------------------------------------------------------------------------------
                                              0.636190   slack (MET)


Startpoint: _16_ (rising edge-triggered flip-flop clocked by i_clk)
Endpoint: uo_out[1] (output port clocked by i_clk)
Path Group: i_clk
Path Type: min

Fanout         Cap        Slew       Delay        Time   Description
---------------------------------------------------------------------------------------------
                                  0.000000    0.000000   clock i_clk (rise edge)
                                  0.000000    0.000000   clock source latency
     1    0.009905    0.051014    0.033783    0.033783 ^ i_clk (in)
                      0.051017    0.000000    0.033783 ^ clkbuf_0_i_clk/A (sky130_fd_sc_hd__clkbuf_16)
     2    0.019015    0.041002    0.126492    0.160275 ^ clkbuf_0_i_clk/X (sky130_fd_sc_hd__clkbuf_16)
                      0.041005    0.000647    0.160922 ^ clkbuf_1_1__f_i_clk/A (sky130_fd_sc_hd__clkbuf_16)
     2    0.005998    0.029671    0.110263    0.271185 ^ clkbuf_1_1__f_i_clk/X (sky130_fd_sc_hd__clkbuf_16)
                      0.029671    0.000124    0.271309 ^ _16_/CLK (sky130_fd_sc_hd__dfrtp_1)
     4    0.013601    0.086470    0.400466    0.671775 v _16_/Q (sky130_fd_sc_hd__dfrtp_1)
                      0.086470    0.000296    0.672070 v output4/A (sky130_fd_sc_hd__buf_2)
     1    0.034629    0.090391    0.199220    0.871290 v output4/X (sky130_fd_sc_hd__buf_2)
                      0.090401    0.000935    0.872226 v uo_out[1] (out)
                                              0.872226   data arrival time

                                  0.000000    0.000000   clock i_clk (rise edge)
                                  0.000000    0.000000   clock network delay (propagated)
                                  0.250000    0.250000   clock uncertainty
                                  0.000000    0.250000   clock reconvergence pessimism
                                 -0.020000    0.230000   output external delay
                                              0.230000   data required time
---------------------------------------------------------------------------------------------
                                              0.230000   data required time
                                             -0.872226   data arrival time
---------------------------------------------------------------------------------------------
                                              0.642226   slack (MET)


Startpoint: _16_ (rising edge-triggered flip-flop clocked by i_clk)
Endpoint: _16_ (rising edge-triggered flip-flop clocked by i_clk)
Path Group: i_clk
Path Type: min

Fanout         Cap        Slew       Delay        Time   Description
---------------------------------------------------------------------------------------------
                                  0.000000    0.000000   clock i_clk (rise edge)
                                  0.000000    0.000000   clock source latency
     1    0.009905    0.051014    0.033783    0.033783 ^ i_clk (in)
                      0.051017    0.000000    0.033783 ^ clkbuf_0_i_clk/A (sky130_fd_sc_hd__clkbuf_16)
     2    0.019015    0.041002    0.126492    0.160275 ^ clkbuf_0_i_clk/X (sky130_fd_sc_hd__clkbuf_16)
                      0.041005    0.000647    0.160922 ^ clkbuf_1_1__f_i_clk/A (sky130_fd_sc_hd__clkbuf_16)
     2    0.005998    0.029671    0.110263    0.271185 ^ clkbuf_1_1__f_i_clk/X (sky130_fd_sc_hd__clkbuf_16)
                      0.029671    0.000124    0.271309 ^ _16_/CLK (sky130_fd_sc_hd__dfrtp_1)
     4    0.014340    0.135841    0.383542    0.654851 ^ _16_/Q (sky130_fd_sc_hd__dfrtp_1)
                      0.135841    0.000427    0.655278 ^ _09_/A (sky130_fd_sc_hd__xnor2_1)
     1    0.002064    0.031387    0.081852    0.737130 v _09_/Y (sky130_fd_sc_hd__xnor2_1)
                      0.031387    0.000043    0.737173 v hold4/A (sky130_fd_sc_hd__dlygate4sd3_1)
     1    0.002715    0.052613    0.542097    1.279270 v hold4/X (sky130_fd_sc_hd__dlygate4sd3_1)
                      0.052613    0.000064    1.279334 v _16_/D (sky130_fd_sc_hd__dfrtp_1)
                                              1.279334   data arrival time

                                  0.000000    0.000000   clock i_clk (rise edge)
                                  0.000000    0.000000   clock source latency
     1    0.009905    0.051014    0.033783    0.033783 ^ i_clk (in)
                      0.051017    0.000000    0.033783 ^ clkbuf_0_i_clk/A (sky130_fd_sc_hd__clkbuf_16)
     2    0.019015    0.041002    0.126492    0.160275 ^ clkbuf_0_i_clk/X (sky130_fd_sc_hd__clkbuf_16)
                      0.041005    0.000647    0.160922 ^ clkbuf_1_1__f_i_clk/A (sky130_fd_sc_hd__clkbuf_16)
     2    0.005998    0.029671    0.110263    0.271185 ^ clkbuf_1_1__f_i_clk/X (sky130_fd_sc_hd__clkbuf_16)
                      0.029671    0.000124    0.271309 ^ _16_/CLK (sky130_fd_sc_hd__dfrtp_1)
                                  0.250000    0.521309   clock uncertainty
                                  0.000000    0.521309   clock reconvergence pessimism
                                 -0.052372    0.468937   library hold time
                                              0.468937   data required time
---------------------------------------------------------------------------------------------
                                              0.468937   data required time
                                             -1.279334   data arrival time
---------------------------------------------------------------------------------------------
                                              0.810397   slack (MET)



%OL_END_REPORT
%OL_CREATE_REPORT max.rpt

===========================================================================
report_checks -path_delay max (Setup)
============================================================================
======================= nom_tt_025C_1v80 Corner ===================================

[WARNING STA-0168] unknown field nets.
[WARNING STA-0503] report_checks -group_count is deprecated. Use -group_path_count instead.
Startpoint: i_ena (input port clocked by i_clk)
Endpoint: _16_ (rising edge-triggered flip-flop clocked by i_clk)
Path Group: i_clk
Path Type: max

Fanout         Cap        Slew       Delay        Time   Description
---------------------------------------------------------------------------------------------
                                  0.000000    0.000000   clock i_clk (rise edge)
                                  0.000000    0.000000   clock network delay (propagated)
                                  0.020000    0.020000 ^ input external delay
     1    0.003037    0.020751    0.011157    0.031157 ^ i_ena (in)
                      0.020751    0.000000    0.031157 ^ hold3/A (sky130_fd_sc_hd__dlygate4sd3_1)
     1    0.002567    0.050893    0.524683    0.555839 ^ hold3/X (sky130_fd_sc_hd__dlygate4sd3_1)
                      0.050893    0.000054    0.555893 ^ input1/A (sky130_fd_sc_hd__clkbuf_1)
     4    0.011300    0.139431    0.150082    0.705975 ^ input1/X (sky130_fd_sc_hd__clkbuf_1)
                      0.139432    0.000252    0.706227 ^ _08_/B (sky130_fd_sc_hd__nand2_1)
     2    0.007617    0.071390    0.099733    0.805960 v _08_/Y (sky130_fd_sc_hd__nand2_1)
                      0.071390    0.000190    0.806150 v _09_/B (sky130_fd_sc_hd__xnor2_1)
     1    0.002064    0.043893    0.124013    0.930163 v _09_/Y (sky130_fd_sc_hd__xnor2_1)
                      0.043893    0.000043    0.930206 v hold4/A (sky130_fd_sc_hd__dlygate4sd3_1)
     1    0.002715    0.052506    0.546968    1.477173 v hold4/X (sky130_fd_sc_hd__dlygate4sd3_1)
                      0.052506    0.000064    1.477237 v _16_/D (sky130_fd_sc_hd__dfrtp_1)
                                              1.477237   data arrival time

                                 10.000000   10.000000   clock i_clk (rise edge)
                                  0.000000   10.000000   clock source latency
     1    0.009905    0.051014    0.033783   10.033783 ^ i_clk (in)
                      0.051017    0.000000   10.033783 ^ clkbuf_0_i_clk/A (sky130_fd_sc_hd__clkbuf_16)
     2    0.019015    0.041002    0.126492   10.160275 ^ clkbuf_0_i_clk/X (sky130_fd_sc_hd__clkbuf_16)
                      0.041005    0.000647   10.160922 ^ clkbuf_1_1__f_i_clk/A (sky130_fd_sc_hd__clkbuf_16)
     2    0.005998    0.029671    0.110263   10.271185 ^ clkbuf_1_1__f_i_clk/X (sky130_fd_sc_hd__clkbuf_16)
                      0.029671    0.000124   10.271310 ^ _16_/CLK (sky130_fd_sc_hd__dfrtp_1)
                                 -0.250000   10.021310   clock uncertainty
                                  0.000000   10.021310   clock reconvergence pessimism
                                 -0.121059    9.900250   library setup time
                                              9.900250   data required time
---------------------------------------------------------------------------------------------
                                              9.900250   data required time
                                             -1.477237   data arrival time
---------------------------------------------------------------------------------------------
                                              8.423014   slack (MET)


Startpoint: _18_ (rising edge-triggered flip-flop clocked by i_clk)
Endpoint: _18_ (rising edge-triggered flip-flop clocked by i_clk)
Path Group: i_clk
Path Type: max

Fanout         Cap        Slew       Delay        Time   Description
---------------------------------------------------------------------------------------------
                                  0.000000    0.000000   clock i_clk (rise edge)
                                  0.000000    0.000000   clock source latency
     1    0.009905    0.051014    0.033783    0.033783 ^ i_clk (in)
                      0.051017    0.000000    0.033783 ^ clkbuf_0_i_clk/A (sky130_fd_sc_hd__clkbuf_16)
     2    0.019015    0.041002    0.126492    0.160275 ^ clkbuf_0_i_clk/X (sky130_fd_sc_hd__clkbuf_16)
                      0.041006    0.000693    0.160968 ^ clkbuf_1_0__f_i_clk/A (sky130_fd_sc_hd__clkbuf_16)
     2    0.005843    0.029533    0.110068    0.271036 ^ clkbuf_1_0__f_i_clk/X (sky130_fd_sc_hd__clkbuf_16)
                      0.029534    0.000187    0.271223 ^ _18_/CLK (sky130_fd_sc_hd__dfrtp_1)
     2    0.005732    0.052589    0.363850    0.635073 v _18_/Q (sky130_fd_sc_hd__dfrtp_1)
                      0.052589    0.000104    0.635176 v hold5/A (sky130_fd_sc_hd__dlygate4sd3_1)
     1    0.005423    0.065725    0.569725    1.204901 v hold5/X (sky130_fd_sc_hd__dlygate4sd3_1)
                      0.065725    0.000150    1.205052 v _13_/A (sky130_fd_sc_hd__xor2_1)
     1    0.002431    0.047345    0.159693    1.364745 v _13_/X (sky130_fd_sc_hd__xor2_1)
                      0.047345    0.000052    1.364797 v _18_/D (sky130_fd_sc_hd__dfrtp_1)
                                              1.364797   data arrival time

                                 10.000000   10.000000   clock i_clk (rise edge)
                                  0.000000   10.000000   clock source latency
     1    0.009905    0.051014    0.033783   10.033783 ^ i_clk (in)
                      0.051017    0.000000   10.033783 ^ clkbuf_0_i_clk/A (sky130_fd_sc_hd__clkbuf_16)
     2    0.019015    0.041002    0.126492   10.160275 ^ clkbuf_0_i_clk/X (sky130_fd_sc_hd__clkbuf_16)
                      0.041006    0.000694   10.160969 ^ clkbuf_1_0__f_i_clk/A (sky130_fd_sc_hd__clkbuf_16)
     2    0.005843    0.029533    0.110068   10.271036 ^ clkbuf_1_0__f_i_clk/X (sky130_fd_sc_hd__clkbuf_16)
                      0.029534    0.000187   10.271223 ^ _18_/CLK (sky130_fd_sc_hd__dfrtp_1)
                                 -0.250000   10.021223   clock uncertainty
                                  0.000000   10.021223   clock reconvergence pessimism
                                 -0.118837    9.902387   library setup time
                                              9.902387   data required time
---------------------------------------------------------------------------------------------
                                              9.902387   data required time
                                             -1.364797   data arrival time
---------------------------------------------------------------------------------------------
                                              8.537589   slack (MET)


Startpoint: i_ena (input port clocked by i_clk)
Endpoint: _17_ (rising edge-triggered flip-flop clocked by i_clk)
Path Group: i_clk
Path Type: max

Fanout         Cap        Slew       Delay        Time   Description
---------------------------------------------------------------------------------------------
                                  0.000000    0.000000   clock i_clk (rise edge)
                                  0.000000    0.000000   clock network delay (propagated)
                                  0.020000    0.020000 ^ input external delay
     1    0.003037    0.020751    0.011157    0.031157 ^ i_ena (in)
                      0.020751    0.000000    0.031157 ^ hold3/A (sky130_fd_sc_hd__dlygate4sd3_1)
     1    0.002567    0.050893    0.524683    0.555839 ^ hold3/X (sky130_fd_sc_hd__dlygate4sd3_1)
                      0.050893    0.000054    0.555893 ^ input1/A (sky130_fd_sc_hd__clkbuf_1)
     4    0.011300    0.139431    0.150082    0.705975 ^ input1/X (sky130_fd_sc_hd__clkbuf_1)
                      0.139432    0.000178    0.706154 ^ _10_/D (sky130_fd_sc_hd__and4_1)
     2    0.008217    0.100332    0.245548    0.951701 ^ _10_/X (sky130_fd_sc_hd__and4_1)
                      0.100332    0.000249    0.951950 ^ _12_/A_N (sky130_fd_sc_hd__and2b_1)
     1    0.002940    0.034299    0.184903    1.136852 v _12_/X (sky130_fd_sc_hd__and2b_1)
                      0.034299    0.000070    1.136922 v _17_/D (sky130_fd_sc_hd__dfrtp_1)
                                              1.136922   data arrival time

                                 10.000000   10.000000   clock i_clk (rise edge)
                                  0.000000   10.000000   clock source latency
     1    0.009905    0.051014    0.033783   10.033783 ^ i_clk (in)
                      0.051017    0.000000   10.033783 ^ clkbuf_0_i_clk/A (sky130_fd_sc_hd__clkbuf_16)
     2    0.019015    0.041002    0.126492   10.160275 ^ clkbuf_0_i_clk/X (sky130_fd_sc_hd__clkbuf_16)
                      0.041006    0.000694   10.160969 ^ clkbuf_1_0__f_i_clk/A (sky130_fd_sc_hd__clkbuf_16)
     2    0.005843    0.029533    0.110068   10.271036 ^ clkbuf_1_0__f_i_clk/X (sky130_fd_sc_hd__clkbuf_16)
                      0.029534    0.000183   10.271219 ^ _17_/CLK (sky130_fd_sc_hd__dfrtp_1)
                                 -0.250000   10.021219   clock uncertainty
                                  0.000000   10.021219   clock reconvergence pessimism
                                 -0.113140    9.908079   library setup time
                                              9.908079   data required time
---------------------------------------------------------------------------------------------
                                              9.908079   data required time
                                             -1.136922   data arrival time
---------------------------------------------------------------------------------------------
                                              8.771156   slack (MET)


Startpoint: _16_ (rising edge-triggered flip-flop clocked by i_clk)
Endpoint: uo_out[1] (output port clocked by i_clk)
Path Group: i_clk
Path Type: max

Fanout         Cap        Slew       Delay        Time   Description
---------------------------------------------------------------------------------------------
                                  0.000000    0.000000   clock i_clk (rise edge)
                                  0.000000    0.000000   clock source latency
     1    0.009905    0.051014    0.033783    0.033783 ^ i_clk (in)
                      0.051017    0.000000    0.033783 ^ clkbuf_0_i_clk/A (sky130_fd_sc_hd__clkbuf_16)
     2    0.019015    0.041002    0.126492    0.160275 ^ clkbuf_0_i_clk/X (sky130_fd_sc_hd__clkbuf_16)
                      0.041005    0.000647    0.160922 ^ clkbuf_1_1__f_i_clk/A (sky130_fd_sc_hd__clkbuf_16)
     2    0.005998    0.029671    0.110263    0.271185 ^ clkbuf_1_1__f_i_clk/X (sky130_fd_sc_hd__clkbuf_16)
                      0.029671    0.000124    0.271309 ^ _16_/CLK (sky130_fd_sc_hd__dfrtp_1)
     4    0.014340    0.135841    0.383542    0.654851 ^ _16_/Q (sky130_fd_sc_hd__dfrtp_1)
                      0.135841    0.000313    0.655163 ^ output4/A (sky130_fd_sc_hd__buf_2)
     1    0.034629    0.172352    0.231253    0.886416 ^ output4/X (sky130_fd_sc_hd__buf_2)
                      0.172355    0.000936    0.887352 ^ uo_out[1] (out)
                                              0.887352   data arrival time

                                 10.000000   10.000000   clock i_clk (rise edge)
                                  0.000000   10.000000   clock network delay (propagated)
                                 -0.250000    9.750000   clock uncertainty
                                  0.000000    9.750000   clock reconvergence pessimism
                                 -0.020000    9.730000   output external delay
                                              9.730000   data required time
---------------------------------------------------------------------------------------------
                                              9.730000   data required time
                                             -0.887352   data arrival time
---------------------------------------------------------------------------------------------
                                              8.842648   slack (MET)


Startpoint: _19_ (rising edge-triggered flip-flop clocked by i_clk)
Endpoint: _19_ (rising edge-triggered flip-flop clocked by i_clk)
Path Group: i_clk
Path Type: max

Fanout         Cap        Slew       Delay        Time   Description
---------------------------------------------------------------------------------------------
                                  0.000000    0.000000   clock i_clk (rise edge)
                                  0.000000    0.000000   clock source latency
     1    0.009905    0.051014    0.033783    0.033783 ^ i_clk (in)
                      0.051017    0.000000    0.033783 ^ clkbuf_0_i_clk/A (sky130_fd_sc_hd__clkbuf_16)
     2    0.019015    0.041002    0.126492    0.160275 ^ clkbuf_0_i_clk/X (sky130_fd_sc_hd__clkbuf_16)
                      0.041005    0.000647    0.160922 ^ clkbuf_1_1__f_i_clk/A (sky130_fd_sc_hd__clkbuf_16)
     2    0.005998    0.029671    0.110263    0.271185 ^ clkbuf_1_1__f_i_clk/X (sky130_fd_sc_hd__clkbuf_16)
                      0.029671    0.000141    0.271326 ^ _19_/CLK (sky130_fd_sc_hd__dfrtp_1)
     5    0.012576    0.081951    0.396404    0.667730 v _19_/Q (sky130_fd_sc_hd__dfrtp_1)
                      0.081951    0.000323    0.668053 v _14_/A (sky130_fd_sc_hd__or2_1)
     1    0.002254    0.044823    0.229295    0.897348 v _14_/X (sky130_fd_sc_hd__or2_1)
                      0.044823    0.000051    0.897399 v _15_/B (sky130_fd_sc_hd__and2_1)
     1    0.004058    0.040273    0.156440    1.053839 v _15_/X (sky130_fd_sc_hd__and2_1)
                      0.040273    0.000147    1.053986 v _19_/D (sky130_fd_sc_hd__dfrtp_1)
                                              1.053986   data arrival time

                                 10.000000   10.000000   clock i_clk (rise edge)
                                  0.000000   10.000000   clock source latency
     1    0.009905    0.051014    0.033783   10.033783 ^ i_clk (in)
                      0.051017    0.000000   10.033783 ^ clkbuf_0_i_clk/A (sky130_fd_sc_hd__clkbuf_16)
     2    0.019015    0.041002    0.126492   10.160275 ^ clkbuf_0_i_clk/X (sky130_fd_sc_hd__clkbuf_16)
                      0.041005    0.000647   10.160922 ^ clkbuf_1_1__f_i_clk/A (sky130_fd_sc_hd__clkbuf_16)
     2    0.005998    0.029671    0.110263   10.271185 ^ clkbuf_1_1__f_i_clk/X (sky130_fd_sc_hd__clkbuf_16)
                      0.029671    0.000141   10.271326 ^ _19_/CLK (sky130_fd_sc_hd__dfrtp_1)
                                 -0.250000   10.021326   clock uncertainty
                                  0.000000   10.021326   clock reconvergence pessimism
                                 -0.115717    9.905609   library setup time
                                              9.905609   data required time
---------------------------------------------------------------------------------------------
                                              9.905609   data required time
                                             -1.053986   data arrival time
---------------------------------------------------------------------------------------------
                                              8.851624   slack (MET)


Startpoint: _19_ (rising edge-triggered flip-flop clocked by i_clk)
Endpoint: uo_out[0] (output port clocked by i_clk)
Path Group: i_clk
Path Type: max

Fanout         Cap        Slew       Delay        Time   Description
---------------------------------------------------------------------------------------------
                                  0.000000    0.000000   clock i_clk (rise edge)
                                  0.000000    0.000000   clock source latency
     1    0.009905    0.051014    0.033783    0.033783 ^ i_clk (in)
                      0.051017    0.000000    0.033783 ^ clkbuf_0_i_clk/A (sky130_fd_sc_hd__clkbuf_16)
     2    0.019015    0.041002    0.126492    0.160275 ^ clkbuf_0_i_clk/X (sky130_fd_sc_hd__clkbuf_16)
                      0.041005    0.000647    0.160922 ^ clkbuf_1_1__f_i_clk/A (sky130_fd_sc_hd__clkbuf_16)
     2    0.005998    0.029671    0.110263    0.271185 ^ clkbuf_1_1__f_i_clk/X (sky130_fd_sc_hd__clkbuf_16)
                      0.029671    0.000141    0.271326 ^ _19_/CLK (sky130_fd_sc_hd__dfrtp_1)
     5    0.013186    0.126336    0.376634    0.647960 ^ _19_/Q (sky130_fd_sc_hd__dfrtp_1)
                      0.126336    0.000345    0.648306 ^ output3/A (sky130_fd_sc_hd__buf_2)
     1    0.034646    0.172422    0.228737    0.877042 ^ output3/X (sky130_fd_sc_hd__buf_2)
                      0.172425    0.000941    0.877983 ^ uo_out[0] (out)
                                              0.877983   data arrival time

                                 10.000000   10.000000   clock i_clk (rise edge)
                                  0.000000   10.000000   clock network delay (propagated)
                                 -0.250000    9.750000   clock uncertainty
                                  0.000000    9.750000   clock reconvergence pessimism
                                 -0.020000    9.730000   output external delay
                                              9.730000   data required time
---------------------------------------------------------------------------------------------
                                              9.730000   data required time
                                             -0.877983   data arrival time
---------------------------------------------------------------------------------------------
                                              8.852017   slack (MET)


Startpoint: _17_ (rising edge-triggered flip-flop clocked by i_clk)
Endpoint: uo_out[2] (output port clocked by i_clk)
Path Group: i_clk
Path Type: max

Fanout         Cap        Slew       Delay        Time   Description
---------------------------------------------------------------------------------------------
                                  0.000000    0.000000   clock i_clk (rise edge)
                                  0.000000    0.000000   clock source latency
     1    0.009905    0.051014    0.033783    0.033783 ^ i_clk (in)
                      0.051017    0.000000    0.033783 ^ clkbuf_0_i_clk/A (sky130_fd_sc_hd__clkbuf_16)
     2    0.019015    0.041002    0.126492    0.160275 ^ clkbuf_0_i_clk/X (sky130_fd_sc_hd__clkbuf_16)
                      0.041006    0.000693    0.160968 ^ clkbuf_1_0__f_i_clk/A (sky130_fd_sc_hd__clkbuf_16)
     2    0.005843    0.029533    0.110068    0.271036 ^ clkbuf_1_0__f_i_clk/X (sky130_fd_sc_hd__clkbuf_16)
                      0.029534    0.000183    0.271219 ^ _17_/CLK (sky130_fd_sc_hd__dfrtp_1)
     3    0.007830    0.063012    0.375076    0.646295 v _17_/Q (sky130_fd_sc_hd__dfrtp_1)
                      0.063012    0.000278    0.646573 v output5/A (sky130_fd_sc_hd__buf_2)
     1    0.034735    0.090611    0.188715    0.835288 v output5/X (sky130_fd_sc_hd__buf_2)
                      0.090621    0.000976    0.836264 v uo_out[2] (out)
                                              0.836264   data arrival time

                                 10.000000   10.000000   clock i_clk (rise edge)
                                  0.000000   10.000000   clock network delay (propagated)
                                 -0.250000    9.750000   clock uncertainty
                                  0.000000    9.750000   clock reconvergence pessimism
                                 -0.020000    9.730000   output external delay
                                              9.730000   data required time
---------------------------------------------------------------------------------------------
                                              9.730000   data required time
                                             -0.836264   data arrival time
---------------------------------------------------------------------------------------------
                                              8.893736   slack (MET)


Startpoint: i_rst_n (input port clocked by i_clk)
Endpoint: _18_ (recovery check against rising-edge clock i_clk)
Path Group: asynchronous
Path Type: max

Fanout         Cap        Slew       Delay        Time   Description
---------------------------------------------------------------------------------------------
                                  0.000000    0.000000   clock i_clk (rise edge)
                                  0.000000    0.000000   clock network delay (propagated)
                                  0.020000    0.020000 ^ input external delay
     1    0.002863    0.020000    0.010547    0.030547 ^ i_rst_n (in)
                      0.020000    0.000000    0.030547 ^ hold1/A (sky130_fd_sc_hd__dlygate4sd3_1)
     1    0.002918    0.053889    0.527702    0.558249 ^ hold1/X (sky130_fd_sc_hd__dlygate4sd3_1)
                      0.053889    0.000092    0.558341 ^ input2/A (sky130_fd_sc_hd__dlymetal6s2s_1)
     1    0.002929    0.057516    0.100513    0.658854 ^ input2/X (sky130_fd_sc_hd__dlymetal6s2s_1)
                      0.057516    0.000095    0.658949 ^ hold2/A (sky130_fd_sc_hd__dlygate4sd3_1)
     4    0.018718    0.196460    0.653967    1.312917 ^ hold2/X (sky130_fd_sc_hd__dlygate4sd3_1)
                      0.196460    0.000351    1.313267 ^ _18_/RESET_B (sky130_fd_sc_hd__dfrtp_1)
                                              1.313267   data arrival time

                                 10.000000   10.000000   clock i_clk (rise edge)
                                  0.000000   10.000000   clock source latency
     1    0.009905    0.051014    0.033783   10.033783 ^ i_clk (in)
                      0.051017    0.000000   10.033783 ^ clkbuf_0_i_clk/A (sky130_fd_sc_hd__clkbuf_16)
     2    0.019015    0.041002    0.126492   10.160275 ^ clkbuf_0_i_clk/X (sky130_fd_sc_hd__clkbuf_16)
                      0.041006    0.000694   10.160969 ^ clkbuf_1_0__f_i_clk/A (sky130_fd_sc_hd__clkbuf_16)
     2    0.005843    0.029533    0.110068   10.271036 ^ clkbuf_1_0__f_i_clk/X (sky130_fd_sc_hd__clkbuf_16)
                      0.029534    0.000187   10.271223 ^ _18_/CLK (sky130_fd_sc_hd__dfrtp_1)
                                 -0.250000   10.021223   clock uncertainty
                                  0.000000   10.021223   clock reconvergence pessimism
                                  0.186283   10.207506   library recovery time
                                             10.207506   data required time
---------------------------------------------------------------------------------------------
                                             10.207506   data required time
                                             -1.313267   data arrival time
---------------------------------------------------------------------------------------------
                                              8.894239   slack (MET)


Startpoint: i_rst_n (input port clocked by i_clk)
Endpoint: _16_ (recovery check against rising-edge clock i_clk)
Path Group: asynchronous
Path Type: max

Fanout         Cap        Slew       Delay        Time   Description
---------------------------------------------------------------------------------------------
                                  0.000000    0.000000   clock i_clk (rise edge)
                                  0.000000    0.000000   clock network delay (propagated)
                                  0.020000    0.020000 ^ input external delay
     1    0.002863    0.020000    0.010547    0.030547 ^ i_rst_n (in)
                      0.020000    0.000000    0.030547 ^ hold1/A (sky130_fd_sc_hd__dlygate4sd3_1)
     1    0.002918    0.053889    0.527702    0.558249 ^ hold1/X (sky130_fd_sc_hd__dlygate4sd3_1)
                      0.053889    0.000092    0.558341 ^ input2/A (sky130_fd_sc_hd__dlymetal6s2s_1)
     1    0.002929    0.057516    0.100513    0.658854 ^ input2/X (sky130_fd_sc_hd__dlymetal6s2s_1)
                      0.057516    0.000095    0.658949 ^ hold2/A (sky130_fd_sc_hd__dlygate4sd3_1)
     4    0.018718    0.196460    0.653967    1.312917 ^ hold2/X (sky130_fd_sc_hd__dlygate4sd3_1)
                      0.196460    0.000448    1.313365 ^ _16_/RESET_B (sky130_fd_sc_hd__dfrtp_1)
                                              1.313365   data arrival time

                                 10.000000   10.000000   clock i_clk (rise edge)
                                  0.000000   10.000000   clock source latency
     1    0.009905    0.051014    0.033783   10.033783 ^ i_clk (in)
                      0.051017    0.000000   10.033783 ^ clkbuf_0_i_clk/A (sky130_fd_sc_hd__clkbuf_16)
     2    0.019015    0.041002    0.126492   10.160275 ^ clkbuf_0_i_clk/X (sky130_fd_sc_hd__clkbuf_16)
                      0.041005    0.000647   10.160922 ^ clkbuf_1_1__f_i_clk/A (sky130_fd_sc_hd__clkbuf_16)
     2    0.005998    0.029671    0.110263   10.271185 ^ clkbuf_1_1__f_i_clk/X (sky130_fd_sc_hd__clkbuf_16)
                      0.029671    0.000124   10.271310 ^ _16_/CLK (sky130_fd_sc_hd__dfrtp_1)
                                 -0.250000   10.021310   clock uncertainty
                                  0.000000   10.021310   clock reconvergence pessimism
                                  0.186326   10.207636   library recovery time
                                             10.207636   data required time
---------------------------------------------------------------------------------------------
                                             10.207636   data required time
                                             -1.313365   data arrival time
---------------------------------------------------------------------------------------------
                                              8.894271   slack (MET)


Startpoint: i_rst_n (input port clocked by i_clk)
Endpoint: _17_ (recovery check against rising-edge clock i_clk)
Path Group: asynchronous
Path Type: max

Fanout         Cap        Slew       Delay        Time   Description
---------------------------------------------------------------------------------------------
                                  0.000000    0.000000   clock i_clk (rise edge)
                                  0.000000    0.000000   clock network delay (propagated)
                                  0.020000    0.020000 ^ input external delay
     1    0.002863    0.020000    0.010547    0.030547 ^ i_rst_n (in)
                      0.020000    0.000000    0.030547 ^ hold1/A (sky130_fd_sc_hd__dlygate4sd3_1)
     1    0.002918    0.053889    0.527702    0.558249 ^ hold1/X (sky130_fd_sc_hd__dlygate4sd3_1)
                      0.053889    0.000092    0.558341 ^ input2/A (sky130_fd_sc_hd__dlymetal6s2s_1)
     1    0.002929    0.057516    0.100513    0.658854 ^ input2/X (sky130_fd_sc_hd__dlymetal6s2s_1)
                      0.057516    0.000095    0.658949 ^ hold2/A (sky130_fd_sc_hd__dlygate4sd3_1)
     4    0.018718    0.196460    0.653967    1.312917 ^ hold2/X (sky130_fd_sc_hd__dlygate4sd3_1)
                      0.196460    0.000311    1.313228 ^ _17_/RESET_B (sky130_fd_sc_hd__dfrtp_1)
                                              1.313228   data arrival time

                                 10.000000   10.000000   clock i_clk (rise edge)
                                  0.000000   10.000000   clock source latency
     1    0.009905    0.051014    0.033783   10.033783 ^ i_clk (in)
                      0.051017    0.000000   10.033783 ^ clkbuf_0_i_clk/A (sky130_fd_sc_hd__clkbuf_16)
     2    0.019015    0.041002    0.126492   10.160275 ^ clkbuf_0_i_clk/X (sky130_fd_sc_hd__clkbuf_16)
                      0.041006    0.000694   10.160969 ^ clkbuf_1_0__f_i_clk/A (sky130_fd_sc_hd__clkbuf_16)
     2    0.005843    0.029533    0.110068   10.271036 ^ clkbuf_1_0__f_i_clk/X (sky130_fd_sc_hd__clkbuf_16)
                      0.029534    0.000183   10.271219 ^ _17_/CLK (sky130_fd_sc_hd__dfrtp_1)
                                 -0.250000   10.021219   clock uncertainty
                                  0.000000   10.021219   clock reconvergence pessimism
                                  0.186283   10.207501   library recovery time
                                             10.207501   data required time
---------------------------------------------------------------------------------------------
                                             10.207501   data required time
                                             -1.313228   data arrival time
---------------------------------------------------------------------------------------------
                                              8.894274   slack (MET)


Startpoint: i_rst_n (input port clocked by i_clk)
Endpoint: _19_ (recovery check against rising-edge clock i_clk)
Path Group: asynchronous
Path Type: max

Fanout         Cap        Slew       Delay        Time   Description
---------------------------------------------------------------------------------------------
                                  0.000000    0.000000   clock i_clk (rise edge)
                                  0.000000    0.000000   clock network delay (propagated)
                                  0.020000    0.020000 ^ input external delay
     1    0.002863    0.020000    0.010547    0.030547 ^ i_rst_n (in)
                      0.020000    0.000000    0.030547 ^ hold1/A (sky130_fd_sc_hd__dlygate4sd3_1)
     1    0.002918    0.053889    0.527702    0.558249 ^ hold1/X (sky130_fd_sc_hd__dlygate4sd3_1)
                      0.053889    0.000092    0.558341 ^ input2/A (sky130_fd_sc_hd__dlymetal6s2s_1)
     1    0.002929    0.057516    0.100513    0.658854 ^ input2/X (sky130_fd_sc_hd__dlymetal6s2s_1)
                      0.057516    0.000095    0.658949 ^ hold2/A (sky130_fd_sc_hd__dlygate4sd3_1)
     4    0.018718    0.196460    0.653967    1.312917 ^ hold2/X (sky130_fd_sc_hd__dlygate4sd3_1)
                      0.196460    0.000448    1.313364 ^ _19_/RESET_B (sky130_fd_sc_hd__dfrtp_1)
                                              1.313364   data arrival time

                                 10.000000   10.000000   clock i_clk (rise edge)
                                  0.000000   10.000000   clock source latency
     1    0.009905    0.051014    0.033783   10.033783 ^ i_clk (in)
                      0.051017    0.000000   10.033783 ^ clkbuf_0_i_clk/A (sky130_fd_sc_hd__clkbuf_16)
     2    0.019015    0.041002    0.126492   10.160275 ^ clkbuf_0_i_clk/X (sky130_fd_sc_hd__clkbuf_16)
                      0.041005    0.000647   10.160922 ^ clkbuf_1_1__f_i_clk/A (sky130_fd_sc_hd__clkbuf_16)
     2    0.005998    0.029671    0.110263   10.271185 ^ clkbuf_1_1__f_i_clk/X (sky130_fd_sc_hd__clkbuf_16)
                      0.029671    0.000141   10.271326 ^ _19_/CLK (sky130_fd_sc_hd__dfrtp_1)
                                 -0.250000   10.021326   clock uncertainty
                                  0.000000   10.021326   clock reconvergence pessimism
                                  0.186326   10.207653   library recovery time
                                             10.207653   data required time
---------------------------------------------------------------------------------------------
                                             10.207653   data required time
                                             -1.313364   data arrival time
---------------------------------------------------------------------------------------------
                                              8.894288   slack (MET)


Startpoint: _18_ (rising edge-triggered flip-flop clocked by i_clk)
Endpoint: uo_out[3] (output port clocked by i_clk)
Path Group: i_clk
Path Type: max

Fanout         Cap        Slew       Delay        Time   Description
---------------------------------------------------------------------------------------------
                                  0.000000    0.000000   clock i_clk (rise edge)
                                  0.000000    0.000000   clock source latency
     1    0.009905    0.051014    0.033783    0.033783 ^ i_clk (in)
                      0.051017    0.000000    0.033783 ^ clkbuf_0_i_clk/A (sky130_fd_sc_hd__clkbuf_16)
     2    0.019015    0.041002    0.126492    0.160275 ^ clkbuf_0_i_clk/X (sky130_fd_sc_hd__clkbuf_16)
                      0.041006    0.000693    0.160968 ^ clkbuf_1_0__f_i_clk/A (sky130_fd_sc_hd__clkbuf_16)
     2    0.005843    0.029533    0.110068    0.271036 ^ clkbuf_1_0__f_i_clk/X (sky130_fd_sc_hd__clkbuf_16)
                      0.029534    0.000187    0.271223 ^ _18_/CLK (sky130_fd_sc_hd__dfrtp_1)
     2    0.005732    0.052589    0.363850    0.635073 v _18_/Q (sky130_fd_sc_hd__dfrtp_1)
                      0.052589    0.000147    0.635220 v output6/A (sky130_fd_sc_hd__buf_2)
     1    0.034815    0.090785    0.184112    0.819332 v output6/X (sky130_fd_sc_hd__buf_2)
                      0.090797    0.001005    0.820337 v uo_out[3] (out)
                                              0.820337   data arrival time

                                 10.000000   10.000000   clock i_clk (rise edge)
                                  0.000000   10.000000   clock network delay (propagated)
                                 -0.250000    9.750000   clock uncertainty
                                  0.000000    9.750000   clock reconvergence pessimism
                                 -0.020000    9.730000   output external delay
                                              9.730000   data required time
---------------------------------------------------------------------------------------------
                                              9.730000   data required time
                                             -0.820337   data arrival time
---------------------------------------------------------------------------------------------
                                              8.909663   slack (MET)



%OL_END_REPORT
%OL_CREATE_REPORT checks.rpt

===========================================================================
report_checks -unconstrained
===========================================================================
======================= nom_tt_025C_1v80 Corner ===================================

[WARNING STA-0168] unknown field nets.
Startpoint: i_rst_n (input port clocked by i_clk)
Endpoint: _18_ (recovery check against rising-edge clock i_clk)
Path Group: asynchronous
Path Type: max

Fanout         Cap        Slew       Delay        Time   Description
---------------------------------------------------------------------------------------------
                                  0.000000    0.000000   clock i_clk (rise edge)
                                  0.000000    0.000000   clock network delay (propagated)
                                  0.020000    0.020000 ^ input external delay
     1    0.002863    0.020000    0.010547    0.030547 ^ i_rst_n (in)
                      0.020000    0.000000    0.030547 ^ hold1/A (sky130_fd_sc_hd__dlygate4sd3_1)
     1    0.002918    0.053889    0.527702    0.558249 ^ hold1/X (sky130_fd_sc_hd__dlygate4sd3_1)
                      0.053889    0.000092    0.558341 ^ input2/A (sky130_fd_sc_hd__dlymetal6s2s_1)
     1    0.002929    0.057516    0.100513    0.658854 ^ input2/X (sky130_fd_sc_hd__dlymetal6s2s_1)
                      0.057516    0.000095    0.658949 ^ hold2/A (sky130_fd_sc_hd__dlygate4sd3_1)
     4    0.018718    0.196460    0.653967    1.312917 ^ hold2/X (sky130_fd_sc_hd__dlygate4sd3_1)
                      0.196460    0.000351    1.313267 ^ _18_/RESET_B (sky130_fd_sc_hd__dfrtp_1)
                                              1.313267   data arrival time

                                 10.000000   10.000000   clock i_clk (rise edge)
                                  0.000000   10.000000   clock source latency
     1    0.009905    0.051014    0.033783   10.033783 ^ i_clk (in)
                      0.051017    0.000000   10.033783 ^ clkbuf_0_i_clk/A (sky130_fd_sc_hd__clkbuf_16)
     2    0.019015    0.041002    0.126492   10.160275 ^ clkbuf_0_i_clk/X (sky130_fd_sc_hd__clkbuf_16)
                      0.041006    0.000694   10.160969 ^ clkbuf_1_0__f_i_clk/A (sky130_fd_sc_hd__clkbuf_16)
     2    0.005843    0.029533    0.110068   10.271036 ^ clkbuf_1_0__f_i_clk/X (sky130_fd_sc_hd__clkbuf_16)
                      0.029534    0.000187   10.271223 ^ _18_/CLK (sky130_fd_sc_hd__dfrtp_1)
                                 -0.250000   10.021223   clock uncertainty
                                  0.000000   10.021223   clock reconvergence pessimism
                                  0.186283   10.207506   library recovery time
                                             10.207506   data required time
---------------------------------------------------------------------------------------------
                                             10.207506   data required time
                                             -1.313267   data arrival time
---------------------------------------------------------------------------------------------
                                              8.894239   slack (MET)


Startpoint: i_ena (input port clocked by i_clk)
Endpoint: _16_ (rising edge-triggered flip-flop clocked by i_clk)
Path Group: i_clk
Path Type: max

Fanout         Cap        Slew       Delay        Time   Description
---------------------------------------------------------------------------------------------
                                  0.000000    0.000000   clock i_clk (rise edge)
                                  0.000000    0.000000   clock network delay (propagated)
                                  0.020000    0.020000 ^ input external delay
     1    0.003037    0.020751    0.011157    0.031157 ^ i_ena (in)
                      0.020751    0.000000    0.031157 ^ hold3/A (sky130_fd_sc_hd__dlygate4sd3_1)
     1    0.002567    0.050893    0.524683    0.555839 ^ hold3/X (sky130_fd_sc_hd__dlygate4sd3_1)
                      0.050893    0.000054    0.555893 ^ input1/A (sky130_fd_sc_hd__clkbuf_1)
     4    0.011300    0.139431    0.150082    0.705975 ^ input1/X (sky130_fd_sc_hd__clkbuf_1)
                      0.139432    0.000252    0.706227 ^ _08_/B (sky130_fd_sc_hd__nand2_1)
     2    0.007617    0.071390    0.099733    0.805960 v _08_/Y (sky130_fd_sc_hd__nand2_1)
                      0.071390    0.000190    0.806150 v _09_/B (sky130_fd_sc_hd__xnor2_1)
     1    0.002064    0.043893    0.124013    0.930163 v _09_/Y (sky130_fd_sc_hd__xnor2_1)
                      0.043893    0.000043    0.930206 v hold4/A (sky130_fd_sc_hd__dlygate4sd3_1)
     1    0.002715    0.052506    0.546968    1.477173 v hold4/X (sky130_fd_sc_hd__dlygate4sd3_1)
                      0.052506    0.000064    1.477237 v _16_/D (sky130_fd_sc_hd__dfrtp_1)
                                              1.477237   data arrival time

                                 10.000000   10.000000   clock i_clk (rise edge)
                                  0.000000   10.000000   clock source latency
     1    0.009905    0.051014    0.033783   10.033783 ^ i_clk (in)
                      0.051017    0.000000   10.033783 ^ clkbuf_0_i_clk/A (sky130_fd_sc_hd__clkbuf_16)
     2    0.019015    0.041002    0.126492   10.160275 ^ clkbuf_0_i_clk/X (sky130_fd_sc_hd__clkbuf_16)
                      0.041005    0.000647   10.160922 ^ clkbuf_1_1__f_i_clk/A (sky130_fd_sc_hd__clkbuf_16)
     2    0.005998    0.029671    0.110263   10.271185 ^ clkbuf_1_1__f_i_clk/X (sky130_fd_sc_hd__clkbuf_16)
                      0.029671    0.000124   10.271310 ^ _16_/CLK (sky130_fd_sc_hd__dfrtp_1)
                                 -0.250000   10.021310   clock uncertainty
                                  0.000000   10.021310   clock reconvergence pessimism
                                 -0.121059    9.900250   library setup time
                                              9.900250   data required time
---------------------------------------------------------------------------------------------
                                              9.900250   data required time
                                             -1.477237   data arrival time
---------------------------------------------------------------------------------------------
                                              8.423014   slack (MET)




===========================================================================
report_checks --slack_max -0.01
============================================================================
======================= nom_tt_025C_1v80 Corner ===================================

[WARNING STA-0168] unknown field nets.
No paths found.


===========================================================================
 report_check_types -max_slew -max_cap -max_fanout -violators
============================================================================
======================= nom_tt_025C_1v80 Corner ===================================



===========================================================================
report_parasitic_annotation -report_unannotated
============================================================================
Found 36 unannotated drivers.
 ui_in[0]
 ui_in[1]
 ui_in[2]
 ui_in[3]
 ui_in[4]
 ui_in[5]
 ui_in[6]
 ui_in[7]
 uio_in[0]
 uio_in[1]
 uio_in[2]
 uio_in[3]
 uio_in[4]
 uio_in[5]
 uio_in[6]
 uio_in[7]
 tt_if_10/HI
 tt_if_11/HI
 tt_if_12/HI
 tt_if_13/HI
 tt_if_14/HI
 tt_if_15/HI
 tt_if_16/HI
 tt_if_17/HI
 tt_if_18/HI
 tt_if_19/HI
 tt_if_20/HI
 tt_if_21/HI
 tt_if_22/HI
 tt_if_23/HI
 tt_if_24/HI
 tt_if_25/HI
 tt_if_26/HI
 tt_if_7/HI
 tt_if_8/HI
 tt_if_9/HI
Found 0 partially unannotated drivers.

===========================================================================
max slew violation count 0
Writing metric design__max_slew_violation__count__corner:nom_tt_025C_1v80: 0
max fanout violation count 0
Writing metric design__max_fanout_violation__count__corner:nom_tt_025C_1v80: 0
max cap violation count 0
Writing metric design__max_cap_violation__count__corner:nom_tt_025C_1v80: 0
============================================================================

===========================================================================
check_setup -verbose -unconstrained_endpoints -multiple_clock -no_clock -no_input_delay -loops -generated_clocks
===========================================================================
Warning: There are 20 unconstrained endpoints.
  uio_oe[0]
  uio_oe[1]
  uio_oe[2]
  uio_oe[3]
  uio_oe[4]
  uio_oe[5]
  uio_oe[6]
  uio_oe[7]
  uio_out[0]
  uio_out[1]
  uio_out[2]
  uio_out[3]
  uio_out[4]
  uio_out[5]
  uio_out[6]
  uio_out[7]
  uo_out[4]
  uo_out[5]
  uo_out[6]
  uo_out[7]
%OL_END_REPORT
%OL_CREATE_REPORT power.rpt

===========================================================================
 report_power
============================================================================
======================= nom_tt_025C_1v80 Corner ===================================

Group                    Internal    Switching      Leakage        Total
                            Power        Power        Power        Power (Watts)
------------------------------------------------------------------------
Sequential           2.335112e-05 5.307634e-06 4.578522e-11 2.865880e-05  21.9%
Combinational        1.757295e-05 2.376192e-05 1.381799e-10 4.133501e-05  31.6%
Clock                5.079882e-05 9.997368e-06 9.528998e-11 6.079628e-05  46.5%
Macro                0.000000e+00 0.000000e+00 0.000000e+00 0.000000e+00   0.0%
Pad                  0.000000e+00 0.000000e+00 0.000000e+00 0.000000e+00   0.0%
------------------------------------------------------------------------
Total                9.172289e-05 3.906693e-05 2.792551e-10 1.307901e-04 100.0%
                            70.1%        29.9%         0.0%
Writing metric power__internal__total: 9.17228899197653e-5
Writing metric power__switching__total: 3.906692654709332e-5
Writing metric power__leakage__total: 2.792550635177804e-10
Writing metric power__total: 0.00013079009659122676

%OL_END_REPORT
%OL_CREATE_REPORT skew.min.rpt

===========================================================================
Clock Skew (Hold)
============================================================================
Writing metric clock__skew__worst_hold__corner:nom_tt_025C_1v80: -0.2500042466031893
======================= nom_tt_025C_1v80 Corner ===================================

Clock i_clk
0.271219 source latency _17_/CLK ^
-0.271223 target latency _18_/CLK ^
-0.250000 clock uncertainty
0.000000 CRPR
--------------
-0.250004 hold skew

%OL_END_REPORT
%OL_CREATE_REPORT skew.max.rpt

===========================================================================
Clock Skew (Setup)
============================================================================
Writing metric clock__skew__worst_setup__corner:nom_tt_025C_1v80: 0.25010733081394115
======================= nom_tt_025C_1v80 Corner ===================================

Clock i_clk
0.271326 source latency _19_/CLK ^
-0.271219 target latency _17_/CLK ^
0.250000 clock uncertainty
0.000000 CRPR
--------------
0.250107 setup skew

%OL_END_REPORT
%OL_CREATE_REPORT ws.min.rpt

===========================================================================
Worst Slack (Hold)
============================================================================
Writing metric timing__hold__ws__corner:nom_tt_025C_1v80: 0.3498639255111384
nom_tt_025C_1v80: 0.3498639255111384
%OL_END_REPORT
%OL_CREATE_REPORT ws.max.rpt

===========================================================================
Worst Slack (Setup)
============================================================================
Writing metric timing__setup__ws__corner:nom_tt_025C_1v80: 8.42301363609264
nom_tt_025C_1v80: 8.42301363609264
%OL_END_REPORT
%OL_CREATE_REPORT tns.min.rpt

===========================================================================
Total Negative Slack (Hold)
============================================================================
Writing metric timing__hold__tns__corner:nom_tt_025C_1v80: 0.0
nom_tt_025C_1v80: 0.0
%OL_END_REPORT
%OL_CREATE_REPORT tns.max.rpt

===========================================================================
Total Negative Slack (Setup)
============================================================================
Writing metric timing__setup__tns__corner:nom_tt_025C_1v80: 0.0
nom_tt_025C_1v80: 0.0
%OL_END_REPORT
%OL_CREATE_REPORT wns.min.rpt

===========================================================================
Worst Negative Slack (Hold)
============================================================================
Writing metric timing__hold__wns__corner:nom_tt_025C_1v80: 0
nom_tt_025C_1v80: 0
%OL_END_REPORT
%OL_CREATE_REPORT wns.max.rpt

===========================================================================
Worst Negative Slack (Setup)
============================================================================
Writing metric timing__setup__wns__corner:nom_tt_025C_1v80: 0.0
nom_tt_025C_1v80: 0.0
%OL_END_REPORT
%OL_CREATE_REPORT violator_list.rpt

===========================================================================
Violator List
============================================================================
[WARNING STA-0503] find_timing_paths -group_count is deprecated. Use -group_path_count instead.
[WARNING STA-0503] find_timing_paths -group_count is deprecated. Use -group_path_count instead.
[WARNING STA-0503] find_timing_paths -group_count is deprecated. Use -group_path_count instead.
[WARNING STA-0503] find_timing_paths -group_count is deprecated. Use -group_path_count instead.
Writing metric timing__hold_vio__count__corner:nom_tt_025C_1v80: 0
Writing metric timing__hold_r2r__ws__corner:nom_tt_025C_1v80: 0.349864
Writing metric timing__hold_r2r_vio__count__corner:nom_tt_025C_1v80: 0
Writing metric timing__setup_vio__count__corner:nom_tt_025C_1v80: 0
Writing metric timing__setup_r2r__ws__corner:nom_tt_025C_1v80: 8.537589
Writing metric timing__setup_r2r_vio__count__corner:nom_tt_025C_1v80: 0
%OL_END_REPORT
%OL_CREATE_REPORT unpropagated.rpt
%OL_END_REPORT
%OL_CREATE_REPORT clock.rpt
Clock: i_clk
Sources: i_clk 
Generated: no
Virtual: yes
Propagated: no
Period: 10.000000

===========================================================================
report_clock_properties
============================================================================
Clock                   Period          Waveform
----------------------------------------------------
i_clk                10.000000    0.000000  5.000000

===========================================================================
report_clock_latency
============================================================================
Clock i_clk
rise -> rise
    min     max
0.000000 0.000000 source latency
0.271219         network latency _17_/CLK
        0.271326 network latency _19_/CLK
---------------
0.271219 0.271326 latency
        0.000107 skew

fall -> fall
    min     max
0.000000 0.000000 source latency
0.279108         network latency _17_/CLK
        0.279206 network latency _19_/CLK
---------------
0.279108 0.279206 latency
        0.000098 skew



===========================================================================
report_clock_min_period
============================================================================
i_clk period_min = 1.51 fmax = 660.11
%OL_END_REPORT
