
===========================================================================
report_checks -unconstrained
===========================================================================
======================= max_ss_100C_1v60 Corner ===================================

Warning: corner.tcl line 77, unknown field nets.
Startpoint: i_rst_n (input port clocked by i_clk)
Endpoint: _17_ (recovery check against rising-edge clock i_clk)
Path Group: asynchronous
Path Type: max

Fanout         Cap        Slew       Delay        Time   Description
---------------------------------------------------------------------------------------------
                                  0.000000    0.000000   clock i_clk (rise edge)
                                  0.000000    0.000000   clock network delay (propagated)
                                  0.020000    0.020000 ^ input external delay
     1    0.002569    0.030728    0.014613    0.034613 ^ i_rst_n (in)
                      0.030728    0.000000    0.034613 ^ hold1/A (sky130_fd_sc_hd__dlygate4sd3_1)
     1    0.002577    0.088920    1.020270    1.054883 ^ hold1/X (sky130_fd_sc_hd__dlygate4sd3_1)
                      0.088920    0.000169    1.055051 ^ input2/A (sky130_fd_sc_hd__dlymetal6s2s_1)
     1    0.002626    0.083322    0.178178    1.233230 ^ input2/X (sky130_fd_sc_hd__dlymetal6s2s_1)
                      0.083322    0.000174    1.233404 ^ hold2/A (sky130_fd_sc_hd__dlygate4sd3_1)
     4    0.016737    0.280608    1.213390    2.446794 ^ hold2/X (sky130_fd_sc_hd__dlygate4sd3_1)
                      0.280608    0.000776    2.447570 ^ _17_/RESET_B (sky130_fd_sc_hd__dfrtp_1)
                                              2.447570   data arrival time

                                 10.000000   10.000000   clock i_clk (rise edge)
                                  0.000000   10.000000   clock source latency
     1    0.011037    0.088265    0.057756   10.057756 ^ i_clk (in)
                      0.088271    0.000000   10.057756 ^ clkbuf_0_i_clk/A (sky130_fd_sc_hd__clkbuf_16)
     2    0.019830    0.067228    0.229310   10.287066 ^ clkbuf_0_i_clk/X (sky130_fd_sc_hd__clkbuf_16)
                      0.067247    0.001290   10.288356 ^ clkbuf_1_0__f_i_clk/A (sky130_fd_sc_hd__clkbuf_16)
     2    0.005325    0.048258    0.197450   10.485806 ^ clkbuf_1_0__f_i_clk/X (sky130_fd_sc_hd__clkbuf_16)
                      0.048259    0.000331   10.486137 ^ _17_/CLK (sky130_fd_sc_hd__dfrtp_1)
                                 -0.250000   10.236137   clock uncertainty
                                  0.000000   10.236137   clock reconvergence pessimism
                                  0.377211   10.613349   library recovery time
                                             10.613349   data required time
---------------------------------------------------------------------------------------------
                                             10.613349   data required time
                                             -2.447570   data arrival time
---------------------------------------------------------------------------------------------
                                              8.165778   slack (MET)


Startpoint: i_ena (input port clocked by i_clk)
Endpoint: _16_ (rising edge-triggered flip-flop clocked by i_clk)
Path Group: i_clk
Path Type: max

Fanout         Cap        Slew       Delay        Time   Description
---------------------------------------------------------------------------------------------
                                  0.000000    0.000000   clock i_clk (rise edge)
                                  0.000000    0.000000   clock network delay (propagated)
                                  0.020000    0.020000 ^ input external delay
     1    0.002353    0.029299    0.013469    0.033469 ^ i_ena (in)
                      0.029300    0.000000    0.033469 ^ hold3/A (sky130_fd_sc_hd__dlygate4sd3_1)
     1    0.002184    0.084743    1.013592    1.047061 ^ hold3/X (sky130_fd_sc_hd__dlygate4sd3_1)
                      0.084743    0.000100    1.047161 ^ input1/A (sky130_fd_sc_hd__clkbuf_1)
     4    0.010265    0.206004    0.254325    1.301486 ^ input1/X (sky130_fd_sc_hd__clkbuf_1)
                      0.206004    0.000296    1.301783 ^ _08_/B (sky130_fd_sc_hd__nand2_1)
     2    0.006301    0.129318    0.198998    1.500781 v _08_/Y (sky130_fd_sc_hd__nand2_1)
                      0.129318    0.000271    1.501052 v _09_/B (sky130_fd_sc_hd__xnor2_1)
     1    0.002243    0.084718    0.222875    1.723926 v _09_/Y (sky130_fd_sc_hd__xnor2_1)
                      0.084718    0.000160    1.724086 v hold4/A (sky130_fd_sc_hd__dlygate4sd3_1)
     1    0.002626    0.104104    1.127017    2.851102 v hold4/X (sky130_fd_sc_hd__dlygate4sd3_1)
                      0.104104    0.000187    2.851289 v _16_/D (sky130_fd_sc_hd__dfrtp_1)
                                              2.851289   data arrival time

                                 10.000000   10.000000   clock i_clk (rise edge)
                                  0.000000   10.000000   clock source latency
     1    0.011037    0.088265    0.057756   10.057756 ^ i_clk (in)
                      0.088271    0.000000   10.057756 ^ clkbuf_0_i_clk/A (sky130_fd_sc_hd__clkbuf_16)
     2    0.019830    0.067228    0.229310   10.287066 ^ clkbuf_0_i_clk/X (sky130_fd_sc_hd__clkbuf_16)
                      0.067247    0.001281   10.288347 ^ clkbuf_1_1__f_i_clk/A (sky130_fd_sc_hd__clkbuf_16)
     2    0.006116    0.049334    0.198947   10.487294 ^ clkbuf_1_1__f_i_clk/X (sky130_fd_sc_hd__clkbuf_16)
                      0.049335    0.000349   10.487643 ^ _16_/CLK (sky130_fd_sc_hd__dfrtp_1)
                                 -0.250000   10.237643   clock uncertainty
                                  0.000000   10.237643   clock reconvergence pessimism
                                 -0.296300    9.941342   library setup time
                                              9.941342   data required time
---------------------------------------------------------------------------------------------
                                              9.941342   data required time
                                             -2.851289   data arrival time
---------------------------------------------------------------------------------------------
                                              7.090053   slack (MET)




===========================================================================
report_checks --slack_max -0.01
============================================================================
======================= max_ss_100C_1v60 Corner ===================================

Warning: corner.tcl line 85, unknown field nets.
No paths found.


===========================================================================
 report_check_types -max_slew -max_cap -max_fanout -violators
============================================================================
======================= max_ss_100C_1v60 Corner ===================================



===========================================================================
report_parasitic_annotation -report_unannotated
============================================================================
Found 36 unannotated drivers.
 ui_in[0]
 ui_in[1]
 ui_in[2]
 ui_in[3]
 ui_in[4]
 ui_in[5]
 ui_in[6]
 ui_in[7]
 uio_in[0]
 uio_in[1]
 uio_in[2]
 uio_in[3]
 uio_in[4]
 uio_in[5]
 uio_in[6]
 uio_in[7]
 tt_if_10/HI
 tt_if_11/HI
 tt_if_12/HI
 tt_if_13/HI
 tt_if_14/HI
 tt_if_15/HI
 tt_if_16/HI
 tt_if_17/HI
 tt_if_18/HI
 tt_if_19/HI
 tt_if_20/HI
 tt_if_21/HI
 tt_if_22/HI
 tt_if_23/HI
 tt_if_24/HI
 tt_if_25/HI
 tt_if_26/HI
 tt_if_7/HI
 tt_if_8/HI
 tt_if_9/HI
Found 0 partially unannotated drivers.

===========================================================================
max slew violation count 0
max fanout violation count 0
max cap violation count 0
============================================================================

===========================================================================
check_setup -verbose -unconstrained_endpoints -multiple_clock -no_clock -no_input_delay -loops -generated_clocks
===========================================================================
Warning: There are 20 unconstrained endpoints.
  uio_oe[0]
  uio_oe[1]
  uio_oe[2]
  uio_oe[3]
  uio_oe[4]
  uio_oe[5]
  uio_oe[6]
  uio_oe[7]
  uio_out[0]
  uio_out[1]
  uio_out[2]
  uio_out[3]
  uio_out[4]
  uio_out[5]
  uio_out[6]
  uio_out[7]
  uo_out[4]
  uo_out[5]
  uo_out[6]
  uo_out[7]
