Clock: i_clk
Sources: i_clk 
Generated: no
Virtual: yes
Propagated: no
Period: 10.000000

===========================================================================
report_clock_properties
============================================================================
Clock                   Period          Waveform
----------------------------------------------------
i_clk                10.000000    0.000000  5.000000

===========================================================================
report_clock_latency
============================================================================
Clock i_clk
rise -> rise
    min     max
0.000000 0.000000 source latency
0.486137         network latency _17_/CLK
        0.487654 network latency _19_/CLK
---------------
0.486137 0.487654 latency
        0.001516 skew

fall -> fall
    min     max
0.000000 0.000000 source latency
0.508133         network latency _17_/CLK
        0.509461 network latency _19_/CLK
---------------
0.508133 0.509461 latency
        0.001329 skew



===========================================================================
report_clock_min_period
============================================================================
i_clk period_min = 2.83 fmax = 352.96
