[WARNING ORD-0039] .openroad ignored with -python
Unannotated report:
['report_parasitic_annotation -report_unannotated\n',
 '============================================================================\n',
 'Found 36 unannotated drivers.\n',
 ' ui_in[0]\n',
 ' ui_in[1]\n',
 ' ui_in[2]\n',
 ' ui_in[3]\n',
 ' ui_in[4]\n',
 ' ui_in[5]\n',
 ' ui_in[6]\n',
 ' ui_in[7]\n',
 ' uio_in[0]\n',
 ' uio_in[1]\n',
 ' uio_in[2]\n',
 ' uio_in[3]\n',
 ' uio_in[4]\n',
 ' uio_in[5]\n',
 ' uio_in[6]\n',
 ' uio_in[7]\n',
 ' tt_if_10/HI\n',
 ' tt_if_11/HI\n',
 ' tt_if_12/HI\n',
 ' tt_if_13/HI\n',
 ' tt_if_14/HI\n',
 ' tt_if_15/HI\n',
 ' tt_if_16/HI\n',
 ' tt_if_17/HI\n',
 ' tt_if_18/HI\n',
 ' tt_if_19/HI\n',
 ' tt_if_20/HI\n',
 ' tt_if_21/HI\n',
 ' tt_if_22/HI\n',
 ' tt_if_23/HI\n',
 ' tt_if_24/HI\n',
 ' tt_if_25/HI\n',
 ' tt_if_26/HI\n',
 ' tt_if_7/HI\n',
 ' tt_if_8/HI\n',
 ' tt_if_9/HI\n',
 'Found 0 partially unannotated drivers.\n',
 '\n']
Reported nets:
['ui_in[0]',
 'ui_in[1]',
 'ui_in[2]',
 'ui_in[3]',
 'ui_in[4]',
 'ui_in[5]',
 'ui_in[6]',
 'ui_in[7]',
 'uio_in[0]',
 'uio_in[1]',
 'uio_in[2]',
 'uio_in[3]',
 'uio_in[4]',
 'uio_in[5]',
 'uio_in[6]',
 'uio_in[7]',
 'tt_if_10/HI',
 'tt_if_11/HI',
 'tt_if_12/HI',
 'tt_if_13/HI',
 'tt_if_14/HI',
 'tt_if_15/HI',
 'tt_if_16/HI',
 'tt_if_17/HI',
 'tt_if_18/HI',
 'tt_if_19/HI',
 'tt_if_20/HI',
 'tt_if_21/HI',
 'tt_if_22/HI',
 'tt_if_23/HI',
 'tt_if_24/HI',
 'tt_if_25/HI',
 'tt_if_26/HI',
 'tt_if_7/HI',
 'tt_if_8/HI',
 'tt_if_9/HI']
Filtered nets:
[]
done
