
===========================================================================
report_checks -path_delay min (Hold)
============================================================================
======================= max_ss_100C_1v60 Corner ===================================

Warning: corner.tcl line 57, unknown field nets.
Warning: corner.tcl line 57, report_checks -group_count is deprecated. Use -group_path_count instead.
Startpoint: _17_ (rising edge-triggered flip-flop clocked by i_clk)
Endpoint: _17_ (rising edge-triggered flip-flop clocked by i_clk)
Path Group: i_clk
Path Type: min

Fanout         Cap        Slew       Delay        Time   Description
---------------------------------------------------------------------------------------------
                                  0.000000    0.000000   clock i_clk (rise edge)
                                  0.000000    0.000000   clock source latency
     1    0.011037    0.088265    0.057756    0.057756 ^ i_clk (in)
                      0.088271    0.000000    0.057756 ^ clkbuf_0_i_clk/A (sky130_fd_sc_hd__clkbuf_16)
     2    0.019830    0.067228    0.229310    0.287066 ^ clkbuf_0_i_clk/X (sky130_fd_sc_hd__clkbuf_16)
                      0.067247    0.001290    0.288356 ^ clkbuf_1_0__f_i_clk/A (sky130_fd_sc_hd__clkbuf_16)
     2    0.005325    0.048258    0.197449    0.485806 ^ clkbuf_1_0__f_i_clk/X (sky130_fd_sc_hd__clkbuf_16)
                      0.048259    0.000332    0.486137 ^ _17_/CLK (sky130_fd_sc_hd__dfrtp_1)
     3    0.010413    0.171094    0.710236    1.196374 ^ _17_/Q (sky130_fd_sc_hd__dfrtp_1)
                      0.171094    0.000562    1.196936 ^ _11_/B1 (sky130_fd_sc_hd__a31o_1)
     1    0.001902    0.060435    0.192041    1.388977 ^ _11_/X (sky130_fd_sc_hd__a31o_1)
                      0.060435    0.000134    1.389111 ^ _12_/B (sky130_fd_sc_hd__and2b_1)
     1    0.003601    0.081147    0.231006    1.620117 ^ _12_/X (sky130_fd_sc_hd__and2b_1)
                      0.081147    0.000215    1.620332 ^ _17_/D (sky130_fd_sc_hd__dfrtp_1)
                                              1.620332   data arrival time

                                  0.000000    0.000000   clock i_clk (rise edge)
                                  0.000000    0.000000   clock source latency
     1    0.011037    0.088265    0.057756    0.057756 ^ i_clk (in)
                      0.088271    0.000000    0.057756 ^ clkbuf_0_i_clk/A (sky130_fd_sc_hd__clkbuf_16)
     2    0.019830    0.067228    0.229310    0.287066 ^ clkbuf_0_i_clk/X (sky130_fd_sc_hd__clkbuf_16)
                      0.067247    0.001290    0.288356 ^ clkbuf_1_0__f_i_clk/A (sky130_fd_sc_hd__clkbuf_16)
     2    0.005325    0.048258    0.197449    0.485806 ^ clkbuf_1_0__f_i_clk/X (sky130_fd_sc_hd__clkbuf_16)
                      0.048259    0.000332    0.486137 ^ _17_/CLK (sky130_fd_sc_hd__dfrtp_1)
                                  0.250000    0.736137   clock uncertainty
                                  0.000000    0.736137   clock reconvergence pessimism
                                 -0.083053    0.653085   library hold time
                                              0.653085   data required time
---------------------------------------------------------------------------------------------
                                              0.653085   data required time
                                             -1.620332   data arrival time
---------------------------------------------------------------------------------------------
                                              0.967248   slack (MET)


Startpoint: i_rst_n (input port clocked by i_clk)
Endpoint: _16_ (removal check against rising-edge clock i_clk)
Path Group: asynchronous
Path Type: min

Fanout         Cap        Slew       Delay        Time   Description
---------------------------------------------------------------------------------------------
                                  0.000000    0.000000   clock i_clk (rise edge)
                                  0.000000    0.000000   clock network delay (propagated)
                                  0.020000    0.020000 ^ input external delay
     1    0.002569    0.030728    0.014613    0.034613 ^ i_rst_n (in)
                      0.030728    0.000000    0.034613 ^ hold1/A (sky130_fd_sc_hd__dlygate4sd3_1)
     1    0.002577    0.088920    1.020270    1.054883 ^ hold1/X (sky130_fd_sc_hd__dlygate4sd3_1)
                      0.088920    0.000169    1.055051 ^ input2/A (sky130_fd_sc_hd__dlymetal6s2s_1)
     1    0.002626    0.083322    0.178178    1.233230 ^ input2/X (sky130_fd_sc_hd__dlymetal6s2s_1)
                      0.083322    0.000174    1.233404 ^ hold2/A (sky130_fd_sc_hd__dlygate4sd3_1)
     4    0.016737    0.280608    1.213390    2.446794 ^ hold2/X (sky130_fd_sc_hd__dlygate4sd3_1)
                      0.280608    0.000761    2.447554 ^ _16_/RESET_B (sky130_fd_sc_hd__dfrtp_1)
                                              2.447554   data arrival time

                                  0.000000    0.000000   clock i_clk (rise edge)
                                  0.000000    0.000000   clock source latency
     1    0.011037    0.088265    0.057756    0.057756 ^ i_clk (in)
                      0.088271    0.000000    0.057756 ^ clkbuf_0_i_clk/A (sky130_fd_sc_hd__clkbuf_16)
     2    0.019830    0.067228    0.229310    0.287066 ^ clkbuf_0_i_clk/X (sky130_fd_sc_hd__clkbuf_16)
                      0.067247    0.001281    0.288347 ^ clkbuf_1_1__f_i_clk/A (sky130_fd_sc_hd__clkbuf_16)
     2    0.006116    0.049334    0.198947    0.487294 ^ clkbuf_1_1__f_i_clk/X (sky130_fd_sc_hd__clkbuf_16)
                      0.049335    0.000349    0.487643 ^ _16_/CLK (sky130_fd_sc_hd__dfrtp_1)
                                  0.250000    0.737643   clock uncertainty
                                  0.000000    0.737643   clock reconvergence pessimism
                                  0.715950    1.453593   library removal time
                                              1.453593   data required time
---------------------------------------------------------------------------------------------
                                              1.453593   data required time
                                             -2.447554   data arrival time
---------------------------------------------------------------------------------------------
                                              0.993961   slack (MET)


Startpoint: i_rst_n (input port clocked by i_clk)
Endpoint: _19_ (removal check against rising-edge clock i_clk)
Path Group: asynchronous
Path Type: min

Fanout         Cap        Slew       Delay        Time   Description
---------------------------------------------------------------------------------------------
                                  0.000000    0.000000   clock i_clk (rise edge)
                                  0.000000    0.000000   clock network delay (propagated)
                                  0.020000    0.020000 ^ input external delay
     1    0.002569    0.030728    0.014613    0.034613 ^ i_rst_n (in)
                      0.030728    0.000000    0.034613 ^ hold1/A (sky130_fd_sc_hd__dlygate4sd3_1)
     1    0.002577    0.088920    1.020270    1.054883 ^ hold1/X (sky130_fd_sc_hd__dlygate4sd3_1)
                      0.088920    0.000169    1.055051 ^ input2/A (sky130_fd_sc_hd__dlymetal6s2s_1)
     1    0.002626    0.083322    0.178178    1.233230 ^ input2/X (sky130_fd_sc_hd__dlymetal6s2s_1)
                      0.083322    0.000174    1.233404 ^ hold2/A (sky130_fd_sc_hd__dlygate4sd3_1)
     4    0.016737    0.280608    1.213390    2.446794 ^ hold2/X (sky130_fd_sc_hd__dlygate4sd3_1)
                      0.280608    0.000780    2.447574 ^ _19_/RESET_B (sky130_fd_sc_hd__dfrtp_1)
                                              2.447574   data arrival time

                                  0.000000    0.000000   clock i_clk (rise edge)
                                  0.000000    0.000000   clock source latency
     1    0.011037    0.088265    0.057756    0.057756 ^ i_clk (in)
                      0.088271    0.000000    0.057756 ^ clkbuf_0_i_clk/A (sky130_fd_sc_hd__clkbuf_16)
     2    0.019830    0.067228    0.229310    0.287066 ^ clkbuf_0_i_clk/X (sky130_fd_sc_hd__clkbuf_16)
                      0.067247    0.001281    0.288347 ^ clkbuf_1_1__f_i_clk/A (sky130_fd_sc_hd__clkbuf_16)
     2    0.006116    0.049334    0.198947    0.487294 ^ clkbuf_1_1__f_i_clk/X (sky130_fd_sc_hd__clkbuf_16)
                      0.049335    0.000360    0.487654 ^ _19_/CLK (sky130_fd_sc_hd__dfrtp_1)
                                  0.250000    0.737654   clock uncertainty
                                  0.000000    0.737654   clock reconvergence pessimism
                                  0.715950    1.453604   library removal time
                                              1.453604   data required time
---------------------------------------------------------------------------------------------
                                              1.453604   data required time
                                             -2.447574   data arrival time
---------------------------------------------------------------------------------------------
                                              0.993970   slack (MET)


Startpoint: i_rst_n (input port clocked by i_clk)
Endpoint: _18_ (removal check against rising-edge clock i_clk)
Path Group: asynchronous
Path Type: min

Fanout         Cap        Slew       Delay        Time   Description
---------------------------------------------------------------------------------------------
                                  0.000000    0.000000   clock i_clk (rise edge)
                                  0.000000    0.000000   clock network delay (propagated)
                                  0.020000    0.020000 ^ input external delay
     1    0.002569    0.030728    0.014613    0.034613 ^ i_rst_n (in)
                      0.030728    0.000000    0.034613 ^ hold1/A (sky130_fd_sc_hd__dlygate4sd3_1)
     1    0.002577    0.088920    1.020270    1.054883 ^ hold1/X (sky130_fd_sc_hd__dlygate4sd3_1)
                      0.088920    0.000169    1.055051 ^ input2/A (sky130_fd_sc_hd__dlymetal6s2s_1)
     1    0.002626    0.083322    0.178178    1.233230 ^ input2/X (sky130_fd_sc_hd__dlymetal6s2s_1)
                      0.083322    0.000174    1.233404 ^ hold2/A (sky130_fd_sc_hd__dlygate4sd3_1)
     4    0.016737    0.280608    1.213390    2.446794 ^ hold2/X (sky130_fd_sc_hd__dlygate4sd3_1)
                      0.280608    0.000729    2.447523 ^ _18_/RESET_B (sky130_fd_sc_hd__dfrtp_1)
                                              2.447523   data arrival time

                                  0.000000    0.000000   clock i_clk (rise edge)
                                  0.000000    0.000000   clock source latency
     1    0.011037    0.088265    0.057756    0.057756 ^ i_clk (in)
                      0.088271    0.000000    0.057756 ^ clkbuf_0_i_clk/A (sky130_fd_sc_hd__clkbuf_16)
     2    0.019830    0.067228    0.229310    0.287066 ^ clkbuf_0_i_clk/X (sky130_fd_sc_hd__clkbuf_16)
                      0.067247    0.001290    0.288356 ^ clkbuf_1_0__f_i_clk/A (sky130_fd_sc_hd__clkbuf_16)
     2    0.005325    0.048258    0.197449    0.485806 ^ clkbuf_1_0__f_i_clk/X (sky130_fd_sc_hd__clkbuf_16)
                      0.048259    0.000409    0.486215 ^ _18_/CLK (sky130_fd_sc_hd__dfrtp_1)
                                  0.250000    0.736215   clock uncertainty
                                  0.000000    0.736215   clock reconvergence pessimism
                                  0.715627    1.451842   library removal time
                                              1.451842   data required time
---------------------------------------------------------------------------------------------
                                              1.451842   data required time
                                             -2.447523   data arrival time
---------------------------------------------------------------------------------------------
                                              0.995681   slack (MET)


Startpoint: i_rst_n (input port clocked by i_clk)
Endpoint: _17_ (removal check against rising-edge clock i_clk)
Path Group: asynchronous
Path Type: min

Fanout         Cap        Slew       Delay        Time   Description
---------------------------------------------------------------------------------------------
                                  0.000000    0.000000   clock i_clk (rise edge)
                                  0.000000    0.000000   clock network delay (propagated)
                                  0.020000    0.020000 ^ input external delay
     1    0.002569    0.030728    0.014613    0.034613 ^ i_rst_n (in)
                      0.030728    0.000000    0.034613 ^ hold1/A (sky130_fd_sc_hd__dlygate4sd3_1)
     1    0.002577    0.088920    1.020270    1.054883 ^ hold1/X (sky130_fd_sc_hd__dlygate4sd3_1)
                      0.088920    0.000169    1.055051 ^ input2/A (sky130_fd_sc_hd__dlymetal6s2s_1)
     1    0.002626    0.083322    0.178178    1.233230 ^ input2/X (sky130_fd_sc_hd__dlymetal6s2s_1)
                      0.083322    0.000174    1.233404 ^ hold2/A (sky130_fd_sc_hd__dlygate4sd3_1)
     4    0.016737    0.280608    1.213390    2.446794 ^ hold2/X (sky130_fd_sc_hd__dlygate4sd3_1)
                      0.280608    0.000776    2.447570 ^ _17_/RESET_B (sky130_fd_sc_hd__dfrtp_1)
                                              2.447570   data arrival time

                                  0.000000    0.000000   clock i_clk (rise edge)
                                  0.000000    0.000000   clock source latency
     1    0.011037    0.088265    0.057756    0.057756 ^ i_clk (in)
                      0.088271    0.000000    0.057756 ^ clkbuf_0_i_clk/A (sky130_fd_sc_hd__clkbuf_16)
     2    0.019830    0.067228    0.229310    0.287066 ^ clkbuf_0_i_clk/X (sky130_fd_sc_hd__clkbuf_16)
                      0.067247    0.001290    0.288356 ^ clkbuf_1_0__f_i_clk/A (sky130_fd_sc_hd__clkbuf_16)
     2    0.005325    0.048258    0.197449    0.485806 ^ clkbuf_1_0__f_i_clk/X (sky130_fd_sc_hd__clkbuf_16)
                      0.048259    0.000332    0.486137 ^ _17_/CLK (sky130_fd_sc_hd__dfrtp_1)
                                  0.250000    0.736137   clock uncertainty
                                  0.000000    0.736137   clock reconvergence pessimism
                                  0.715627    1.451764   library removal time
                                              1.451764   data required time
---------------------------------------------------------------------------------------------
                                              1.451764   data required time
                                             -2.447570   data arrival time
---------------------------------------------------------------------------------------------
                                              0.995806   slack (MET)


Startpoint: _19_ (rising edge-triggered flip-flop clocked by i_clk)
Endpoint: _19_ (rising edge-triggered flip-flop clocked by i_clk)
Path Group: i_clk
Path Type: min

Fanout         Cap        Slew       Delay        Time   Description
---------------------------------------------------------------------------------------------
                                  0.000000    0.000000   clock i_clk (rise edge)
                                  0.000000    0.000000   clock source latency
     1    0.011037    0.088265    0.057756    0.057756 ^ i_clk (in)
                      0.088271    0.000000    0.057756 ^ clkbuf_0_i_clk/A (sky130_fd_sc_hd__clkbuf_16)
     2    0.019830    0.067228    0.229310    0.287066 ^ clkbuf_0_i_clk/X (sky130_fd_sc_hd__clkbuf_16)
                      0.067247    0.001281    0.288347 ^ clkbuf_1_1__f_i_clk/A (sky130_fd_sc_hd__clkbuf_16)
     2    0.006116    0.049334    0.198947    0.487294 ^ clkbuf_1_1__f_i_clk/X (sky130_fd_sc_hd__clkbuf_16)
                      0.049335    0.000360    0.487654 ^ _19_/CLK (sky130_fd_sc_hd__dfrtp_1)
     5    0.013332    0.205692    0.741577    1.229230 ^ _19_/Q (sky130_fd_sc_hd__dfrtp_1)
                      0.205692    0.000608    1.229838 ^ _14_/A (sky130_fd_sc_hd__or2_1)
     1    0.001839    0.053967    0.213431    1.443269 ^ _14_/X (sky130_fd_sc_hd__or2_1)
                      0.053967    0.000126    1.443395 ^ _15_/B (sky130_fd_sc_hd__and2_1)
     1    0.003265    0.085227    0.225483    1.668878 ^ _15_/X (sky130_fd_sc_hd__and2_1)
                      0.085227    0.000194    1.669072 ^ _19_/D (sky130_fd_sc_hd__dfrtp_1)
                                              1.669072   data arrival time

                                  0.000000    0.000000   clock i_clk (rise edge)
                                  0.000000    0.000000   clock source latency
     1    0.011037    0.088265    0.057756    0.057756 ^ i_clk (in)
                      0.088271    0.000000    0.057756 ^ clkbuf_0_i_clk/A (sky130_fd_sc_hd__clkbuf_16)
     2    0.019830    0.067228    0.229310    0.287066 ^ clkbuf_0_i_clk/X (sky130_fd_sc_hd__clkbuf_16)
                      0.067247    0.001281    0.288347 ^ clkbuf_1_1__f_i_clk/A (sky130_fd_sc_hd__clkbuf_16)
     2    0.006116    0.049334    0.198947    0.487294 ^ clkbuf_1_1__f_i_clk/X (sky130_fd_sc_hd__clkbuf_16)
                      0.049335    0.000360    0.487654 ^ _19_/CLK (sky130_fd_sc_hd__dfrtp_1)
                                  0.250000    0.737654   clock uncertainty
                                  0.000000    0.737654   clock reconvergence pessimism
                                 -0.083808    0.653846   library hold time
                                              0.653846   data required time
---------------------------------------------------------------------------------------------
                                              0.653846   data required time
                                             -1.669072   data arrival time
---------------------------------------------------------------------------------------------
                                              1.015226   slack (MET)


Startpoint: _17_ (rising edge-triggered flip-flop clocked by i_clk)
Endpoint: _18_ (rising edge-triggered flip-flop clocked by i_clk)
Path Group: i_clk
Path Type: min

Fanout         Cap        Slew       Delay        Time   Description
---------------------------------------------------------------------------------------------
                                  0.000000    0.000000   clock i_clk (rise edge)
                                  0.000000    0.000000   clock source latency
     1    0.011037    0.088265    0.057756    0.057756 ^ i_clk (in)
                      0.088271    0.000000    0.057756 ^ clkbuf_0_i_clk/A (sky130_fd_sc_hd__clkbuf_16)
     2    0.019830    0.067228    0.229310    0.287066 ^ clkbuf_0_i_clk/X (sky130_fd_sc_hd__clkbuf_16)
                      0.067247    0.001290    0.288356 ^ clkbuf_1_0__f_i_clk/A (sky130_fd_sc_hd__clkbuf_16)
     2    0.005325    0.048258    0.197449    0.485806 ^ clkbuf_1_0__f_i_clk/X (sky130_fd_sc_hd__clkbuf_16)
                      0.048259    0.000332    0.486137 ^ _17_/CLK (sky130_fd_sc_hd__dfrtp_1)
     3    0.010413    0.171094    0.710236    1.196374 ^ _17_/Q (sky130_fd_sc_hd__dfrtp_1)
                      0.171095    0.000796    1.197170 ^ _10_/C (sky130_fd_sc_hd__and4_1)
     2    0.007370    0.161132    0.476204    1.673374 ^ _10_/X (sky130_fd_sc_hd__and4_1)
                      0.161132    0.000521    1.673895 ^ _13_/B (sky130_fd_sc_hd__xor2_1)
     1    0.002462    0.065044    0.152210    1.826105 v _13_/X (sky130_fd_sc_hd__xor2_1)
                      0.065044    0.000103    1.826208 v _18_/D (sky130_fd_sc_hd__dfrtp_1)
                                              1.826208   data arrival time

                                  0.000000    0.000000   clock i_clk (rise edge)
                                  0.000000    0.000000   clock source latency
     1    0.011037    0.088265    0.057756    0.057756 ^ i_clk (in)
                      0.088271    0.000000    0.057756 ^ clkbuf_0_i_clk/A (sky130_fd_sc_hd__clkbuf_16)
     2    0.019830    0.067228    0.229310    0.287066 ^ clkbuf_0_i_clk/X (sky130_fd_sc_hd__clkbuf_16)
                      0.067247    0.001290    0.288356 ^ clkbuf_1_0__f_i_clk/A (sky130_fd_sc_hd__clkbuf_16)
     2    0.005325    0.048258    0.197449    0.485806 ^ clkbuf_1_0__f_i_clk/X (sky130_fd_sc_hd__clkbuf_16)
                      0.048259    0.000409    0.486215 ^ _18_/CLK (sky130_fd_sc_hd__dfrtp_1)
                                  0.250000    0.736215   clock uncertainty
                                  0.000000    0.736215   clock reconvergence pessimism
                                 -0.100680    0.635535   library hold time
                                              0.635535   data required time
---------------------------------------------------------------------------------------------
                                              0.635535   data required time
                                             -1.826208   data arrival time
---------------------------------------------------------------------------------------------
                                              1.190674   slack (MET)


Startpoint: _18_ (rising edge-triggered flip-flop clocked by i_clk)
Endpoint: uo_out[3] (output port clocked by i_clk)
Path Group: i_clk
Path Type: min

Fanout         Cap        Slew       Delay        Time   Description
---------------------------------------------------------------------------------------------
                                  0.000000    0.000000   clock i_clk (rise edge)
                                  0.000000    0.000000   clock source latency
     1    0.011037    0.088265    0.057756    0.057756 ^ i_clk (in)
                      0.088271    0.000000    0.057756 ^ clkbuf_0_i_clk/A (sky130_fd_sc_hd__clkbuf_16)
     2    0.019830    0.067228    0.229310    0.287066 ^ clkbuf_0_i_clk/X (sky130_fd_sc_hd__clkbuf_16)
                      0.067247    0.001290    0.288356 ^ clkbuf_1_0__f_i_clk/A (sky130_fd_sc_hd__clkbuf_16)
     2    0.005325    0.048258    0.197449    0.485806 ^ clkbuf_1_0__f_i_clk/X (sky130_fd_sc_hd__clkbuf_16)
                      0.048259    0.000409    0.486215 ^ _18_/CLK (sky130_fd_sc_hd__dfrtp_1)
     2    0.006089    0.117619    0.664800    1.151015 ^ _18_/Q (sky130_fd_sc_hd__dfrtp_1)
                      0.117619    0.000358    1.151373 ^ output6/A (sky130_fd_sc_hd__buf_2)
     1    0.034671    0.275443    0.367103    1.518476 ^ output6/X (sky130_fd_sc_hd__buf_2)
                      0.275450    0.001754    1.520230 ^ uo_out[3] (out)
                                              1.520230   data arrival time

                                  0.000000    0.000000   clock i_clk (rise edge)
                                  0.000000    0.000000   clock network delay (propagated)
                                  0.250000    0.250000   clock uncertainty
                                  0.000000    0.250000   clock reconvergence pessimism
                                 -0.020000    0.230000   output external delay
                                              0.230000   data required time
---------------------------------------------------------------------------------------------
                                              0.230000   data required time
                                             -1.520230   data arrival time
---------------------------------------------------------------------------------------------
                                              1.290230   slack (MET)


Startpoint: _17_ (rising edge-triggered flip-flop clocked by i_clk)
Endpoint: uo_out[2] (output port clocked by i_clk)
Path Group: i_clk
Path Type: min

Fanout         Cap        Slew       Delay        Time   Description
---------------------------------------------------------------------------------------------
                                  0.000000    0.000000   clock i_clk (rise edge)
                                  0.000000    0.000000   clock source latency
     1    0.011037    0.088265    0.057756    0.057756 ^ i_clk (in)
                      0.088271    0.000000    0.057756 ^ clkbuf_0_i_clk/A (sky130_fd_sc_hd__clkbuf_16)
     2    0.019830    0.067228    0.229310    0.287066 ^ clkbuf_0_i_clk/X (sky130_fd_sc_hd__clkbuf_16)
                      0.067247    0.001290    0.288356 ^ clkbuf_1_0__f_i_clk/A (sky130_fd_sc_hd__clkbuf_16)
     2    0.005325    0.048258    0.197449    0.485806 ^ clkbuf_1_0__f_i_clk/X (sky130_fd_sc_hd__clkbuf_16)
                      0.048259    0.000332    0.486137 ^ _17_/CLK (sky130_fd_sc_hd__dfrtp_1)
     3    0.010413    0.171094    0.710236    1.196374 ^ _17_/Q (sky130_fd_sc_hd__dfrtp_1)
                      0.171095    0.000828    1.197202 ^ output5/A (sky130_fd_sc_hd__buf_2)
     1    0.034802    0.277255    0.393554    1.590756 ^ output5/X (sky130_fd_sc_hd__buf_2)
                      0.277262    0.001779    1.592535 ^ uo_out[2] (out)
                                              1.592535   data arrival time

                                  0.000000    0.000000   clock i_clk (rise edge)
                                  0.000000    0.000000   clock network delay (propagated)
                                  0.250000    0.250000   clock uncertainty
                                  0.000000    0.250000   clock reconvergence pessimism
                                 -0.020000    0.230000   output external delay
                                              0.230000   data required time
---------------------------------------------------------------------------------------------
                                              0.230000   data required time
                                             -1.592535   data arrival time
---------------------------------------------------------------------------------------------
                                              1.362535   slack (MET)


Startpoint: _19_ (rising edge-triggered flip-flop clocked by i_clk)
Endpoint: uo_out[0] (output port clocked by i_clk)
Path Group: i_clk
Path Type: min

Fanout         Cap        Slew       Delay        Time   Description
---------------------------------------------------------------------------------------------
                                  0.000000    0.000000   clock i_clk (rise edge)
                                  0.000000    0.000000   clock source latency
     1    0.011037    0.088265    0.057756    0.057756 ^ i_clk (in)
                      0.088271    0.000000    0.057756 ^ clkbuf_0_i_clk/A (sky130_fd_sc_hd__clkbuf_16)
     2    0.019830    0.067228    0.229310    0.287066 ^ clkbuf_0_i_clk/X (sky130_fd_sc_hd__clkbuf_16)
                      0.067247    0.001281    0.288347 ^ clkbuf_1_1__f_i_clk/A (sky130_fd_sc_hd__clkbuf_16)
     2    0.006116    0.049334    0.198947    0.487294 ^ clkbuf_1_1__f_i_clk/X (sky130_fd_sc_hd__clkbuf_16)
                      0.049335    0.000360    0.487654 ^ _19_/CLK (sky130_fd_sc_hd__dfrtp_1)
     5    0.013332    0.205692    0.741577    1.229230 ^ _19_/Q (sky130_fd_sc_hd__dfrtp_1)
                      0.205692    0.000645    1.229875 ^ output3/A (sky130_fd_sc_hd__buf_2)
     1    0.034615    0.275188    0.408154    1.638029 ^ output3/X (sky130_fd_sc_hd__buf_2)
                      0.275195    0.001719    1.639748 ^ uo_out[0] (out)
                                              1.639748   data arrival time

                                  0.000000    0.000000   clock i_clk (rise edge)
                                  0.000000    0.000000   clock network delay (propagated)
                                  0.250000    0.250000   clock uncertainty
                                  0.000000    0.250000   clock reconvergence pessimism
                                 -0.020000    0.230000   output external delay
                                              0.230000   data required time
---------------------------------------------------------------------------------------------
                                              0.230000   data required time
                                             -1.639748   data arrival time
---------------------------------------------------------------------------------------------
                                              1.409748   slack (MET)


Startpoint: _16_ (rising edge-triggered flip-flop clocked by i_clk)
Endpoint: uo_out[1] (output port clocked by i_clk)
Path Group: i_clk
Path Type: min

Fanout         Cap        Slew       Delay        Time   Description
---------------------------------------------------------------------------------------------
                                  0.000000    0.000000   clock i_clk (rise edge)
                                  0.000000    0.000000   clock source latency
     1    0.011037    0.088265    0.057756    0.057756 ^ i_clk (in)
                      0.088271    0.000000    0.057756 ^ clkbuf_0_i_clk/A (sky130_fd_sc_hd__clkbuf_16)
     2    0.019830    0.067228    0.229310    0.287066 ^ clkbuf_0_i_clk/X (sky130_fd_sc_hd__clkbuf_16)
                      0.067247    0.001281    0.288347 ^ clkbuf_1_1__f_i_clk/A (sky130_fd_sc_hd__clkbuf_16)
     2    0.006116    0.049334    0.198947    0.487294 ^ clkbuf_1_1__f_i_clk/X (sky130_fd_sc_hd__clkbuf_16)
                      0.049335    0.000349    0.487643 ^ _16_/CLK (sky130_fd_sc_hd__dfrtp_1)
     4    0.015198    0.228497    0.759261    1.246904 ^ _16_/Q (sky130_fd_sc_hd__dfrtp_1)
                      0.228497    0.000905    1.247809 ^ output4/A (sky130_fd_sc_hd__buf_2)
     1    0.034969    0.277891    0.420278    1.668087 ^ output4/X (sky130_fd_sc_hd__buf_2)
                      0.277898    0.001790    1.669876 ^ uo_out[1] (out)
                                              1.669876   data arrival time

                                  0.000000    0.000000   clock i_clk (rise edge)
                                  0.000000    0.000000   clock network delay (propagated)
                                  0.250000    0.250000   clock uncertainty
                                  0.000000    0.250000   clock reconvergence pessimism
                                 -0.020000    0.230000   output external delay
                                              0.230000   data required time
---------------------------------------------------------------------------------------------
                                              0.230000   data required time
                                             -1.669876   data arrival time
---------------------------------------------------------------------------------------------
                                              1.439876   slack (MET)


Startpoint: _16_ (rising edge-triggered flip-flop clocked by i_clk)
Endpoint: _16_ (rising edge-triggered flip-flop clocked by i_clk)
Path Group: i_clk
Path Type: min

Fanout         Cap        Slew       Delay        Time   Description
---------------------------------------------------------------------------------------------
                                  0.000000    0.000000   clock i_clk (rise edge)
                                  0.000000    0.000000   clock source latency
     1    0.011037    0.088265    0.057756    0.057756 ^ i_clk (in)
                      0.088271    0.000000    0.057756 ^ clkbuf_0_i_clk/A (sky130_fd_sc_hd__clkbuf_16)
     2    0.019830    0.067228    0.229310    0.287066 ^ clkbuf_0_i_clk/X (sky130_fd_sc_hd__clkbuf_16)
                      0.067247    0.001281    0.288347 ^ clkbuf_1_1__f_i_clk/A (sky130_fd_sc_hd__clkbuf_16)
     2    0.006116    0.049334    0.198947    0.487294 ^ clkbuf_1_1__f_i_clk/X (sky130_fd_sc_hd__clkbuf_16)
                      0.049335    0.000349    0.487643 ^ _16_/CLK (sky130_fd_sc_hd__dfrtp_1)
     4    0.015198    0.228497    0.759261    1.246904 ^ _16_/Q (sky130_fd_sc_hd__dfrtp_1)
                      0.228502    0.001472    1.248376 ^ _09_/A (sky130_fd_sc_hd__xnor2_1)
     1    0.002361    0.068574    0.251665    1.500041 ^ _09_/Y (sky130_fd_sc_hd__xnor2_1)
                      0.068574    0.000169    1.500210 ^ hold4/A (sky130_fd_sc_hd__dlygate4sd3_1)
     1    0.002641    0.089772    1.037712    2.537921 ^ hold4/X (sky130_fd_sc_hd__dlygate4sd3_1)
                      0.089772    0.000188    2.538110 ^ _16_/D (sky130_fd_sc_hd__dfrtp_1)
                                              2.538110   data arrival time

                                  0.000000    0.000000   clock i_clk (rise edge)
                                  0.000000    0.000000   clock source latency
     1    0.011037    0.088265    0.057756    0.057756 ^ i_clk (in)
                      0.088271    0.000000    0.057756 ^ clkbuf_0_i_clk/A (sky130_fd_sc_hd__clkbuf_16)
     2    0.019830    0.067228    0.229310    0.287066 ^ clkbuf_0_i_clk/X (sky130_fd_sc_hd__clkbuf_16)
                      0.067247    0.001281    0.288347 ^ clkbuf_1_1__f_i_clk/A (sky130_fd_sc_hd__clkbuf_16)
     2    0.006116    0.049334    0.198947    0.487294 ^ clkbuf_1_1__f_i_clk/X (sky130_fd_sc_hd__clkbuf_16)
                      0.049335    0.000349    0.487643 ^ _16_/CLK (sky130_fd_sc_hd__dfrtp_1)
                                  0.250000    0.737643   clock uncertainty
                                  0.000000    0.737643   clock reconvergence pessimism
                                 -0.084846    0.652797   library hold time
                                              0.652797   data required time
---------------------------------------------------------------------------------------------
                                              0.652797   data required time
                                             -2.538110   data arrival time
---------------------------------------------------------------------------------------------
                                              1.885313   slack (MET)



