Reading timing models for corner max_ss_100C_1v60…
Reading cell library for the 'max_ss_100C_1v60' corner at '/home/omare/.volare/sky130A/libs.ref/sky130_fd_sc_hd/lib/sky130_fd_sc_hd__ss_100C_1v60.lib'…
Reading top-level netlist at '/home/omare/Documents/UWASIC/Matrix-Vector-Analog/digital/AXI_IF/build/synthesis/runs/tt_if_full/51-openroad-fillinsertion/tt_if.nl.v'…
Linking design 'tt_if' from netlist…
Warning: /home/omare/Documents/UWASIC/Matrix-Vector-Analog/digital/AXI_IF/build/synthesis/runs/tt_if_full/51-openroad-fillinsertion/tt_if.nl.v line 144, module sky130_fd_sc_hd__tapvpwrvgnd_1 not found. Creating black box for TAP_TAPCELL_ROW_0_18.
Warning: /home/omare/Documents/UWASIC/Matrix-Vector-Analog/digital/AXI_IF/build/synthesis/runs/tt_if_full/51-openroad-fillinsertion/tt_if.nl.v line 176, module sky130_ef_sc_hd__decap_12 not found. Creating black box for FILLER_0_12.
Warning: /home/omare/Documents/UWASIC/Matrix-Vector-Analog/digital/AXI_IF/build/synthesis/runs/tt_if_full/51-openroad-fillinsertion/tt_if.nl.v line 181, module sky130_fd_sc_hd__fill_1 not found. Creating black box for FILLER_1_48.
Warning: /home/omare/Documents/UWASIC/Matrix-Vector-Analog/digital/AXI_IF/build/synthesis/runs/tt_if_full/51-openroad-fillinsertion/tt_if.nl.v line 185, module sky130_fd_sc_hd__fill_2 not found. Creating black box for FILLER_3_11.
Reading design constraints file at '/home/omare/Documents/UWASIC/Matrix-Vector-Analog/.venv/lib/python3.12/site-packages/openlane/scripts/base.sdc'…
[INFO] Using clock i_clk…
[INFO] Setting output delay to: 0.02
[INFO] Setting input delay to: 0.02
[INFO] Setting load to: 0.033442
[INFO] Setting clock uncertainty to: 0.25
[INFO] Setting clock transition to: 0.1499999999999999944488848768742172978818416595458984375
[INFO] Setting timing derate to: 5%
Reading top-level design parasitics for the 'max_ss_100C_1v60' corner at '/home/omare/Documents/UWASIC/Matrix-Vector-Analog/digital/AXI_IF/build/synthesis/runs/tt_if_full/53-openroad-rcx/max/tt_if.max.spef'…
%OL_CREATE_REPORT min.rpt

===========================================================================
report_checks -path_delay min (Hold)
============================================================================
======================= max_ss_100C_1v60 Corner ===================================

Warning: corner.tcl line 57, unknown field nets.
Warning: corner.tcl line 57, report_checks -group_count is deprecated. Use -group_path_count instead.
Startpoint: _17_ (rising edge-triggered flip-flop clocked by i_clk)
Endpoint: _17_ (rising edge-triggered flip-flop clocked by i_clk)
Path Group: i_clk
Path Type: min

Fanout         Cap        Slew       Delay        Time   Description
---------------------------------------------------------------------------------------------
                                  0.000000    0.000000   clock i_clk (rise edge)
                                  0.000000    0.000000   clock source latency
     1    0.011037    0.088265    0.057756    0.057756 ^ i_clk (in)
                      0.088271    0.000000    0.057756 ^ clkbuf_0_i_clk/A (sky130_fd_sc_hd__clkbuf_16)
     2    0.019830    0.067228    0.229310    0.287066 ^ clkbuf_0_i_clk/X (sky130_fd_sc_hd__clkbuf_16)
                      0.067247    0.001290    0.288356 ^ clkbuf_1_0__f_i_clk/A (sky130_fd_sc_hd__clkbuf_16)
     2    0.005325    0.048258    0.197449    0.485806 ^ clkbuf_1_0__f_i_clk/X (sky130_fd_sc_hd__clkbuf_16)
                      0.048259    0.000332    0.486137 ^ _17_/CLK (sky130_fd_sc_hd__dfrtp_1)
     3    0.010413    0.171094    0.710236    1.196374 ^ _17_/Q (sky130_fd_sc_hd__dfrtp_1)
                      0.171094    0.000562    1.196936 ^ _11_/B1 (sky130_fd_sc_hd__a31o_1)
     1    0.001902    0.060435    0.192041    1.388977 ^ _11_/X (sky130_fd_sc_hd__a31o_1)
                      0.060435    0.000134    1.389111 ^ _12_/B (sky130_fd_sc_hd__and2b_1)
     1    0.003601    0.081147    0.231006    1.620117 ^ _12_/X (sky130_fd_sc_hd__and2b_1)
                      0.081147    0.000215    1.620332 ^ _17_/D (sky130_fd_sc_hd__dfrtp_1)
                                              1.620332   data arrival time

                                  0.000000    0.000000   clock i_clk (rise edge)
                                  0.000000    0.000000   clock source latency
     1    0.011037    0.088265    0.057756    0.057756 ^ i_clk (in)
                      0.088271    0.000000    0.057756 ^ clkbuf_0_i_clk/A (sky130_fd_sc_hd__clkbuf_16)
     2    0.019830    0.067228    0.229310    0.287066 ^ clkbuf_0_i_clk/X (sky130_fd_sc_hd__clkbuf_16)
                      0.067247    0.001290    0.288356 ^ clkbuf_1_0__f_i_clk/A (sky130_fd_sc_hd__clkbuf_16)
     2    0.005325    0.048258    0.197449    0.485806 ^ clkbuf_1_0__f_i_clk/X (sky130_fd_sc_hd__clkbuf_16)
                      0.048259    0.000332    0.486137 ^ _17_/CLK (sky130_fd_sc_hd__dfrtp_1)
                                  0.250000    0.736137   clock uncertainty
                                  0.000000    0.736137   clock reconvergence pessimism
                                 -0.083053    0.653085   library hold time
                                              0.653085   data required time
---------------------------------------------------------------------------------------------
                                              0.653085   data required time
                                             -1.620332   data arrival time
---------------------------------------------------------------------------------------------
                                              0.967248   slack (MET)


Startpoint: i_rst_n (input port clocked by i_clk)
Endpoint: _16_ (removal check against rising-edge clock i_clk)
Path Group: asynchronous
Path Type: min

Fanout         Cap        Slew       Delay        Time   Description
---------------------------------------------------------------------------------------------
                                  0.000000    0.000000   clock i_clk (rise edge)
                                  0.000000    0.000000   clock network delay (propagated)
                                  0.020000    0.020000 ^ input external delay
     1    0.002569    0.030728    0.014613    0.034613 ^ i_rst_n (in)
                      0.030728    0.000000    0.034613 ^ hold1/A (sky130_fd_sc_hd__dlygate4sd3_1)
     1    0.002577    0.088920    1.020270    1.054883 ^ hold1/X (sky130_fd_sc_hd__dlygate4sd3_1)
                      0.088920    0.000169    1.055051 ^ input2/A (sky130_fd_sc_hd__dlymetal6s2s_1)
     1    0.002626    0.083322    0.178178    1.233230 ^ input2/X (sky130_fd_sc_hd__dlymetal6s2s_1)
                      0.083322    0.000174    1.233404 ^ hold2/A (sky130_fd_sc_hd__dlygate4sd3_1)
     4    0.016737    0.280608    1.213390    2.446794 ^ hold2/X (sky130_fd_sc_hd__dlygate4sd3_1)
                      0.280608    0.000761    2.447554 ^ _16_/RESET_B (sky130_fd_sc_hd__dfrtp_1)
                                              2.447554   data arrival time

                                  0.000000    0.000000   clock i_clk (rise edge)
                                  0.000000    0.000000   clock source latency
     1    0.011037    0.088265    0.057756    0.057756 ^ i_clk (in)
                      0.088271    0.000000    0.057756 ^ clkbuf_0_i_clk/A (sky130_fd_sc_hd__clkbuf_16)
     2    0.019830    0.067228    0.229310    0.287066 ^ clkbuf_0_i_clk/X (sky130_fd_sc_hd__clkbuf_16)
                      0.067247    0.001281    0.288347 ^ clkbuf_1_1__f_i_clk/A (sky130_fd_sc_hd__clkbuf_16)
     2    0.006116    0.049334    0.198947    0.487294 ^ clkbuf_1_1__f_i_clk/X (sky130_fd_sc_hd__clkbuf_16)
                      0.049335    0.000349    0.487643 ^ _16_/CLK (sky130_fd_sc_hd__dfrtp_1)
                                  0.250000    0.737643   clock uncertainty
                                  0.000000    0.737643   clock reconvergence pessimism
                                  0.715950    1.453593   library removal time
                                              1.453593   data required time
---------------------------------------------------------------------------------------------
                                              1.453593   data required time
                                             -2.447554   data arrival time
---------------------------------------------------------------------------------------------
                                              0.993961   slack (MET)


Startpoint: i_rst_n (input port clocked by i_clk)
Endpoint: _19_ (removal check against rising-edge clock i_clk)
Path Group: asynchronous
Path Type: min

Fanout         Cap        Slew       Delay        Time   Description
---------------------------------------------------------------------------------------------
                                  0.000000    0.000000   clock i_clk (rise edge)
                                  0.000000    0.000000   clock network delay (propagated)
                                  0.020000    0.020000 ^ input external delay
     1    0.002569    0.030728    0.014613    0.034613 ^ i_rst_n (in)
                      0.030728    0.000000    0.034613 ^ hold1/A (sky130_fd_sc_hd__dlygate4sd3_1)
     1    0.002577    0.088920    1.020270    1.054883 ^ hold1/X (sky130_fd_sc_hd__dlygate4sd3_1)
                      0.088920    0.000169    1.055051 ^ input2/A (sky130_fd_sc_hd__dlymetal6s2s_1)
     1    0.002626    0.083322    0.178178    1.233230 ^ input2/X (sky130_fd_sc_hd__dlymetal6s2s_1)
                      0.083322    0.000174    1.233404 ^ hold2/A (sky130_fd_sc_hd__dlygate4sd3_1)
     4    0.016737    0.280608    1.213390    2.446794 ^ hold2/X (sky130_fd_sc_hd__dlygate4sd3_1)
                      0.280608    0.000780    2.447574 ^ _19_/RESET_B (sky130_fd_sc_hd__dfrtp_1)
                                              2.447574   data arrival time

                                  0.000000    0.000000   clock i_clk (rise edge)
                                  0.000000    0.000000   clock source latency
     1    0.011037    0.088265    0.057756    0.057756 ^ i_clk (in)
                      0.088271    0.000000    0.057756 ^ clkbuf_0_i_clk/A (sky130_fd_sc_hd__clkbuf_16)
     2    0.019830    0.067228    0.229310    0.287066 ^ clkbuf_0_i_clk/X (sky130_fd_sc_hd__clkbuf_16)
                      0.067247    0.001281    0.288347 ^ clkbuf_1_1__f_i_clk/A (sky130_fd_sc_hd__clkbuf_16)
     2    0.006116    0.049334    0.198947    0.487294 ^ clkbuf_1_1__f_i_clk/X (sky130_fd_sc_hd__clkbuf_16)
                      0.049335    0.000360    0.487654 ^ _19_/CLK (sky130_fd_sc_hd__dfrtp_1)
                                  0.250000    0.737654   clock uncertainty
                                  0.000000    0.737654   clock reconvergence pessimism
                                  0.715950    1.453604   library removal time
                                              1.453604   data required time
---------------------------------------------------------------------------------------------
                                              1.453604   data required time
                                             -2.447574   data arrival time
---------------------------------------------------------------------------------------------
                                              0.993970   slack (MET)


Startpoint: i_rst_n (input port clocked by i_clk)
Endpoint: _18_ (removal check against rising-edge clock i_clk)
Path Group: asynchronous
Path Type: min

Fanout         Cap        Slew       Delay        Time   Description
---------------------------------------------------------------------------------------------
                                  0.000000    0.000000   clock i_clk (rise edge)
                                  0.000000    0.000000   clock network delay (propagated)
                                  0.020000    0.020000 ^ input external delay
     1    0.002569    0.030728    0.014613    0.034613 ^ i_rst_n (in)
                      0.030728    0.000000    0.034613 ^ hold1/A (sky130_fd_sc_hd__dlygate4sd3_1)
     1    0.002577    0.088920    1.020270    1.054883 ^ hold1/X (sky130_fd_sc_hd__dlygate4sd3_1)
                      0.088920    0.000169    1.055051 ^ input2/A (sky130_fd_sc_hd__dlymetal6s2s_1)
     1    0.002626    0.083322    0.178178    1.233230 ^ input2/X (sky130_fd_sc_hd__dlymetal6s2s_1)
                      0.083322    0.000174    1.233404 ^ hold2/A (sky130_fd_sc_hd__dlygate4sd3_1)
     4    0.016737    0.280608    1.213390    2.446794 ^ hold2/X (sky130_fd_sc_hd__dlygate4sd3_1)
                      0.280608    0.000729    2.447523 ^ _18_/RESET_B (sky130_fd_sc_hd__dfrtp_1)
                                              2.447523   data arrival time

                                  0.000000    0.000000   clock i_clk (rise edge)
                                  0.000000    0.000000   clock source latency
     1    0.011037    0.088265    0.057756    0.057756 ^ i_clk (in)
                      0.088271    0.000000    0.057756 ^ clkbuf_0_i_clk/A (sky130_fd_sc_hd__clkbuf_16)
     2    0.019830    0.067228    0.229310    0.287066 ^ clkbuf_0_i_clk/X (sky130_fd_sc_hd__clkbuf_16)
                      0.067247    0.001290    0.288356 ^ clkbuf_1_0__f_i_clk/A (sky130_fd_sc_hd__clkbuf_16)
     2    0.005325    0.048258    0.197449    0.485806 ^ clkbuf_1_0__f_i_clk/X (sky130_fd_sc_hd__clkbuf_16)
                      0.048259    0.000409    0.486215 ^ _18_/CLK (sky130_fd_sc_hd__dfrtp_1)
                                  0.250000    0.736215   clock uncertainty
                                  0.000000    0.736215   clock reconvergence pessimism
                                  0.715627    1.451842   library removal time
                                              1.451842   data required time
---------------------------------------------------------------------------------------------
                                              1.451842   data required time
                                             -2.447523   data arrival time
---------------------------------------------------------------------------------------------
                                              0.995681   slack (MET)


Startpoint: i_rst_n (input port clocked by i_clk)
Endpoint: _17_ (removal check against rising-edge clock i_clk)
Path Group: asynchronous
Path Type: min

Fanout         Cap        Slew       Delay        Time   Description
---------------------------------------------------------------------------------------------
                                  0.000000    0.000000   clock i_clk (rise edge)
                                  0.000000    0.000000   clock network delay (propagated)
                                  0.020000    0.020000 ^ input external delay
     1    0.002569    0.030728    0.014613    0.034613 ^ i_rst_n (in)
                      0.030728    0.000000    0.034613 ^ hold1/A (sky130_fd_sc_hd__dlygate4sd3_1)
     1    0.002577    0.088920    1.020270    1.054883 ^ hold1/X (sky130_fd_sc_hd__dlygate4sd3_1)
                      0.088920    0.000169    1.055051 ^ input2/A (sky130_fd_sc_hd__dlymetal6s2s_1)
     1    0.002626    0.083322    0.178178    1.233230 ^ input2/X (sky130_fd_sc_hd__dlymetal6s2s_1)
                      0.083322    0.000174    1.233404 ^ hold2/A (sky130_fd_sc_hd__dlygate4sd3_1)
     4    0.016737    0.280608    1.213390    2.446794 ^ hold2/X (sky130_fd_sc_hd__dlygate4sd3_1)
                      0.280608    0.000776    2.447570 ^ _17_/RESET_B (sky130_fd_sc_hd__dfrtp_1)
                                              2.447570   data arrival time

                                  0.000000    0.000000   clock i_clk (rise edge)
                                  0.000000    0.000000   clock source latency
     1    0.011037    0.088265    0.057756    0.057756 ^ i_clk (in)
                      0.088271    0.000000    0.057756 ^ clkbuf_0_i_clk/A (sky130_fd_sc_hd__clkbuf_16)
     2    0.019830    0.067228    0.229310    0.287066 ^ clkbuf_0_i_clk/X (sky130_fd_sc_hd__clkbuf_16)
                      0.067247    0.001290    0.288356 ^ clkbuf_1_0__f_i_clk/A (sky130_fd_sc_hd__clkbuf_16)
     2    0.005325    0.048258    0.197449    0.485806 ^ clkbuf_1_0__f_i_clk/X (sky130_fd_sc_hd__clkbuf_16)
                      0.048259    0.000332    0.486137 ^ _17_/CLK (sky130_fd_sc_hd__dfrtp_1)
                                  0.250000    0.736137   clock uncertainty
                                  0.000000    0.736137   clock reconvergence pessimism
                                  0.715627    1.451764   library removal time
                                              1.451764   data required time
---------------------------------------------------------------------------------------------
                                              1.451764   data required time
                                             -2.447570   data arrival time
---------------------------------------------------------------------------------------------
                                              0.995806   slack (MET)


Startpoint: _19_ (rising edge-triggered flip-flop clocked by i_clk)
Endpoint: _19_ (rising edge-triggered flip-flop clocked by i_clk)
Path Group: i_clk
Path Type: min

Fanout         Cap        Slew       Delay        Time   Description
---------------------------------------------------------------------------------------------
                                  0.000000    0.000000   clock i_clk (rise edge)
                                  0.000000    0.000000   clock source latency
     1    0.011037    0.088265    0.057756    0.057756 ^ i_clk (in)
                      0.088271    0.000000    0.057756 ^ clkbuf_0_i_clk/A (sky130_fd_sc_hd__clkbuf_16)
     2    0.019830    0.067228    0.229310    0.287066 ^ clkbuf_0_i_clk/X (sky130_fd_sc_hd__clkbuf_16)
                      0.067247    0.001281    0.288347 ^ clkbuf_1_1__f_i_clk/A (sky130_fd_sc_hd__clkbuf_16)
     2    0.006116    0.049334    0.198947    0.487294 ^ clkbuf_1_1__f_i_clk/X (sky130_fd_sc_hd__clkbuf_16)
                      0.049335    0.000360    0.487654 ^ _19_/CLK (sky130_fd_sc_hd__dfrtp_1)
     5    0.013332    0.205692    0.741577    1.229230 ^ _19_/Q (sky130_fd_sc_hd__dfrtp_1)
                      0.205692    0.000608    1.229838 ^ _14_/A (sky130_fd_sc_hd__or2_1)
     1    0.001839    0.053967    0.213431    1.443269 ^ _14_/X (sky130_fd_sc_hd__or2_1)
                      0.053967    0.000126    1.443395 ^ _15_/B (sky130_fd_sc_hd__and2_1)
     1    0.003265    0.085227    0.225483    1.668878 ^ _15_/X (sky130_fd_sc_hd__and2_1)
                      0.085227    0.000194    1.669072 ^ _19_/D (sky130_fd_sc_hd__dfrtp_1)
                                              1.669072   data arrival time

                                  0.000000    0.000000   clock i_clk (rise edge)
                                  0.000000    0.000000   clock source latency
     1    0.011037    0.088265    0.057756    0.057756 ^ i_clk (in)
                      0.088271    0.000000    0.057756 ^ clkbuf_0_i_clk/A (sky130_fd_sc_hd__clkbuf_16)
     2    0.019830    0.067228    0.229310    0.287066 ^ clkbuf_0_i_clk/X (sky130_fd_sc_hd__clkbuf_16)
                      0.067247    0.001281    0.288347 ^ clkbuf_1_1__f_i_clk/A (sky130_fd_sc_hd__clkbuf_16)
     2    0.006116    0.049334    0.198947    0.487294 ^ clkbuf_1_1__f_i_clk/X (sky130_fd_sc_hd__clkbuf_16)
                      0.049335    0.000360    0.487654 ^ _19_/CLK (sky130_fd_sc_hd__dfrtp_1)
                                  0.250000    0.737654   clock uncertainty
                                  0.000000    0.737654   clock reconvergence pessimism
                                 -0.083808    0.653846   library hold time
                                              0.653846   data required time
---------------------------------------------------------------------------------------------
                                              0.653846   data required time
                                             -1.669072   data arrival time
---------------------------------------------------------------------------------------------
                                              1.015226   slack (MET)


Startpoint: _17_ (rising edge-triggered flip-flop clocked by i_clk)
Endpoint: _18_ (rising edge-triggered flip-flop clocked by i_clk)
Path Group: i_clk
Path Type: min

Fanout         Cap        Slew       Delay        Time   Description
---------------------------------------------------------------------------------------------
                                  0.000000    0.000000   clock i_clk (rise edge)
                                  0.000000    0.000000   clock source latency
     1    0.011037    0.088265    0.057756    0.057756 ^ i_clk (in)
                      0.088271    0.000000    0.057756 ^ clkbuf_0_i_clk/A (sky130_fd_sc_hd__clkbuf_16)
     2    0.019830    0.067228    0.229310    0.287066 ^ clkbuf_0_i_clk/X (sky130_fd_sc_hd__clkbuf_16)
                      0.067247    0.001290    0.288356 ^ clkbuf_1_0__f_i_clk/A (sky130_fd_sc_hd__clkbuf_16)
     2    0.005325    0.048258    0.197449    0.485806 ^ clkbuf_1_0__f_i_clk/X (sky130_fd_sc_hd__clkbuf_16)
                      0.048259    0.000332    0.486137 ^ _17_/CLK (sky130_fd_sc_hd__dfrtp_1)
     3    0.010413    0.171094    0.710236    1.196374 ^ _17_/Q (sky130_fd_sc_hd__dfrtp_1)
                      0.171095    0.000796    1.197170 ^ _10_/C (sky130_fd_sc_hd__and4_1)
     2    0.007370    0.161132    0.476204    1.673374 ^ _10_/X (sky130_fd_sc_hd__and4_1)
                      0.161132    0.000521    1.673895 ^ _13_/B (sky130_fd_sc_hd__xor2_1)
     1    0.002462    0.065044    0.152210    1.826105 v _13_/X (sky130_fd_sc_hd__xor2_1)
                      0.065044    0.000103    1.826208 v _18_/D (sky130_fd_sc_hd__dfrtp_1)
                                              1.826208   data arrival time

                                  0.000000    0.000000   clock i_clk (rise edge)
                                  0.000000    0.000000   clock source latency
     1    0.011037    0.088265    0.057756    0.057756 ^ i_clk (in)
                      0.088271    0.000000    0.057756 ^ clkbuf_0_i_clk/A (sky130_fd_sc_hd__clkbuf_16)
     2    0.019830    0.067228    0.229310    0.287066 ^ clkbuf_0_i_clk/X (sky130_fd_sc_hd__clkbuf_16)
                      0.067247    0.001290    0.288356 ^ clkbuf_1_0__f_i_clk/A (sky130_fd_sc_hd__clkbuf_16)
     2    0.005325    0.048258    0.197449    0.485806 ^ clkbuf_1_0__f_i_clk/X (sky130_fd_sc_hd__clkbuf_16)
                      0.048259    0.000409    0.486215 ^ _18_/CLK (sky130_fd_sc_hd__dfrtp_1)
                                  0.250000    0.736215   clock uncertainty
                                  0.000000    0.736215   clock reconvergence pessimism
                                 -0.100680    0.635535   library hold time
                                              0.635535   data required time
---------------------------------------------------------------------------------------------
                                              0.635535   data required time
                                             -1.826208   data arrival time
---------------------------------------------------------------------------------------------
                                              1.190674   slack (MET)


Startpoint: _18_ (rising edge-triggered flip-flop clocked by i_clk)
Endpoint: uo_out[3] (output port clocked by i_clk)
Path Group: i_clk
Path Type: min

Fanout         Cap        Slew       Delay        Time   Description
---------------------------------------------------------------------------------------------
                                  0.000000    0.000000   clock i_clk (rise edge)
                                  0.000000    0.000000   clock source latency
     1    0.011037    0.088265    0.057756    0.057756 ^ i_clk (in)
                      0.088271    0.000000    0.057756 ^ clkbuf_0_i_clk/A (sky130_fd_sc_hd__clkbuf_16)
     2    0.019830    0.067228    0.229310    0.287066 ^ clkbuf_0_i_clk/X (sky130_fd_sc_hd__clkbuf_16)
                      0.067247    0.001290    0.288356 ^ clkbuf_1_0__f_i_clk/A (sky130_fd_sc_hd__clkbuf_16)
     2    0.005325    0.048258    0.197449    0.485806 ^ clkbuf_1_0__f_i_clk/X (sky130_fd_sc_hd__clkbuf_16)
                      0.048259    0.000409    0.486215 ^ _18_/CLK (sky130_fd_sc_hd__dfrtp_1)
     2    0.006089    0.117619    0.664800    1.151015 ^ _18_/Q (sky130_fd_sc_hd__dfrtp_1)
                      0.117619    0.000358    1.151373 ^ output6/A (sky130_fd_sc_hd__buf_2)
     1    0.034671    0.275443    0.367103    1.518476 ^ output6/X (sky130_fd_sc_hd__buf_2)
                      0.275450    0.001754    1.520230 ^ uo_out[3] (out)
                                              1.520230   data arrival time

                                  0.000000    0.000000   clock i_clk (rise edge)
                                  0.000000    0.000000   clock network delay (propagated)
                                  0.250000    0.250000   clock uncertainty
                                  0.000000    0.250000   clock reconvergence pessimism
                                 -0.020000    0.230000   output external delay
                                              0.230000   data required time
---------------------------------------------------------------------------------------------
                                              0.230000   data required time
                                             -1.520230   data arrival time
---------------------------------------------------------------------------------------------
                                              1.290230   slack (MET)


Startpoint: _17_ (rising edge-triggered flip-flop clocked by i_clk)
Endpoint: uo_out[2] (output port clocked by i_clk)
Path Group: i_clk
Path Type: min

Fanout         Cap        Slew       Delay        Time   Description
---------------------------------------------------------------------------------------------
                                  0.000000    0.000000   clock i_clk (rise edge)
                                  0.000000    0.000000   clock source latency
     1    0.011037    0.088265    0.057756    0.057756 ^ i_clk (in)
                      0.088271    0.000000    0.057756 ^ clkbuf_0_i_clk/A (sky130_fd_sc_hd__clkbuf_16)
     2    0.019830    0.067228    0.229310    0.287066 ^ clkbuf_0_i_clk/X (sky130_fd_sc_hd__clkbuf_16)
                      0.067247    0.001290    0.288356 ^ clkbuf_1_0__f_i_clk/A (sky130_fd_sc_hd__clkbuf_16)
     2    0.005325    0.048258    0.197449    0.485806 ^ clkbuf_1_0__f_i_clk/X (sky130_fd_sc_hd__clkbuf_16)
                      0.048259    0.000332    0.486137 ^ _17_/CLK (sky130_fd_sc_hd__dfrtp_1)
     3    0.010413    0.171094    0.710236    1.196374 ^ _17_/Q (sky130_fd_sc_hd__dfrtp_1)
                      0.171095    0.000828    1.197202 ^ output5/A (sky130_fd_sc_hd__buf_2)
     1    0.034802    0.277255    0.393554    1.590756 ^ output5/X (sky130_fd_sc_hd__buf_2)
                      0.277262    0.001779    1.592535 ^ uo_out[2] (out)
                                              1.592535   data arrival time

                                  0.000000    0.000000   clock i_clk (rise edge)
                                  0.000000    0.000000   clock network delay (propagated)
                                  0.250000    0.250000   clock uncertainty
                                  0.000000    0.250000   clock reconvergence pessimism
                                 -0.020000    0.230000   output external delay
                                              0.230000   data required time
---------------------------------------------------------------------------------------------
                                              0.230000   data required time
                                             -1.592535   data arrival time
---------------------------------------------------------------------------------------------
                                              1.362535   slack (MET)


Startpoint: _19_ (rising edge-triggered flip-flop clocked by i_clk)
Endpoint: uo_out[0] (output port clocked by i_clk)
Path Group: i_clk
Path Type: min

Fanout         Cap        Slew       Delay        Time   Description
---------------------------------------------------------------------------------------------
                                  0.000000    0.000000   clock i_clk (rise edge)
                                  0.000000    0.000000   clock source latency
     1    0.011037    0.088265    0.057756    0.057756 ^ i_clk (in)
                      0.088271    0.000000    0.057756 ^ clkbuf_0_i_clk/A (sky130_fd_sc_hd__clkbuf_16)
     2    0.019830    0.067228    0.229310    0.287066 ^ clkbuf_0_i_clk/X (sky130_fd_sc_hd__clkbuf_16)
                      0.067247    0.001281    0.288347 ^ clkbuf_1_1__f_i_clk/A (sky130_fd_sc_hd__clkbuf_16)
     2    0.006116    0.049334    0.198947    0.487294 ^ clkbuf_1_1__f_i_clk/X (sky130_fd_sc_hd__clkbuf_16)
                      0.049335    0.000360    0.487654 ^ _19_/CLK (sky130_fd_sc_hd__dfrtp_1)
     5    0.013332    0.205692    0.741577    1.229230 ^ _19_/Q (sky130_fd_sc_hd__dfrtp_1)
                      0.205692    0.000645    1.229875 ^ output3/A (sky130_fd_sc_hd__buf_2)
     1    0.034615    0.275188    0.408154    1.638029 ^ output3/X (sky130_fd_sc_hd__buf_2)
                      0.275195    0.001719    1.639748 ^ uo_out[0] (out)
                                              1.639748   data arrival time

                                  0.000000    0.000000   clock i_clk (rise edge)
                                  0.000000    0.000000   clock network delay (propagated)
                                  0.250000    0.250000   clock uncertainty
                                  0.000000    0.250000   clock reconvergence pessimism
                                 -0.020000    0.230000   output external delay
                                              0.230000   data required time
---------------------------------------------------------------------------------------------
                                              0.230000   data required time
                                             -1.639748   data arrival time
---------------------------------------------------------------------------------------------
                                              1.409748   slack (MET)


Startpoint: _16_ (rising edge-triggered flip-flop clocked by i_clk)
Endpoint: uo_out[1] (output port clocked by i_clk)
Path Group: i_clk
Path Type: min

Fanout         Cap        Slew       Delay        Time   Description
---------------------------------------------------------------------------------------------
                                  0.000000    0.000000   clock i_clk (rise edge)
                                  0.000000    0.000000   clock source latency
     1    0.011037    0.088265    0.057756    0.057756 ^ i_clk (in)
                      0.088271    0.000000    0.057756 ^ clkbuf_0_i_clk/A (sky130_fd_sc_hd__clkbuf_16)
     2    0.019830    0.067228    0.229310    0.287066 ^ clkbuf_0_i_clk/X (sky130_fd_sc_hd__clkbuf_16)
                      0.067247    0.001281    0.288347 ^ clkbuf_1_1__f_i_clk/A (sky130_fd_sc_hd__clkbuf_16)
     2    0.006116    0.049334    0.198947    0.487294 ^ clkbuf_1_1__f_i_clk/X (sky130_fd_sc_hd__clkbuf_16)
                      0.049335    0.000349    0.487643 ^ _16_/CLK (sky130_fd_sc_hd__dfrtp_1)
     4    0.015198    0.228497    0.759261    1.246904 ^ _16_/Q (sky130_fd_sc_hd__dfrtp_1)
                      0.228497    0.000905    1.247809 ^ output4/A (sky130_fd_sc_hd__buf_2)
     1    0.034969    0.277891    0.420278    1.668087 ^ output4/X (sky130_fd_sc_hd__buf_2)
                      0.277898    0.001790    1.669876 ^ uo_out[1] (out)
                                              1.669876   data arrival time

                                  0.000000    0.000000   clock i_clk (rise edge)
                                  0.000000    0.000000   clock network delay (propagated)
                                  0.250000    0.250000   clock uncertainty
                                  0.000000    0.250000   clock reconvergence pessimism
                                 -0.020000    0.230000   output external delay
                                              0.230000   data required time
---------------------------------------------------------------------------------------------
                                              0.230000   data required time
                                             -1.669876   data arrival time
---------------------------------------------------------------------------------------------
                                              1.439876   slack (MET)


Startpoint: _16_ (rising edge-triggered flip-flop clocked by i_clk)
Endpoint: _16_ (rising edge-triggered flip-flop clocked by i_clk)
Path Group: i_clk
Path Type: min

Fanout         Cap        Slew       Delay        Time   Description
---------------------------------------------------------------------------------------------
                                  0.000000    0.000000   clock i_clk (rise edge)
                                  0.000000    0.000000   clock source latency
     1    0.011037    0.088265    0.057756    0.057756 ^ i_clk (in)
                      0.088271    0.000000    0.057756 ^ clkbuf_0_i_clk/A (sky130_fd_sc_hd__clkbuf_16)
     2    0.019830    0.067228    0.229310    0.287066 ^ clkbuf_0_i_clk/X (sky130_fd_sc_hd__clkbuf_16)
                      0.067247    0.001281    0.288347 ^ clkbuf_1_1__f_i_clk/A (sky130_fd_sc_hd__clkbuf_16)
     2    0.006116    0.049334    0.198947    0.487294 ^ clkbuf_1_1__f_i_clk/X (sky130_fd_sc_hd__clkbuf_16)
                      0.049335    0.000349    0.487643 ^ _16_/CLK (sky130_fd_sc_hd__dfrtp_1)
     4    0.015198    0.228497    0.759261    1.246904 ^ _16_/Q (sky130_fd_sc_hd__dfrtp_1)
                      0.228502    0.001472    1.248376 ^ _09_/A (sky130_fd_sc_hd__xnor2_1)
     1    0.002361    0.068574    0.251665    1.500041 ^ _09_/Y (sky130_fd_sc_hd__xnor2_1)
                      0.068574    0.000169    1.500210 ^ hold4/A (sky130_fd_sc_hd__dlygate4sd3_1)
     1    0.002641    0.089772    1.037712    2.537921 ^ hold4/X (sky130_fd_sc_hd__dlygate4sd3_1)
                      0.089772    0.000188    2.538110 ^ _16_/D (sky130_fd_sc_hd__dfrtp_1)
                                              2.538110   data arrival time

                                  0.000000    0.000000   clock i_clk (rise edge)
                                  0.000000    0.000000   clock source latency
     1    0.011037    0.088265    0.057756    0.057756 ^ i_clk (in)
                      0.088271    0.000000    0.057756 ^ clkbuf_0_i_clk/A (sky130_fd_sc_hd__clkbuf_16)
     2    0.019830    0.067228    0.229310    0.287066 ^ clkbuf_0_i_clk/X (sky130_fd_sc_hd__clkbuf_16)
                      0.067247    0.001281    0.288347 ^ clkbuf_1_1__f_i_clk/A (sky130_fd_sc_hd__clkbuf_16)
     2    0.006116    0.049334    0.198947    0.487294 ^ clkbuf_1_1__f_i_clk/X (sky130_fd_sc_hd__clkbuf_16)
                      0.049335    0.000349    0.487643 ^ _16_/CLK (sky130_fd_sc_hd__dfrtp_1)
                                  0.250000    0.737643   clock uncertainty
                                  0.000000    0.737643   clock reconvergence pessimism
                                 -0.084846    0.652797   library hold time
                                              0.652797   data required time
---------------------------------------------------------------------------------------------
                                              0.652797   data required time
                                             -2.538110   data arrival time
---------------------------------------------------------------------------------------------
                                              1.885313   slack (MET)



%OL_END_REPORT
%OL_CREATE_REPORT max.rpt

===========================================================================
report_checks -path_delay max (Setup)
============================================================================
======================= max_ss_100C_1v60 Corner ===================================

Warning: corner.tcl line 67, unknown field nets.
Warning: corner.tcl line 67, report_checks -group_count is deprecated. Use -group_path_count instead.
Startpoint: i_ena (input port clocked by i_clk)
Endpoint: _16_ (rising edge-triggered flip-flop clocked by i_clk)
Path Group: i_clk
Path Type: max

Fanout         Cap        Slew       Delay        Time   Description
---------------------------------------------------------------------------------------------
                                  0.000000    0.000000   clock i_clk (rise edge)
                                  0.000000    0.000000   clock network delay (propagated)
                                  0.020000    0.020000 ^ input external delay
     1    0.002353    0.029299    0.013469    0.033469 ^ i_ena (in)
                      0.029300    0.000000    0.033469 ^ hold3/A (sky130_fd_sc_hd__dlygate4sd3_1)
     1    0.002184    0.084743    1.013592    1.047061 ^ hold3/X (sky130_fd_sc_hd__dlygate4sd3_1)
                      0.084743    0.000100    1.047161 ^ input1/A (sky130_fd_sc_hd__clkbuf_1)
     4    0.010265    0.206004    0.254325    1.301486 ^ input1/X (sky130_fd_sc_hd__clkbuf_1)
                      0.206004    0.000296    1.301783 ^ _08_/B (sky130_fd_sc_hd__nand2_1)
     2    0.006301    0.129318    0.198998    1.500781 v _08_/Y (sky130_fd_sc_hd__nand2_1)
                      0.129318    0.000271    1.501052 v _09_/B (sky130_fd_sc_hd__xnor2_1)
     1    0.002243    0.084718    0.222875    1.723926 v _09_/Y (sky130_fd_sc_hd__xnor2_1)
                      0.084718    0.000160    1.724086 v hold4/A (sky130_fd_sc_hd__dlygate4sd3_1)
     1    0.002626    0.104104    1.127017    2.851102 v hold4/X (sky130_fd_sc_hd__dlygate4sd3_1)
                      0.104104    0.000187    2.851289 v _16_/D (sky130_fd_sc_hd__dfrtp_1)
                                              2.851289   data arrival time

                                 10.000000   10.000000   clock i_clk (rise edge)
                                  0.000000   10.000000   clock source latency
     1    0.011037    0.088265    0.057756   10.057756 ^ i_clk (in)
                      0.088271    0.000000   10.057756 ^ clkbuf_0_i_clk/A (sky130_fd_sc_hd__clkbuf_16)
     2    0.019830    0.067228    0.229310   10.287066 ^ clkbuf_0_i_clk/X (sky130_fd_sc_hd__clkbuf_16)
                      0.067247    0.001281   10.288347 ^ clkbuf_1_1__f_i_clk/A (sky130_fd_sc_hd__clkbuf_16)
     2    0.006116    0.049334    0.198947   10.487294 ^ clkbuf_1_1__f_i_clk/X (sky130_fd_sc_hd__clkbuf_16)
                      0.049335    0.000349   10.487643 ^ _16_/CLK (sky130_fd_sc_hd__dfrtp_1)
                                 -0.250000   10.237643   clock uncertainty
                                  0.000000   10.237643   clock reconvergence pessimism
                                 -0.296300    9.941342   library setup time
                                              9.941342   data required time
---------------------------------------------------------------------------------------------
                                              9.941342   data required time
                                             -2.851289   data arrival time
---------------------------------------------------------------------------------------------
                                              7.090053   slack (MET)


Startpoint: _18_ (rising edge-triggered flip-flop clocked by i_clk)
Endpoint: _18_ (rising edge-triggered flip-flop clocked by i_clk)
Path Group: i_clk
Path Type: max

Fanout         Cap        Slew       Delay        Time   Description
---------------------------------------------------------------------------------------------
                                  0.000000    0.000000   clock i_clk (rise edge)
                                  0.000000    0.000000   clock source latency
     1    0.011037    0.088265    0.057756    0.057756 ^ i_clk (in)
                      0.088271    0.000000    0.057756 ^ clkbuf_0_i_clk/A (sky130_fd_sc_hd__clkbuf_16)
     2    0.019830    0.067228    0.229310    0.287066 ^ clkbuf_0_i_clk/X (sky130_fd_sc_hd__clkbuf_16)
                      0.067247    0.001290    0.288356 ^ clkbuf_1_0__f_i_clk/A (sky130_fd_sc_hd__clkbuf_16)
     2    0.005325    0.048258    0.197449    0.485806 ^ clkbuf_1_0__f_i_clk/X (sky130_fd_sc_hd__clkbuf_16)
                      0.048259    0.000409    0.486215 ^ _18_/CLK (sky130_fd_sc_hd__dfrtp_1)
     2    0.005843    0.102145    0.754632    1.240847 v _18_/Q (sky130_fd_sc_hd__dfrtp_1)
                      0.102145    0.000311    1.241158 v hold5/A (sky130_fd_sc_hd__dlygate4sd3_1)
     1    0.005815    0.136184    1.181602    2.422760 v hold5/X (sky130_fd_sc_hd__dlygate4sd3_1)
                      0.136184    0.000407    2.423167 v _13_/A (sky130_fd_sc_hd__xor2_1)
     1    0.002462    0.093302    0.315679    2.738846 v _13_/X (sky130_fd_sc_hd__xor2_1)
                      0.093302    0.000103    2.738949 v _18_/D (sky130_fd_sc_hd__dfrtp_1)
                                              2.738949   data arrival time

                                 10.000000   10.000000   clock i_clk (rise edge)
                                  0.000000   10.000000   clock source latency
     1    0.011037    0.088265    0.057756   10.057756 ^ i_clk (in)
                      0.088271    0.000000   10.057756 ^ clkbuf_0_i_clk/A (sky130_fd_sc_hd__clkbuf_16)
     2    0.019830    0.067228    0.229310   10.287066 ^ clkbuf_0_i_clk/X (sky130_fd_sc_hd__clkbuf_16)
                      0.067247    0.001290   10.288356 ^ clkbuf_1_0__f_i_clk/A (sky130_fd_sc_hd__clkbuf_16)
     2    0.005325    0.048258    0.197450   10.485806 ^ clkbuf_1_0__f_i_clk/X (sky130_fd_sc_hd__clkbuf_16)
                      0.048259    0.000409   10.486216 ^ _18_/CLK (sky130_fd_sc_hd__dfrtp_1)
                                 -0.250000   10.236216   clock uncertainty
                                  0.000000   10.236216   clock reconvergence pessimism
                                 -0.292080    9.944136   library setup time
                                              9.944136   data required time
---------------------------------------------------------------------------------------------
                                              9.944136   data required time
                                             -2.738949   data arrival time
---------------------------------------------------------------------------------------------
                                              7.205187   slack (MET)


Startpoint: i_ena (input port clocked by i_clk)
Endpoint: _17_ (rising edge-triggered flip-flop clocked by i_clk)
Path Group: i_clk
Path Type: max

Fanout         Cap        Slew       Delay        Time   Description
---------------------------------------------------------------------------------------------
                                  0.000000    0.000000   clock i_clk (rise edge)
                                  0.000000    0.000000   clock network delay (propagated)
                                  0.020000    0.020000 ^ input external delay
     1    0.002353    0.029299    0.013469    0.033469 ^ i_ena (in)
                      0.029300    0.000000    0.033469 ^ hold3/A (sky130_fd_sc_hd__dlygate4sd3_1)
     1    0.002184    0.084743    1.013592    1.047061 ^ hold3/X (sky130_fd_sc_hd__dlygate4sd3_1)
                      0.084743    0.000100    1.047161 ^ input1/A (sky130_fd_sc_hd__clkbuf_1)
     4    0.010265    0.206004    0.254325    1.301486 ^ input1/X (sky130_fd_sc_hd__clkbuf_1)
                      0.206004    0.000319    1.301805 ^ _10_/D (sky130_fd_sc_hd__and4_1)
     2    0.007370    0.161652    0.499337    1.801142 ^ _10_/X (sky130_fd_sc_hd__and4_1)
                      0.161652    0.000365    1.801508 ^ _12_/A_N (sky130_fd_sc_hd__and2b_1)
     1    0.003586    0.072289    0.401009    2.202517 v _12_/X (sky130_fd_sc_hd__and2b_1)
                      0.072289    0.000214    2.202730 v _17_/D (sky130_fd_sc_hd__dfrtp_1)
                                              2.202730   data arrival time

                                 10.000000   10.000000   clock i_clk (rise edge)
                                  0.000000   10.000000   clock source latency
     1    0.011037    0.088265    0.057756   10.057756 ^ i_clk (in)
                      0.088271    0.000000   10.057756 ^ clkbuf_0_i_clk/A (sky130_fd_sc_hd__clkbuf_16)
     2    0.019830    0.067228    0.229310   10.287066 ^ clkbuf_0_i_clk/X (sky130_fd_sc_hd__clkbuf_16)
                      0.067247    0.001290   10.288356 ^ clkbuf_1_0__f_i_clk/A (sky130_fd_sc_hd__clkbuf_16)
     2    0.005325    0.048258    0.197450   10.485806 ^ clkbuf_1_0__f_i_clk/X (sky130_fd_sc_hd__clkbuf_16)
                      0.048259    0.000331   10.486137 ^ _17_/CLK (sky130_fd_sc_hd__dfrtp_1)
                                 -0.250000   10.236137   clock uncertainty
                                  0.000000   10.236137   clock reconvergence pessimism
                                 -0.283313    9.952825   library setup time
                                              9.952825   data required time
---------------------------------------------------------------------------------------------
                                              9.952825   data required time
                                             -2.202730   data arrival time
---------------------------------------------------------------------------------------------
                                              7.750094   slack (MET)


Startpoint: _19_ (rising edge-triggered flip-flop clocked by i_clk)
Endpoint: _19_ (rising edge-triggered flip-flop clocked by i_clk)
Path Group: i_clk
Path Type: max

Fanout         Cap        Slew       Delay        Time   Description
---------------------------------------------------------------------------------------------
                                  0.000000    0.000000   clock i_clk (rise edge)
                                  0.000000    0.000000   clock source latency
     1    0.011037    0.088265    0.057756    0.057756 ^ i_clk (in)
                      0.088271    0.000000    0.057756 ^ clkbuf_0_i_clk/A (sky130_fd_sc_hd__clkbuf_16)
     2    0.019830    0.067228    0.229310    0.287066 ^ clkbuf_0_i_clk/X (sky130_fd_sc_hd__clkbuf_16)
                      0.067247    0.001281    0.288347 ^ clkbuf_1_1__f_i_clk/A (sky130_fd_sc_hd__clkbuf_16)
     2    0.006116    0.049334    0.198947    0.487294 ^ clkbuf_1_1__f_i_clk/X (sky130_fd_sc_hd__clkbuf_16)
                      0.049335    0.000360    0.487654 ^ _19_/CLK (sky130_fd_sc_hd__dfrtp_1)
     5    0.012853    0.163856    0.819338    1.306992 v _19_/Q (sky130_fd_sc_hd__dfrtp_1)
                      0.163856    0.000584    1.307576 v _14_/A (sky130_fd_sc_hd__or2_1)
     1    0.001742    0.087020    0.515568    1.823144 v _14_/X (sky130_fd_sc_hd__or2_1)
                      0.087020    0.000119    1.823262 v _15_/B (sky130_fd_sc_hd__and2_1)
     1    0.003250    0.071441    0.325573    2.148835 v _15_/X (sky130_fd_sc_hd__and2_1)
                      0.071441    0.000193    2.149028 v _19_/D (sky130_fd_sc_hd__dfrtp_1)
                                              2.149028   data arrival time

                                 10.000000   10.000000   clock i_clk (rise edge)
                                  0.000000   10.000000   clock source latency
     1    0.011037    0.088265    0.057756   10.057756 ^ i_clk (in)
                      0.088271    0.000000   10.057756 ^ clkbuf_0_i_clk/A (sky130_fd_sc_hd__clkbuf_16)
     2    0.019830    0.067228    0.229310   10.287066 ^ clkbuf_0_i_clk/X (sky130_fd_sc_hd__clkbuf_16)
                      0.067247    0.001281   10.288347 ^ clkbuf_1_1__f_i_clk/A (sky130_fd_sc_hd__clkbuf_16)
     2    0.006116    0.049334    0.198947   10.487294 ^ clkbuf_1_1__f_i_clk/X (sky130_fd_sc_hd__clkbuf_16)
                      0.049335    0.000360   10.487654 ^ _19_/CLK (sky130_fd_sc_hd__dfrtp_1)
                                 -0.250000   10.237654   clock uncertainty
                                  0.000000   10.237654   clock reconvergence pessimism
                                 -0.282673    9.954981   library setup time
                                              9.954981   data required time
---------------------------------------------------------------------------------------------
                                              9.954981   data required time
                                             -2.149028   data arrival time
---------------------------------------------------------------------------------------------
                                              7.805954   slack (MET)


Startpoint: _16_ (rising edge-triggered flip-flop clocked by i_clk)
Endpoint: uo_out[1] (output port clocked by i_clk)
Path Group: i_clk
Path Type: max

Fanout         Cap        Slew       Delay        Time   Description
---------------------------------------------------------------------------------------------
                                  0.000000    0.000000   clock i_clk (rise edge)
                                  0.000000    0.000000   clock source latency
     1    0.011037    0.088265    0.057756    0.057756 ^ i_clk (in)
                      0.088271    0.000000    0.057756 ^ clkbuf_0_i_clk/A (sky130_fd_sc_hd__clkbuf_16)
     2    0.019830    0.067228    0.229310    0.287066 ^ clkbuf_0_i_clk/X (sky130_fd_sc_hd__clkbuf_16)
                      0.067247    0.001281    0.288347 ^ clkbuf_1_1__f_i_clk/A (sky130_fd_sc_hd__clkbuf_16)
     2    0.006116    0.049334    0.198947    0.487294 ^ clkbuf_1_1__f_i_clk/X (sky130_fd_sc_hd__clkbuf_16)
                      0.049335    0.000349    0.487643 ^ _16_/CLK (sky130_fd_sc_hd__dfrtp_1)
     4    0.014599    0.173509    0.833228    1.320870 v _16_/Q (sky130_fd_sc_hd__dfrtp_1)
                      0.173510    0.000867    1.321737 v output4/A (sky130_fd_sc_hd__buf_2)
     1    0.034969    0.169089    0.395716    1.717453 v output4/X (sky130_fd_sc_hd__buf_2)
                      0.169106    0.001789    1.719242 v uo_out[1] (out)
                                              1.719242   data arrival time

                                 10.000000   10.000000   clock i_clk (rise edge)
                                  0.000000   10.000000   clock network delay (propagated)
                                 -0.250000    9.750000   clock uncertainty
                                  0.000000    9.750000   clock reconvergence pessimism
                                 -0.020000    9.730000   output external delay
                                              9.730000   data required time
---------------------------------------------------------------------------------------------
                                              9.730000   data required time
                                             -1.719242   data arrival time
---------------------------------------------------------------------------------------------
                                              8.010758   slack (MET)


Startpoint: _19_ (rising edge-triggered flip-flop clocked by i_clk)
Endpoint: uo_out[0] (output port clocked by i_clk)
Path Group: i_clk
Path Type: max

Fanout         Cap        Slew       Delay        Time   Description
---------------------------------------------------------------------------------------------
                                  0.000000    0.000000   clock i_clk (rise edge)
                                  0.000000    0.000000   clock source latency
     1    0.011037    0.088265    0.057756    0.057756 ^ i_clk (in)
                      0.088271    0.000000    0.057756 ^ clkbuf_0_i_clk/A (sky130_fd_sc_hd__clkbuf_16)
     2    0.019830    0.067228    0.229310    0.287066 ^ clkbuf_0_i_clk/X (sky130_fd_sc_hd__clkbuf_16)
                      0.067247    0.001281    0.288347 ^ clkbuf_1_1__f_i_clk/A (sky130_fd_sc_hd__clkbuf_16)
     2    0.006116    0.049334    0.198947    0.487294 ^ clkbuf_1_1__f_i_clk/X (sky130_fd_sc_hd__clkbuf_16)
                      0.049335    0.000360    0.487654 ^ _19_/CLK (sky130_fd_sc_hd__dfrtp_1)
     5    0.012853    0.163856    0.819338    1.306992 v _19_/Q (sky130_fd_sc_hd__dfrtp_1)
                      0.163857    0.000619    1.307611 v output3/A (sky130_fd_sc_hd__buf_2)
     1    0.034615    0.167649    0.389989    1.697600 v output3/X (sky130_fd_sc_hd__buf_2)
                      0.167665    0.001718    1.699317 v uo_out[0] (out)
                                              1.699317   data arrival time

                                 10.000000   10.000000   clock i_clk (rise edge)
                                  0.000000   10.000000   clock network delay (propagated)
                                 -0.250000    9.750000   clock uncertainty
                                  0.000000    9.750000   clock reconvergence pessimism
                                 -0.020000    9.730000   output external delay
                                              9.730000   data required time
---------------------------------------------------------------------------------------------
                                              9.730000   data required time
                                             -1.699317   data arrival time
---------------------------------------------------------------------------------------------
                                              8.030683   slack (MET)


Startpoint: _17_ (rising edge-triggered flip-flop clocked by i_clk)
Endpoint: uo_out[2] (output port clocked by i_clk)
Path Group: i_clk
Path Type: max

Fanout         Cap        Slew       Delay        Time   Description
---------------------------------------------------------------------------------------------
                                  0.000000    0.000000   clock i_clk (rise edge)
                                  0.000000    0.000000   clock source latency
     1    0.011037    0.088265    0.057756    0.057756 ^ i_clk (in)
                      0.088271    0.000000    0.057756 ^ clkbuf_0_i_clk/A (sky130_fd_sc_hd__clkbuf_16)
     2    0.019830    0.067228    0.229310    0.287066 ^ clkbuf_0_i_clk/X (sky130_fd_sc_hd__clkbuf_16)
                      0.067247    0.001290    0.288356 ^ clkbuf_1_0__f_i_clk/A (sky130_fd_sc_hd__clkbuf_16)
     2    0.005325    0.048258    0.197449    0.485806 ^ clkbuf_1_0__f_i_clk/X (sky130_fd_sc_hd__clkbuf_16)
                      0.048259    0.000332    0.486137 ^ _17_/CLK (sky130_fd_sc_hd__dfrtp_1)
     3    0.009971    0.138389    0.792347    1.278484 v _17_/Q (sky130_fd_sc_hd__dfrtp_1)
                      0.138391    0.000795    1.279279 v output5/A (sky130_fd_sc_hd__buf_2)
     1    0.034802    0.169044    0.378991    1.658270 v output5/X (sky130_fd_sc_hd__buf_2)
                      0.169061    0.001778    1.660048 v uo_out[2] (out)
                                              1.660048   data arrival time

                                 10.000000   10.000000   clock i_clk (rise edge)
                                  0.000000   10.000000   clock network delay (propagated)
                                 -0.250000    9.750000   clock uncertainty
                                  0.000000    9.750000   clock reconvergence pessimism
                                 -0.020000    9.730000   output external delay
                                              9.730000   data required time
---------------------------------------------------------------------------------------------
                                              9.730000   data required time
                                             -1.660048   data arrival time
---------------------------------------------------------------------------------------------
                                              8.069953   slack (MET)


Startpoint: _18_ (rising edge-triggered flip-flop clocked by i_clk)
Endpoint: uo_out[3] (output port clocked by i_clk)
Path Group: i_clk
Path Type: max

Fanout         Cap        Slew       Delay        Time   Description
---------------------------------------------------------------------------------------------
                                  0.000000    0.000000   clock i_clk (rise edge)
                                  0.000000    0.000000   clock source latency
     1    0.011037    0.088265    0.057756    0.057756 ^ i_clk (in)
                      0.088271    0.000000    0.057756 ^ clkbuf_0_i_clk/A (sky130_fd_sc_hd__clkbuf_16)
     2    0.019830    0.067228    0.229310    0.287066 ^ clkbuf_0_i_clk/X (sky130_fd_sc_hd__clkbuf_16)
                      0.067247    0.001290    0.288356 ^ clkbuf_1_0__f_i_clk/A (sky130_fd_sc_hd__clkbuf_16)
     2    0.005325    0.048258    0.197449    0.485806 ^ clkbuf_1_0__f_i_clk/X (sky130_fd_sc_hd__clkbuf_16)
                      0.048259    0.000409    0.486215 ^ _18_/CLK (sky130_fd_sc_hd__dfrtp_1)
     2    0.005843    0.102145    0.754632    1.240847 v _18_/Q (sky130_fd_sc_hd__dfrtp_1)
                      0.102145    0.000342    1.241189 v output6/A (sky130_fd_sc_hd__buf_2)
     1    0.034671    0.167801    0.360376    1.601564 v output6/X (sky130_fd_sc_hd__buf_2)
                      0.167818    0.001753    1.603317 v uo_out[3] (out)
                                              1.603317   data arrival time

                                 10.000000   10.000000   clock i_clk (rise edge)
                                  0.000000   10.000000   clock network delay (propagated)
                                 -0.250000    9.750000   clock uncertainty
                                  0.000000    9.750000   clock reconvergence pessimism
                                 -0.020000    9.730000   output external delay
                                              9.730000   data required time
---------------------------------------------------------------------------------------------
                                              9.730000   data required time
                                             -1.603317   data arrival time
---------------------------------------------------------------------------------------------
                                              8.126682   slack (MET)


Startpoint: i_rst_n (input port clocked by i_clk)
Endpoint: _17_ (recovery check against rising-edge clock i_clk)
Path Group: asynchronous
Path Type: max

Fanout         Cap        Slew       Delay        Time   Description
---------------------------------------------------------------------------------------------
                                  0.000000    0.000000   clock i_clk (rise edge)
                                  0.000000    0.000000   clock network delay (propagated)
                                  0.020000    0.020000 ^ input external delay
     1    0.002569    0.030728    0.014613    0.034613 ^ i_rst_n (in)
                      0.030728    0.000000    0.034613 ^ hold1/A (sky130_fd_sc_hd__dlygate4sd3_1)
     1    0.002577    0.088920    1.020270    1.054883 ^ hold1/X (sky130_fd_sc_hd__dlygate4sd3_1)
                      0.088920    0.000169    1.055051 ^ input2/A (sky130_fd_sc_hd__dlymetal6s2s_1)
     1    0.002626    0.083322    0.178178    1.233230 ^ input2/X (sky130_fd_sc_hd__dlymetal6s2s_1)
                      0.083322    0.000174    1.233404 ^ hold2/A (sky130_fd_sc_hd__dlygate4sd3_1)
     4    0.016737    0.280608    1.213390    2.446794 ^ hold2/X (sky130_fd_sc_hd__dlygate4sd3_1)
                      0.280608    0.000776    2.447570 ^ _17_/RESET_B (sky130_fd_sc_hd__dfrtp_1)
                                              2.447570   data arrival time

                                 10.000000   10.000000   clock i_clk (rise edge)
                                  0.000000   10.000000   clock source latency
     1    0.011037    0.088265    0.057756   10.057756 ^ i_clk (in)
                      0.088271    0.000000   10.057756 ^ clkbuf_0_i_clk/A (sky130_fd_sc_hd__clkbuf_16)
     2    0.019830    0.067228    0.229310   10.287066 ^ clkbuf_0_i_clk/X (sky130_fd_sc_hd__clkbuf_16)
                      0.067247    0.001290   10.288356 ^ clkbuf_1_0__f_i_clk/A (sky130_fd_sc_hd__clkbuf_16)
     2    0.005325    0.048258    0.197450   10.485806 ^ clkbuf_1_0__f_i_clk/X (sky130_fd_sc_hd__clkbuf_16)
                      0.048259    0.000331   10.486137 ^ _17_/CLK (sky130_fd_sc_hd__dfrtp_1)
                                 -0.250000   10.236137   clock uncertainty
                                  0.000000   10.236137   clock reconvergence pessimism
                                  0.377211   10.613349   library recovery time
                                             10.613349   data required time
---------------------------------------------------------------------------------------------
                                             10.613349   data required time
                                             -2.447570   data arrival time
---------------------------------------------------------------------------------------------
                                              8.165778   slack (MET)


Startpoint: i_rst_n (input port clocked by i_clk)
Endpoint: _18_ (recovery check against rising-edge clock i_clk)
Path Group: asynchronous
Path Type: max

Fanout         Cap        Slew       Delay        Time   Description
---------------------------------------------------------------------------------------------
                                  0.000000    0.000000   clock i_clk (rise edge)
                                  0.000000    0.000000   clock network delay (propagated)
                                  0.020000    0.020000 ^ input external delay
     1    0.002569    0.030728    0.014613    0.034613 ^ i_rst_n (in)
                      0.030728    0.000000    0.034613 ^ hold1/A (sky130_fd_sc_hd__dlygate4sd3_1)
     1    0.002577    0.088920    1.020270    1.054883 ^ hold1/X (sky130_fd_sc_hd__dlygate4sd3_1)
                      0.088920    0.000169    1.055051 ^ input2/A (sky130_fd_sc_hd__dlymetal6s2s_1)
     1    0.002626    0.083322    0.178178    1.233230 ^ input2/X (sky130_fd_sc_hd__dlymetal6s2s_1)
                      0.083322    0.000174    1.233404 ^ hold2/A (sky130_fd_sc_hd__dlygate4sd3_1)
     4    0.016737    0.280608    1.213390    2.446794 ^ hold2/X (sky130_fd_sc_hd__dlygate4sd3_1)
                      0.280608    0.000729    2.447523 ^ _18_/RESET_B (sky130_fd_sc_hd__dfrtp_1)
                                              2.447523   data arrival time

                                 10.000000   10.000000   clock i_clk (rise edge)
                                  0.000000   10.000000   clock source latency
     1    0.011037    0.088265    0.057756   10.057756 ^ i_clk (in)
                      0.088271    0.000000   10.057756 ^ clkbuf_0_i_clk/A (sky130_fd_sc_hd__clkbuf_16)
     2    0.019830    0.067228    0.229310   10.287066 ^ clkbuf_0_i_clk/X (sky130_fd_sc_hd__clkbuf_16)
                      0.067247    0.001290   10.288356 ^ clkbuf_1_0__f_i_clk/A (sky130_fd_sc_hd__clkbuf_16)
     2    0.005325    0.048258    0.197450   10.485806 ^ clkbuf_1_0__f_i_clk/X (sky130_fd_sc_hd__clkbuf_16)
                      0.048259    0.000409   10.486216 ^ _18_/CLK (sky130_fd_sc_hd__dfrtp_1)
                                 -0.250000   10.236216   clock uncertainty
                                  0.000000   10.236216   clock reconvergence pessimism
                                  0.377212   10.613427   library recovery time
                                             10.613427   data required time
---------------------------------------------------------------------------------------------
                                             10.613427   data required time
                                             -2.447523   data arrival time
---------------------------------------------------------------------------------------------
                                              8.165904   slack (MET)


Startpoint: i_rst_n (input port clocked by i_clk)
Endpoint: _19_ (recovery check against rising-edge clock i_clk)
Path Group: asynchronous
Path Type: max

Fanout         Cap        Slew       Delay        Time   Description
---------------------------------------------------------------------------------------------
                                  0.000000    0.000000   clock i_clk (rise edge)
                                  0.000000    0.000000   clock network delay (propagated)
                                  0.020000    0.020000 ^ input external delay
     1    0.002569    0.030728    0.014613    0.034613 ^ i_rst_n (in)
                      0.030728    0.000000    0.034613 ^ hold1/A (sky130_fd_sc_hd__dlygate4sd3_1)
     1    0.002577    0.088920    1.020270    1.054883 ^ hold1/X (sky130_fd_sc_hd__dlygate4sd3_1)
                      0.088920    0.000169    1.055051 ^ input2/A (sky130_fd_sc_hd__dlymetal6s2s_1)
     1    0.002626    0.083322    0.178178    1.233230 ^ input2/X (sky130_fd_sc_hd__dlymetal6s2s_1)
                      0.083322    0.000174    1.233404 ^ hold2/A (sky130_fd_sc_hd__dlygate4sd3_1)
     4    0.016737    0.280608    1.213390    2.446794 ^ hold2/X (sky130_fd_sc_hd__dlygate4sd3_1)
                      0.280608    0.000780    2.447574 ^ _19_/RESET_B (sky130_fd_sc_hd__dfrtp_1)
                                              2.447574   data arrival time

                                 10.000000   10.000000   clock i_clk (rise edge)
                                  0.000000   10.000000   clock source latency
     1    0.011037    0.088265    0.057756   10.057756 ^ i_clk (in)
                      0.088271    0.000000   10.057756 ^ clkbuf_0_i_clk/A (sky130_fd_sc_hd__clkbuf_16)
     2    0.019830    0.067228    0.229310   10.287066 ^ clkbuf_0_i_clk/X (sky130_fd_sc_hd__clkbuf_16)
                      0.067247    0.001281   10.288347 ^ clkbuf_1_1__f_i_clk/A (sky130_fd_sc_hd__clkbuf_16)
     2    0.006116    0.049334    0.198947   10.487294 ^ clkbuf_1_1__f_i_clk/X (sky130_fd_sc_hd__clkbuf_16)
                      0.049335    0.000360   10.487654 ^ _19_/CLK (sky130_fd_sc_hd__dfrtp_1)
                                 -0.250000   10.237654   clock uncertainty
                                  0.000000   10.237654   clock reconvergence pessimism
                                  0.377575   10.615229   library recovery time
                                             10.615229   data required time
---------------------------------------------------------------------------------------------
                                             10.615229   data required time
                                             -2.447574   data arrival time
---------------------------------------------------------------------------------------------
                                              8.167655   slack (MET)


Startpoint: i_rst_n (input port clocked by i_clk)
Endpoint: _16_ (recovery check against rising-edge clock i_clk)
Path Group: asynchronous
Path Type: max

Fanout         Cap        Slew       Delay        Time   Description
---------------------------------------------------------------------------------------------
                                  0.000000    0.000000   clock i_clk (rise edge)
                                  0.000000    0.000000   clock network delay (propagated)
                                  0.020000    0.020000 ^ input external delay
     1    0.002569    0.030728    0.014613    0.034613 ^ i_rst_n (in)
                      0.030728    0.000000    0.034613 ^ hold1/A (sky130_fd_sc_hd__dlygate4sd3_1)
     1    0.002577    0.088920    1.020270    1.054883 ^ hold1/X (sky130_fd_sc_hd__dlygate4sd3_1)
                      0.088920    0.000169    1.055051 ^ input2/A (sky130_fd_sc_hd__dlymetal6s2s_1)
     1    0.002626    0.083322    0.178178    1.233230 ^ input2/X (sky130_fd_sc_hd__dlymetal6s2s_1)
                      0.083322    0.000174    1.233404 ^ hold2/A (sky130_fd_sc_hd__dlygate4sd3_1)
     4    0.016737    0.280608    1.213390    2.446794 ^ hold2/X (sky130_fd_sc_hd__dlygate4sd3_1)
                      0.280608    0.000761    2.447554 ^ _16_/RESET_B (sky130_fd_sc_hd__dfrtp_1)
                                              2.447554   data arrival time

                                 10.000000   10.000000   clock i_clk (rise edge)
                                  0.000000   10.000000   clock source latency
     1    0.011037    0.088265    0.057756   10.057756 ^ i_clk (in)
                      0.088271    0.000000   10.057756 ^ clkbuf_0_i_clk/A (sky130_fd_sc_hd__clkbuf_16)
     2    0.019830    0.067228    0.229310   10.287066 ^ clkbuf_0_i_clk/X (sky130_fd_sc_hd__clkbuf_16)
                      0.067247    0.001281   10.288347 ^ clkbuf_1_1__f_i_clk/A (sky130_fd_sc_hd__clkbuf_16)
     2    0.006116    0.049334    0.198947   10.487294 ^ clkbuf_1_1__f_i_clk/X (sky130_fd_sc_hd__clkbuf_16)
                      0.049335    0.000349   10.487643 ^ _16_/CLK (sky130_fd_sc_hd__dfrtp_1)
                                 -0.250000   10.237643   clock uncertainty
                                  0.000000   10.237643   clock reconvergence pessimism
                                  0.377575   10.615218   library recovery time
                                             10.615218   data required time
---------------------------------------------------------------------------------------------
                                             10.615218   data required time
                                             -2.447554   data arrival time
---------------------------------------------------------------------------------------------
                                              8.167665   slack (MET)



%OL_END_REPORT
%OL_CREATE_REPORT checks.rpt

===========================================================================
report_checks -unconstrained
===========================================================================
======================= max_ss_100C_1v60 Corner ===================================

Warning: corner.tcl line 77, unknown field nets.
Startpoint: i_rst_n (input port clocked by i_clk)
Endpoint: _17_ (recovery check against rising-edge clock i_clk)
Path Group: asynchronous
Path Type: max

Fanout         Cap        Slew       Delay        Time   Description
---------------------------------------------------------------------------------------------
                                  0.000000    0.000000   clock i_clk (rise edge)
                                  0.000000    0.000000   clock network delay (propagated)
                                  0.020000    0.020000 ^ input external delay
     1    0.002569    0.030728    0.014613    0.034613 ^ i_rst_n (in)
                      0.030728    0.000000    0.034613 ^ hold1/A (sky130_fd_sc_hd__dlygate4sd3_1)
     1    0.002577    0.088920    1.020270    1.054883 ^ hold1/X (sky130_fd_sc_hd__dlygate4sd3_1)
                      0.088920    0.000169    1.055051 ^ input2/A (sky130_fd_sc_hd__dlymetal6s2s_1)
     1    0.002626    0.083322    0.178178    1.233230 ^ input2/X (sky130_fd_sc_hd__dlymetal6s2s_1)
                      0.083322    0.000174    1.233404 ^ hold2/A (sky130_fd_sc_hd__dlygate4sd3_1)
     4    0.016737    0.280608    1.213390    2.446794 ^ hold2/X (sky130_fd_sc_hd__dlygate4sd3_1)
                      0.280608    0.000776    2.447570 ^ _17_/RESET_B (sky130_fd_sc_hd__dfrtp_1)
                                              2.447570   data arrival time

                                 10.000000   10.000000   clock i_clk (rise edge)
                                  0.000000   10.000000   clock source latency
     1    0.011037    0.088265    0.057756   10.057756 ^ i_clk (in)
                      0.088271    0.000000   10.057756 ^ clkbuf_0_i_clk/A (sky130_fd_sc_hd__clkbuf_16)
     2    0.019830    0.067228    0.229310   10.287066 ^ clkbuf_0_i_clk/X (sky130_fd_sc_hd__clkbuf_16)
                      0.067247    0.001290   10.288356 ^ clkbuf_1_0__f_i_clk/A (sky130_fd_sc_hd__clkbuf_16)
     2    0.005325    0.048258    0.197450   10.485806 ^ clkbuf_1_0__f_i_clk/X (sky130_fd_sc_hd__clkbuf_16)
                      0.048259    0.000331   10.486137 ^ _17_/CLK (sky130_fd_sc_hd__dfrtp_1)
                                 -0.250000   10.236137   clock uncertainty
                                  0.000000   10.236137   clock reconvergence pessimism
                                  0.377211   10.613349   library recovery time
                                             10.613349   data required time
---------------------------------------------------------------------------------------------
                                             10.613349   data required time
                                             -2.447570   data arrival time
---------------------------------------------------------------------------------------------
                                              8.165778   slack (MET)


Startpoint: i_ena (input port clocked by i_clk)
Endpoint: _16_ (rising edge-triggered flip-flop clocked by i_clk)
Path Group: i_clk
Path Type: max

Fanout         Cap        Slew       Delay        Time   Description
---------------------------------------------------------------------------------------------
                                  0.000000    0.000000   clock i_clk (rise edge)
                                  0.000000    0.000000   clock network delay (propagated)
                                  0.020000    0.020000 ^ input external delay
     1    0.002353    0.029299    0.013469    0.033469 ^ i_ena (in)
                      0.029300    0.000000    0.033469 ^ hold3/A (sky130_fd_sc_hd__dlygate4sd3_1)
     1    0.002184    0.084743    1.013592    1.047061 ^ hold3/X (sky130_fd_sc_hd__dlygate4sd3_1)
                      0.084743    0.000100    1.047161 ^ input1/A (sky130_fd_sc_hd__clkbuf_1)
     4    0.010265    0.206004    0.254325    1.301486 ^ input1/X (sky130_fd_sc_hd__clkbuf_1)
                      0.206004    0.000296    1.301783 ^ _08_/B (sky130_fd_sc_hd__nand2_1)
     2    0.006301    0.129318    0.198998    1.500781 v _08_/Y (sky130_fd_sc_hd__nand2_1)
                      0.129318    0.000271    1.501052 v _09_/B (sky130_fd_sc_hd__xnor2_1)
     1    0.002243    0.084718    0.222875    1.723926 v _09_/Y (sky130_fd_sc_hd__xnor2_1)
                      0.084718    0.000160    1.724086 v hold4/A (sky130_fd_sc_hd__dlygate4sd3_1)
     1    0.002626    0.104104    1.127017    2.851102 v hold4/X (sky130_fd_sc_hd__dlygate4sd3_1)
                      0.104104    0.000187    2.851289 v _16_/D (sky130_fd_sc_hd__dfrtp_1)
                                              2.851289   data arrival time

                                 10.000000   10.000000   clock i_clk (rise edge)
                                  0.000000   10.000000   clock source latency
     1    0.011037    0.088265    0.057756   10.057756 ^ i_clk (in)
                      0.088271    0.000000   10.057756 ^ clkbuf_0_i_clk/A (sky130_fd_sc_hd__clkbuf_16)
     2    0.019830    0.067228    0.229310   10.287066 ^ clkbuf_0_i_clk/X (sky130_fd_sc_hd__clkbuf_16)
                      0.067247    0.001281   10.288347 ^ clkbuf_1_1__f_i_clk/A (sky130_fd_sc_hd__clkbuf_16)
     2    0.006116    0.049334    0.198947   10.487294 ^ clkbuf_1_1__f_i_clk/X (sky130_fd_sc_hd__clkbuf_16)
                      0.049335    0.000349   10.487643 ^ _16_/CLK (sky130_fd_sc_hd__dfrtp_1)
                                 -0.250000   10.237643   clock uncertainty
                                  0.000000   10.237643   clock reconvergence pessimism
                                 -0.296300    9.941342   library setup time
                                              9.941342   data required time
---------------------------------------------------------------------------------------------
                                              9.941342   data required time
                                             -2.851289   data arrival time
---------------------------------------------------------------------------------------------
                                              7.090053   slack (MET)




===========================================================================
report_checks --slack_max -0.01
============================================================================
======================= max_ss_100C_1v60 Corner ===================================

Warning: corner.tcl line 85, unknown field nets.
No paths found.


===========================================================================
 report_check_types -max_slew -max_cap -max_fanout -violators
============================================================================
======================= max_ss_100C_1v60 Corner ===================================



===========================================================================
report_parasitic_annotation -report_unannotated
============================================================================
Found 36 unannotated drivers.
 ui_in[0]
 ui_in[1]
 ui_in[2]
 ui_in[3]
 ui_in[4]
 ui_in[5]
 ui_in[6]
 ui_in[7]
 uio_in[0]
 uio_in[1]
 uio_in[2]
 uio_in[3]
 uio_in[4]
 uio_in[5]
 uio_in[6]
 uio_in[7]
 tt_if_10/HI
 tt_if_11/HI
 tt_if_12/HI
 tt_if_13/HI
 tt_if_14/HI
 tt_if_15/HI
 tt_if_16/HI
 tt_if_17/HI
 tt_if_18/HI
 tt_if_19/HI
 tt_if_20/HI
 tt_if_21/HI
 tt_if_22/HI
 tt_if_23/HI
 tt_if_24/HI
 tt_if_25/HI
 tt_if_26/HI
 tt_if_7/HI
 tt_if_8/HI
 tt_if_9/HI
Found 0 partially unannotated drivers.

===========================================================================
max slew violation count 0
%OL_METRIC_I design__max_slew_violation__count__corner:max_ss_100C_1v60 0
max fanout violation count 0
%OL_METRIC_I design__max_fanout_violation__count__corner:max_ss_100C_1v60 0
max cap violation count 0
%OL_METRIC_I design__max_cap_violation__count__corner:max_ss_100C_1v60 0
============================================================================

===========================================================================
check_setup -verbose -unconstrained_endpoints -multiple_clock -no_clock -no_input_delay -loops -generated_clocks
===========================================================================
Warning: There are 20 unconstrained endpoints.
  uio_oe[0]
  uio_oe[1]
  uio_oe[2]
  uio_oe[3]
  uio_oe[4]
  uio_oe[5]
  uio_oe[6]
  uio_oe[7]
  uio_out[0]
  uio_out[1]
  uio_out[2]
  uio_out[3]
  uio_out[4]
  uio_out[5]
  uio_out[6]
  uio_out[7]
  uo_out[4]
  uo_out[5]
  uo_out[6]
  uo_out[7]
%OL_END_REPORT
%OL_CREATE_REPORT power.rpt

===========================================================================
 report_power
============================================================================
======================= max_ss_100C_1v60 Corner ===================================

Group                    Internal    Switching      Leakage        Total
                            Power        Power        Power        Power (Watts)
------------------------------------------------------------------------
Sequential           1.828464e-05 4.572218e-06 7.517924e-08 2.293204e-05  21.8%
Combinational        1.412259e-05 1.861281e-05 1.032238e-07 3.283862e-05  31.2%
Clock                4.125845e-05 8.005417e-06 5.714688e-08 4.932101e-05  46.9%
Macro                0.000000e+00 0.000000e+00 0.000000e+00 0.000000e+00   0.0%
Pad                  0.000000e+00 0.000000e+00 0.000000e+00 0.000000e+00   0.0%
------------------------------------------------------------------------
Total                7.366567e-05 3.119045e-05 2.355498e-07 1.050917e-04 100.0%
                            70.1%        29.7%         0.2%
%OL_METRIC_F power__internal__total 7.366566569544375e-5
%OL_METRIC_F power__switching__total 3.119044777122326e-5
%OL_METRIC_F power__leakage__total 2.355497770167858e-7
%OL_METRIC_F power__total 0.00010509166168048978

%OL_END_REPORT
%OL_CREATE_REPORT skew.min.rpt

===========================================================================
Clock Skew (Hold)
============================================================================
%OL_METRIC_F clock__skew__worst_hold__corner:max_ss_100C_1v60 -0.2500778266362273
======================= max_ss_100C_1v60 Corner ===================================

Clock i_clk
0.486137 source latency _17_/CLK ^
-0.486215 target latency _18_/CLK ^
-0.250000 clock uncertainty
0.000000 CRPR
--------------
-0.250078 hold skew

%OL_END_REPORT
%OL_CREATE_REPORT skew.max.rpt

===========================================================================
Clock Skew (Setup)
============================================================================
%OL_METRIC_F clock__skew__worst_setup__corner:max_ss_100C_1v60 0.25151628713876534
======================= max_ss_100C_1v60 Corner ===================================

Clock i_clk
0.487654 source latency _19_/CLK ^
-0.486137 target latency _17_/CLK ^
0.250000 clock uncertainty
0.000000 CRPR
--------------
0.251516 setup skew

%OL_END_REPORT
%OL_CREATE_REPORT ws.min.rpt

===========================================================================
Worst Slack (Hold)
============================================================================
%OL_METRIC_F timing__hold__ws__corner:max_ss_100C_1v60 0.9672476426911407
max_ss_100C_1v60: 0.9672476426911407
%OL_END_REPORT
%OL_CREATE_REPORT ws.max.rpt

===========================================================================
Worst Slack (Setup)
============================================================================
%OL_METRIC_F timing__setup__ws__corner:max_ss_100C_1v60 7.090053189676391
max_ss_100C_1v60: 7.090053189676391
%OL_END_REPORT
%OL_CREATE_REPORT tns.min.rpt

===========================================================================
Total Negative Slack (Hold)
============================================================================
%OL_METRIC_F timing__hold__tns__corner:max_ss_100C_1v60 0.0
max_ss_100C_1v60: 0.0
%OL_END_REPORT
%OL_CREATE_REPORT tns.max.rpt

===========================================================================
Total Negative Slack (Setup)
============================================================================
%OL_METRIC_F timing__setup__tns__corner:max_ss_100C_1v60 0.0
max_ss_100C_1v60: 0.0
%OL_END_REPORT
%OL_CREATE_REPORT wns.min.rpt

===========================================================================
Worst Negative Slack (Hold)
============================================================================
%OL_METRIC_F timing__hold__wns__corner:max_ss_100C_1v60 0
max_ss_100C_1v60: 0
%OL_END_REPORT
%OL_CREATE_REPORT wns.max.rpt

===========================================================================
Worst Negative Slack (Setup)
============================================================================
%OL_METRIC_F timing__setup__wns__corner:max_ss_100C_1v60 0.0
max_ss_100C_1v60: 0.0
%OL_END_REPORT
%OL_CREATE_REPORT violator_list.rpt

===========================================================================
Violator List
============================================================================
Warning: corner.tcl line 263, find_timing_paths -group_count is deprecated. Use -group_path_count instead.
Warning: corner.tcl line 282, find_timing_paths -group_count is deprecated. Use -group_path_count instead.
Warning: corner.tcl line 298, find_timing_paths -group_count is deprecated. Use -group_path_count instead.
Warning: corner.tcl line 317, find_timing_paths -group_count is deprecated. Use -group_path_count instead.
%OL_METRIC_I timing__hold_vio__count__corner:max_ss_100C_1v60 0
%OL_METRIC_F timing__hold_r2r__ws__corner:max_ss_100C_1v60 0.967248
%OL_METRIC_I timing__hold_r2r_vio__count__corner:max_ss_100C_1v60 0
%OL_METRIC_I timing__setup_vio__count__corner:max_ss_100C_1v60 0
%OL_METRIC_F timing__setup_r2r__ws__corner:max_ss_100C_1v60 7.205187
%OL_METRIC_I timing__setup_r2r_vio__count__corner:max_ss_100C_1v60 0
%OL_END_REPORT
%OL_CREATE_REPORT unpropagated.rpt
%OL_END_REPORT
%OL_CREATE_REPORT clock.rpt
Clock: i_clk
Sources: i_clk 
Generated: no
Virtual: yes
Propagated: no
Period: 10.000000

===========================================================================
report_clock_properties
============================================================================
Clock                   Period          Waveform
----------------------------------------------------
i_clk                10.000000    0.000000  5.000000

===========================================================================
report_clock_latency
============================================================================
Clock i_clk
rise -> rise
    min     max
0.000000 0.000000 source latency
0.486137         network latency _17_/CLK
        0.487654 network latency _19_/CLK
---------------
0.486137 0.487654 latency
        0.001516 skew

fall -> fall
    min     max
0.000000 0.000000 source latency
0.508133         network latency _17_/CLK
        0.509461 network latency _19_/CLK
---------------
0.508133 0.509461 latency
        0.001329 skew



===========================================================================
report_clock_min_period
============================================================================
i_clk period_min = 2.83 fmax = 352.96
%OL_END_REPORT
Writing SDF files for all corners…
Removing Clock latencies before writing libs…
Writing timing models for all corners…
Writing timing models for the max_ss_100C_1v60 corner to /home/omare/Documents/UWASIC/Matrix-Vector-Analog/digital/AXI_IF/build/synthesis/runs/tt_if_full/54-openroad-stapostpnr/max_ss_100C_1v60/tt_if__max_ss_100C_1v60.lib…
