Clock: i_clk
Sources: i_clk 
Generated: no
Virtual: yes
Propagated: no
Period: 10.000000

===========================================================================
report_clock_properties
============================================================================
Clock                   Period          Waveform
----------------------------------------------------
i_clk                10.000000    0.000000  5.000000

===========================================================================
report_clock_latency
============================================================================
Clock i_clk
rise -> rise
    min     max
0.000000 0.000000 source latency
0.275672         network latency _17_/CLK
        0.276505 network latency _19_/CLK
---------------
0.275672 0.276505 latency
        0.000833 skew

fall -> fall
    min     max
0.000000 0.000000 source latency
0.281343         network latency _17_/CLK
        0.282104 network latency _19_/CLK
---------------
0.281343 0.282104 latency
        0.000761 skew



===========================================================================
report_clock_min_period
============================================================================
i_clk period_min = 1.51 fmax = 664.00
