
===========================================================================
report_checks -path_delay max (Setup)
============================================================================
======================= nom_tt_025C_1v80 Corner ===================================

Warning: corner.tcl line 67, unknown field nets.
Warning: corner.tcl line 67, report_checks -group_count is deprecated. Use -group_path_count instead.
Startpoint: i_ena (input port clocked by i_clk)
Endpoint: _16_ (rising edge-triggered flip-flop clocked by i_clk)
Path Group: i_clk
Path Type: max

Fanout         Cap        Slew       Delay        Time   Description
---------------------------------------------------------------------------------------------
                                  0.000000    0.000000   clock i_clk (rise edge)
                                  0.000000    0.000000   clock network delay (propagated)
                                  0.020000    0.020000 ^ input external delay
     1    0.002398    0.018026    0.008910    0.028910 ^ i_ena (in)
                      0.018026    0.000000    0.028910 ^ hold3/A (sky130_fd_sc_hd__dlygate4sd3_1)
     1    0.002248    0.048339    0.520726    0.549637 ^ hold3/X (sky130_fd_sc_hd__dlygate4sd3_1)
                      0.048339    0.000042    0.549679 ^ input1/A (sky130_fd_sc_hd__clkbuf_1)
     4    0.010264    0.127646    0.141068    0.690747 ^ input1/X (sky130_fd_sc_hd__clkbuf_1)
                      0.127646    0.000114    0.690861 ^ _08_/B (sky130_fd_sc_hd__nand2_1)
     2    0.006395    0.064583    0.089990    0.780851 v _08_/Y (sky130_fd_sc_hd__nand2_1)
                      0.064583    0.000121    0.780972 v _09_/B (sky130_fd_sc_hd__xnor2_1)
     1    0.002210    0.045359    0.121972    0.902944 v _09_/Y (sky130_fd_sc_hd__xnor2_1)
                      0.045359    0.000063    0.903007 v hold4/A (sky130_fd_sc_hd__dlygate4sd3_1)
     1    0.002675    0.052254    0.547178    1.450185 v hold4/X (sky130_fd_sc_hd__dlygate4sd3_1)
                      0.052254    0.000076    1.450261 v _16_/D (sky130_fd_sc_hd__dfrtp_1)
                                              1.450261   data arrival time

                                 10.000000   10.000000   clock i_clk (rise edge)
                                  0.000000   10.000000   clock source latency
     1    0.010862    0.055288    0.036880   10.036880 ^ i_clk (in)
                      0.055291    0.000000   10.036880 ^ clkbuf_0_i_clk/A (sky130_fd_sc_hd__clkbuf_16)
     2    0.019421    0.041350    0.128475   10.165355 ^ clkbuf_0_i_clk/X (sky130_fd_sc_hd__clkbuf_16)
                      0.041352    0.000565   10.165920 ^ clkbuf_1_1__f_i_clk/A (sky130_fd_sc_hd__clkbuf_16)
     2    0.006036    0.029705    0.110429   10.276349 ^ clkbuf_1_1__f_i_clk/X (sky130_fd_sc_hd__clkbuf_16)
                      0.029706    0.000152   10.276501 ^ _16_/CLK (sky130_fd_sc_hd__dfrtp_1)
                                 -0.250000   10.026501   clock uncertainty
                                  0.000000   10.026501   clock reconvergence pessimism
                                 -0.120941    9.905560   library setup time
                                              9.905560   data required time
---------------------------------------------------------------------------------------------
                                              9.905560   data required time
                                             -1.450261   data arrival time
---------------------------------------------------------------------------------------------
                                              8.455299   slack (MET)


Startpoint: _18_ (rising edge-triggered flip-flop clocked by i_clk)
Endpoint: _18_ (rising edge-triggered flip-flop clocked by i_clk)
Path Group: i_clk
Path Type: max

Fanout         Cap        Slew       Delay        Time   Description
---------------------------------------------------------------------------------------------
                                  0.000000    0.000000   clock i_clk (rise edge)
                                  0.000000    0.000000   clock source latency
     1    0.010862    0.055288    0.036880    0.036880 ^ i_clk (in)
                      0.055291    0.000000    0.036880 ^ clkbuf_0_i_clk/A (sky130_fd_sc_hd__clkbuf_16)
     2    0.019421    0.041350    0.128475    0.165355 ^ clkbuf_0_i_clk/X (sky130_fd_sc_hd__clkbuf_16)
                      0.041352    0.000588    0.165943 ^ clkbuf_1_0__f_i_clk/A (sky130_fd_sc_hd__clkbuf_16)
     2    0.005336    0.029072    0.109592    0.275535 ^ clkbuf_1_0__f_i_clk/X (sky130_fd_sc_hd__clkbuf_16)
                      0.029072    0.000171    0.275706 ^ _18_/CLK (sky130_fd_sc_hd__dfrtp_1)
     2    0.005662    0.052275    0.363296    0.639002 v _18_/Q (sky130_fd_sc_hd__dfrtp_1)
                      0.052275    0.000120    0.639122 v hold5/A (sky130_fd_sc_hd__dlygate4sd3_1)
     1    0.005693    0.067043    0.571350    1.210473 v hold5/X (sky130_fd_sc_hd__dlygate4sd3_1)
                      0.067043    0.000181    1.210653 v _13_/A (sky130_fd_sc_hd__xor2_1)
     1    0.002528    0.046599    0.160789    1.371443 v _13_/X (sky130_fd_sc_hd__xor2_1)
                      0.046599    0.000052    1.371494 v _18_/D (sky130_fd_sc_hd__dfrtp_1)
                                              1.371494   data arrival time

                                 10.000000   10.000000   clock i_clk (rise edge)
                                  0.000000   10.000000   clock source latency
     1    0.010862    0.055288    0.036880   10.036880 ^ i_clk (in)
                      0.055291    0.000000   10.036880 ^ clkbuf_0_i_clk/A (sky130_fd_sc_hd__clkbuf_16)
     2    0.019421    0.041350    0.128475   10.165355 ^ clkbuf_0_i_clk/X (sky130_fd_sc_hd__clkbuf_16)
                      0.041352    0.000588   10.165943 ^ clkbuf_1_0__f_i_clk/A (sky130_fd_sc_hd__clkbuf_16)
     2    0.005336    0.029072    0.109592   10.275536 ^ clkbuf_1_0__f_i_clk/X (sky130_fd_sc_hd__clkbuf_16)
                      0.029072    0.000171   10.275707 ^ _18_/CLK (sky130_fd_sc_hd__dfrtp_1)
                                 -0.250000   10.025707   clock uncertainty
                                  0.000000   10.025707   clock reconvergence pessimism
                                 -0.118616    9.907090   library setup time
                                              9.907090   data required time
---------------------------------------------------------------------------------------------
                                              9.907090   data required time
                                             -1.371494   data arrival time
---------------------------------------------------------------------------------------------
                                              8.535597   slack (MET)


Startpoint: i_ena (input port clocked by i_clk)
Endpoint: _17_ (rising edge-triggered flip-flop clocked by i_clk)
Path Group: i_clk
Path Type: max

Fanout         Cap        Slew       Delay        Time   Description
---------------------------------------------------------------------------------------------
                                  0.000000    0.000000   clock i_clk (rise edge)
                                  0.000000    0.000000   clock network delay (propagated)
                                  0.020000    0.020000 ^ input external delay
     1    0.002398    0.018026    0.008910    0.028910 ^ i_ena (in)
                      0.018026    0.000000    0.028910 ^ hold3/A (sky130_fd_sc_hd__dlygate4sd3_1)
     1    0.002248    0.048339    0.520726    0.549637 ^ hold3/X (sky130_fd_sc_hd__dlygate4sd3_1)
                      0.048339    0.000042    0.549679 ^ input1/A (sky130_fd_sc_hd__clkbuf_1)
     4    0.010264    0.127646    0.141068    0.690747 ^ input1/X (sky130_fd_sc_hd__clkbuf_1)
                      0.127646    0.000126    0.690873 ^ _10_/D (sky130_fd_sc_hd__and4_1)
     2    0.007355    0.093233    0.236679    0.927553 ^ _10_/X (sky130_fd_sc_hd__and4_1)
                      0.093233    0.000151    0.927704 ^ _12_/A_N (sky130_fd_sc_hd__and2b_1)
     1    0.003557    0.037243    0.186582    1.114286 v _12_/X (sky130_fd_sc_hd__and2b_1)
                      0.037243    0.000110    1.114396 v _17_/D (sky130_fd_sc_hd__dfrtp_1)
                                              1.114396   data arrival time

                                 10.000000   10.000000   clock i_clk (rise edge)
                                  0.000000   10.000000   clock source latency
     1    0.010862    0.055288    0.036880   10.036880 ^ i_clk (in)
                      0.055291    0.000000   10.036880 ^ clkbuf_0_i_clk/A (sky130_fd_sc_hd__clkbuf_16)
     2    0.019421    0.041350    0.128475   10.165355 ^ clkbuf_0_i_clk/X (sky130_fd_sc_hd__clkbuf_16)
                      0.041352    0.000588   10.165943 ^ clkbuf_1_0__f_i_clk/A (sky130_fd_sc_hd__clkbuf_16)
     2    0.005336    0.029072    0.109592   10.275536 ^ clkbuf_1_0__f_i_clk/X (sky130_fd_sc_hd__clkbuf_16)
                      0.029072    0.000137   10.275672 ^ _17_/CLK (sky130_fd_sc_hd__dfrtp_1)
                                 -0.250000   10.025672   clock uncertainty
                                  0.000000   10.025672   clock reconvergence pessimism
                                 -0.114531    9.911141   library setup time
                                              9.911141   data required time
---------------------------------------------------------------------------------------------
                                              9.911141   data required time
                                             -1.114396   data arrival time
---------------------------------------------------------------------------------------------
                                              8.796746   slack (MET)


Startpoint: _16_ (rising edge-triggered flip-flop clocked by i_clk)
Endpoint: uo_out[1] (output port clocked by i_clk)
Path Group: i_clk
Path Type: max

Fanout         Cap        Slew       Delay        Time   Description
---------------------------------------------------------------------------------------------
                                  0.000000    0.000000   clock i_clk (rise edge)
                                  0.000000    0.000000   clock source latency
     1    0.010862    0.055288    0.036880    0.036880 ^ i_clk (in)
                      0.055291    0.000000    0.036880 ^ clkbuf_0_i_clk/A (sky130_fd_sc_hd__clkbuf_16)
     2    0.019421    0.041350    0.128475    0.165355 ^ clkbuf_0_i_clk/X (sky130_fd_sc_hd__clkbuf_16)
                      0.041352    0.000565    0.165920 ^ clkbuf_1_1__f_i_clk/A (sky130_fd_sc_hd__clkbuf_16)
     2    0.006036    0.029705    0.110430    0.276349 ^ clkbuf_1_1__f_i_clk/X (sky130_fd_sc_hd__clkbuf_16)
                      0.029706    0.000152    0.276501 ^ _16_/CLK (sky130_fd_sc_hd__dfrtp_1)
     4    0.014895    0.140438    0.386813    0.663314 ^ _16_/Q (sky130_fd_sc_hd__dfrtp_1)
                      0.140438    0.000360    0.663674 ^ output4/A (sky130_fd_sc_hd__buf_2)
     1    0.034864    0.173442    0.233321    0.896995 ^ output4/X (sky130_fd_sc_hd__buf_2)
                      0.173443    0.000874    0.897869 ^ uo_out[1] (out)
                                              0.897869   data arrival time

                                 10.000000   10.000000   clock i_clk (rise edge)
                                  0.000000   10.000000   clock network delay (propagated)
                                 -0.250000    9.750000   clock uncertainty
                                  0.000000    9.750000   clock reconvergence pessimism
                                 -0.020000    9.730000   output external delay
                                              9.730000   data required time
---------------------------------------------------------------------------------------------
                                              9.730000   data required time
                                             -0.897869   data arrival time
---------------------------------------------------------------------------------------------
                                              8.832131   slack (MET)


Startpoint: _19_ (rising edge-triggered flip-flop clocked by i_clk)
Endpoint: uo_out[0] (output port clocked by i_clk)
Path Group: i_clk
Path Type: max

Fanout         Cap        Slew       Delay        Time   Description
---------------------------------------------------------------------------------------------
                                  0.000000    0.000000   clock i_clk (rise edge)
                                  0.000000    0.000000   clock source latency
     1    0.010862    0.055288    0.036880    0.036880 ^ i_clk (in)
                      0.055291    0.000000    0.036880 ^ clkbuf_0_i_clk/A (sky130_fd_sc_hd__clkbuf_16)
     2    0.019421    0.041350    0.128475    0.165355 ^ clkbuf_0_i_clk/X (sky130_fd_sc_hd__clkbuf_16)
                      0.041352    0.000565    0.165920 ^ clkbuf_1_1__f_i_clk/A (sky130_fd_sc_hd__clkbuf_16)
     2    0.006036    0.029705    0.110430    0.276349 ^ clkbuf_1_1__f_i_clk/X (sky130_fd_sc_hd__clkbuf_16)
                      0.029706    0.000156    0.276505 ^ _19_/CLK (sky130_fd_sc_hd__dfrtp_1)
     5    0.013262    0.126960    0.377123    0.653628 ^ _19_/Q (sky130_fd_sc_hd__dfrtp_1)
                      0.126960    0.000263    0.653890 ^ output3/A (sky130_fd_sc_hd__buf_2)
     1    0.034550    0.171951    0.228661    0.882552 ^ output3/X (sky130_fd_sc_hd__buf_2)
                      0.171952    0.000832    0.883384 ^ uo_out[0] (out)
                                              0.883384   data arrival time

                                 10.000000   10.000000   clock i_clk (rise edge)
                                  0.000000   10.000000   clock network delay (propagated)
                                 -0.250000    9.750000   clock uncertainty
                                  0.000000    9.750000   clock reconvergence pessimism
                                 -0.020000    9.730000   output external delay
                                              9.730000   data required time
---------------------------------------------------------------------------------------------
                                              9.730000   data required time
                                             -0.883384   data arrival time
---------------------------------------------------------------------------------------------
                                              8.846616   slack (MET)


Startpoint: _19_ (rising edge-triggered flip-flop clocked by i_clk)
Endpoint: _19_ (rising edge-triggered flip-flop clocked by i_clk)
Path Group: i_clk
Path Type: max

Fanout         Cap        Slew       Delay        Time   Description
---------------------------------------------------------------------------------------------
                                  0.000000    0.000000   clock i_clk (rise edge)
                                  0.000000    0.000000   clock source latency
     1    0.010862    0.055288    0.036880    0.036880 ^ i_clk (in)
                      0.055291    0.000000    0.036880 ^ clkbuf_0_i_clk/A (sky130_fd_sc_hd__clkbuf_16)
     2    0.019421    0.041350    0.128475    0.165355 ^ clkbuf_0_i_clk/X (sky130_fd_sc_hd__clkbuf_16)
                      0.041352    0.000565    0.165920 ^ clkbuf_1_1__f_i_clk/A (sky130_fd_sc_hd__clkbuf_16)
     2    0.006036    0.029705    0.110430    0.276349 ^ clkbuf_1_1__f_i_clk/X (sky130_fd_sc_hd__clkbuf_16)
                      0.029706    0.000156    0.276505 ^ _19_/CLK (sky130_fd_sc_hd__dfrtp_1)
     5    0.012652    0.082277    0.396736    0.673241 v _19_/Q (sky130_fd_sc_hd__dfrtp_1)
                      0.082277    0.000230    0.673471 v _14_/A (sky130_fd_sc_hd__or2_1)
     1    0.001752    0.042284    0.225454    0.898925 v _14_/X (sky130_fd_sc_hd__or2_1)
                      0.042284    0.000049    0.898974 v _15_/B (sky130_fd_sc_hd__and2_1)
     1    0.003256    0.037101    0.151493    1.050467 v _15_/X (sky130_fd_sc_hd__and2_1)
                      0.037101    0.000094    1.050561 v _19_/D (sky130_fd_sc_hd__dfrtp_1)
                                              1.050561   data arrival time

                                 10.000000   10.000000   clock i_clk (rise edge)
                                  0.000000   10.000000   clock source latency
     1    0.010862    0.055288    0.036880   10.036880 ^ i_clk (in)
                      0.055291    0.000000   10.036880 ^ clkbuf_0_i_clk/A (sky130_fd_sc_hd__clkbuf_16)
     2    0.019421    0.041350    0.128475   10.165355 ^ clkbuf_0_i_clk/X (sky130_fd_sc_hd__clkbuf_16)
                      0.041352    0.000565   10.165920 ^ clkbuf_1_1__f_i_clk/A (sky130_fd_sc_hd__clkbuf_16)
     2    0.006036    0.029705    0.110429   10.276349 ^ clkbuf_1_1__f_i_clk/X (sky130_fd_sc_hd__clkbuf_16)
                      0.029706    0.000156   10.276505 ^ _19_/CLK (sky130_fd_sc_hd__dfrtp_1)
                                 -0.250000   10.026505   clock uncertainty
                                  0.000000   10.026505   clock reconvergence pessimism
                                 -0.114324    9.912182   library setup time
                                              9.912182   data required time
---------------------------------------------------------------------------------------------
                                              9.912182   data required time
                                             -1.050561   data arrival time
---------------------------------------------------------------------------------------------
                                              8.861621   slack (MET)


Startpoint: _17_ (rising edge-triggered flip-flop clocked by i_clk)
Endpoint: uo_out[2] (output port clocked by i_clk)
Path Group: i_clk
Path Type: max

Fanout         Cap        Slew       Delay        Time   Description
---------------------------------------------------------------------------------------------
                                  0.000000    0.000000   clock i_clk (rise edge)
                                  0.000000    0.000000   clock source latency
     1    0.010862    0.055288    0.036880    0.036880 ^ i_clk (in)
                      0.055291    0.000000    0.036880 ^ clkbuf_0_i_clk/A (sky130_fd_sc_hd__clkbuf_16)
     2    0.019421    0.041350    0.128475    0.165355 ^ clkbuf_0_i_clk/X (sky130_fd_sc_hd__clkbuf_16)
                      0.041352    0.000588    0.165943 ^ clkbuf_1_0__f_i_clk/A (sky130_fd_sc_hd__clkbuf_16)
     2    0.005336    0.029072    0.109592    0.275535 ^ clkbuf_1_0__f_i_clk/X (sky130_fd_sc_hd__clkbuf_16)
                      0.029072    0.000137    0.275672 ^ _17_/CLK (sky130_fd_sc_hd__dfrtp_1)
     3    0.010200    0.101887    0.358301    0.633973 ^ _17_/Q (sky130_fd_sc_hd__dfrtp_1)
                      0.101887    0.000365    0.634337 ^ output5/A (sky130_fd_sc_hd__buf_2)
     1    0.034712    0.172591    0.220377    0.854715 ^ output5/X (sky130_fd_sc_hd__buf_2)
                      0.172592    0.000866    0.855581 ^ uo_out[2] (out)
                                              0.855581   data arrival time

                                 10.000000   10.000000   clock i_clk (rise edge)
                                  0.000000   10.000000   clock network delay (propagated)
                                 -0.250000    9.750000   clock uncertainty
                                  0.000000    9.750000   clock reconvergence pessimism
                                 -0.020000    9.730000   output external delay
                                              9.730000   data required time
---------------------------------------------------------------------------------------------
                                              9.730000   data required time
                                             -0.855581   data arrival time
---------------------------------------------------------------------------------------------
                                              8.874419   slack (MET)


Startpoint: _18_ (rising edge-triggered flip-flop clocked by i_clk)
Endpoint: uo_out[3] (output port clocked by i_clk)
Path Group: i_clk
Path Type: max

Fanout         Cap        Slew       Delay        Time   Description
---------------------------------------------------------------------------------------------
                                  0.000000    0.000000   clock i_clk (rise edge)
                                  0.000000    0.000000   clock source latency
     1    0.010862    0.055288    0.036880    0.036880 ^ i_clk (in)
                      0.055291    0.000000    0.036880 ^ clkbuf_0_i_clk/A (sky130_fd_sc_hd__clkbuf_16)
     2    0.019421    0.041350    0.128475    0.165355 ^ clkbuf_0_i_clk/X (sky130_fd_sc_hd__clkbuf_16)
                      0.041352    0.000588    0.165943 ^ clkbuf_1_0__f_i_clk/A (sky130_fd_sc_hd__clkbuf_16)
     2    0.005336    0.029072    0.109592    0.275535 ^ clkbuf_1_0__f_i_clk/X (sky130_fd_sc_hd__clkbuf_16)
                      0.029072    0.000171    0.275706 ^ _18_/CLK (sky130_fd_sc_hd__dfrtp_1)
     2    0.005662    0.052275    0.363296    0.639002 v _18_/Q (sky130_fd_sc_hd__dfrtp_1)
                      0.052275    0.000150    0.639153 v output6/A (sky130_fd_sc_hd__buf_2)
     1    0.034598    0.090253    0.183703    0.822856 v output6/X (sky130_fd_sc_hd__buf_2)
                      0.090261    0.000845    0.823702 v uo_out[3] (out)
                                              0.823702   data arrival time

                                 10.000000   10.000000   clock i_clk (rise edge)
                                  0.000000   10.000000   clock network delay (propagated)
                                 -0.250000    9.750000   clock uncertainty
                                  0.000000    9.750000   clock reconvergence pessimism
                                 -0.020000    9.730000   output external delay
                                              9.730000   data required time
---------------------------------------------------------------------------------------------
                                              9.730000   data required time
                                             -0.823702   data arrival time
---------------------------------------------------------------------------------------------
                                              8.906299   slack (MET)


Startpoint: i_rst_n (input port clocked by i_clk)
Endpoint: _17_ (recovery check against rising-edge clock i_clk)
Path Group: asynchronous
Path Type: max

Fanout         Cap        Slew       Delay        Time   Description
---------------------------------------------------------------------------------------------
                                  0.000000    0.000000   clock i_clk (rise edge)
                                  0.000000    0.000000   clock network delay (propagated)
                                  0.020000    0.020000 ^ input external delay
     1    0.002606    0.018905    0.009641    0.029641 ^ i_rst_n (in)
                      0.018905    0.000000    0.029641 ^ hold1/A (sky130_fd_sc_hd__dlygate4sd3_1)
     1    0.002595    0.051103    0.524280    0.553921 ^ hold1/X (sky130_fd_sc_hd__dlygate4sd3_1)
                      0.051103    0.000078    0.553999 ^ input2/A (sky130_fd_sc_hd__dlymetal6s2s_1)
     1    0.002625    0.054735    0.097429    0.651428 ^ input2/X (sky130_fd_sc_hd__dlymetal6s2s_1)
                      0.054735    0.000081    0.651508 ^ hold2/A (sky130_fd_sc_hd__dlygate4sd3_1)
     4    0.017884    0.188711    0.647474    1.298982 ^ hold2/X (sky130_fd_sc_hd__dlygate4sd3_1)
                      0.188711    0.000341    1.299324 ^ _17_/RESET_B (sky130_fd_sc_hd__dfrtp_1)
                                              1.299324   data arrival time

                                 10.000000   10.000000   clock i_clk (rise edge)
                                  0.000000   10.000000   clock source latency
     1    0.010862    0.055288    0.036880   10.036880 ^ i_clk (in)
                      0.055291    0.000000   10.036880 ^ clkbuf_0_i_clk/A (sky130_fd_sc_hd__clkbuf_16)
     2    0.019421    0.041350    0.128475   10.165355 ^ clkbuf_0_i_clk/X (sky130_fd_sc_hd__clkbuf_16)
                      0.041352    0.000588   10.165943 ^ clkbuf_1_0__f_i_clk/A (sky130_fd_sc_hd__clkbuf_16)
     2    0.005336    0.029072    0.109592   10.275536 ^ clkbuf_1_0__f_i_clk/X (sky130_fd_sc_hd__clkbuf_16)
                      0.029072    0.000137   10.275672 ^ _17_/CLK (sky130_fd_sc_hd__dfrtp_1)
                                 -0.250000   10.025672   clock uncertainty
                                  0.000000   10.025672   clock reconvergence pessimism
                                  0.188150   10.213822   library recovery time
                                             10.213822   data required time
---------------------------------------------------------------------------------------------
                                             10.213822   data required time
                                             -1.299324   data arrival time
---------------------------------------------------------------------------------------------
                                              8.914498   slack (MET)


Startpoint: i_rst_n (input port clocked by i_clk)
Endpoint: _18_ (recovery check against rising-edge clock i_clk)
Path Group: asynchronous
Path Type: max

Fanout         Cap        Slew       Delay        Time   Description
---------------------------------------------------------------------------------------------
                                  0.000000    0.000000   clock i_clk (rise edge)
                                  0.000000    0.000000   clock network delay (propagated)
                                  0.020000    0.020000 ^ input external delay
     1    0.002606    0.018905    0.009641    0.029641 ^ i_rst_n (in)
                      0.018905    0.000000    0.029641 ^ hold1/A (sky130_fd_sc_hd__dlygate4sd3_1)
     1    0.002595    0.051103    0.524280    0.553921 ^ hold1/X (sky130_fd_sc_hd__dlygate4sd3_1)
                      0.051103    0.000078    0.553999 ^ input2/A (sky130_fd_sc_hd__dlymetal6s2s_1)
     1    0.002625    0.054735    0.097429    0.651428 ^ input2/X (sky130_fd_sc_hd__dlymetal6s2s_1)
                      0.054735    0.000081    0.651508 ^ hold2/A (sky130_fd_sc_hd__dlygate4sd3_1)
     4    0.017884    0.188711    0.647474    1.298982 ^ hold2/X (sky130_fd_sc_hd__dlygate4sd3_1)
                      0.188711    0.000306    1.299289 ^ _18_/RESET_B (sky130_fd_sc_hd__dfrtp_1)
                                              1.299289   data arrival time

                                 10.000000   10.000000   clock i_clk (rise edge)
                                  0.000000   10.000000   clock source latency
     1    0.010862    0.055288    0.036880   10.036880 ^ i_clk (in)
                      0.055291    0.000000   10.036880 ^ clkbuf_0_i_clk/A (sky130_fd_sc_hd__clkbuf_16)
     2    0.019421    0.041350    0.128475   10.165355 ^ clkbuf_0_i_clk/X (sky130_fd_sc_hd__clkbuf_16)
                      0.041352    0.000588   10.165943 ^ clkbuf_1_0__f_i_clk/A (sky130_fd_sc_hd__clkbuf_16)
     2    0.005336    0.029072    0.109592   10.275536 ^ clkbuf_1_0__f_i_clk/X (sky130_fd_sc_hd__clkbuf_16)
                      0.029072    0.000171   10.275707 ^ _18_/CLK (sky130_fd_sc_hd__dfrtp_1)
                                 -0.250000   10.025707   clock uncertainty
                                  0.000000   10.025707   clock reconvergence pessimism
                                  0.188150   10.213857   library recovery time
                                             10.213857   data required time
---------------------------------------------------------------------------------------------
                                             10.213857   data required time
                                             -1.299289   data arrival time
---------------------------------------------------------------------------------------------
                                              8.914568   slack (MET)


Startpoint: i_rst_n (input port clocked by i_clk)
Endpoint: _19_ (recovery check against rising-edge clock i_clk)
Path Group: asynchronous
Path Type: max

Fanout         Cap        Slew       Delay        Time   Description
---------------------------------------------------------------------------------------------
                                  0.000000    0.000000   clock i_clk (rise edge)
                                  0.000000    0.000000   clock network delay (propagated)
                                  0.020000    0.020000 ^ input external delay
     1    0.002606    0.018905    0.009641    0.029641 ^ i_rst_n (in)
                      0.018905    0.000000    0.029641 ^ hold1/A (sky130_fd_sc_hd__dlygate4sd3_1)
     1    0.002595    0.051103    0.524280    0.553921 ^ hold1/X (sky130_fd_sc_hd__dlygate4sd3_1)
                      0.051103    0.000078    0.553999 ^ input2/A (sky130_fd_sc_hd__dlymetal6s2s_1)
     1    0.002625    0.054735    0.097429    0.651428 ^ input2/X (sky130_fd_sc_hd__dlymetal6s2s_1)
                      0.054735    0.000081    0.651508 ^ hold2/A (sky130_fd_sc_hd__dlygate4sd3_1)
     4    0.017884    0.188711    0.647474    1.298982 ^ hold2/X (sky130_fd_sc_hd__dlygate4sd3_1)
                      0.188711    0.000349    1.299331 ^ _19_/RESET_B (sky130_fd_sc_hd__dfrtp_1)
                                              1.299331   data arrival time

                                 10.000000   10.000000   clock i_clk (rise edge)
                                  0.000000   10.000000   clock source latency
     1    0.010862    0.055288    0.036880   10.036880 ^ i_clk (in)
                      0.055291    0.000000   10.036880 ^ clkbuf_0_i_clk/A (sky130_fd_sc_hd__clkbuf_16)
     2    0.019421    0.041350    0.128475   10.165355 ^ clkbuf_0_i_clk/X (sky130_fd_sc_hd__clkbuf_16)
                      0.041352    0.000565   10.165920 ^ clkbuf_1_1__f_i_clk/A (sky130_fd_sc_hd__clkbuf_16)
     2    0.006036    0.029705    0.110429   10.276349 ^ clkbuf_1_1__f_i_clk/X (sky130_fd_sc_hd__clkbuf_16)
                      0.029706    0.000156   10.276505 ^ _19_/CLK (sky130_fd_sc_hd__dfrtp_1)
                                 -0.250000   10.026505   clock uncertainty
                                  0.000000   10.026505   clock reconvergence pessimism
                                  0.188348   10.214853   library recovery time
                                             10.214853   data required time
---------------------------------------------------------------------------------------------
                                             10.214853   data required time
                                             -1.299331   data arrival time
---------------------------------------------------------------------------------------------
                                              8.915522   slack (MET)


Startpoint: i_rst_n (input port clocked by i_clk)
Endpoint: _16_ (recovery check against rising-edge clock i_clk)
Path Group: asynchronous
Path Type: max

Fanout         Cap        Slew       Delay        Time   Description
---------------------------------------------------------------------------------------------
                                  0.000000    0.000000   clock i_clk (rise edge)
                                  0.000000    0.000000   clock network delay (propagated)
                                  0.020000    0.020000 ^ input external delay
     1    0.002606    0.018905    0.009641    0.029641 ^ i_rst_n (in)
                      0.018905    0.000000    0.029641 ^ hold1/A (sky130_fd_sc_hd__dlygate4sd3_1)
     1    0.002595    0.051103    0.524280    0.553921 ^ hold1/X (sky130_fd_sc_hd__dlygate4sd3_1)
                      0.051103    0.000078    0.553999 ^ input2/A (sky130_fd_sc_hd__dlymetal6s2s_1)
     1    0.002625    0.054735    0.097429    0.651428 ^ input2/X (sky130_fd_sc_hd__dlymetal6s2s_1)
                      0.054735    0.000081    0.651508 ^ hold2/A (sky130_fd_sc_hd__dlygate4sd3_1)
     4    0.017884    0.188711    0.647474    1.298982 ^ hold2/X (sky130_fd_sc_hd__dlygate4sd3_1)
                      0.188711    0.000333    1.299316 ^ _16_/RESET_B (sky130_fd_sc_hd__dfrtp_1)
                                              1.299316   data arrival time

                                 10.000000   10.000000   clock i_clk (rise edge)
                                  0.000000   10.000000   clock source latency
     1    0.010862    0.055288    0.036880   10.036880 ^ i_clk (in)
                      0.055291    0.000000   10.036880 ^ clkbuf_0_i_clk/A (sky130_fd_sc_hd__clkbuf_16)
     2    0.019421    0.041350    0.128475   10.165355 ^ clkbuf_0_i_clk/X (sky130_fd_sc_hd__clkbuf_16)
                      0.041352    0.000565   10.165920 ^ clkbuf_1_1__f_i_clk/A (sky130_fd_sc_hd__clkbuf_16)
     2    0.006036    0.029705    0.110429   10.276349 ^ clkbuf_1_1__f_i_clk/X (sky130_fd_sc_hd__clkbuf_16)
                      0.029706    0.000152   10.276501 ^ _16_/CLK (sky130_fd_sc_hd__dfrtp_1)
                                 -0.250000   10.026501   clock uncertainty
                                  0.000000   10.026501   clock reconvergence pessimism
                                  0.188348   10.214849   library recovery time
                                             10.214849   data required time
---------------------------------------------------------------------------------------------
                                             10.214849   data required time
                                             -1.299316   data arrival time
---------------------------------------------------------------------------------------------
                                              8.915533   slack (MET)



