
===========================================================================
report_checks -path_delay min (Hold)
============================================================================
======================= nom_tt_025C_1v80 Corner ===================================

Warning: corner.tcl line 57, unknown field nets.
Warning: corner.tcl line 57, report_checks -group_count is deprecated. Use -group_path_count instead.
Startpoint: _17_ (rising edge-triggered flip-flop clocked by i_clk)
Endpoint: _17_ (rising edge-triggered flip-flop clocked by i_clk)
Path Group: i_clk
Path Type: min

Fanout         Cap        Slew       Delay        Time   Description
---------------------------------------------------------------------------------------------
                                  0.000000    0.000000   clock i_clk (rise edge)
                                  0.000000    0.000000   clock source latency
     1    0.010862    0.055288    0.036880    0.036880 ^ i_clk (in)
                      0.055291    0.000000    0.036880 ^ clkbuf_0_i_clk/A (sky130_fd_sc_hd__clkbuf_16)
     2    0.019421    0.041350    0.128475    0.165355 ^ clkbuf_0_i_clk/X (sky130_fd_sc_hd__clkbuf_16)
                      0.041352    0.000588    0.165943 ^ clkbuf_1_0__f_i_clk/A (sky130_fd_sc_hd__clkbuf_16)
     2    0.005336    0.029072    0.109592    0.275535 ^ clkbuf_1_0__f_i_clk/X (sky130_fd_sc_hd__clkbuf_16)
                      0.029072    0.000137    0.275672 ^ _17_/CLK (sky130_fd_sc_hd__dfrtp_1)
     3    0.010200    0.101887    0.358301    0.633973 ^ _17_/Q (sky130_fd_sc_hd__dfrtp_1)
                      0.101887    0.000246    0.634219 ^ _11_/B1 (sky130_fd_sc_hd__a31o_1)
     1    0.001970    0.034852    0.098220    0.732439 ^ _11_/X (sky130_fd_sc_hd__a31o_1)
                      0.034852    0.000056    0.732495 ^ _12_/B (sky130_fd_sc_hd__and2b_1)
     1    0.003614    0.047745    0.115694    0.848189 ^ _12_/X (sky130_fd_sc_hd__and2b_1)
                      0.047745    0.000112    0.848301 ^ _17_/D (sky130_fd_sc_hd__dfrtp_1)
                                              0.848301   data arrival time

                                  0.000000    0.000000   clock i_clk (rise edge)
                                  0.000000    0.000000   clock source latency
     1    0.010862    0.055288    0.036880    0.036880 ^ i_clk (in)
                      0.055291    0.000000    0.036880 ^ clkbuf_0_i_clk/A (sky130_fd_sc_hd__clkbuf_16)
     2    0.019421    0.041350    0.128475    0.165355 ^ clkbuf_0_i_clk/X (sky130_fd_sc_hd__clkbuf_16)
                      0.041352    0.000588    0.165943 ^ clkbuf_1_0__f_i_clk/A (sky130_fd_sc_hd__clkbuf_16)
     2    0.005336    0.029072    0.109592    0.275535 ^ clkbuf_1_0__f_i_clk/X (sky130_fd_sc_hd__clkbuf_16)
                      0.029072    0.000137    0.275672 ^ _17_/CLK (sky130_fd_sc_hd__dfrtp_1)
                                  0.250000    0.525672   clock uncertainty
                                  0.000000    0.525672   clock reconvergence pessimism
                                 -0.037517    0.488154   library hold time
                                              0.488154   data required time
---------------------------------------------------------------------------------------------
                                              0.488154   data required time
                                             -0.848301   data arrival time
---------------------------------------------------------------------------------------------
                                              0.360146   slack (MET)


Startpoint: _19_ (rising edge-triggered flip-flop clocked by i_clk)
Endpoint: _19_ (rising edge-triggered flip-flop clocked by i_clk)
Path Group: i_clk
Path Type: min

Fanout         Cap        Slew       Delay        Time   Description
---------------------------------------------------------------------------------------------
                                  0.000000    0.000000   clock i_clk (rise edge)
                                  0.000000    0.000000   clock source latency
     1    0.010862    0.055288    0.036880    0.036880 ^ i_clk (in)
                      0.055291    0.000000    0.036880 ^ clkbuf_0_i_clk/A (sky130_fd_sc_hd__clkbuf_16)
     2    0.019421    0.041350    0.128475    0.165355 ^ clkbuf_0_i_clk/X (sky130_fd_sc_hd__clkbuf_16)
                      0.041352    0.000565    0.165920 ^ clkbuf_1_1__f_i_clk/A (sky130_fd_sc_hd__clkbuf_16)
     2    0.006036    0.029705    0.110430    0.276349 ^ clkbuf_1_1__f_i_clk/X (sky130_fd_sc_hd__clkbuf_16)
                      0.029706    0.000156    0.276505 ^ _19_/CLK (sky130_fd_sc_hd__dfrtp_1)
     5    0.013262    0.126960    0.377123    0.653628 ^ _19_/Q (sky130_fd_sc_hd__dfrtp_1)
                      0.126960    0.000243    0.653870 ^ _14_/A (sky130_fd_sc_hd__or2_1)
     1    0.001881    0.033136    0.111019    0.764890 ^ _14_/X (sky130_fd_sc_hd__or2_1)
                      0.033136    0.000053    0.764943 ^ _15_/B (sky130_fd_sc_hd__and2_1)
     1    0.003313    0.050320    0.114996    0.879939 ^ _15_/X (sky130_fd_sc_hd__and2_1)
                      0.050320    0.000096    0.880035 ^ _19_/D (sky130_fd_sc_hd__dfrtp_1)
                                              0.880035   data arrival time

                                  0.000000    0.000000   clock i_clk (rise edge)
                                  0.000000    0.000000   clock source latency
     1    0.010862    0.055288    0.036880    0.036880 ^ i_clk (in)
                      0.055291    0.000000    0.036880 ^ clkbuf_0_i_clk/A (sky130_fd_sc_hd__clkbuf_16)
     2    0.019421    0.041350    0.128475    0.165355 ^ clkbuf_0_i_clk/X (sky130_fd_sc_hd__clkbuf_16)
                      0.041352    0.000565    0.165920 ^ clkbuf_1_1__f_i_clk/A (sky130_fd_sc_hd__clkbuf_16)
     2    0.006036    0.029705    0.110430    0.276349 ^ clkbuf_1_1__f_i_clk/X (sky130_fd_sc_hd__clkbuf_16)
                      0.029706    0.000156    0.276505 ^ _19_/CLK (sky130_fd_sc_hd__dfrtp_1)
                                  0.250000    0.526505   clock uncertainty
                                  0.000000    0.526505   clock reconvergence pessimism
                                 -0.037971    0.488533   library hold time
                                              0.488533   data required time
---------------------------------------------------------------------------------------------
                                              0.488533   data required time
                                             -0.880035   data arrival time
---------------------------------------------------------------------------------------------
                                              0.391501   slack (MET)


Startpoint: i_rst_n (input port clocked by i_clk)
Endpoint: _16_ (removal check against rising-edge clock i_clk)
Path Group: asynchronous
Path Type: min

Fanout         Cap        Slew       Delay        Time   Description
---------------------------------------------------------------------------------------------
                                  0.000000    0.000000   clock i_clk (rise edge)
                                  0.000000    0.000000   clock network delay (propagated)
                                  0.020000    0.020000 ^ input external delay
     1    0.002606    0.018905    0.009641    0.029641 ^ i_rst_n (in)
                      0.018905    0.000000    0.029641 ^ hold1/A (sky130_fd_sc_hd__dlygate4sd3_1)
     1    0.002595    0.051103    0.524280    0.553921 ^ hold1/X (sky130_fd_sc_hd__dlygate4sd3_1)
                      0.051103    0.000078    0.553999 ^ input2/A (sky130_fd_sc_hd__dlymetal6s2s_1)
     1    0.002625    0.054735    0.097429    0.651428 ^ input2/X (sky130_fd_sc_hd__dlymetal6s2s_1)
                      0.054735    0.000081    0.651508 ^ hold2/A (sky130_fd_sc_hd__dlygate4sd3_1)
     4    0.017884    0.188711    0.647474    1.298982 ^ hold2/X (sky130_fd_sc_hd__dlygate4sd3_1)
                      0.188711    0.000333    1.299316 ^ _16_/RESET_B (sky130_fd_sc_hd__dfrtp_1)
                                              1.299316   data arrival time

                                  0.000000    0.000000   clock i_clk (rise edge)
                                  0.000000    0.000000   clock source latency
     1    0.010862    0.055288    0.036880    0.036880 ^ i_clk (in)
                      0.055291    0.000000    0.036880 ^ clkbuf_0_i_clk/A (sky130_fd_sc_hd__clkbuf_16)
     2    0.019421    0.041350    0.128475    0.165355 ^ clkbuf_0_i_clk/X (sky130_fd_sc_hd__clkbuf_16)
                      0.041352    0.000565    0.165920 ^ clkbuf_1_1__f_i_clk/A (sky130_fd_sc_hd__clkbuf_16)
     2    0.006036    0.029705    0.110430    0.276349 ^ clkbuf_1_1__f_i_clk/X (sky130_fd_sc_hd__clkbuf_16)
                      0.029706    0.000152    0.276501 ^ _16_/CLK (sky130_fd_sc_hd__dfrtp_1)
                                  0.250000    0.526501   clock uncertainty
                                  0.000000    0.526501   clock reconvergence pessimism
                                  0.355628    0.882129   library removal time
                                              0.882129   data required time
---------------------------------------------------------------------------------------------
                                              0.882129   data required time
                                             -1.299316   data arrival time
---------------------------------------------------------------------------------------------
                                              0.417187   slack (MET)


Startpoint: i_rst_n (input port clocked by i_clk)
Endpoint: _19_ (removal check against rising-edge clock i_clk)
Path Group: asynchronous
Path Type: min

Fanout         Cap        Slew       Delay        Time   Description
---------------------------------------------------------------------------------------------
                                  0.000000    0.000000   clock i_clk (rise edge)
                                  0.000000    0.000000   clock network delay (propagated)
                                  0.020000    0.020000 ^ input external delay
     1    0.002606    0.018905    0.009641    0.029641 ^ i_rst_n (in)
                      0.018905    0.000000    0.029641 ^ hold1/A (sky130_fd_sc_hd__dlygate4sd3_1)
     1    0.002595    0.051103    0.524280    0.553921 ^ hold1/X (sky130_fd_sc_hd__dlygate4sd3_1)
                      0.051103    0.000078    0.553999 ^ input2/A (sky130_fd_sc_hd__dlymetal6s2s_1)
     1    0.002625    0.054735    0.097429    0.651428 ^ input2/X (sky130_fd_sc_hd__dlymetal6s2s_1)
                      0.054735    0.000081    0.651508 ^ hold2/A (sky130_fd_sc_hd__dlygate4sd3_1)
     4    0.017884    0.188711    0.647474    1.298982 ^ hold2/X (sky130_fd_sc_hd__dlygate4sd3_1)
                      0.188711    0.000349    1.299331 ^ _19_/RESET_B (sky130_fd_sc_hd__dfrtp_1)
                                              1.299331   data arrival time

                                  0.000000    0.000000   clock i_clk (rise edge)
                                  0.000000    0.000000   clock source latency
     1    0.010862    0.055288    0.036880    0.036880 ^ i_clk (in)
                      0.055291    0.000000    0.036880 ^ clkbuf_0_i_clk/A (sky130_fd_sc_hd__clkbuf_16)
     2    0.019421    0.041350    0.128475    0.165355 ^ clkbuf_0_i_clk/X (sky130_fd_sc_hd__clkbuf_16)
                      0.041352    0.000565    0.165920 ^ clkbuf_1_1__f_i_clk/A (sky130_fd_sc_hd__clkbuf_16)
     2    0.006036    0.029705    0.110430    0.276349 ^ clkbuf_1_1__f_i_clk/X (sky130_fd_sc_hd__clkbuf_16)
                      0.029706    0.000156    0.276505 ^ _19_/CLK (sky130_fd_sc_hd__dfrtp_1)
                                  0.250000    0.526505   clock uncertainty
                                  0.000000    0.526505   clock reconvergence pessimism
                                  0.355628    0.882133   library removal time
                                              0.882133   data required time
---------------------------------------------------------------------------------------------
                                              0.882133   data required time
                                             -1.299331   data arrival time
---------------------------------------------------------------------------------------------
                                              0.417198   slack (MET)


Startpoint: i_rst_n (input port clocked by i_clk)
Endpoint: _18_ (removal check against rising-edge clock i_clk)
Path Group: asynchronous
Path Type: min

Fanout         Cap        Slew       Delay        Time   Description
---------------------------------------------------------------------------------------------
                                  0.000000    0.000000   clock i_clk (rise edge)
                                  0.000000    0.000000   clock network delay (propagated)
                                  0.020000    0.020000 ^ input external delay
     1    0.002606    0.018905    0.009641    0.029641 ^ i_rst_n (in)
                      0.018905    0.000000    0.029641 ^ hold1/A (sky130_fd_sc_hd__dlygate4sd3_1)
     1    0.002595    0.051103    0.524280    0.553921 ^ hold1/X (sky130_fd_sc_hd__dlygate4sd3_1)
                      0.051103    0.000078    0.553999 ^ input2/A (sky130_fd_sc_hd__dlymetal6s2s_1)
     1    0.002625    0.054735    0.097429    0.651428 ^ input2/X (sky130_fd_sc_hd__dlymetal6s2s_1)
                      0.054735    0.000081    0.651508 ^ hold2/A (sky130_fd_sc_hd__dlygate4sd3_1)
     4    0.017884    0.188711    0.647474    1.298982 ^ hold2/X (sky130_fd_sc_hd__dlygate4sd3_1)
                      0.188711    0.000306    1.299289 ^ _18_/RESET_B (sky130_fd_sc_hd__dfrtp_1)
                                              1.299289   data arrival time

                                  0.000000    0.000000   clock i_clk (rise edge)
                                  0.000000    0.000000   clock source latency
     1    0.010862    0.055288    0.036880    0.036880 ^ i_clk (in)
                      0.055291    0.000000    0.036880 ^ clkbuf_0_i_clk/A (sky130_fd_sc_hd__clkbuf_16)
     2    0.019421    0.041350    0.128475    0.165355 ^ clkbuf_0_i_clk/X (sky130_fd_sc_hd__clkbuf_16)
                      0.041352    0.000588    0.165943 ^ clkbuf_1_0__f_i_clk/A (sky130_fd_sc_hd__clkbuf_16)
     2    0.005336    0.029072    0.109592    0.275535 ^ clkbuf_1_0__f_i_clk/X (sky130_fd_sc_hd__clkbuf_16)
                      0.029072    0.000171    0.275706 ^ _18_/CLK (sky130_fd_sc_hd__dfrtp_1)
                                  0.250000    0.525706   clock uncertainty
                                  0.000000    0.525706   clock reconvergence pessimism
                                  0.355456    0.881162   library removal time
                                              0.881162   data required time
---------------------------------------------------------------------------------------------
                                              0.881162   data required time
                                             -1.299289   data arrival time
---------------------------------------------------------------------------------------------
                                              0.418126   slack (MET)


Startpoint: i_rst_n (input port clocked by i_clk)
Endpoint: _17_ (removal check against rising-edge clock i_clk)
Path Group: asynchronous
Path Type: min

Fanout         Cap        Slew       Delay        Time   Description
---------------------------------------------------------------------------------------------
                                  0.000000    0.000000   clock i_clk (rise edge)
                                  0.000000    0.000000   clock network delay (propagated)
                                  0.020000    0.020000 ^ input external delay
     1    0.002606    0.018905    0.009641    0.029641 ^ i_rst_n (in)
                      0.018905    0.000000    0.029641 ^ hold1/A (sky130_fd_sc_hd__dlygate4sd3_1)
     1    0.002595    0.051103    0.524280    0.553921 ^ hold1/X (sky130_fd_sc_hd__dlygate4sd3_1)
                      0.051103    0.000078    0.553999 ^ input2/A (sky130_fd_sc_hd__dlymetal6s2s_1)
     1    0.002625    0.054735    0.097429    0.651428 ^ input2/X (sky130_fd_sc_hd__dlymetal6s2s_1)
                      0.054735    0.000081    0.651508 ^ hold2/A (sky130_fd_sc_hd__dlygate4sd3_1)
     4    0.017884    0.188711    0.647474    1.298982 ^ hold2/X (sky130_fd_sc_hd__dlygate4sd3_1)
                      0.188711    0.000341    1.299324 ^ _17_/RESET_B (sky130_fd_sc_hd__dfrtp_1)
                                              1.299324   data arrival time

                                  0.000000    0.000000   clock i_clk (rise edge)
                                  0.000000    0.000000   clock source latency
     1    0.010862    0.055288    0.036880    0.036880 ^ i_clk (in)
                      0.055291    0.000000    0.036880 ^ clkbuf_0_i_clk/A (sky130_fd_sc_hd__clkbuf_16)
     2    0.019421    0.041350    0.128475    0.165355 ^ clkbuf_0_i_clk/X (sky130_fd_sc_hd__clkbuf_16)
                      0.041352    0.000588    0.165943 ^ clkbuf_1_0__f_i_clk/A (sky130_fd_sc_hd__clkbuf_16)
     2    0.005336    0.029072    0.109592    0.275535 ^ clkbuf_1_0__f_i_clk/X (sky130_fd_sc_hd__clkbuf_16)
                      0.029072    0.000137    0.275672 ^ _17_/CLK (sky130_fd_sc_hd__dfrtp_1)
                                  0.250000    0.525672   clock uncertainty
                                  0.000000    0.525672   clock reconvergence pessimism
                                  0.355456    0.881128   library removal time
                                              0.881128   data required time
---------------------------------------------------------------------------------------------
                                              0.881128   data required time
                                             -1.299324   data arrival time
---------------------------------------------------------------------------------------------
                                              0.418196   slack (MET)


Startpoint: _17_ (rising edge-triggered flip-flop clocked by i_clk)
Endpoint: _18_ (rising edge-triggered flip-flop clocked by i_clk)
Path Group: i_clk
Path Type: min

Fanout         Cap        Slew       Delay        Time   Description
---------------------------------------------------------------------------------------------
                                  0.000000    0.000000   clock i_clk (rise edge)
                                  0.000000    0.000000   clock source latency
     1    0.010862    0.055288    0.036880    0.036880 ^ i_clk (in)
                      0.055291    0.000000    0.036880 ^ clkbuf_0_i_clk/A (sky130_fd_sc_hd__clkbuf_16)
     2    0.019421    0.041350    0.128475    0.165355 ^ clkbuf_0_i_clk/X (sky130_fd_sc_hd__clkbuf_16)
                      0.041352    0.000588    0.165943 ^ clkbuf_1_0__f_i_clk/A (sky130_fd_sc_hd__clkbuf_16)
     2    0.005336    0.029072    0.109592    0.275535 ^ clkbuf_1_0__f_i_clk/X (sky130_fd_sc_hd__clkbuf_16)
                      0.029072    0.000137    0.275672 ^ _17_/CLK (sky130_fd_sc_hd__dfrtp_1)
     3    0.010200    0.101887    0.358301    0.633973 ^ _17_/Q (sky130_fd_sc_hd__dfrtp_1)
                      0.101887    0.000349    0.634321 ^ _10_/C (sky130_fd_sc_hd__and4_1)
     2    0.007355    0.093026    0.226825    0.861147 ^ _10_/X (sky130_fd_sc_hd__and4_1)
                      0.093026    0.000220    0.861366 ^ _13_/B (sky130_fd_sc_hd__xor2_1)
     1    0.002528    0.035145    0.068101    0.929467 v _13_/X (sky130_fd_sc_hd__xor2_1)
                      0.035145    0.000052    0.929519 v _18_/D (sky130_fd_sc_hd__dfrtp_1)
                                              0.929519   data arrival time

                                  0.000000    0.000000   clock i_clk (rise edge)
                                  0.000000    0.000000   clock source latency
     1    0.010862    0.055288    0.036880    0.036880 ^ i_clk (in)
                      0.055291    0.000000    0.036880 ^ clkbuf_0_i_clk/A (sky130_fd_sc_hd__clkbuf_16)
     2    0.019421    0.041350    0.128475    0.165355 ^ clkbuf_0_i_clk/X (sky130_fd_sc_hd__clkbuf_16)
                      0.041352    0.000588    0.165943 ^ clkbuf_1_0__f_i_clk/A (sky130_fd_sc_hd__clkbuf_16)
     2    0.005336    0.029072    0.109592    0.275535 ^ clkbuf_1_0__f_i_clk/X (sky130_fd_sc_hd__clkbuf_16)
                      0.029072    0.000171    0.275706 ^ _18_/CLK (sky130_fd_sc_hd__dfrtp_1)
                                  0.250000    0.525706   clock uncertainty
                                  0.000000    0.525706   clock reconvergence pessimism
                                 -0.045396    0.480310   library hold time
                                              0.480310   data required time
---------------------------------------------------------------------------------------------
                                              0.480310   data required time
                                             -0.929519   data arrival time
---------------------------------------------------------------------------------------------
                                              0.449209   slack (MET)


Startpoint: _18_ (rising edge-triggered flip-flop clocked by i_clk)
Endpoint: uo_out[3] (output port clocked by i_clk)
Path Group: i_clk
Path Type: min

Fanout         Cap        Slew       Delay        Time   Description
---------------------------------------------------------------------------------------------
                                  0.000000    0.000000   clock i_clk (rise edge)
                                  0.000000    0.000000   clock source latency
     1    0.010862    0.055288    0.036880    0.036880 ^ i_clk (in)
                      0.055291    0.000000    0.036880 ^ clkbuf_0_i_clk/A (sky130_fd_sc_hd__clkbuf_16)
     2    0.019421    0.041350    0.128475    0.165355 ^ clkbuf_0_i_clk/X (sky130_fd_sc_hd__clkbuf_16)
                      0.041352    0.000588    0.165943 ^ clkbuf_1_0__f_i_clk/A (sky130_fd_sc_hd__clkbuf_16)
     2    0.005336    0.029072    0.109592    0.275535 ^ clkbuf_1_0__f_i_clk/X (sky130_fd_sc_hd__clkbuf_16)
                      0.029072    0.000171    0.275706 ^ _18_/CLK (sky130_fd_sc_hd__dfrtp_1)
     2    0.005987    0.069416    0.330555    0.606261 ^ _18_/Q (sky130_fd_sc_hd__dfrtp_1)
                      0.069416    0.000159    0.606421 ^ output6/A (sky130_fd_sc_hd__buf_2)
     1    0.034598    0.171867    0.208051    0.814472 ^ output6/X (sky130_fd_sc_hd__buf_2)
                      0.171869    0.000846    0.815318 ^ uo_out[3] (out)
                                              0.815318   data arrival time

                                  0.000000    0.000000   clock i_clk (rise edge)
                                  0.000000    0.000000   clock network delay (propagated)
                                  0.250000    0.250000   clock uncertainty
                                  0.000000    0.250000   clock reconvergence pessimism
                                 -0.020000    0.230000   output external delay
                                              0.230000   data required time
---------------------------------------------------------------------------------------------
                                              0.230000   data required time
                                             -0.815318   data arrival time
---------------------------------------------------------------------------------------------
                                              0.585318   slack (MET)


Startpoint: _17_ (rising edge-triggered flip-flop clocked by i_clk)
Endpoint: uo_out[2] (output port clocked by i_clk)
Path Group: i_clk
Path Type: min

Fanout         Cap        Slew       Delay        Time   Description
---------------------------------------------------------------------------------------------
                                  0.000000    0.000000   clock i_clk (rise edge)
                                  0.000000    0.000000   clock source latency
     1    0.010862    0.055288    0.036880    0.036880 ^ i_clk (in)
                      0.055291    0.000000    0.036880 ^ clkbuf_0_i_clk/A (sky130_fd_sc_hd__clkbuf_16)
     2    0.019421    0.041350    0.128475    0.165355 ^ clkbuf_0_i_clk/X (sky130_fd_sc_hd__clkbuf_16)
                      0.041352    0.000588    0.165943 ^ clkbuf_1_0__f_i_clk/A (sky130_fd_sc_hd__clkbuf_16)
     2    0.005336    0.029072    0.109592    0.275535 ^ clkbuf_1_0__f_i_clk/X (sky130_fd_sc_hd__clkbuf_16)
                      0.029072    0.000137    0.275672 ^ _17_/CLK (sky130_fd_sc_hd__dfrtp_1)
     3    0.009639    0.069369    0.384301    0.659973 v _17_/Q (sky130_fd_sc_hd__dfrtp_1)
                      0.069427    0.000346    0.660318 v output5/A (sky130_fd_sc_hd__buf_2)
     1    0.034712    0.090519    0.191679    0.851997 v output5/X (sky130_fd_sc_hd__buf_2)
                      0.090527    0.000866    0.852863 v uo_out[2] (out)
                                              0.852863   data arrival time

                                  0.000000    0.000000   clock i_clk (rise edge)
                                  0.000000    0.000000   clock network delay (propagated)
                                  0.250000    0.250000   clock uncertainty
                                  0.000000    0.250000   clock reconvergence pessimism
                                 -0.020000    0.230000   output external delay
                                              0.230000   data required time
---------------------------------------------------------------------------------------------
                                              0.230000   data required time
                                             -0.852863   data arrival time
---------------------------------------------------------------------------------------------
                                              0.622863   slack (MET)


Startpoint: _19_ (rising edge-triggered flip-flop clocked by i_clk)
Endpoint: uo_out[0] (output port clocked by i_clk)
Path Group: i_clk
Path Type: min

Fanout         Cap        Slew       Delay        Time   Description
---------------------------------------------------------------------------------------------
                                  0.000000    0.000000   clock i_clk (rise edge)
                                  0.000000    0.000000   clock source latency
     1    0.010862    0.055288    0.036880    0.036880 ^ i_clk (in)
                      0.055291    0.000000    0.036880 ^ clkbuf_0_i_clk/A (sky130_fd_sc_hd__clkbuf_16)
     2    0.019421    0.041350    0.128475    0.165355 ^ clkbuf_0_i_clk/X (sky130_fd_sc_hd__clkbuf_16)
                      0.041352    0.000565    0.165920 ^ clkbuf_1_1__f_i_clk/A (sky130_fd_sc_hd__clkbuf_16)
     2    0.006036    0.029705    0.110430    0.276349 ^ clkbuf_1_1__f_i_clk/X (sky130_fd_sc_hd__clkbuf_16)
                      0.029706    0.000156    0.276505 ^ _19_/CLK (sky130_fd_sc_hd__dfrtp_1)
     5    0.012652    0.082277    0.396736    0.673241 v _19_/Q (sky130_fd_sc_hd__dfrtp_1)
                      0.082277    0.000249    0.673490 v output3/A (sky130_fd_sc_hd__buf_2)
     1    0.034550    0.090170    0.197249    0.870738 v output3/X (sky130_fd_sc_hd__buf_2)
                      0.090177    0.000831    0.871570 v uo_out[0] (out)
                                              0.871570   data arrival time

                                  0.000000    0.000000   clock i_clk (rise edge)
                                  0.000000    0.000000   clock network delay (propagated)
                                  0.250000    0.250000   clock uncertainty
                                  0.000000    0.250000   clock reconvergence pessimism
                                 -0.020000    0.230000   output external delay
                                              0.230000   data required time
---------------------------------------------------------------------------------------------
                                              0.230000   data required time
                                             -0.871570   data arrival time
---------------------------------------------------------------------------------------------
                                              0.641570   slack (MET)


Startpoint: _16_ (rising edge-triggered flip-flop clocked by i_clk)
Endpoint: uo_out[1] (output port clocked by i_clk)
Path Group: i_clk
Path Type: min

Fanout         Cap        Slew       Delay        Time   Description
---------------------------------------------------------------------------------------------
                                  0.000000    0.000000   clock i_clk (rise edge)
                                  0.000000    0.000000   clock source latency
     1    0.010862    0.055288    0.036880    0.036880 ^ i_clk (in)
                      0.055291    0.000000    0.036880 ^ clkbuf_0_i_clk/A (sky130_fd_sc_hd__clkbuf_16)
     2    0.019421    0.041350    0.128475    0.165355 ^ clkbuf_0_i_clk/X (sky130_fd_sc_hd__clkbuf_16)
                      0.041352    0.000565    0.165920 ^ clkbuf_1_1__f_i_clk/A (sky130_fd_sc_hd__clkbuf_16)
     2    0.006036    0.029705    0.110430    0.276349 ^ clkbuf_1_1__f_i_clk/X (sky130_fd_sc_hd__clkbuf_16)
                      0.029706    0.000152    0.276501 ^ _16_/CLK (sky130_fd_sc_hd__dfrtp_1)
     4    0.014156    0.088966    0.402620    0.679121 v _16_/Q (sky130_fd_sc_hd__dfrtp_1)
                      0.088966    0.000341    0.679461 v output4/A (sky130_fd_sc_hd__buf_2)
     1    0.034864    0.090872    0.200845    0.880307 v output4/X (sky130_fd_sc_hd__buf_2)
                      0.090880    0.000874    0.881180 v uo_out[1] (out)
                                              0.881180   data arrival time

                                  0.000000    0.000000   clock i_clk (rise edge)
                                  0.000000    0.000000   clock network delay (propagated)
                                  0.250000    0.250000   clock uncertainty
                                  0.000000    0.250000   clock reconvergence pessimism
                                 -0.020000    0.230000   output external delay
                                              0.230000   data required time
---------------------------------------------------------------------------------------------
                                              0.230000   data required time
                                             -0.881180   data arrival time
---------------------------------------------------------------------------------------------
                                              0.651180   slack (MET)


Startpoint: _16_ (rising edge-triggered flip-flop clocked by i_clk)
Endpoint: _16_ (rising edge-triggered flip-flop clocked by i_clk)
Path Group: i_clk
Path Type: min

Fanout         Cap        Slew       Delay        Time   Description
---------------------------------------------------------------------------------------------
                                  0.000000    0.000000   clock i_clk (rise edge)
                                  0.000000    0.000000   clock source latency
     1    0.010862    0.055288    0.036880    0.036880 ^ i_clk (in)
                      0.055291    0.000000    0.036880 ^ clkbuf_0_i_clk/A (sky130_fd_sc_hd__clkbuf_16)
     2    0.019421    0.041350    0.128475    0.165355 ^ clkbuf_0_i_clk/X (sky130_fd_sc_hd__clkbuf_16)
                      0.041352    0.000565    0.165920 ^ clkbuf_1_1__f_i_clk/A (sky130_fd_sc_hd__clkbuf_16)
     2    0.006036    0.029705    0.110430    0.276349 ^ clkbuf_1_1__f_i_clk/X (sky130_fd_sc_hd__clkbuf_16)
                      0.029706    0.000152    0.276501 ^ _16_/CLK (sky130_fd_sc_hd__dfrtp_1)
     4    0.014895    0.140438    0.386813    0.663314 ^ _16_/Q (sky130_fd_sc_hd__dfrtp_1)
                      0.140439    0.000617    0.663931 ^ _09_/A (sky130_fd_sc_hd__xnor2_1)
     1    0.002210    0.031225    0.083734    0.747666 v _09_/Y (sky130_fd_sc_hd__xnor2_1)
                      0.031225    0.000063    0.747729 v hold4/A (sky130_fd_sc_hd__dlygate4sd3_1)
     1    0.002675    0.052375    0.541674    1.289403 v hold4/X (sky130_fd_sc_hd__dlygate4sd3_1)
                      0.052375    0.000076    1.289479 v _16_/D (sky130_fd_sc_hd__dfrtp_1)
                                              1.289479   data arrival time

                                  0.000000    0.000000   clock i_clk (rise edge)
                                  0.000000    0.000000   clock source latency
     1    0.010862    0.055288    0.036880    0.036880 ^ i_clk (in)
                      0.055291    0.000000    0.036880 ^ clkbuf_0_i_clk/A (sky130_fd_sc_hd__clkbuf_16)
     2    0.019421    0.041350    0.128475    0.165355 ^ clkbuf_0_i_clk/X (sky130_fd_sc_hd__clkbuf_16)
                      0.041352    0.000565    0.165920 ^ clkbuf_1_1__f_i_clk/A (sky130_fd_sc_hd__clkbuf_16)
     2    0.006036    0.029705    0.110430    0.276349 ^ clkbuf_1_1__f_i_clk/X (sky130_fd_sc_hd__clkbuf_16)
                      0.029706    0.000152    0.276501 ^ _16_/CLK (sky130_fd_sc_hd__dfrtp_1)
                                  0.250000    0.526501   clock uncertainty
                                  0.000000    0.526501   clock reconvergence pessimism
                                 -0.052267    0.474233   library hold time
                                              0.474233   data required time
---------------------------------------------------------------------------------------------
                                              0.474233   data required time
                                             -1.289479   data arrival time
---------------------------------------------------------------------------------------------
                                              0.815246   slack (MET)



