Reading timing models for corner nom_tt_025C_1v80…
Reading cell library for the 'nom_tt_025C_1v80' corner at '/home/omare/.volare/sky130A/libs.ref/sky130_fd_sc_hd/lib/sky130_fd_sc_hd__tt_025C_1v80.lib'…
Reading top-level netlist at '/home/omare/Documents/UWASIC/Matrix-Vector-Analog/digital/AXI_IF/build/synthesis/runs/tt_if_full/51-openroad-fillinsertion/tt_if.nl.v'…
Linking design 'tt_if' from netlist…
Warning: /home/omare/Documents/UWASIC/Matrix-Vector-Analog/digital/AXI_IF/build/synthesis/runs/tt_if_full/51-openroad-fillinsertion/tt_if.nl.v line 144, module sky130_fd_sc_hd__tapvpwrvgnd_1 not found. Creating black box for TAP_TAPCELL_ROW_0_18.
Warning: /home/omare/Documents/UWASIC/Matrix-Vector-Analog/digital/AXI_IF/build/synthesis/runs/tt_if_full/51-openroad-fillinsertion/tt_if.nl.v line 176, module sky130_ef_sc_hd__decap_12 not found. Creating black box for FILLER_0_12.
Warning: /home/omare/Documents/UWASIC/Matrix-Vector-Analog/digital/AXI_IF/build/synthesis/runs/tt_if_full/51-openroad-fillinsertion/tt_if.nl.v line 181, module sky130_fd_sc_hd__fill_1 not found. Creating black box for FILLER_1_48.
Warning: /home/omare/Documents/UWASIC/Matrix-Vector-Analog/digital/AXI_IF/build/synthesis/runs/tt_if_full/51-openroad-fillinsertion/tt_if.nl.v line 185, module sky130_fd_sc_hd__fill_2 not found. Creating black box for FILLER_3_11.
Reading design constraints file at '/home/omare/Documents/UWASIC/Matrix-Vector-Analog/.venv/lib/python3.12/site-packages/openlane/scripts/base.sdc'…
[INFO] Using clock i_clk…
[INFO] Setting output delay to: 0.02
[INFO] Setting input delay to: 0.02
[INFO] Setting load to: 0.033442
[INFO] Setting clock uncertainty to: 0.25
[INFO] Setting clock transition to: 0.1499999999999999944488848768742172978818416595458984375
[INFO] Setting timing derate to: 5%
Reading top-level design parasitics for the 'nom_tt_025C_1v80' corner at '/home/omare/Documents/UWASIC/Matrix-Vector-Analog/digital/AXI_IF/build/synthesis/runs/tt_if_full/53-openroad-rcx/nom/tt_if.nom.spef'…
%OL_CREATE_REPORT min.rpt

===========================================================================
report_checks -path_delay min (Hold)
============================================================================
======================= nom_tt_025C_1v80 Corner ===================================

Warning: corner.tcl line 57, unknown field nets.
Warning: corner.tcl line 57, report_checks -group_count is deprecated. Use -group_path_count instead.
Startpoint: _17_ (rising edge-triggered flip-flop clocked by i_clk)
Endpoint: _17_ (rising edge-triggered flip-flop clocked by i_clk)
Path Group: i_clk
Path Type: min

Fanout         Cap        Slew       Delay        Time   Description
---------------------------------------------------------------------------------------------
                                  0.000000    0.000000   clock i_clk (rise edge)
                                  0.000000    0.000000   clock source latency
     1    0.010862    0.055288    0.036880    0.036880 ^ i_clk (in)
                      0.055291    0.000000    0.036880 ^ clkbuf_0_i_clk/A (sky130_fd_sc_hd__clkbuf_16)
     2    0.019421    0.041350    0.128475    0.165355 ^ clkbuf_0_i_clk/X (sky130_fd_sc_hd__clkbuf_16)
                      0.041352    0.000588    0.165943 ^ clkbuf_1_0__f_i_clk/A (sky130_fd_sc_hd__clkbuf_16)
     2    0.005336    0.029072    0.109592    0.275535 ^ clkbuf_1_0__f_i_clk/X (sky130_fd_sc_hd__clkbuf_16)
                      0.029072    0.000137    0.275672 ^ _17_/CLK (sky130_fd_sc_hd__dfrtp_1)
     3    0.010200    0.101887    0.358301    0.633973 ^ _17_/Q (sky130_fd_sc_hd__dfrtp_1)
                      0.101887    0.000246    0.634219 ^ _11_/B1 (sky130_fd_sc_hd__a31o_1)
     1    0.001970    0.034852    0.098220    0.732439 ^ _11_/X (sky130_fd_sc_hd__a31o_1)
                      0.034852    0.000056    0.732495 ^ _12_/B (sky130_fd_sc_hd__and2b_1)
     1    0.003614    0.047745    0.115694    0.848189 ^ _12_/X (sky130_fd_sc_hd__and2b_1)
                      0.047745    0.000112    0.848301 ^ _17_/D (sky130_fd_sc_hd__dfrtp_1)
                                              0.848301   data arrival time

                                  0.000000    0.000000   clock i_clk (rise edge)
                                  0.000000    0.000000   clock source latency
     1    0.010862    0.055288    0.036880    0.036880 ^ i_clk (in)
                      0.055291    0.000000    0.036880 ^ clkbuf_0_i_clk/A (sky130_fd_sc_hd__clkbuf_16)
     2    0.019421    0.041350    0.128475    0.165355 ^ clkbuf_0_i_clk/X (sky130_fd_sc_hd__clkbuf_16)
                      0.041352    0.000588    0.165943 ^ clkbuf_1_0__f_i_clk/A (sky130_fd_sc_hd__clkbuf_16)
     2    0.005336    0.029072    0.109592    0.275535 ^ clkbuf_1_0__f_i_clk/X (sky130_fd_sc_hd__clkbuf_16)
                      0.029072    0.000137    0.275672 ^ _17_/CLK (sky130_fd_sc_hd__dfrtp_1)
                                  0.250000    0.525672   clock uncertainty
                                  0.000000    0.525672   clock reconvergence pessimism
                                 -0.037517    0.488154   library hold time
                                              0.488154   data required time
---------------------------------------------------------------------------------------------
                                              0.488154   data required time
                                             -0.848301   data arrival time
---------------------------------------------------------------------------------------------
                                              0.360146   slack (MET)


Startpoint: _19_ (rising edge-triggered flip-flop clocked by i_clk)
Endpoint: _19_ (rising edge-triggered flip-flop clocked by i_clk)
Path Group: i_clk
Path Type: min

Fanout         Cap        Slew       Delay        Time   Description
---------------------------------------------------------------------------------------------
                                  0.000000    0.000000   clock i_clk (rise edge)
                                  0.000000    0.000000   clock source latency
     1    0.010862    0.055288    0.036880    0.036880 ^ i_clk (in)
                      0.055291    0.000000    0.036880 ^ clkbuf_0_i_clk/A (sky130_fd_sc_hd__clkbuf_16)
     2    0.019421    0.041350    0.128475    0.165355 ^ clkbuf_0_i_clk/X (sky130_fd_sc_hd__clkbuf_16)
                      0.041352    0.000565    0.165920 ^ clkbuf_1_1__f_i_clk/A (sky130_fd_sc_hd__clkbuf_16)
     2    0.006036    0.029705    0.110430    0.276349 ^ clkbuf_1_1__f_i_clk/X (sky130_fd_sc_hd__clkbuf_16)
                      0.029706    0.000156    0.276505 ^ _19_/CLK (sky130_fd_sc_hd__dfrtp_1)
     5    0.013262    0.126960    0.377123    0.653628 ^ _19_/Q (sky130_fd_sc_hd__dfrtp_1)
                      0.126960    0.000243    0.653870 ^ _14_/A (sky130_fd_sc_hd__or2_1)
     1    0.001881    0.033136    0.111019    0.764890 ^ _14_/X (sky130_fd_sc_hd__or2_1)
                      0.033136    0.000053    0.764943 ^ _15_/B (sky130_fd_sc_hd__and2_1)
     1    0.003313    0.050320    0.114996    0.879939 ^ _15_/X (sky130_fd_sc_hd__and2_1)
                      0.050320    0.000096    0.880035 ^ _19_/D (sky130_fd_sc_hd__dfrtp_1)
                                              0.880035   data arrival time

                                  0.000000    0.000000   clock i_clk (rise edge)
                                  0.000000    0.000000   clock source latency
     1    0.010862    0.055288    0.036880    0.036880 ^ i_clk (in)
                      0.055291    0.000000    0.036880 ^ clkbuf_0_i_clk/A (sky130_fd_sc_hd__clkbuf_16)
     2    0.019421    0.041350    0.128475    0.165355 ^ clkbuf_0_i_clk/X (sky130_fd_sc_hd__clkbuf_16)
                      0.041352    0.000565    0.165920 ^ clkbuf_1_1__f_i_clk/A (sky130_fd_sc_hd__clkbuf_16)
     2    0.006036    0.029705    0.110430    0.276349 ^ clkbuf_1_1__f_i_clk/X (sky130_fd_sc_hd__clkbuf_16)
                      0.029706    0.000156    0.276505 ^ _19_/CLK (sky130_fd_sc_hd__dfrtp_1)
                                  0.250000    0.526505   clock uncertainty
                                  0.000000    0.526505   clock reconvergence pessimism
                                 -0.037971    0.488533   library hold time
                                              0.488533   data required time
---------------------------------------------------------------------------------------------
                                              0.488533   data required time
                                             -0.880035   data arrival time
---------------------------------------------------------------------------------------------
                                              0.391501   slack (MET)


Startpoint: i_rst_n (input port clocked by i_clk)
Endpoint: _16_ (removal check against rising-edge clock i_clk)
Path Group: asynchronous
Path Type: min

Fanout         Cap        Slew       Delay        Time   Description
---------------------------------------------------------------------------------------------
                                  0.000000    0.000000   clock i_clk (rise edge)
                                  0.000000    0.000000   clock network delay (propagated)
                                  0.020000    0.020000 ^ input external delay
     1    0.002606    0.018905    0.009641    0.029641 ^ i_rst_n (in)
                      0.018905    0.000000    0.029641 ^ hold1/A (sky130_fd_sc_hd__dlygate4sd3_1)
     1    0.002595    0.051103    0.524280    0.553921 ^ hold1/X (sky130_fd_sc_hd__dlygate4sd3_1)
                      0.051103    0.000078    0.553999 ^ input2/A (sky130_fd_sc_hd__dlymetal6s2s_1)
     1    0.002625    0.054735    0.097429    0.651428 ^ input2/X (sky130_fd_sc_hd__dlymetal6s2s_1)
                      0.054735    0.000081    0.651508 ^ hold2/A (sky130_fd_sc_hd__dlygate4sd3_1)
     4    0.017884    0.188711    0.647474    1.298982 ^ hold2/X (sky130_fd_sc_hd__dlygate4sd3_1)
                      0.188711    0.000333    1.299316 ^ _16_/RESET_B (sky130_fd_sc_hd__dfrtp_1)
                                              1.299316   data arrival time

                                  0.000000    0.000000   clock i_clk (rise edge)
                                  0.000000    0.000000   clock source latency
     1    0.010862    0.055288    0.036880    0.036880 ^ i_clk (in)
                      0.055291    0.000000    0.036880 ^ clkbuf_0_i_clk/A (sky130_fd_sc_hd__clkbuf_16)
     2    0.019421    0.041350    0.128475    0.165355 ^ clkbuf_0_i_clk/X (sky130_fd_sc_hd__clkbuf_16)
                      0.041352    0.000565    0.165920 ^ clkbuf_1_1__f_i_clk/A (sky130_fd_sc_hd__clkbuf_16)
     2    0.006036    0.029705    0.110430    0.276349 ^ clkbuf_1_1__f_i_clk/X (sky130_fd_sc_hd__clkbuf_16)
                      0.029706    0.000152    0.276501 ^ _16_/CLK (sky130_fd_sc_hd__dfrtp_1)
                                  0.250000    0.526501   clock uncertainty
                                  0.000000    0.526501   clock reconvergence pessimism
                                  0.355628    0.882129   library removal time
                                              0.882129   data required time
---------------------------------------------------------------------------------------------
                                              0.882129   data required time
                                             -1.299316   data arrival time
---------------------------------------------------------------------------------------------
                                              0.417187   slack (MET)


Startpoint: i_rst_n (input port clocked by i_clk)
Endpoint: _19_ (removal check against rising-edge clock i_clk)
Path Group: asynchronous
Path Type: min

Fanout         Cap        Slew       Delay        Time   Description
---------------------------------------------------------------------------------------------
                                  0.000000    0.000000   clock i_clk (rise edge)
                                  0.000000    0.000000   clock network delay (propagated)
                                  0.020000    0.020000 ^ input external delay
     1    0.002606    0.018905    0.009641    0.029641 ^ i_rst_n (in)
                      0.018905    0.000000    0.029641 ^ hold1/A (sky130_fd_sc_hd__dlygate4sd3_1)
     1    0.002595    0.051103    0.524280    0.553921 ^ hold1/X (sky130_fd_sc_hd__dlygate4sd3_1)
                      0.051103    0.000078    0.553999 ^ input2/A (sky130_fd_sc_hd__dlymetal6s2s_1)
     1    0.002625    0.054735    0.097429    0.651428 ^ input2/X (sky130_fd_sc_hd__dlymetal6s2s_1)
                      0.054735    0.000081    0.651508 ^ hold2/A (sky130_fd_sc_hd__dlygate4sd3_1)
     4    0.017884    0.188711    0.647474    1.298982 ^ hold2/X (sky130_fd_sc_hd__dlygate4sd3_1)
                      0.188711    0.000349    1.299331 ^ _19_/RESET_B (sky130_fd_sc_hd__dfrtp_1)
                                              1.299331   data arrival time

                                  0.000000    0.000000   clock i_clk (rise edge)
                                  0.000000    0.000000   clock source latency
     1    0.010862    0.055288    0.036880    0.036880 ^ i_clk (in)
                      0.055291    0.000000    0.036880 ^ clkbuf_0_i_clk/A (sky130_fd_sc_hd__clkbuf_16)
     2    0.019421    0.041350    0.128475    0.165355 ^ clkbuf_0_i_clk/X (sky130_fd_sc_hd__clkbuf_16)
                      0.041352    0.000565    0.165920 ^ clkbuf_1_1__f_i_clk/A (sky130_fd_sc_hd__clkbuf_16)
     2    0.006036    0.029705    0.110430    0.276349 ^ clkbuf_1_1__f_i_clk/X (sky130_fd_sc_hd__clkbuf_16)
                      0.029706    0.000156    0.276505 ^ _19_/CLK (sky130_fd_sc_hd__dfrtp_1)
                                  0.250000    0.526505   clock uncertainty
                                  0.000000    0.526505   clock reconvergence pessimism
                                  0.355628    0.882133   library removal time
                                              0.882133   data required time
---------------------------------------------------------------------------------------------
                                              0.882133   data required time
                                             -1.299331   data arrival time
---------------------------------------------------------------------------------------------
                                              0.417198   slack (MET)


Startpoint: i_rst_n (input port clocked by i_clk)
Endpoint: _18_ (removal check against rising-edge clock i_clk)
Path Group: asynchronous
Path Type: min

Fanout         Cap        Slew       Delay        Time   Description
---------------------------------------------------------------------------------------------
                                  0.000000    0.000000   clock i_clk (rise edge)
                                  0.000000    0.000000   clock network delay (propagated)
                                  0.020000    0.020000 ^ input external delay
     1    0.002606    0.018905    0.009641    0.029641 ^ i_rst_n (in)
                      0.018905    0.000000    0.029641 ^ hold1/A (sky130_fd_sc_hd__dlygate4sd3_1)
     1    0.002595    0.051103    0.524280    0.553921 ^ hold1/X (sky130_fd_sc_hd__dlygate4sd3_1)
                      0.051103    0.000078    0.553999 ^ input2/A (sky130_fd_sc_hd__dlymetal6s2s_1)
     1    0.002625    0.054735    0.097429    0.651428 ^ input2/X (sky130_fd_sc_hd__dlymetal6s2s_1)
                      0.054735    0.000081    0.651508 ^ hold2/A (sky130_fd_sc_hd__dlygate4sd3_1)
     4    0.017884    0.188711    0.647474    1.298982 ^ hold2/X (sky130_fd_sc_hd__dlygate4sd3_1)
                      0.188711    0.000306    1.299289 ^ _18_/RESET_B (sky130_fd_sc_hd__dfrtp_1)
                                              1.299289   data arrival time

                                  0.000000    0.000000   clock i_clk (rise edge)
                                  0.000000    0.000000   clock source latency
     1    0.010862    0.055288    0.036880    0.036880 ^ i_clk (in)
                      0.055291    0.000000    0.036880 ^ clkbuf_0_i_clk/A (sky130_fd_sc_hd__clkbuf_16)
     2    0.019421    0.041350    0.128475    0.165355 ^ clkbuf_0_i_clk/X (sky130_fd_sc_hd__clkbuf_16)
                      0.041352    0.000588    0.165943 ^ clkbuf_1_0__f_i_clk/A (sky130_fd_sc_hd__clkbuf_16)
     2    0.005336    0.029072    0.109592    0.275535 ^ clkbuf_1_0__f_i_clk/X (sky130_fd_sc_hd__clkbuf_16)
                      0.029072    0.000171    0.275706 ^ _18_/CLK (sky130_fd_sc_hd__dfrtp_1)
                                  0.250000    0.525706   clock uncertainty
                                  0.000000    0.525706   clock reconvergence pessimism
                                  0.355456    0.881162   library removal time
                                              0.881162   data required time
---------------------------------------------------------------------------------------------
                                              0.881162   data required time
                                             -1.299289   data arrival time
---------------------------------------------------------------------------------------------
                                              0.418126   slack (MET)


Startpoint: i_rst_n (input port clocked by i_clk)
Endpoint: _17_ (removal check against rising-edge clock i_clk)
Path Group: asynchronous
Path Type: min

Fanout         Cap        Slew       Delay        Time   Description
---------------------------------------------------------------------------------------------
                                  0.000000    0.000000   clock i_clk (rise edge)
                                  0.000000    0.000000   clock network delay (propagated)
                                  0.020000    0.020000 ^ input external delay
     1    0.002606    0.018905    0.009641    0.029641 ^ i_rst_n (in)
                      0.018905    0.000000    0.029641 ^ hold1/A (sky130_fd_sc_hd__dlygate4sd3_1)
     1    0.002595    0.051103    0.524280    0.553921 ^ hold1/X (sky130_fd_sc_hd__dlygate4sd3_1)
                      0.051103    0.000078    0.553999 ^ input2/A (sky130_fd_sc_hd__dlymetal6s2s_1)
     1    0.002625    0.054735    0.097429    0.651428 ^ input2/X (sky130_fd_sc_hd__dlymetal6s2s_1)
                      0.054735    0.000081    0.651508 ^ hold2/A (sky130_fd_sc_hd__dlygate4sd3_1)
     4    0.017884    0.188711    0.647474    1.298982 ^ hold2/X (sky130_fd_sc_hd__dlygate4sd3_1)
                      0.188711    0.000341    1.299324 ^ _17_/RESET_B (sky130_fd_sc_hd__dfrtp_1)
                                              1.299324   data arrival time

                                  0.000000    0.000000   clock i_clk (rise edge)
                                  0.000000    0.000000   clock source latency
     1    0.010862    0.055288    0.036880    0.036880 ^ i_clk (in)
                      0.055291    0.000000    0.036880 ^ clkbuf_0_i_clk/A (sky130_fd_sc_hd__clkbuf_16)
     2    0.019421    0.041350    0.128475    0.165355 ^ clkbuf_0_i_clk/X (sky130_fd_sc_hd__clkbuf_16)
                      0.041352    0.000588    0.165943 ^ clkbuf_1_0__f_i_clk/A (sky130_fd_sc_hd__clkbuf_16)
     2    0.005336    0.029072    0.109592    0.275535 ^ clkbuf_1_0__f_i_clk/X (sky130_fd_sc_hd__clkbuf_16)
                      0.029072    0.000137    0.275672 ^ _17_/CLK (sky130_fd_sc_hd__dfrtp_1)
                                  0.250000    0.525672   clock uncertainty
                                  0.000000    0.525672   clock reconvergence pessimism
                                  0.355456    0.881128   library removal time
                                              0.881128   data required time
---------------------------------------------------------------------------------------------
                                              0.881128   data required time
                                             -1.299324   data arrival time
---------------------------------------------------------------------------------------------
                                              0.418196   slack (MET)


Startpoint: _17_ (rising edge-triggered flip-flop clocked by i_clk)
Endpoint: _18_ (rising edge-triggered flip-flop clocked by i_clk)
Path Group: i_clk
Path Type: min

Fanout         Cap        Slew       Delay        Time   Description
---------------------------------------------------------------------------------------------
                                  0.000000    0.000000   clock i_clk (rise edge)
                                  0.000000    0.000000   clock source latency
     1    0.010862    0.055288    0.036880    0.036880 ^ i_clk (in)
                      0.055291    0.000000    0.036880 ^ clkbuf_0_i_clk/A (sky130_fd_sc_hd__clkbuf_16)
     2    0.019421    0.041350    0.128475    0.165355 ^ clkbuf_0_i_clk/X (sky130_fd_sc_hd__clkbuf_16)
                      0.041352    0.000588    0.165943 ^ clkbuf_1_0__f_i_clk/A (sky130_fd_sc_hd__clkbuf_16)
     2    0.005336    0.029072    0.109592    0.275535 ^ clkbuf_1_0__f_i_clk/X (sky130_fd_sc_hd__clkbuf_16)
                      0.029072    0.000137    0.275672 ^ _17_/CLK (sky130_fd_sc_hd__dfrtp_1)
     3    0.010200    0.101887    0.358301    0.633973 ^ _17_/Q (sky130_fd_sc_hd__dfrtp_1)
                      0.101887    0.000349    0.634321 ^ _10_/C (sky130_fd_sc_hd__and4_1)
     2    0.007355    0.093026    0.226825    0.861147 ^ _10_/X (sky130_fd_sc_hd__and4_1)
                      0.093026    0.000220    0.861366 ^ _13_/B (sky130_fd_sc_hd__xor2_1)
     1    0.002528    0.035145    0.068101    0.929467 v _13_/X (sky130_fd_sc_hd__xor2_1)
                      0.035145    0.000052    0.929519 v _18_/D (sky130_fd_sc_hd__dfrtp_1)
                                              0.929519   data arrival time

                                  0.000000    0.000000   clock i_clk (rise edge)
                                  0.000000    0.000000   clock source latency
     1    0.010862    0.055288    0.036880    0.036880 ^ i_clk (in)
                      0.055291    0.000000    0.036880 ^ clkbuf_0_i_clk/A (sky130_fd_sc_hd__clkbuf_16)
     2    0.019421    0.041350    0.128475    0.165355 ^ clkbuf_0_i_clk/X (sky130_fd_sc_hd__clkbuf_16)
                      0.041352    0.000588    0.165943 ^ clkbuf_1_0__f_i_clk/A (sky130_fd_sc_hd__clkbuf_16)
     2    0.005336    0.029072    0.109592    0.275535 ^ clkbuf_1_0__f_i_clk/X (sky130_fd_sc_hd__clkbuf_16)
                      0.029072    0.000171    0.275706 ^ _18_/CLK (sky130_fd_sc_hd__dfrtp_1)
                                  0.250000    0.525706   clock uncertainty
                                  0.000000    0.525706   clock reconvergence pessimism
                                 -0.045396    0.480310   library hold time
                                              0.480310   data required time
---------------------------------------------------------------------------------------------
                                              0.480310   data required time
                                             -0.929519   data arrival time
---------------------------------------------------------------------------------------------
                                              0.449209   slack (MET)


Startpoint: _18_ (rising edge-triggered flip-flop clocked by i_clk)
Endpoint: uo_out[3] (output port clocked by i_clk)
Path Group: i_clk
Path Type: min

Fanout         Cap        Slew       Delay        Time   Description
---------------------------------------------------------------------------------------------
                                  0.000000    0.000000   clock i_clk (rise edge)
                                  0.000000    0.000000   clock source latency
     1    0.010862    0.055288    0.036880    0.036880 ^ i_clk (in)
                      0.055291    0.000000    0.036880 ^ clkbuf_0_i_clk/A (sky130_fd_sc_hd__clkbuf_16)
     2    0.019421    0.041350    0.128475    0.165355 ^ clkbuf_0_i_clk/X (sky130_fd_sc_hd__clkbuf_16)
                      0.041352    0.000588    0.165943 ^ clkbuf_1_0__f_i_clk/A (sky130_fd_sc_hd__clkbuf_16)
     2    0.005336    0.029072    0.109592    0.275535 ^ clkbuf_1_0__f_i_clk/X (sky130_fd_sc_hd__clkbuf_16)
                      0.029072    0.000171    0.275706 ^ _18_/CLK (sky130_fd_sc_hd__dfrtp_1)
     2    0.005987    0.069416    0.330555    0.606261 ^ _18_/Q (sky130_fd_sc_hd__dfrtp_1)
                      0.069416    0.000159    0.606421 ^ output6/A (sky130_fd_sc_hd__buf_2)
     1    0.034598    0.171867    0.208051    0.814472 ^ output6/X (sky130_fd_sc_hd__buf_2)
                      0.171869    0.000846    0.815318 ^ uo_out[3] (out)
                                              0.815318   data arrival time

                                  0.000000    0.000000   clock i_clk (rise edge)
                                  0.000000    0.000000   clock network delay (propagated)
                                  0.250000    0.250000   clock uncertainty
                                  0.000000    0.250000   clock reconvergence pessimism
                                 -0.020000    0.230000   output external delay
                                              0.230000   data required time
---------------------------------------------------------------------------------------------
                                              0.230000   data required time
                                             -0.815318   data arrival time
---------------------------------------------------------------------------------------------
                                              0.585318   slack (MET)


Startpoint: _17_ (rising edge-triggered flip-flop clocked by i_clk)
Endpoint: uo_out[2] (output port clocked by i_clk)
Path Group: i_clk
Path Type: min

Fanout         Cap        Slew       Delay        Time   Description
---------------------------------------------------------------------------------------------
                                  0.000000    0.000000   clock i_clk (rise edge)
                                  0.000000    0.000000   clock source latency
     1    0.010862    0.055288    0.036880    0.036880 ^ i_clk (in)
                      0.055291    0.000000    0.036880 ^ clkbuf_0_i_clk/A (sky130_fd_sc_hd__clkbuf_16)
     2    0.019421    0.041350    0.128475    0.165355 ^ clkbuf_0_i_clk/X (sky130_fd_sc_hd__clkbuf_16)
                      0.041352    0.000588    0.165943 ^ clkbuf_1_0__f_i_clk/A (sky130_fd_sc_hd__clkbuf_16)
     2    0.005336    0.029072    0.109592    0.275535 ^ clkbuf_1_0__f_i_clk/X (sky130_fd_sc_hd__clkbuf_16)
                      0.029072    0.000137    0.275672 ^ _17_/CLK (sky130_fd_sc_hd__dfrtp_1)
     3    0.009639    0.069369    0.384301    0.659973 v _17_/Q (sky130_fd_sc_hd__dfrtp_1)
                      0.069427    0.000346    0.660318 v output5/A (sky130_fd_sc_hd__buf_2)
     1    0.034712    0.090519    0.191679    0.851997 v output5/X (sky130_fd_sc_hd__buf_2)
                      0.090527    0.000866    0.852863 v uo_out[2] (out)
                                              0.852863   data arrival time

                                  0.000000    0.000000   clock i_clk (rise edge)
                                  0.000000    0.000000   clock network delay (propagated)
                                  0.250000    0.250000   clock uncertainty
                                  0.000000    0.250000   clock reconvergence pessimism
                                 -0.020000    0.230000   output external delay
                                              0.230000   data required time
---------------------------------------------------------------------------------------------
                                              0.230000   data required time
                                             -0.852863   data arrival time
---------------------------------------------------------------------------------------------
                                              0.622863   slack (MET)


Startpoint: _19_ (rising edge-triggered flip-flop clocked by i_clk)
Endpoint: uo_out[0] (output port clocked by i_clk)
Path Group: i_clk
Path Type: min

Fanout         Cap        Slew       Delay        Time   Description
---------------------------------------------------------------------------------------------
                                  0.000000    0.000000   clock i_clk (rise edge)
                                  0.000000    0.000000   clock source latency
     1    0.010862    0.055288    0.036880    0.036880 ^ i_clk (in)
                      0.055291    0.000000    0.036880 ^ clkbuf_0_i_clk/A (sky130_fd_sc_hd__clkbuf_16)
     2    0.019421    0.041350    0.128475    0.165355 ^ clkbuf_0_i_clk/X (sky130_fd_sc_hd__clkbuf_16)
                      0.041352    0.000565    0.165920 ^ clkbuf_1_1__f_i_clk/A (sky130_fd_sc_hd__clkbuf_16)
     2    0.006036    0.029705    0.110430    0.276349 ^ clkbuf_1_1__f_i_clk/X (sky130_fd_sc_hd__clkbuf_16)
                      0.029706    0.000156    0.276505 ^ _19_/CLK (sky130_fd_sc_hd__dfrtp_1)
     5    0.012652    0.082277    0.396736    0.673241 v _19_/Q (sky130_fd_sc_hd__dfrtp_1)
                      0.082277    0.000249    0.673490 v output3/A (sky130_fd_sc_hd__buf_2)
     1    0.034550    0.090170    0.197249    0.870738 v output3/X (sky130_fd_sc_hd__buf_2)
                      0.090177    0.000831    0.871570 v uo_out[0] (out)
                                              0.871570   data arrival time

                                  0.000000    0.000000   clock i_clk (rise edge)
                                  0.000000    0.000000   clock network delay (propagated)
                                  0.250000    0.250000   clock uncertainty
                                  0.000000    0.250000   clock reconvergence pessimism
                                 -0.020000    0.230000   output external delay
                                              0.230000   data required time
---------------------------------------------------------------------------------------------
                                              0.230000   data required time
                                             -0.871570   data arrival time
---------------------------------------------------------------------------------------------
                                              0.641570   slack (MET)


Startpoint: _16_ (rising edge-triggered flip-flop clocked by i_clk)
Endpoint: uo_out[1] (output port clocked by i_clk)
Path Group: i_clk
Path Type: min

Fanout         Cap        Slew       Delay        Time   Description
---------------------------------------------------------------------------------------------
                                  0.000000    0.000000   clock i_clk (rise edge)
                                  0.000000    0.000000   clock source latency
     1    0.010862    0.055288    0.036880    0.036880 ^ i_clk (in)
                      0.055291    0.000000    0.036880 ^ clkbuf_0_i_clk/A (sky130_fd_sc_hd__clkbuf_16)
     2    0.019421    0.041350    0.128475    0.165355 ^ clkbuf_0_i_clk/X (sky130_fd_sc_hd__clkbuf_16)
                      0.041352    0.000565    0.165920 ^ clkbuf_1_1__f_i_clk/A (sky130_fd_sc_hd__clkbuf_16)
     2    0.006036    0.029705    0.110430    0.276349 ^ clkbuf_1_1__f_i_clk/X (sky130_fd_sc_hd__clkbuf_16)
                      0.029706    0.000152    0.276501 ^ _16_/CLK (sky130_fd_sc_hd__dfrtp_1)
     4    0.014156    0.088966    0.402620    0.679121 v _16_/Q (sky130_fd_sc_hd__dfrtp_1)
                      0.088966    0.000341    0.679461 v output4/A (sky130_fd_sc_hd__buf_2)
     1    0.034864    0.090872    0.200845    0.880307 v output4/X (sky130_fd_sc_hd__buf_2)
                      0.090880    0.000874    0.881180 v uo_out[1] (out)
                                              0.881180   data arrival time

                                  0.000000    0.000000   clock i_clk (rise edge)
                                  0.000000    0.000000   clock network delay (propagated)
                                  0.250000    0.250000   clock uncertainty
                                  0.000000    0.250000   clock reconvergence pessimism
                                 -0.020000    0.230000   output external delay
                                              0.230000   data required time
---------------------------------------------------------------------------------------------
                                              0.230000   data required time
                                             -0.881180   data arrival time
---------------------------------------------------------------------------------------------
                                              0.651180   slack (MET)


Startpoint: _16_ (rising edge-triggered flip-flop clocked by i_clk)
Endpoint: _16_ (rising edge-triggered flip-flop clocked by i_clk)
Path Group: i_clk
Path Type: min

Fanout         Cap        Slew       Delay        Time   Description
---------------------------------------------------------------------------------------------
                                  0.000000    0.000000   clock i_clk (rise edge)
                                  0.000000    0.000000   clock source latency
     1    0.010862    0.055288    0.036880    0.036880 ^ i_clk (in)
                      0.055291    0.000000    0.036880 ^ clkbuf_0_i_clk/A (sky130_fd_sc_hd__clkbuf_16)
     2    0.019421    0.041350    0.128475    0.165355 ^ clkbuf_0_i_clk/X (sky130_fd_sc_hd__clkbuf_16)
                      0.041352    0.000565    0.165920 ^ clkbuf_1_1__f_i_clk/A (sky130_fd_sc_hd__clkbuf_16)
     2    0.006036    0.029705    0.110430    0.276349 ^ clkbuf_1_1__f_i_clk/X (sky130_fd_sc_hd__clkbuf_16)
                      0.029706    0.000152    0.276501 ^ _16_/CLK (sky130_fd_sc_hd__dfrtp_1)
     4    0.014895    0.140438    0.386813    0.663314 ^ _16_/Q (sky130_fd_sc_hd__dfrtp_1)
                      0.140439    0.000617    0.663931 ^ _09_/A (sky130_fd_sc_hd__xnor2_1)
     1    0.002210    0.031225    0.083734    0.747666 v _09_/Y (sky130_fd_sc_hd__xnor2_1)
                      0.031225    0.000063    0.747729 v hold4/A (sky130_fd_sc_hd__dlygate4sd3_1)
     1    0.002675    0.052375    0.541674    1.289403 v hold4/X (sky130_fd_sc_hd__dlygate4sd3_1)
                      0.052375    0.000076    1.289479 v _16_/D (sky130_fd_sc_hd__dfrtp_1)
                                              1.289479   data arrival time

                                  0.000000    0.000000   clock i_clk (rise edge)
                                  0.000000    0.000000   clock source latency
     1    0.010862    0.055288    0.036880    0.036880 ^ i_clk (in)
                      0.055291    0.000000    0.036880 ^ clkbuf_0_i_clk/A (sky130_fd_sc_hd__clkbuf_16)
     2    0.019421    0.041350    0.128475    0.165355 ^ clkbuf_0_i_clk/X (sky130_fd_sc_hd__clkbuf_16)
                      0.041352    0.000565    0.165920 ^ clkbuf_1_1__f_i_clk/A (sky130_fd_sc_hd__clkbuf_16)
     2    0.006036    0.029705    0.110430    0.276349 ^ clkbuf_1_1__f_i_clk/X (sky130_fd_sc_hd__clkbuf_16)
                      0.029706    0.000152    0.276501 ^ _16_/CLK (sky130_fd_sc_hd__dfrtp_1)
                                  0.250000    0.526501   clock uncertainty
                                  0.000000    0.526501   clock reconvergence pessimism
                                 -0.052267    0.474233   library hold time
                                              0.474233   data required time
---------------------------------------------------------------------------------------------
                                              0.474233   data required time
                                             -1.289479   data arrival time
---------------------------------------------------------------------------------------------
                                              0.815246   slack (MET)



%OL_END_REPORT
%OL_CREATE_REPORT max.rpt

===========================================================================
report_checks -path_delay max (Setup)
============================================================================
======================= nom_tt_025C_1v80 Corner ===================================

Warning: corner.tcl line 67, unknown field nets.
Warning: corner.tcl line 67, report_checks -group_count is deprecated. Use -group_path_count instead.
Startpoint: i_ena (input port clocked by i_clk)
Endpoint: _16_ (rising edge-triggered flip-flop clocked by i_clk)
Path Group: i_clk
Path Type: max

Fanout         Cap        Slew       Delay        Time   Description
---------------------------------------------------------------------------------------------
                                  0.000000    0.000000   clock i_clk (rise edge)
                                  0.000000    0.000000   clock network delay (propagated)
                                  0.020000    0.020000 ^ input external delay
     1    0.002398    0.018026    0.008910    0.028910 ^ i_ena (in)
                      0.018026    0.000000    0.028910 ^ hold3/A (sky130_fd_sc_hd__dlygate4sd3_1)
     1    0.002248    0.048339    0.520726    0.549637 ^ hold3/X (sky130_fd_sc_hd__dlygate4sd3_1)
                      0.048339    0.000042    0.549679 ^ input1/A (sky130_fd_sc_hd__clkbuf_1)
     4    0.010264    0.127646    0.141068    0.690747 ^ input1/X (sky130_fd_sc_hd__clkbuf_1)
                      0.127646    0.000114    0.690861 ^ _08_/B (sky130_fd_sc_hd__nand2_1)
     2    0.006395    0.064583    0.089990    0.780851 v _08_/Y (sky130_fd_sc_hd__nand2_1)
                      0.064583    0.000121    0.780972 v _09_/B (sky130_fd_sc_hd__xnor2_1)
     1    0.002210    0.045359    0.121972    0.902944 v _09_/Y (sky130_fd_sc_hd__xnor2_1)
                      0.045359    0.000063    0.903007 v hold4/A (sky130_fd_sc_hd__dlygate4sd3_1)
     1    0.002675    0.052254    0.547178    1.450185 v hold4/X (sky130_fd_sc_hd__dlygate4sd3_1)
                      0.052254    0.000076    1.450261 v _16_/D (sky130_fd_sc_hd__dfrtp_1)
                                              1.450261   data arrival time

                                 10.000000   10.000000   clock i_clk (rise edge)
                                  0.000000   10.000000   clock source latency
     1    0.010862    0.055288    0.036880   10.036880 ^ i_clk (in)
                      0.055291    0.000000   10.036880 ^ clkbuf_0_i_clk/A (sky130_fd_sc_hd__clkbuf_16)
     2    0.019421    0.041350    0.128475   10.165355 ^ clkbuf_0_i_clk/X (sky130_fd_sc_hd__clkbuf_16)
                      0.041352    0.000565   10.165920 ^ clkbuf_1_1__f_i_clk/A (sky130_fd_sc_hd__clkbuf_16)
     2    0.006036    0.029705    0.110429   10.276349 ^ clkbuf_1_1__f_i_clk/X (sky130_fd_sc_hd__clkbuf_16)
                      0.029706    0.000152   10.276501 ^ _16_/CLK (sky130_fd_sc_hd__dfrtp_1)
                                 -0.250000   10.026501   clock uncertainty
                                  0.000000   10.026501   clock reconvergence pessimism
                                 -0.120941    9.905560   library setup time
                                              9.905560   data required time
---------------------------------------------------------------------------------------------
                                              9.905560   data required time
                                             -1.450261   data arrival time
---------------------------------------------------------------------------------------------
                                              8.455299   slack (MET)


Startpoint: _18_ (rising edge-triggered flip-flop clocked by i_clk)
Endpoint: _18_ (rising edge-triggered flip-flop clocked by i_clk)
Path Group: i_clk
Path Type: max

Fanout         Cap        Slew       Delay        Time   Description
---------------------------------------------------------------------------------------------
                                  0.000000    0.000000   clock i_clk (rise edge)
                                  0.000000    0.000000   clock source latency
     1    0.010862    0.055288    0.036880    0.036880 ^ i_clk (in)
                      0.055291    0.000000    0.036880 ^ clkbuf_0_i_clk/A (sky130_fd_sc_hd__clkbuf_16)
     2    0.019421    0.041350    0.128475    0.165355 ^ clkbuf_0_i_clk/X (sky130_fd_sc_hd__clkbuf_16)
                      0.041352    0.000588    0.165943 ^ clkbuf_1_0__f_i_clk/A (sky130_fd_sc_hd__clkbuf_16)
     2    0.005336    0.029072    0.109592    0.275535 ^ clkbuf_1_0__f_i_clk/X (sky130_fd_sc_hd__clkbuf_16)
                      0.029072    0.000171    0.275706 ^ _18_/CLK (sky130_fd_sc_hd__dfrtp_1)
     2    0.005662    0.052275    0.363296    0.639002 v _18_/Q (sky130_fd_sc_hd__dfrtp_1)
                      0.052275    0.000120    0.639122 v hold5/A (sky130_fd_sc_hd__dlygate4sd3_1)
     1    0.005693    0.067043    0.571350    1.210473 v hold5/X (sky130_fd_sc_hd__dlygate4sd3_1)
                      0.067043    0.000181    1.210653 v _13_/A (sky130_fd_sc_hd__xor2_1)
     1    0.002528    0.046599    0.160789    1.371443 v _13_/X (sky130_fd_sc_hd__xor2_1)
                      0.046599    0.000052    1.371494 v _18_/D (sky130_fd_sc_hd__dfrtp_1)
                                              1.371494   data arrival time

                                 10.000000   10.000000   clock i_clk (rise edge)
                                  0.000000   10.000000   clock source latency
     1    0.010862    0.055288    0.036880   10.036880 ^ i_clk (in)
                      0.055291    0.000000   10.036880 ^ clkbuf_0_i_clk/A (sky130_fd_sc_hd__clkbuf_16)
     2    0.019421    0.041350    0.128475   10.165355 ^ clkbuf_0_i_clk/X (sky130_fd_sc_hd__clkbuf_16)
                      0.041352    0.000588   10.165943 ^ clkbuf_1_0__f_i_clk/A (sky130_fd_sc_hd__clkbuf_16)
     2    0.005336    0.029072    0.109592   10.275536 ^ clkbuf_1_0__f_i_clk/X (sky130_fd_sc_hd__clkbuf_16)
                      0.029072    0.000171   10.275707 ^ _18_/CLK (sky130_fd_sc_hd__dfrtp_1)
                                 -0.250000   10.025707   clock uncertainty
                                  0.000000   10.025707   clock reconvergence pessimism
                                 -0.118616    9.907090   library setup time
                                              9.907090   data required time
---------------------------------------------------------------------------------------------
                                              9.907090   data required time
                                             -1.371494   data arrival time
---------------------------------------------------------------------------------------------
                                              8.535597   slack (MET)


Startpoint: i_ena (input port clocked by i_clk)
Endpoint: _17_ (rising edge-triggered flip-flop clocked by i_clk)
Path Group: i_clk
Path Type: max

Fanout         Cap        Slew       Delay        Time   Description
---------------------------------------------------------------------------------------------
                                  0.000000    0.000000   clock i_clk (rise edge)
                                  0.000000    0.000000   clock network delay (propagated)
                                  0.020000    0.020000 ^ input external delay
     1    0.002398    0.018026    0.008910    0.028910 ^ i_ena (in)
                      0.018026    0.000000    0.028910 ^ hold3/A (sky130_fd_sc_hd__dlygate4sd3_1)
     1    0.002248    0.048339    0.520726    0.549637 ^ hold3/X (sky130_fd_sc_hd__dlygate4sd3_1)
                      0.048339    0.000042    0.549679 ^ input1/A (sky130_fd_sc_hd__clkbuf_1)
     4    0.010264    0.127646    0.141068    0.690747 ^ input1/X (sky130_fd_sc_hd__clkbuf_1)
                      0.127646    0.000126    0.690873 ^ _10_/D (sky130_fd_sc_hd__and4_1)
     2    0.007355    0.093233    0.236679    0.927553 ^ _10_/X (sky130_fd_sc_hd__and4_1)
                      0.093233    0.000151    0.927704 ^ _12_/A_N (sky130_fd_sc_hd__and2b_1)
     1    0.003557    0.037243    0.186582    1.114286 v _12_/X (sky130_fd_sc_hd__and2b_1)
                      0.037243    0.000110    1.114396 v _17_/D (sky130_fd_sc_hd__dfrtp_1)
                                              1.114396   data arrival time

                                 10.000000   10.000000   clock i_clk (rise edge)
                                  0.000000   10.000000   clock source latency
     1    0.010862    0.055288    0.036880   10.036880 ^ i_clk (in)
                      0.055291    0.000000   10.036880 ^ clkbuf_0_i_clk/A (sky130_fd_sc_hd__clkbuf_16)
     2    0.019421    0.041350    0.128475   10.165355 ^ clkbuf_0_i_clk/X (sky130_fd_sc_hd__clkbuf_16)
                      0.041352    0.000588   10.165943 ^ clkbuf_1_0__f_i_clk/A (sky130_fd_sc_hd__clkbuf_16)
     2    0.005336    0.029072    0.109592   10.275536 ^ clkbuf_1_0__f_i_clk/X (sky130_fd_sc_hd__clkbuf_16)
                      0.029072    0.000137   10.275672 ^ _17_/CLK (sky130_fd_sc_hd__dfrtp_1)
                                 -0.250000   10.025672   clock uncertainty
                                  0.000000   10.025672   clock reconvergence pessimism
                                 -0.114531    9.911141   library setup time
                                              9.911141   data required time
---------------------------------------------------------------------------------------------
                                              9.911141   data required time
                                             -1.114396   data arrival time
---------------------------------------------------------------------------------------------
                                              8.796746   slack (MET)


Startpoint: _16_ (rising edge-triggered flip-flop clocked by i_clk)
Endpoint: uo_out[1] (output port clocked by i_clk)
Path Group: i_clk
Path Type: max

Fanout         Cap        Slew       Delay        Time   Description
---------------------------------------------------------------------------------------------
                                  0.000000    0.000000   clock i_clk (rise edge)
                                  0.000000    0.000000   clock source latency
     1    0.010862    0.055288    0.036880    0.036880 ^ i_clk (in)
                      0.055291    0.000000    0.036880 ^ clkbuf_0_i_clk/A (sky130_fd_sc_hd__clkbuf_16)
     2    0.019421    0.041350    0.128475    0.165355 ^ clkbuf_0_i_clk/X (sky130_fd_sc_hd__clkbuf_16)
                      0.041352    0.000565    0.165920 ^ clkbuf_1_1__f_i_clk/A (sky130_fd_sc_hd__clkbuf_16)
     2    0.006036    0.029705    0.110430    0.276349 ^ clkbuf_1_1__f_i_clk/X (sky130_fd_sc_hd__clkbuf_16)
                      0.029706    0.000152    0.276501 ^ _16_/CLK (sky130_fd_sc_hd__dfrtp_1)
     4    0.014895    0.140438    0.386813    0.663314 ^ _16_/Q (sky130_fd_sc_hd__dfrtp_1)
                      0.140438    0.000360    0.663674 ^ output4/A (sky130_fd_sc_hd__buf_2)
     1    0.034864    0.173442    0.233321    0.896995 ^ output4/X (sky130_fd_sc_hd__buf_2)
                      0.173443    0.000874    0.897869 ^ uo_out[1] (out)
                                              0.897869   data arrival time

                                 10.000000   10.000000   clock i_clk (rise edge)
                                  0.000000   10.000000   clock network delay (propagated)
                                 -0.250000    9.750000   clock uncertainty
                                  0.000000    9.750000   clock reconvergence pessimism
                                 -0.020000    9.730000   output external delay
                                              9.730000   data required time
---------------------------------------------------------------------------------------------
                                              9.730000   data required time
                                             -0.897869   data arrival time
---------------------------------------------------------------------------------------------
                                              8.832131   slack (MET)


Startpoint: _19_ (rising edge-triggered flip-flop clocked by i_clk)
Endpoint: uo_out[0] (output port clocked by i_clk)
Path Group: i_clk
Path Type: max

Fanout         Cap        Slew       Delay        Time   Description
---------------------------------------------------------------------------------------------
                                  0.000000    0.000000   clock i_clk (rise edge)
                                  0.000000    0.000000   clock source latency
     1    0.010862    0.055288    0.036880    0.036880 ^ i_clk (in)
                      0.055291    0.000000    0.036880 ^ clkbuf_0_i_clk/A (sky130_fd_sc_hd__clkbuf_16)
     2    0.019421    0.041350    0.128475    0.165355 ^ clkbuf_0_i_clk/X (sky130_fd_sc_hd__clkbuf_16)
                      0.041352    0.000565    0.165920 ^ clkbuf_1_1__f_i_clk/A (sky130_fd_sc_hd__clkbuf_16)
     2    0.006036    0.029705    0.110430    0.276349 ^ clkbuf_1_1__f_i_clk/X (sky130_fd_sc_hd__clkbuf_16)
                      0.029706    0.000156    0.276505 ^ _19_/CLK (sky130_fd_sc_hd__dfrtp_1)
     5    0.013262    0.126960    0.377123    0.653628 ^ _19_/Q (sky130_fd_sc_hd__dfrtp_1)
                      0.126960    0.000263    0.653890 ^ output3/A (sky130_fd_sc_hd__buf_2)
     1    0.034550    0.171951    0.228661    0.882552 ^ output3/X (sky130_fd_sc_hd__buf_2)
                      0.171952    0.000832    0.883384 ^ uo_out[0] (out)
                                              0.883384   data arrival time

                                 10.000000   10.000000   clock i_clk (rise edge)
                                  0.000000   10.000000   clock network delay (propagated)
                                 -0.250000    9.750000   clock uncertainty
                                  0.000000    9.750000   clock reconvergence pessimism
                                 -0.020000    9.730000   output external delay
                                              9.730000   data required time
---------------------------------------------------------------------------------------------
                                              9.730000   data required time
                                             -0.883384   data arrival time
---------------------------------------------------------------------------------------------
                                              8.846616   slack (MET)


Startpoint: _19_ (rising edge-triggered flip-flop clocked by i_clk)
Endpoint: _19_ (rising edge-triggered flip-flop clocked by i_clk)
Path Group: i_clk
Path Type: max

Fanout         Cap        Slew       Delay        Time   Description
---------------------------------------------------------------------------------------------
                                  0.000000    0.000000   clock i_clk (rise edge)
                                  0.000000    0.000000   clock source latency
     1    0.010862    0.055288    0.036880    0.036880 ^ i_clk (in)
                      0.055291    0.000000    0.036880 ^ clkbuf_0_i_clk/A (sky130_fd_sc_hd__clkbuf_16)
     2    0.019421    0.041350    0.128475    0.165355 ^ clkbuf_0_i_clk/X (sky130_fd_sc_hd__clkbuf_16)
                      0.041352    0.000565    0.165920 ^ clkbuf_1_1__f_i_clk/A (sky130_fd_sc_hd__clkbuf_16)
     2    0.006036    0.029705    0.110430    0.276349 ^ clkbuf_1_1__f_i_clk/X (sky130_fd_sc_hd__clkbuf_16)
                      0.029706    0.000156    0.276505 ^ _19_/CLK (sky130_fd_sc_hd__dfrtp_1)
     5    0.012652    0.082277    0.396736    0.673241 v _19_/Q (sky130_fd_sc_hd__dfrtp_1)
                      0.082277    0.000230    0.673471 v _14_/A (sky130_fd_sc_hd__or2_1)
     1    0.001752    0.042284    0.225454    0.898925 v _14_/X (sky130_fd_sc_hd__or2_1)
                      0.042284    0.000049    0.898974 v _15_/B (sky130_fd_sc_hd__and2_1)
     1    0.003256    0.037101    0.151493    1.050467 v _15_/X (sky130_fd_sc_hd__and2_1)
                      0.037101    0.000094    1.050561 v _19_/D (sky130_fd_sc_hd__dfrtp_1)
                                              1.050561   data arrival time

                                 10.000000   10.000000   clock i_clk (rise edge)
                                  0.000000   10.000000   clock source latency
     1    0.010862    0.055288    0.036880   10.036880 ^ i_clk (in)
                      0.055291    0.000000   10.036880 ^ clkbuf_0_i_clk/A (sky130_fd_sc_hd__clkbuf_16)
     2    0.019421    0.041350    0.128475   10.165355 ^ clkbuf_0_i_clk/X (sky130_fd_sc_hd__clkbuf_16)
                      0.041352    0.000565   10.165920 ^ clkbuf_1_1__f_i_clk/A (sky130_fd_sc_hd__clkbuf_16)
     2    0.006036    0.029705    0.110429   10.276349 ^ clkbuf_1_1__f_i_clk/X (sky130_fd_sc_hd__clkbuf_16)
                      0.029706    0.000156   10.276505 ^ _19_/CLK (sky130_fd_sc_hd__dfrtp_1)
                                 -0.250000   10.026505   clock uncertainty
                                  0.000000   10.026505   clock reconvergence pessimism
                                 -0.114324    9.912182   library setup time
                                              9.912182   data required time
---------------------------------------------------------------------------------------------
                                              9.912182   data required time
                                             -1.050561   data arrival time
---------------------------------------------------------------------------------------------
                                              8.861621   slack (MET)


Startpoint: _17_ (rising edge-triggered flip-flop clocked by i_clk)
Endpoint: uo_out[2] (output port clocked by i_clk)
Path Group: i_clk
Path Type: max

Fanout         Cap        Slew       Delay        Time   Description
---------------------------------------------------------------------------------------------
                                  0.000000    0.000000   clock i_clk (rise edge)
                                  0.000000    0.000000   clock source latency
     1    0.010862    0.055288    0.036880    0.036880 ^ i_clk (in)
                      0.055291    0.000000    0.036880 ^ clkbuf_0_i_clk/A (sky130_fd_sc_hd__clkbuf_16)
     2    0.019421    0.041350    0.128475    0.165355 ^ clkbuf_0_i_clk/X (sky130_fd_sc_hd__clkbuf_16)
                      0.041352    0.000588    0.165943 ^ clkbuf_1_0__f_i_clk/A (sky130_fd_sc_hd__clkbuf_16)
     2    0.005336    0.029072    0.109592    0.275535 ^ clkbuf_1_0__f_i_clk/X (sky130_fd_sc_hd__clkbuf_16)
                      0.029072    0.000137    0.275672 ^ _17_/CLK (sky130_fd_sc_hd__dfrtp_1)
     3    0.010200    0.101887    0.358301    0.633973 ^ _17_/Q (sky130_fd_sc_hd__dfrtp_1)
                      0.101887    0.000365    0.634337 ^ output5/A (sky130_fd_sc_hd__buf_2)
     1    0.034712    0.172591    0.220377    0.854715 ^ output5/X (sky130_fd_sc_hd__buf_2)
                      0.172592    0.000866    0.855581 ^ uo_out[2] (out)
                                              0.855581   data arrival time

                                 10.000000   10.000000   clock i_clk (rise edge)
                                  0.000000   10.000000   clock network delay (propagated)
                                 -0.250000    9.750000   clock uncertainty
                                  0.000000    9.750000   clock reconvergence pessimism
                                 -0.020000    9.730000   output external delay
                                              9.730000   data required time
---------------------------------------------------------------------------------------------
                                              9.730000   data required time
                                             -0.855581   data arrival time
---------------------------------------------------------------------------------------------
                                              8.874419   slack (MET)


Startpoint: _18_ (rising edge-triggered flip-flop clocked by i_clk)
Endpoint: uo_out[3] (output port clocked by i_clk)
Path Group: i_clk
Path Type: max

Fanout         Cap        Slew       Delay        Time   Description
---------------------------------------------------------------------------------------------
                                  0.000000    0.000000   clock i_clk (rise edge)
                                  0.000000    0.000000   clock source latency
     1    0.010862    0.055288    0.036880    0.036880 ^ i_clk (in)
                      0.055291    0.000000    0.036880 ^ clkbuf_0_i_clk/A (sky130_fd_sc_hd__clkbuf_16)
     2    0.019421    0.041350    0.128475    0.165355 ^ clkbuf_0_i_clk/X (sky130_fd_sc_hd__clkbuf_16)
                      0.041352    0.000588    0.165943 ^ clkbuf_1_0__f_i_clk/A (sky130_fd_sc_hd__clkbuf_16)
     2    0.005336    0.029072    0.109592    0.275535 ^ clkbuf_1_0__f_i_clk/X (sky130_fd_sc_hd__clkbuf_16)
                      0.029072    0.000171    0.275706 ^ _18_/CLK (sky130_fd_sc_hd__dfrtp_1)
     2    0.005662    0.052275    0.363296    0.639002 v _18_/Q (sky130_fd_sc_hd__dfrtp_1)
                      0.052275    0.000150    0.639153 v output6/A (sky130_fd_sc_hd__buf_2)
     1    0.034598    0.090253    0.183703    0.822856 v output6/X (sky130_fd_sc_hd__buf_2)
                      0.090261    0.000845    0.823702 v uo_out[3] (out)
                                              0.823702   data arrival time

                                 10.000000   10.000000   clock i_clk (rise edge)
                                  0.000000   10.000000   clock network delay (propagated)
                                 -0.250000    9.750000   clock uncertainty
                                  0.000000    9.750000   clock reconvergence pessimism
                                 -0.020000    9.730000   output external delay
                                              9.730000   data required time
---------------------------------------------------------------------------------------------
                                              9.730000   data required time
                                             -0.823702   data arrival time
---------------------------------------------------------------------------------------------
                                              8.906299   slack (MET)


Startpoint: i_rst_n (input port clocked by i_clk)
Endpoint: _17_ (recovery check against rising-edge clock i_clk)
Path Group: asynchronous
Path Type: max

Fanout         Cap        Slew       Delay        Time   Description
---------------------------------------------------------------------------------------------
                                  0.000000    0.000000   clock i_clk (rise edge)
                                  0.000000    0.000000   clock network delay (propagated)
                                  0.020000    0.020000 ^ input external delay
     1    0.002606    0.018905    0.009641    0.029641 ^ i_rst_n (in)
                      0.018905    0.000000    0.029641 ^ hold1/A (sky130_fd_sc_hd__dlygate4sd3_1)
     1    0.002595    0.051103    0.524280    0.553921 ^ hold1/X (sky130_fd_sc_hd__dlygate4sd3_1)
                      0.051103    0.000078    0.553999 ^ input2/A (sky130_fd_sc_hd__dlymetal6s2s_1)
     1    0.002625    0.054735    0.097429    0.651428 ^ input2/X (sky130_fd_sc_hd__dlymetal6s2s_1)
                      0.054735    0.000081    0.651508 ^ hold2/A (sky130_fd_sc_hd__dlygate4sd3_1)
     4    0.017884    0.188711    0.647474    1.298982 ^ hold2/X (sky130_fd_sc_hd__dlygate4sd3_1)
                      0.188711    0.000341    1.299324 ^ _17_/RESET_B (sky130_fd_sc_hd__dfrtp_1)
                                              1.299324   data arrival time

                                 10.000000   10.000000   clock i_clk (rise edge)
                                  0.000000   10.000000   clock source latency
     1    0.010862    0.055288    0.036880   10.036880 ^ i_clk (in)
                      0.055291    0.000000   10.036880 ^ clkbuf_0_i_clk/A (sky130_fd_sc_hd__clkbuf_16)
     2    0.019421    0.041350    0.128475   10.165355 ^ clkbuf_0_i_clk/X (sky130_fd_sc_hd__clkbuf_16)
                      0.041352    0.000588   10.165943 ^ clkbuf_1_0__f_i_clk/A (sky130_fd_sc_hd__clkbuf_16)
     2    0.005336    0.029072    0.109592   10.275536 ^ clkbuf_1_0__f_i_clk/X (sky130_fd_sc_hd__clkbuf_16)
                      0.029072    0.000137   10.275672 ^ _17_/CLK (sky130_fd_sc_hd__dfrtp_1)
                                 -0.250000   10.025672   clock uncertainty
                                  0.000000   10.025672   clock reconvergence pessimism
                                  0.188150   10.213822   library recovery time
                                             10.213822   data required time
---------------------------------------------------------------------------------------------
                                             10.213822   data required time
                                             -1.299324   data arrival time
---------------------------------------------------------------------------------------------
                                              8.914498   slack (MET)


Startpoint: i_rst_n (input port clocked by i_clk)
Endpoint: _18_ (recovery check against rising-edge clock i_clk)
Path Group: asynchronous
Path Type: max

Fanout         Cap        Slew       Delay        Time   Description
---------------------------------------------------------------------------------------------
                                  0.000000    0.000000   clock i_clk (rise edge)
                                  0.000000    0.000000   clock network delay (propagated)
                                  0.020000    0.020000 ^ input external delay
     1    0.002606    0.018905    0.009641    0.029641 ^ i_rst_n (in)
                      0.018905    0.000000    0.029641 ^ hold1/A (sky130_fd_sc_hd__dlygate4sd3_1)
     1    0.002595    0.051103    0.524280    0.553921 ^ hold1/X (sky130_fd_sc_hd__dlygate4sd3_1)
                      0.051103    0.000078    0.553999 ^ input2/A (sky130_fd_sc_hd__dlymetal6s2s_1)
     1    0.002625    0.054735    0.097429    0.651428 ^ input2/X (sky130_fd_sc_hd__dlymetal6s2s_1)
                      0.054735    0.000081    0.651508 ^ hold2/A (sky130_fd_sc_hd__dlygate4sd3_1)
     4    0.017884    0.188711    0.647474    1.298982 ^ hold2/X (sky130_fd_sc_hd__dlygate4sd3_1)
                      0.188711    0.000306    1.299289 ^ _18_/RESET_B (sky130_fd_sc_hd__dfrtp_1)
                                              1.299289   data arrival time

                                 10.000000   10.000000   clock i_clk (rise edge)
                                  0.000000   10.000000   clock source latency
     1    0.010862    0.055288    0.036880   10.036880 ^ i_clk (in)
                      0.055291    0.000000   10.036880 ^ clkbuf_0_i_clk/A (sky130_fd_sc_hd__clkbuf_16)
     2    0.019421    0.041350    0.128475   10.165355 ^ clkbuf_0_i_clk/X (sky130_fd_sc_hd__clkbuf_16)
                      0.041352    0.000588   10.165943 ^ clkbuf_1_0__f_i_clk/A (sky130_fd_sc_hd__clkbuf_16)
     2    0.005336    0.029072    0.109592   10.275536 ^ clkbuf_1_0__f_i_clk/X (sky130_fd_sc_hd__clkbuf_16)
                      0.029072    0.000171   10.275707 ^ _18_/CLK (sky130_fd_sc_hd__dfrtp_1)
                                 -0.250000   10.025707   clock uncertainty
                                  0.000000   10.025707   clock reconvergence pessimism
                                  0.188150   10.213857   library recovery time
                                             10.213857   data required time
---------------------------------------------------------------------------------------------
                                             10.213857   data required time
                                             -1.299289   data arrival time
---------------------------------------------------------------------------------------------
                                              8.914568   slack (MET)


Startpoint: i_rst_n (input port clocked by i_clk)
Endpoint: _19_ (recovery check against rising-edge clock i_clk)
Path Group: asynchronous
Path Type: max

Fanout         Cap        Slew       Delay        Time   Description
---------------------------------------------------------------------------------------------
                                  0.000000    0.000000   clock i_clk (rise edge)
                                  0.000000    0.000000   clock network delay (propagated)
                                  0.020000    0.020000 ^ input external delay
     1    0.002606    0.018905    0.009641    0.029641 ^ i_rst_n (in)
                      0.018905    0.000000    0.029641 ^ hold1/A (sky130_fd_sc_hd__dlygate4sd3_1)
     1    0.002595    0.051103    0.524280    0.553921 ^ hold1/X (sky130_fd_sc_hd__dlygate4sd3_1)
                      0.051103    0.000078    0.553999 ^ input2/A (sky130_fd_sc_hd__dlymetal6s2s_1)
     1    0.002625    0.054735    0.097429    0.651428 ^ input2/X (sky130_fd_sc_hd__dlymetal6s2s_1)
                      0.054735    0.000081    0.651508 ^ hold2/A (sky130_fd_sc_hd__dlygate4sd3_1)
     4    0.017884    0.188711    0.647474    1.298982 ^ hold2/X (sky130_fd_sc_hd__dlygate4sd3_1)
                      0.188711    0.000349    1.299331 ^ _19_/RESET_B (sky130_fd_sc_hd__dfrtp_1)
                                              1.299331   data arrival time

                                 10.000000   10.000000   clock i_clk (rise edge)
                                  0.000000   10.000000   clock source latency
     1    0.010862    0.055288    0.036880   10.036880 ^ i_clk (in)
                      0.055291    0.000000   10.036880 ^ clkbuf_0_i_clk/A (sky130_fd_sc_hd__clkbuf_16)
     2    0.019421    0.041350    0.128475   10.165355 ^ clkbuf_0_i_clk/X (sky130_fd_sc_hd__clkbuf_16)
                      0.041352    0.000565   10.165920 ^ clkbuf_1_1__f_i_clk/A (sky130_fd_sc_hd__clkbuf_16)
     2    0.006036    0.029705    0.110429   10.276349 ^ clkbuf_1_1__f_i_clk/X (sky130_fd_sc_hd__clkbuf_16)
                      0.029706    0.000156   10.276505 ^ _19_/CLK (sky130_fd_sc_hd__dfrtp_1)
                                 -0.250000   10.026505   clock uncertainty
                                  0.000000   10.026505   clock reconvergence pessimism
                                  0.188348   10.214853   library recovery time
                                             10.214853   data required time
---------------------------------------------------------------------------------------------
                                             10.214853   data required time
                                             -1.299331   data arrival time
---------------------------------------------------------------------------------------------
                                              8.915522   slack (MET)


Startpoint: i_rst_n (input port clocked by i_clk)
Endpoint: _16_ (recovery check against rising-edge clock i_clk)
Path Group: asynchronous
Path Type: max

Fanout         Cap        Slew       Delay        Time   Description
---------------------------------------------------------------------------------------------
                                  0.000000    0.000000   clock i_clk (rise edge)
                                  0.000000    0.000000   clock network delay (propagated)
                                  0.020000    0.020000 ^ input external delay
     1    0.002606    0.018905    0.009641    0.029641 ^ i_rst_n (in)
                      0.018905    0.000000    0.029641 ^ hold1/A (sky130_fd_sc_hd__dlygate4sd3_1)
     1    0.002595    0.051103    0.524280    0.553921 ^ hold1/X (sky130_fd_sc_hd__dlygate4sd3_1)
                      0.051103    0.000078    0.553999 ^ input2/A (sky130_fd_sc_hd__dlymetal6s2s_1)
     1    0.002625    0.054735    0.097429    0.651428 ^ input2/X (sky130_fd_sc_hd__dlymetal6s2s_1)
                      0.054735    0.000081    0.651508 ^ hold2/A (sky130_fd_sc_hd__dlygate4sd3_1)
     4    0.017884    0.188711    0.647474    1.298982 ^ hold2/X (sky130_fd_sc_hd__dlygate4sd3_1)
                      0.188711    0.000333    1.299316 ^ _16_/RESET_B (sky130_fd_sc_hd__dfrtp_1)
                                              1.299316   data arrival time

                                 10.000000   10.000000   clock i_clk (rise edge)
                                  0.000000   10.000000   clock source latency
     1    0.010862    0.055288    0.036880   10.036880 ^ i_clk (in)
                      0.055291    0.000000   10.036880 ^ clkbuf_0_i_clk/A (sky130_fd_sc_hd__clkbuf_16)
     2    0.019421    0.041350    0.128475   10.165355 ^ clkbuf_0_i_clk/X (sky130_fd_sc_hd__clkbuf_16)
                      0.041352    0.000565   10.165920 ^ clkbuf_1_1__f_i_clk/A (sky130_fd_sc_hd__clkbuf_16)
     2    0.006036    0.029705    0.110429   10.276349 ^ clkbuf_1_1__f_i_clk/X (sky130_fd_sc_hd__clkbuf_16)
                      0.029706    0.000152   10.276501 ^ _16_/CLK (sky130_fd_sc_hd__dfrtp_1)
                                 -0.250000   10.026501   clock uncertainty
                                  0.000000   10.026501   clock reconvergence pessimism
                                  0.188348   10.214849   library recovery time
                                             10.214849   data required time
---------------------------------------------------------------------------------------------
                                             10.214849   data required time
                                             -1.299316   data arrival time
---------------------------------------------------------------------------------------------
                                              8.915533   slack (MET)



%OL_END_REPORT
%OL_CREATE_REPORT checks.rpt

===========================================================================
report_checks -unconstrained
===========================================================================
======================= nom_tt_025C_1v80 Corner ===================================

Warning: corner.tcl line 77, unknown field nets.
Startpoint: i_rst_n (input port clocked by i_clk)
Endpoint: _17_ (recovery check against rising-edge clock i_clk)
Path Group: asynchronous
Path Type: max

Fanout         Cap        Slew       Delay        Time   Description
---------------------------------------------------------------------------------------------
                                  0.000000    0.000000   clock i_clk (rise edge)
                                  0.000000    0.000000   clock network delay (propagated)
                                  0.020000    0.020000 ^ input external delay
     1    0.002606    0.018905    0.009641    0.029641 ^ i_rst_n (in)
                      0.018905    0.000000    0.029641 ^ hold1/A (sky130_fd_sc_hd__dlygate4sd3_1)
     1    0.002595    0.051103    0.524280    0.553921 ^ hold1/X (sky130_fd_sc_hd__dlygate4sd3_1)
                      0.051103    0.000078    0.553999 ^ input2/A (sky130_fd_sc_hd__dlymetal6s2s_1)
     1    0.002625    0.054735    0.097429    0.651428 ^ input2/X (sky130_fd_sc_hd__dlymetal6s2s_1)
                      0.054735    0.000081    0.651508 ^ hold2/A (sky130_fd_sc_hd__dlygate4sd3_1)
     4    0.017884    0.188711    0.647474    1.298982 ^ hold2/X (sky130_fd_sc_hd__dlygate4sd3_1)
                      0.188711    0.000341    1.299324 ^ _17_/RESET_B (sky130_fd_sc_hd__dfrtp_1)
                                              1.299324   data arrival time

                                 10.000000   10.000000   clock i_clk (rise edge)
                                  0.000000   10.000000   clock source latency
     1    0.010862    0.055288    0.036880   10.036880 ^ i_clk (in)
                      0.055291    0.000000   10.036880 ^ clkbuf_0_i_clk/A (sky130_fd_sc_hd__clkbuf_16)
     2    0.019421    0.041350    0.128475   10.165355 ^ clkbuf_0_i_clk/X (sky130_fd_sc_hd__clkbuf_16)
                      0.041352    0.000588   10.165943 ^ clkbuf_1_0__f_i_clk/A (sky130_fd_sc_hd__clkbuf_16)
     2    0.005336    0.029072    0.109592   10.275536 ^ clkbuf_1_0__f_i_clk/X (sky130_fd_sc_hd__clkbuf_16)
                      0.029072    0.000137   10.275672 ^ _17_/CLK (sky130_fd_sc_hd__dfrtp_1)
                                 -0.250000   10.025672   clock uncertainty
                                  0.000000   10.025672   clock reconvergence pessimism
                                  0.188150   10.213822   library recovery time
                                             10.213822   data required time
---------------------------------------------------------------------------------------------
                                             10.213822   data required time
                                             -1.299324   data arrival time
---------------------------------------------------------------------------------------------
                                              8.914498   slack (MET)


Startpoint: i_ena (input port clocked by i_clk)
Endpoint: _16_ (rising edge-triggered flip-flop clocked by i_clk)
Path Group: i_clk
Path Type: max

Fanout         Cap        Slew       Delay        Time   Description
---------------------------------------------------------------------------------------------
                                  0.000000    0.000000   clock i_clk (rise edge)
                                  0.000000    0.000000   clock network delay (propagated)
                                  0.020000    0.020000 ^ input external delay
     1    0.002398    0.018026    0.008910    0.028910 ^ i_ena (in)
                      0.018026    0.000000    0.028910 ^ hold3/A (sky130_fd_sc_hd__dlygate4sd3_1)
     1    0.002248    0.048339    0.520726    0.549637 ^ hold3/X (sky130_fd_sc_hd__dlygate4sd3_1)
                      0.048339    0.000042    0.549679 ^ input1/A (sky130_fd_sc_hd__clkbuf_1)
     4    0.010264    0.127646    0.141068    0.690747 ^ input1/X (sky130_fd_sc_hd__clkbuf_1)
                      0.127646    0.000114    0.690861 ^ _08_/B (sky130_fd_sc_hd__nand2_1)
     2    0.006395    0.064583    0.089990    0.780851 v _08_/Y (sky130_fd_sc_hd__nand2_1)
                      0.064583    0.000121    0.780972 v _09_/B (sky130_fd_sc_hd__xnor2_1)
     1    0.002210    0.045359    0.121972    0.902944 v _09_/Y (sky130_fd_sc_hd__xnor2_1)
                      0.045359    0.000063    0.903007 v hold4/A (sky130_fd_sc_hd__dlygate4sd3_1)
     1    0.002675    0.052254    0.547178    1.450185 v hold4/X (sky130_fd_sc_hd__dlygate4sd3_1)
                      0.052254    0.000076    1.450261 v _16_/D (sky130_fd_sc_hd__dfrtp_1)
                                              1.450261   data arrival time

                                 10.000000   10.000000   clock i_clk (rise edge)
                                  0.000000   10.000000   clock source latency
     1    0.010862    0.055288    0.036880   10.036880 ^ i_clk (in)
                      0.055291    0.000000   10.036880 ^ clkbuf_0_i_clk/A (sky130_fd_sc_hd__clkbuf_16)
     2    0.019421    0.041350    0.128475   10.165355 ^ clkbuf_0_i_clk/X (sky130_fd_sc_hd__clkbuf_16)
                      0.041352    0.000565   10.165920 ^ clkbuf_1_1__f_i_clk/A (sky130_fd_sc_hd__clkbuf_16)
     2    0.006036    0.029705    0.110429   10.276349 ^ clkbuf_1_1__f_i_clk/X (sky130_fd_sc_hd__clkbuf_16)
                      0.029706    0.000152   10.276501 ^ _16_/CLK (sky130_fd_sc_hd__dfrtp_1)
                                 -0.250000   10.026501   clock uncertainty
                                  0.000000   10.026501   clock reconvergence pessimism
                                 -0.120941    9.905560   library setup time
                                              9.905560   data required time
---------------------------------------------------------------------------------------------
                                              9.905560   data required time
                                             -1.450261   data arrival time
---------------------------------------------------------------------------------------------
                                              8.455299   slack (MET)




===========================================================================
report_checks --slack_max -0.01
============================================================================
======================= nom_tt_025C_1v80 Corner ===================================

Warning: corner.tcl line 85, unknown field nets.
No paths found.


===========================================================================
 report_check_types -max_slew -max_cap -max_fanout -violators
============================================================================
======================= nom_tt_025C_1v80 Corner ===================================



===========================================================================
report_parasitic_annotation -report_unannotated
============================================================================
Found 36 unannotated drivers.
 ui_in[0]
 ui_in[1]
 ui_in[2]
 ui_in[3]
 ui_in[4]
 ui_in[5]
 ui_in[6]
 ui_in[7]
 uio_in[0]
 uio_in[1]
 uio_in[2]
 uio_in[3]
 uio_in[4]
 uio_in[5]
 uio_in[6]
 uio_in[7]
 tt_if_10/HI
 tt_if_11/HI
 tt_if_12/HI
 tt_if_13/HI
 tt_if_14/HI
 tt_if_15/HI
 tt_if_16/HI
 tt_if_17/HI
 tt_if_18/HI
 tt_if_19/HI
 tt_if_20/HI
 tt_if_21/HI
 tt_if_22/HI
 tt_if_23/HI
 tt_if_24/HI
 tt_if_25/HI
 tt_if_26/HI
 tt_if_7/HI
 tt_if_8/HI
 tt_if_9/HI
Found 0 partially unannotated drivers.

===========================================================================
max slew violation count 0
%OL_METRIC_I design__max_slew_violation__count__corner:nom_tt_025C_1v80 0
max fanout violation count 0
%OL_METRIC_I design__max_fanout_violation__count__corner:nom_tt_025C_1v80 0
max cap violation count 0
%OL_METRIC_I design__max_cap_violation__count__corner:nom_tt_025C_1v80 0
============================================================================

===========================================================================
check_setup -verbose -unconstrained_endpoints -multiple_clock -no_clock -no_input_delay -loops -generated_clocks
===========================================================================
Warning: There are 20 unconstrained endpoints.
  uio_oe[0]
  uio_oe[1]
  uio_oe[2]
  uio_oe[3]
  uio_oe[4]
  uio_oe[5]
  uio_oe[6]
  uio_oe[7]
  uio_out[0]
  uio_out[1]
  uio_out[2]
  uio_out[3]
  uio_out[4]
  uio_out[5]
  uio_out[6]
  uio_out[7]
  uo_out[4]
  uo_out[5]
  uo_out[6]
  uo_out[7]
%OL_END_REPORT
%OL_CREATE_REPORT power.rpt

===========================================================================
 report_power
============================================================================
======================= nom_tt_025C_1v80 Corner ===================================

Group                    Internal    Switching      Leakage        Total
                            Power        Power        Power        Power (Watts)
------------------------------------------------------------------------
Sequential           2.335504e-05 5.683185e-06 4.578522e-11 2.903827e-05  22.2%
Combinational        1.754083e-05 2.358410e-05 1.381799e-10 4.112507e-05  31.4%
Clock                5.078459e-05 9.976806e-06 1.438907e-10 6.076154e-05  46.4%
Macro                0.000000e+00 0.000000e+00 0.000000e+00 0.000000e+00   0.0%
Pad                  0.000000e+00 0.000000e+00 0.000000e+00 0.000000e+00   0.0%
------------------------------------------------------------------------
Total                9.168045e-05 3.924409e-05 3.278561e-10 1.309249e-04 100.0%
                            70.0%        30.0%         0.0%
%OL_METRIC_F power__internal__total 9.168044925900176e-5
%OL_METRIC_F power__switching__total 3.924408520106226e-5
%OL_METRIC_F power__leakage__total 3.278561033770444e-10
%OL_METRIC_F power__total 0.0001309248764300719

%OL_END_REPORT
%OL_CREATE_REPORT skew.min.rpt

===========================================================================
Clock Skew (Hold)
============================================================================
%OL_METRIC_F clock__skew__worst_hold__corner:nom_tt_025C_1v80 -0.25003444467031316
======================= nom_tt_025C_1v80 Corner ===================================

Clock i_clk
0.275672 source latency _17_/CLK ^
-0.275706 target latency _18_/CLK ^
-0.250000 clock uncertainty
0.000000 CRPR
--------------
-0.250034 hold skew

%OL_END_REPORT
%OL_CREATE_REPORT skew.max.rpt

===========================================================================
Clock Skew (Setup)
============================================================================
%OL_METRIC_F clock__skew__worst_setup__corner:nom_tt_025C_1v80 0.2508329448477823
======================= nom_tt_025C_1v80 Corner ===================================

Clock i_clk
0.276505 source latency _19_/CLK ^
-0.275672 target latency _17_/CLK ^
0.250000 clock uncertainty
0.000000 CRPR
--------------
0.250833 setup skew

%OL_END_REPORT
%OL_CREATE_REPORT ws.min.rpt

===========================================================================
Worst Slack (Hold)
============================================================================
%OL_METRIC_F timing__hold__ws__corner:nom_tt_025C_1v80 0.36014642287796683
nom_tt_025C_1v80: 0.36014642287796683
%OL_END_REPORT
%OL_CREATE_REPORT ws.max.rpt

===========================================================================
Worst Slack (Setup)
============================================================================
%OL_METRIC_F timing__setup__ws__corner:nom_tt_025C_1v80 8.45529892256183
nom_tt_025C_1v80: 8.45529892256183
%OL_END_REPORT
%OL_CREATE_REPORT tns.min.rpt

===========================================================================
Total Negative Slack (Hold)
============================================================================
%OL_METRIC_F timing__hold__tns__corner:nom_tt_025C_1v80 0.0
nom_tt_025C_1v80: 0.0
%OL_END_REPORT
%OL_CREATE_REPORT tns.max.rpt

===========================================================================
Total Negative Slack (Setup)
============================================================================
%OL_METRIC_F timing__setup__tns__corner:nom_tt_025C_1v80 0.0
nom_tt_025C_1v80: 0.0
%OL_END_REPORT
%OL_CREATE_REPORT wns.min.rpt

===========================================================================
Worst Negative Slack (Hold)
============================================================================
%OL_METRIC_F timing__hold__wns__corner:nom_tt_025C_1v80 0
nom_tt_025C_1v80: 0
%OL_END_REPORT
%OL_CREATE_REPORT wns.max.rpt

===========================================================================
Worst Negative Slack (Setup)
============================================================================
%OL_METRIC_F timing__setup__wns__corner:nom_tt_025C_1v80 0.0
nom_tt_025C_1v80: 0.0
%OL_END_REPORT
%OL_CREATE_REPORT violator_list.rpt

===========================================================================
Violator List
============================================================================
Warning: corner.tcl line 263, find_timing_paths -group_count is deprecated. Use -group_path_count instead.
Warning: corner.tcl line 282, find_timing_paths -group_count is deprecated. Use -group_path_count instead.
Warning: corner.tcl line 298, find_timing_paths -group_count is deprecated. Use -group_path_count instead.
Warning: corner.tcl line 317, find_timing_paths -group_count is deprecated. Use -group_path_count instead.
%OL_METRIC_I timing__hold_vio__count__corner:nom_tt_025C_1v80 0
%OL_METRIC_F timing__hold_r2r__ws__corner:nom_tt_025C_1v80 0.360146
%OL_METRIC_I timing__hold_r2r_vio__count__corner:nom_tt_025C_1v80 0
%OL_METRIC_I timing__setup_vio__count__corner:nom_tt_025C_1v80 0
%OL_METRIC_F timing__setup_r2r__ws__corner:nom_tt_025C_1v80 8.535597
%OL_METRIC_I timing__setup_r2r_vio__count__corner:nom_tt_025C_1v80 0
%OL_END_REPORT
%OL_CREATE_REPORT unpropagated.rpt
%OL_END_REPORT
%OL_CREATE_REPORT clock.rpt
Clock: i_clk
Sources: i_clk 
Generated: no
Virtual: yes
Propagated: no
Period: 10.000000

===========================================================================
report_clock_properties
============================================================================
Clock                   Period          Waveform
----------------------------------------------------
i_clk                10.000000    0.000000  5.000000

===========================================================================
report_clock_latency
============================================================================
Clock i_clk
rise -> rise
    min     max
0.000000 0.000000 source latency
0.275672         network latency _17_/CLK
        0.276505 network latency _19_/CLK
---------------
0.275672 0.276505 latency
        0.000833 skew

fall -> fall
    min     max
0.000000 0.000000 source latency
0.281343         network latency _17_/CLK
        0.282104 network latency _19_/CLK
---------------
0.281343 0.282104 latency
        0.000761 skew



===========================================================================
report_clock_min_period
============================================================================
i_clk period_min = 1.51 fmax = 664.00
%OL_END_REPORT
Writing SDF files for all corners…
Removing Clock latencies before writing libs…
Writing timing models for all corners…
Writing timing models for the nom_tt_025C_1v80 corner to /home/omare/Documents/UWASIC/Matrix-Vector-Analog/digital/AXI_IF/build/synthesis/runs/tt_if_full/54-openroad-stapostpnr/nom_tt_025C_1v80/tt_if__nom_tt_025C_1v80.lib…
