[INFO PSM-0040] All shapes on net VDD are connected.
########## IR report #################
Net              : VDD
Corner           : nom_tt_025C_1v80
Supply voltage   : 1.80e+00 V
Worstcase voltage: 1.80e+00 V
Average voltage  : 1.80e+00 V
Average IR drop  : 3.26e-05 V
Worstcase IR drop: 6.45e-05 V
Percentage drop  : 0.00 %
######################################
[INFO PSM-0040] All shapes on net VSS are connected.
########## IR report #################
Net              : VSS
Corner           : nom_tt_025C_1v80
Supply voltage   : 0.00e+00 V
Worstcase voltage: 7.56e-05 V
Average voltage  : 3.46e-05 V
Average IR drop  : 3.46e-05 V
Worstcase IR drop: 7.56e-05 V
Percentage drop  : 0.00 %
######################################
