Reading OpenROAD database at '/home/omare/Documents/UWASIC/Matrix-Vector-Analog/digital/AXI_IF/build/synthesis/runs/tt_if_full/52-odb-cellfrequencytables/tt_if.odb'…
Reading library file at '/home/omare/.volare/sky130A/libs.ref/sky130_fd_sc_hd/lib/sky130_fd_sc_hd__tt_025C_1v80.lib'…
Reading design constraints file at '/home/omare/Documents/UWASIC/Matrix-Vector-Analog/.venv/lib/python3.12/site-packages/openlane/scripts/base.sdc'…
[INFO] Using clock i_clk…
[INFO] Setting output delay to: 0.02
[INFO] Setting input delay to: 0.02
[INFO] Setting load to: 0.033442
[INFO] Setting clock uncertainty to: 0.25
[INFO] Setting clock transition to: 0.1499999999999999944488848768742172978818416595458984375
[INFO] Setting timing derate to: 5%
[INFO] Setting RC values…
[INFO] Using voltage extracted from lib (1.8000000000V) for power nets and 0V for ground nets…
%OL_CREATE_REPORT irdrop.rpt
[INFO PSM-0040] All shapes on net VDD are connected.
########## IR report #################
Net              : VDD
Corner           : nom_tt_025C_1v80
Supply voltage   : 1.80e+00 V
Worstcase voltage: 1.80e+00 V
Average voltage  : 1.80e+00 V
Average IR drop  : 3.26e-05 V
Worstcase IR drop: 6.45e-05 V
Percentage drop  : 0.00 %
######################################
[INFO PSM-0040] All shapes on net VSS are connected.
########## IR report #################
Net              : VSS
Corner           : nom_tt_025C_1v80
Supply voltage   : 0.00e+00 V
Worstcase voltage: 7.56e-05 V
Average voltage  : 3.46e-05 V
Average IR drop  : 3.46e-05 V
Worstcase IR drop: 7.56e-05 V
Percentage drop  : 0.00 %
######################################
%OL_END_REPORT
