
 /----------------------------------------------------------------------------\
 |  yosys -- Yosys Open SYnthesis Suite                                       |
 |  Copyright (C) 2012 - 2025  Claire Xenia Wolf <claire@yosyshq.com>         |
 |  Distributed under an ISC-like license, type "license" to see terms        |
 \----------------------------------------------------------------------------/
 Yosys 0.55 (git sha1 60f126cd00c94892782470192d6c9f7abebe7c05, g++ 14.3.0 -fPIC -O3)

1. Executing Liberty frontend: /home/omare/.volare/sky130A/libs.ref/sky130_fd_sc_hd/lib/sky130_fd_sc_hd__tt_025C_1v80.lib
Imported 428 cell types from liberty file.
[INFO] Using SDC file '/home/omare/Documents/UWASIC/Matrix-Vector-Analog/digital/AXI_IF/build/synthesis/runs/tt_if_full/06-yosys-synthesis/synthesis.abc.sdc' for ABC…

2. Executing Verilog-2005 frontend: /home/omare/Documents/UWASIC/Matrix-Vector-Analog/digital/AXI_IF/build/../src/tt_if.sv
Parsing SystemVerilog input from `/home/omare/Documents/UWASIC/Matrix-Vector-Analog/digital/AXI_IF/build/../src/tt_if.sv' to AST representation.
Storing AST representation for module `$abstract\tt_if'.
Successfully finished Verilog frontend.

3. Executing Verilog-2005 frontend: /home/omare/Documents/UWASIC/Matrix-Vector-Analog/digital/AXI_IF/build/../src/counter_4bit.sv
Parsing SystemVerilog input from `/home/omare/Documents/UWASIC/Matrix-Vector-Analog/digital/AXI_IF/build/../src/counter_4bit.sv' to AST representation.
Storing AST representation for module `$abstract\counter_4bit'.
Successfully finished Verilog frontend.

4. Executing HIERARCHY pass (managing design hierarchy).

5. Executing AST frontend in derive mode using pre-parsed AST for module `\tt_if'.
Generating RTLIL representation for module `\tt_if'.

5.1. Analyzing design hierarchy..
Top module:  \tt_if

5.2. Executing AST frontend in derive mode using pre-parsed AST for module `\counter_4bit'.
Generating RTLIL representation for module `\counter_4bit'.

5.3. Analyzing design hierarchy..
Top module:  \tt_if
Used module:     \counter_4bit

5.4. Analyzing design hierarchy..
Top module:  \tt_if
Used module:     \counter_4bit
Removing unused module `$abstract\counter_4bit'.
Removing unused module `$abstract\tt_if'.
Removed 2 unused modules.
Renaming module tt_if to tt_if.

6. Generating Graphviz representation of design.
Writing dot description to `/home/omare/Documents/UWASIC/Matrix-Vector-Analog/digital/AXI_IF/build/synthesis/runs/tt_if_full/06-yosys-synthesis/hierarchy.dot'.
Dumping module tt_if to page 1.

7. Executing TRIBUF pass.

8. Executing HIERARCHY pass (managing design hierarchy).

8.1. Analyzing design hierarchy..
Top module:  \tt_if
Used module:     \counter_4bit

8.2. Analyzing design hierarchy..
Top module:  \tt_if
Used module:     \counter_4bit
Removed 0 unused modules.

9. Executing PROC_CLEAN pass (remove empty switches from decision trees).
Cleaned up 0 empty switches.

10. Executing PROC_RMDEAD pass (remove dead branches from decision trees).
Marked 1 switch rules as full_case in process $proc$/home/omare/Documents/UWASIC/Matrix-Vector-Analog/digital/AXI_IF/build/../src/counter_4bit.sv:7$1 in module counter_4bit.
Removed a total of 0 dead cases.

11. Executing PROC_PRUNE pass (remove redundant assignments in processes).
Removed 0 redundant assignments.
Promoted 0 assignments to connections.

12. Executing PROC_INIT pass (extract init attributes).

13. Executing PROC_ARST pass (detect async resets in processes).
Found async reset \rst_n in `\counter_4bit.$proc$/home/omare/Documents/UWASIC/Matrix-Vector-Analog/digital/AXI_IF/build/../src/counter_4bit.sv:7$1'.

14. Executing PROC_ROM pass (convert switches to ROMs).
Converted 0 switches.
<suppressed ~1 debug messages>

15. Executing PROC_MUX pass (convert decision trees to multiplexers).
Creating decoders for process `\counter_4bit.$proc$/home/omare/Documents/UWASIC/Matrix-Vector-Analog/digital/AXI_IF/build/../src/counter_4bit.sv:7$1'.
     1/1: $0\count[3:0]

16. Executing PROC_DLATCH pass (convert process syncs to latches).

17. Executing PROC_DFF pass (convert process syncs to FFs).
Creating register for signal `\counter_4bit.\count' using process `\counter_4bit.$proc$/home/omare/Documents/UWASIC/Matrix-Vector-Analog/digital/AXI_IF/build/../src/counter_4bit.sv:7$1'.
  created $adff cell `$procdff$10' with positive edge clock and positive level reset.

18. Executing PROC_MEMWR pass (convert process memory writes to cells).

19. Executing PROC_CLEAN pass (remove empty switches from decision trees).
Found and cleaned up 1 empty switch in `\counter_4bit.$proc$/home/omare/Documents/UWASIC/Matrix-Vector-Analog/digital/AXI_IF/build/../src/counter_4bit.sv:7$1'.
Removing empty process `counter_4bit.$proc$/home/omare/Documents/UWASIC/Matrix-Vector-Analog/digital/AXI_IF/build/../src/counter_4bit.sv:7$1'.
Cleaned up 1 empty switch.

20. Executing CHECK pass (checking for obvious problems).
Checking module tt_if...
Checking module counter_4bit...
Found and reported 0 problems.

21. Executing OPT_EXPR pass (perform const folding).
Optimizing module tt_if.
Optimizing module counter_4bit.
<suppressed ~2 debug messages>

22. Executing FLATTEN pass (flatten design).
Deleting now unused module counter_4bit.
<suppressed ~1 debug messages>

23. Executing OPT_EXPR pass (perform const folding).
Optimizing module tt_if.

24. Executing OPT_CLEAN pass (remove unused cells and wires).
Finding unused cells or wires in module \tt_if..
Removed 2 unused cells and 5 unused wires.
<suppressed ~3 debug messages>

25. Executing OPT_EXPR pass (perform const folding).
Optimizing module tt_if.

26. Executing OPT_MERGE pass (detect identical cells).
Finding identical cells in module `\tt_if'.
Removed a total of 0 cells.

27. Executing OPT_MUXTREE pass (detect dead branches in mux trees).
Running muxtree optimizer on module \tt_if..
  Creating internal representation of mux trees.
  Evaluating internal representation of mux trees.
  Analyzing evaluation results.
Removed 0 multiplexer ports.
<suppressed ~1 debug messages>

28. Executing OPT_REDUCE pass (consolidate $*mux and $reduce_* inputs).
  Optimizing cells in module \tt_if.
Performed a total of 0 changes.

29. Executing OPT_MERGE pass (detect identical cells).
Finding identical cells in module `\tt_if'.
Removed a total of 0 cells.

30. Executing OPT_DFF pass (perform DFF optimizations).

31. Executing OPT_CLEAN pass (remove unused cells and wires).
Finding unused cells or wires in module \tt_if..

32. Executing OPT_EXPR pass (perform const folding).
Optimizing module tt_if.

33. Executing FSM pass (extract and optimize FSM).

33.1. Executing FSM_DETECT pass (finding FSMs in design).

33.2. Executing FSM_EXTRACT pass (extracting FSM from design).

33.3. Executing FSM_OPT pass (simple optimizations of FSMs).

33.4. Executing OPT_CLEAN pass (remove unused cells and wires).
Finding unused cells or wires in module \tt_if..

33.5. Executing FSM_OPT pass (simple optimizations of FSMs).

33.6. Executing FSM_RECODE pass (re-assigning FSM state encoding).

33.7. Executing FSM_INFO pass (dumping all available information on FSM cells).

33.8. Executing FSM_MAP pass (mapping FSMs to basic logic).

34. Executing OPT_EXPR pass (perform const folding).
Optimizing module tt_if.

35. Executing OPT_MERGE pass (detect identical cells).
Finding identical cells in module `\tt_if'.
Removed a total of 0 cells.

36. Executing OPT_MUXTREE pass (detect dead branches in mux trees).
Running muxtree optimizer on module \tt_if..
  Creating internal representation of mux trees.
  Evaluating internal representation of mux trees.
  Analyzing evaluation results.
Removed 0 multiplexer ports.
<suppressed ~1 debug messages>

37. Executing OPT_REDUCE pass (consolidate $*mux and $reduce_* inputs).
  Optimizing cells in module \tt_if.
Performed a total of 0 changes.

38. Executing OPT_MERGE pass (detect identical cells).
Finding identical cells in module `\tt_if'.
Removed a total of 0 cells.

39. Executing OPT_DFF pass (perform DFF optimizations).
Adding EN signal on $flatten\counter_inst.$procdff$10 ($adff) from module tt_if (D = $flatten\counter_inst.$add$/home/omare/Documents/UWASIC/Matrix-Vector-Analog/digital/AXI_IF/build/../src/counter_4bit.sv:9$3_Y [3:0], Q = \counter_inst.count).

40. Executing OPT_CLEAN pass (remove unused cells and wires).
Finding unused cells or wires in module \tt_if..
Removed 1 unused cells and 1 unused wires.
<suppressed ~2 debug messages>

41. Executing OPT_EXPR pass (perform const folding).
Optimizing module tt_if.

42. Rerunning OPT passes. (Maybe there is more to do…)

43. Executing OPT_MUXTREE pass (detect dead branches in mux trees).
Running muxtree optimizer on module \tt_if..
  Creating internal representation of mux trees.
  No muxes found in this module.
Removed 0 multiplexer ports.

44. Executing OPT_REDUCE pass (consolidate $*mux and $reduce_* inputs).
  Optimizing cells in module \tt_if.
Performed a total of 0 changes.

45. Executing OPT_MERGE pass (detect identical cells).
Finding identical cells in module `\tt_if'.
Removed a total of 0 cells.

46. Executing OPT_DFF pass (perform DFF optimizations).

47. Executing OPT_CLEAN pass (remove unused cells and wires).
Finding unused cells or wires in module \tt_if..

48. Executing OPT_EXPR pass (perform const folding).
Optimizing module tt_if.

49. Executing WREDUCE pass (reducing word size of cells).
Removed top 31 bits (of 32) from port B of cell tt_if.$flatten\counter_inst.$add$/home/omare/Documents/UWASIC/Matrix-Vector-Analog/digital/AXI_IF/build/../src/counter_4bit.sv:9$3 ($add).
Removed top 28 bits (of 32) from port Y of cell tt_if.$flatten\counter_inst.$add$/home/omare/Documents/UWASIC/Matrix-Vector-Analog/digital/AXI_IF/build/../src/counter_4bit.sv:9$3 ($add).
Removed top 28 bits (of 32) from wire tt_if.$flatten\counter_inst.$add$/home/omare/Documents/UWASIC/Matrix-Vector-Analog/digital/AXI_IF/build/../src/counter_4bit.sv:9$3_Y.

50. Executing PEEPOPT pass (run peephole optimizers).

51. Executing OPT_CLEAN pass (remove unused cells and wires).
Finding unused cells or wires in module \tt_if..
Removed 0 unused cells and 1 unused wires.
<suppressed ~1 debug messages>

52. Executing ALUMACC pass (create $alu and $macc cells).
Extracting $alu and $macc cells in module tt_if:
  creating $macc model for $flatten\counter_inst.$add$/home/omare/Documents/UWASIC/Matrix-Vector-Analog/digital/AXI_IF/build/../src/counter_4bit.sv:9$3 ($add).
  creating $alu model for $macc $flatten\counter_inst.$add$/home/omare/Documents/UWASIC/Matrix-Vector-Analog/digital/AXI_IF/build/../src/counter_4bit.sv:9$3.
  creating $alu cell for $flatten\counter_inst.$add$/home/omare/Documents/UWASIC/Matrix-Vector-Analog/digital/AXI_IF/build/../src/counter_4bit.sv:9$3: $auto$alumacc.cc:495:replace_alu$14
  created 1 $alu and 0 $macc cells.

53. Executing SHARE pass (SAT-based resource sharing).

54. Executing OPT_EXPR pass (perform const folding).
Optimizing module tt_if.

55. Executing OPT_MERGE pass (detect identical cells).
Finding identical cells in module `\tt_if'.
Removed a total of 0 cells.

56. Executing OPT_MUXTREE pass (detect dead branches in mux trees).
Running muxtree optimizer on module \tt_if..
  Creating internal representation of mux trees.
  No muxes found in this module.
Removed 0 multiplexer ports.

57. Executing OPT_REDUCE pass (consolidate $*mux and $reduce_* inputs).
  Optimizing cells in module \tt_if.
Performed a total of 0 changes.

58. Executing OPT_MERGE pass (detect identical cells).
Finding identical cells in module `\tt_if'.
Removed a total of 0 cells.

59. Executing OPT_DFF pass (perform DFF optimizations).

60. Executing OPT_CLEAN pass (remove unused cells and wires).
Finding unused cells or wires in module \tt_if..

61. Executing OPT_EXPR pass (perform const folding).
Optimizing module tt_if.

62. Executing MEMORY pass.

62.1. Executing OPT_MEM pass (optimize memories).
Performed a total of 0 transformations.

62.2. Executing OPT_MEM_PRIORITY pass (removing unnecessary memory write priority relations).
Performed a total of 0 transformations.

62.3. Executing OPT_MEM_FEEDBACK pass (finding memory read-to-write feedback paths).

62.4. Executing MEMORY_BMUX2ROM pass (converting muxes to ROMs).

62.5. Executing MEMORY_DFF pass (merging $dff cells to $memrd).

62.6. Executing OPT_CLEAN pass (remove unused cells and wires).
Finding unused cells or wires in module \tt_if..

62.7. Executing MEMORY_SHARE pass (consolidating $memrd/$memwr cells).

62.8. Executing OPT_MEM_WIDEN pass (optimize memories where all ports are wide).
Performed a total of 0 transformations.

62.9. Executing OPT_CLEAN pass (remove unused cells and wires).
Finding unused cells or wires in module \tt_if..

62.10. Executing MEMORY_COLLECT pass (generating $mem cells).

63. Executing OPT_CLEAN pass (remove unused cells and wires).
Finding unused cells or wires in module \tt_if..

64. Executing OPT_EXPR pass (perform const folding).
Optimizing module tt_if.

65. Executing OPT_MERGE pass (detect identical cells).
Finding identical cells in module `\tt_if'.
Removed a total of 0 cells.

66. Executing OPT_DFF pass (perform DFF optimizations).

67. Executing OPT_CLEAN pass (remove unused cells and wires).
Finding unused cells or wires in module \tt_if..

68. Executing MEMORY_MAP pass (converting memories to logic and flip-flops).

69. Executing OPT_EXPR pass (perform const folding).
Optimizing module tt_if.

70. Executing OPT_MERGE pass (detect identical cells).
Finding identical cells in module `\tt_if'.
Removed a total of 0 cells.

71. Executing OPT_MUXTREE pass (detect dead branches in mux trees).
Running muxtree optimizer on module \tt_if..
  Creating internal representation of mux trees.
  No muxes found in this module.
Removed 0 multiplexer ports.

72. Executing OPT_REDUCE pass (consolidate $*mux and $reduce_* inputs).
  Optimizing cells in module \tt_if.
Performed a total of 0 changes.

73. Executing OPT_MERGE pass (detect identical cells).
Finding identical cells in module `\tt_if'.
Removed a total of 0 cells.

74. Executing OPT_SHARE pass.

75. Executing OPT_DFF pass (perform DFF optimizations).

76. Executing OPT_CLEAN pass (remove unused cells and wires).
Finding unused cells or wires in module \tt_if..

77. Executing OPT_EXPR pass (perform const folding).
Optimizing module tt_if.

78. Executing TECHMAP pass (map to technology primitives).

78.1. Executing Verilog-2005 frontend: /nix/store/r5vafnbc740mh08611zdcnfzf96f5an1-yosys-0.55/bin/../share/yosys/techmap.v
Parsing Verilog input from `/nix/store/r5vafnbc740mh08611zdcnfzf96f5an1-yosys-0.55/bin/../share/yosys/techmap.v' to AST representation.
Generating RTLIL representation for module `\_90_simplemap_bool_ops'.
Generating RTLIL representation for module `\_90_simplemap_reduce_ops'.
Generating RTLIL representation for module `\_90_simplemap_logic_ops'.
Generating RTLIL representation for module `\_90_simplemap_compare_ops'.
Generating RTLIL representation for module `\_90_simplemap_various'.
Generating RTLIL representation for module `\_90_simplemap_registers'.
Generating RTLIL representation for module `\_90_shift_ops_shr_shl_sshl_sshr'.
Generating RTLIL representation for module `\_90_shift_shiftx'.
Generating RTLIL representation for module `\_90_fa'.
Generating RTLIL representation for module `\_90_lcu_brent_kung'.
Generating RTLIL representation for module `\_90_alu'.
Generating RTLIL representation for module `\_90_macc'.
Generating RTLIL representation for module `\_90_alumacc'.
Generating RTLIL representation for module `\$__div_mod_u'.
Generating RTLIL representation for module `\$__div_mod_trunc'.
Generating RTLIL representation for module `\_90_div'.
Generating RTLIL representation for module `\_90_mod'.
Generating RTLIL representation for module `\$__div_mod_floor'.
Generating RTLIL representation for module `\_90_divfloor'.
Generating RTLIL representation for module `\_90_modfloor'.
Generating RTLIL representation for module `\_90_pow'.
Generating RTLIL representation for module `\_90_pmux'.
Generating RTLIL representation for module `\_90_demux'.
Generating RTLIL representation for module `\_90_lut'.
Successfully finished Verilog frontend.

78.2. Continuing TECHMAP pass.
Using template $paramod$32a7b7b86c07519b7537abc18e96f0331f97914d\_90_alu for cells of type $alu.
Using extmapper simplemap for cells of type $adffe.
Using extmapper simplemap for cells of type $xor.
Using extmapper simplemap for cells of type $and.
Using template $paramod\_90_lcu_brent_kung\WIDTH=32'00000000000000000000000000000100 for cells of type $lcu.
Using extmapper simplemap for cells of type $pos.
Using extmapper simplemap for cells of type $mux.
Using extmapper simplemap for cells of type $not.
Using extmapper simplemap for cells of type $or.
No more expansions possible.
<suppressed ~224 debug messages>

79. Executing OPT_EXPR pass (perform const folding).
Optimizing module tt_if.
<suppressed ~21 debug messages>

80. Executing OPT_MERGE pass (detect identical cells).
Finding identical cells in module `\tt_if'.
<suppressed ~3 debug messages>
Removed a total of 1 cells.

81. Executing OPT_DFF pass (perform DFF optimizations).

82. Executing OPT_CLEAN pass (remove unused cells and wires).
Finding unused cells or wires in module \tt_if..
Removed 5 unused cells and 33 unused wires.
<suppressed ~6 debug messages>

83. Executing OPT_EXPR pass (perform const folding).
Optimizing module tt_if.

84. Executing OPT_MERGE pass (detect identical cells).
Finding identical cells in module `\tt_if'.
Removed a total of 0 cells.

85. Executing OPT_DFF pass (perform DFF optimizations).

86. Executing OPT_CLEAN pass (remove unused cells and wires).
Finding unused cells or wires in module \tt_if..

87. Executing ABC pass (technology mapping using ABC).

87.1. Extracting gate netlist of module `\tt_if' to `<abc-temp-dir>/input.blif'..
Extracted 6 gates and 10 wires to a netlist network with 4 inputs and 4 outputs.

87.1.1. Executing ABC.
Running ABC command: "<yosys-exe-dir>/yosys-abc" -s -f <abc-temp-dir>/abc.script 2>&1
ABC: ABC command line: "source <abc-temp-dir>/abc.script".
ABC: 
ABC: + read_blif <abc-temp-dir>/input.blif 
ABC: + read_library <abc-temp-dir>/stdcells.genlib 
ABC: + strash 
ABC: + dretime 
ABC: + map 
ABC: + write_blif <abc-temp-dir>/output.blif 

87.1.2. Re-integrating ABC results.
ABC RESULTS:            ANDNOT cells:        1
ABC RESULTS:              NAND cells:        1
ABC RESULTS:               NOT cells:        1
ABC RESULTS:              XNOR cells:        1
ABC RESULTS:               XOR cells:        2
ABC RESULTS:        internal signals:        2
ABC RESULTS:           input signals:        4
ABC RESULTS:          output signals:        4
Removing temp directory.

88. Executing OPT pass (performing simple optimizations).

88.1. Executing OPT_EXPR pass (perform const folding).
Optimizing module tt_if.

88.2. Executing OPT_MERGE pass (detect identical cells).
Finding identical cells in module `\tt_if'.
Removed a total of 0 cells.

88.3. Executing OPT_DFF pass (perform DFF optimizations).

88.4. Executing OPT_CLEAN pass (remove unused cells and wires).
Finding unused cells or wires in module \tt_if..
Removed 0 unused cells and 9 unused wires.
<suppressed ~1 debug messages>

88.5. Finished fast OPT passes.

89. Executing HIERARCHY pass (managing design hierarchy).

89.1. Analyzing design hierarchy..
Top module:  \tt_if

89.2. Analyzing design hierarchy..
Top module:  \tt_if
Removed 0 unused modules.

90. Executing CHECK pass (checking for obvious problems).
Checking module tt_if...
Found and reported 0 problems.

91. Printing statistics.

=== tt_if ===

   Number of wires:                 17
   Number of wire bits:             64
   Number of public wires:          13
   Number of public wire bits:      54
   Number of ports:                  8
   Number of port bits:             43
   Number of memories:               0
   Number of memory bits:            0
   Number of processes:              0
   Number of cells:                 11
     $_ANDNOT_                       1
     $_DFFE_PN0P_                    4
     $_NAND_                         1
     $_NOT_                          1
     $_XNOR_                         1
     $_XOR_                          2
     $scopeinfo                      1

92. Generating Graphviz representation of design.
Writing dot description to `/home/omare/Documents/UWASIC/Matrix-Vector-Analog/digital/AXI_IF/build/synthesis/runs/tt_if_full/06-yosys-synthesis/primitive_techmap.dot'.
Dumping module tt_if to page 1.

93. Executing OPT pass (performing simple optimizations).

93.1. Executing OPT_EXPR pass (perform const folding).
Optimizing module tt_if.

93.2. Executing OPT_MERGE pass (detect identical cells).
Finding identical cells in module `\tt_if'.
Removed a total of 0 cells.

93.3. Executing OPT_MUXTREE pass (detect dead branches in mux trees).
Running muxtree optimizer on module \tt_if..
  Creating internal representation of mux trees.
  No muxes found in this module.
Removed 0 multiplexer ports.

93.4. Executing OPT_REDUCE pass (consolidate $*mux and $reduce_* inputs).
  Optimizing cells in module \tt_if.
Performed a total of 0 changes.

93.5. Executing OPT_MERGE pass (detect identical cells).
Finding identical cells in module `\tt_if'.
Removed a total of 0 cells.

93.6. Executing OPT_DFF pass (perform DFF optimizations).

93.7. Executing OPT_CLEAN pass (remove unused cells and wires).
Finding unused cells or wires in module \tt_if..

93.8. Executing OPT_EXPR pass (perform const folding).
Optimizing module tt_if.

93.9. Finished OPT passes. (There is nothing left to do.)

94. Executing OPT_CLEAN pass (remove unused cells and wires).
Finding unused cells or wires in module \tt_if..
Removed 1 unused cells and 5 unused wires.
<suppressed ~6 debug messages>
{
   "creator": "Yosys 0.55 (git sha1 60f126cd00c94892782470192d6c9f7abebe7c05, g++ 14.3.0 -fPIC -O3)",
   "invocation": "stat -json -liberty /home/omare/Documents/UWASIC/Matrix-Vector-Analog/digital/AXI_IF/build/synthesis/runs/tt_if_full/tmp/b0a8f1c847a6415c8a5f7d72cef4d500.lib ",
   "modules": {
      "\\tt_if": {
         "num_wires":         12,
         "num_wire_bits":     53,
         "num_pub_wires":     8,
         "num_pub_wire_bits": 43,
         "num_ports":         8,
         "num_port_bits":     43,
         "num_memories":      0,
         "num_memory_bits":   0,
         "num_processes":     0,
         "num_cells":         10,
         "num_cells_by_type": {
            "$_ANDNOT_": 1,
            "$_DFFE_PN0P_": 4,
            "$_NAND_": 1,
            "$_NOT_": 1,
            "$_XNOR_": 1,
            "$_XOR_": 2
         }
      }
   },
      "design": {
         "num_wires":         12,
         "num_wire_bits":     53,
         "num_pub_wires":     8,
         "num_pub_wire_bits": 43,
         "num_ports":         8,
         "num_port_bits":     43,
         "num_memories":      0,
         "num_memory_bits":   0,
         "num_processes":     0,
         "num_cells":         10,
         "num_cells_by_type": {
            "$_ANDNOT_": 1,
            "$_DFFE_PN0P_": 4,
            "$_NAND_": 1,
            "$_NOT_": 1,
            "$_XNOR_": 1,
            "$_XOR_": 2
         }
      }
}

95. Printing statistics.

=== tt_if ===

   Number of wires:                 12
   Number of wire bits:             53
   Number of public wires:           8
   Number of public wire bits:      43
   Number of ports:                  8
   Number of port bits:             43
   Number of memories:               0
   Number of memory bits:            0
   Number of processes:              0
   Number of cells:                 10
     $_ANDNOT_                       1
     $_DFFE_PN0P_                    4
     $_NAND_                         1
     $_NOT_                          1
     $_XNOR_                         1
     $_XOR_                          2

   Area for cell type $_NOT_ is unknown!
   Area for cell type $_NAND_ is unknown!
   Area for cell type $_XOR_ is unknown!
   Area for cell type $_XNOR_ is unknown!
   Area for cell type $_ANDNOT_ is unknown!
   Area for cell type $_DFFE_PN0P_ is unknown!

[INFO] Applying tri-state buffer mapping from '/home/omare/.volare/sky130A/libs.tech/openlane/sky130_fd_sc_hd/tribuff_map.v'…

96. Executing TECHMAP pass (map to technology primitives).

96.1. Executing Verilog-2005 frontend: /home/omare/.volare/sky130A/libs.tech/openlane/sky130_fd_sc_hd/tribuff_map.v
Parsing Verilog input from `/home/omare/.volare/sky130A/libs.tech/openlane/sky130_fd_sc_hd/tribuff_map.v' to AST representation.
Generating RTLIL representation for module `\$_TBUF_'.
Successfully finished Verilog frontend.

96.2. Continuing TECHMAP pass.
No more expansions possible.
<suppressed ~3 debug messages>

97. Executing SIMPLEMAP pass (map simple cells to gate primitives).
[INFO] Applying latch mapping from '/home/omare/.volare/sky130A/libs.tech/openlane/sky130_fd_sc_hd/latch_map.v'…

98. Executing TECHMAP pass (map to technology primitives).

98.1. Executing Verilog-2005 frontend: /home/omare/.volare/sky130A/libs.tech/openlane/sky130_fd_sc_hd/latch_map.v
Parsing Verilog input from `/home/omare/.volare/sky130A/libs.tech/openlane/sky130_fd_sc_hd/latch_map.v' to AST representation.
Generating RTLIL representation for module `\$_DLATCH_P_'.
Generating RTLIL representation for module `\$_DLATCH_N_'.
Successfully finished Verilog frontend.

98.2. Continuing TECHMAP pass.
No more expansions possible.
<suppressed ~4 debug messages>

99. Executing SIMPLEMAP pass (map simple cells to gate primitives).

100. Executing DFFLIBMAP pass (mapping DFF cells to sequential cells from liberty file).
  cell sky130_fd_sc_hd__dfxtp_2 (noninv, pins=3, area=21.27) is a direct match for cell type $_DFF_P_.
  cell sky130_fd_sc_hd__dfrtp_2 (noninv, pins=4, area=26.28) is a direct match for cell type $_DFF_PN0_.
  cell sky130_fd_sc_hd__dfstp_2 (noninv, pins=4, area=26.28) is a direct match for cell type $_DFF_PN1_.
  cell sky130_fd_sc_hd__dfbbn_2 (noninv, pins=6, area=35.03) is a direct match for cell type $_DFFSR_NNN_.
  final dff cell mappings:
    unmapped dff cell: $_DFF_N_
    \sky130_fd_sc_hd__dfxtp_2 _DFF_P_ (.CLK( C), .D( D), .Q( Q));
    unmapped dff cell: $_DFF_NN0_
    unmapped dff cell: $_DFF_NN1_
    unmapped dff cell: $_DFF_NP0_
    unmapped dff cell: $_DFF_NP1_
    \sky130_fd_sc_hd__dfrtp_2 _DFF_PN0_ (.CLK( C), .D( D), .Q( Q), .RESET_B( R));
    \sky130_fd_sc_hd__dfstp_2 _DFF_PN1_ (.CLK( C), .D( D), .Q( Q), .SET_B( R));
    unmapped dff cell: $_DFF_PP0_
    unmapped dff cell: $_DFF_PP1_
    unmapped dff cell: $_DFFE_NN_
    unmapped dff cell: $_DFFE_NP_
    unmapped dff cell: $_DFFE_PN_
    unmapped dff cell: $_DFFE_PP_
    \sky130_fd_sc_hd__dfbbn_2 _DFFSR_NNN_ (.CLK_N( C), .D( D), .Q( Q), .Q_N(~Q), .RESET_B( R), .SET_B( S));
    unmapped dff cell: $_DFFSR_NNP_
    unmapped dff cell: $_DFFSR_NPN_
    unmapped dff cell: $_DFFSR_NPP_
    unmapped dff cell: $_DFFSR_PNN_
    unmapped dff cell: $_DFFSR_PNP_
    unmapped dff cell: $_DFFSR_PPN_
    unmapped dff cell: $_DFFSR_PPP_

100.1. Executing DFFLEGALIZE pass (convert FFs to types supported by the target).
Mapping DFF cells in module `\tt_if':
  mapped 4 $_DFF_PN0_ cells to \sky130_fd_sc_hd__dfrtp_2 cells.
{
   "creator": "Yosys 0.55 (git sha1 60f126cd00c94892782470192d6c9f7abebe7c05, g++ 14.3.0 -fPIC -O3)",
   "invocation": "stat -json -liberty /home/omare/Documents/UWASIC/Matrix-Vector-Analog/digital/AXI_IF/build/synthesis/runs/tt_if_full/tmp/b0a8f1c847a6415c8a5f7d72cef4d500.lib ",
   "modules": {
      "\\tt_if": {
         "num_wires":         16,
         "num_wire_bits":     57,
         "num_pub_wires":     8,
         "num_pub_wire_bits": 43,
         "num_ports":         8,
         "num_port_bits":     43,
         "num_memories":      0,
         "num_memory_bits":   0,
         "num_processes":     0,
         "num_cells":         14,
         "area":              105.100800,
         "num_cells_by_type": {
            "$_ANDNOT_": 1,
            "$_MUX_": 4,
            "$_NAND_": 1,
            "$_NOT_": 1,
            "$_XNOR_": 1,
            "$_XOR_": 2,
            "sky130_fd_sc_hd__dfrtp_2": 4
         }
      }
   },
      "design": {
         "num_wires":         16,
         "num_wire_bits":     57,
         "num_pub_wires":     8,
         "num_pub_wire_bits": 43,
         "num_ports":         8,
         "num_port_bits":     43,
         "num_memories":      0,
         "num_memory_bits":   0,
         "num_processes":     0,
         "num_cells":         14,
         "area":              105.100800,
         "num_cells_by_type": {
            "$_ANDNOT_": 1,
            "$_MUX_": 4,
            "$_NAND_": 1,
            "$_NOT_": 1,
            "$_XNOR_": 1,
            "$_XOR_": 2,
            "sky130_fd_sc_hd__dfrtp_2": 4
         }
      }
}

101. Printing statistics.

=== tt_if ===

   Number of wires:                 16
   Number of wire bits:             57
   Number of public wires:           8
   Number of public wire bits:      43
   Number of ports:                  8
   Number of port bits:             43
   Number of memories:               0
   Number of memory bits:            0
   Number of processes:              0
   Number of cells:                 14
     $_ANDNOT_                       1
     $_MUX_                          4
     $_NAND_                         1
     $_NOT_                          1
     $_XNOR_                         1
     $_XOR_                          2
     sky130_fd_sc_hd__dfrtp_2        4

   Area for cell type $_NOT_ is unknown!
   Area for cell type $_NAND_ is unknown!
   Area for cell type $_XOR_ is unknown!
   Area for cell type $_XNOR_ is unknown!
   Area for cell type $_ANDNOT_ is unknown!
   Area for cell type $_MUX_ is unknown!

   Chip area for module '\tt_if': 105.100800
     of which used for sequential elements: 105.100800 (100.00%)

[INFO] Using generated ABC script '/home/omare/Documents/UWASIC/Matrix-Vector-Analog/digital/AXI_IF/build/synthesis/runs/tt_if_full/06-yosys-synthesis/AREA_0.abc'…

102. Executing ABC pass (technology mapping using ABC).

102.1. Extracting gate netlist of module `\tt_if' to `/tmp/nix-shell-171333-0/yosys-abc-EL2w6k/input.blif'..
Extracted 10 gates and 15 wires to a netlist network with 5 inputs and 4 outputs.

102.1.1. Executing ABC.
Running ABC command: "/nix/store/r5vafnbc740mh08611zdcnfzf96f5an1-yosys-0.55/bin/yosys-abc" -s -f /tmp/nix-shell-171333-0/yosys-abc-EL2w6k/abc.script 2>&1
ABC: ABC command line: "source /tmp/nix-shell-171333-0/yosys-abc-EL2w6k/abc.script".
ABC: 
ABC: + read_blif /tmp/nix-shell-171333-0/yosys-abc-EL2w6k/input.blif 
ABC: + read_lib -w /home/omare/Documents/UWASIC/Matrix-Vector-Analog/digital/AXI_IF/build/synthesis/runs/tt_if_full/tmp/b0a8f1c847a6415c8a5f7d72cef4d500.lib 
ABC: Parsing finished successfully.  Parsing time =     0.03 sec
ABC: Scl_LibertyReadGenlib() skipped sequential cell "sky130_fd_sc_hd__dfbbn_2".
ABC: Scl_LibertyReadGenlib() skipped sequential cell "sky130_fd_sc_hd__dfrbp_2".
ABC: Scl_LibertyReadGenlib() skipped sequential cell "sky130_fd_sc_hd__dfrtp_2".
ABC: Scl_LibertyReadGenlib() skipped sequential cell "sky130_fd_sc_hd__dfrtp_4".
ABC: Scl_LibertyReadGenlib() skipped sequential cell "sky130_fd_sc_hd__dfsbp_2".
ABC: Scl_LibertyReadGenlib() skipped sequential cell "sky130_fd_sc_hd__dfstp_2".
ABC: Scl_LibertyReadGenlib() skipped sequential cell "sky130_fd_sc_hd__dfstp_4".
ABC: Scl_LibertyReadGenlib() skipped sequential cell "sky130_fd_sc_hd__dfxbp_2".
ABC: Scl_LibertyReadGenlib() skipped sequential cell "sky130_fd_sc_hd__dfxtp_2".
ABC: Scl_LibertyReadGenlib() skipped sequential cell "sky130_fd_sc_hd__dfxtp_4".
ABC: Scl_LibertyReadGenlib() skipped sequential cell "sky130_fd_sc_hd__dlxtn_1".
ABC: Scl_LibertyReadGenlib() skipped sequential cell "sky130_fd_sc_hd__dlxtn_2".
ABC: Scl_LibertyReadGenlib() skipped sequential cell "sky130_fd_sc_hd__dlxtn_4".
ABC: Scl_LibertyReadGenlib() skipped sequential cell "sky130_fd_sc_hd__dlxtp_1".
ABC: Scl_LibertyReadGenlib() skipped three-state cell "sky130_fd_sc_hd__ebufn_2".
ABC: Scl_LibertyReadGenlib() skipped three-state cell "sky130_fd_sc_hd__ebufn_4".
ABC: Scl_LibertyReadGenlib() skipped three-state cell "sky130_fd_sc_hd__ebufn_8".
ABC: Library "sky130_fd_sc_hd__tt_025C_1v80" from "/home/omare/Documents/UWASIC/Matrix-Vector-Analog/digital/AXI_IF/build/synthesis/runs/tt_if_full/tmp/b0a8f1c847a6415c8a5f7d72cef4d500.lib" has 175 cells (17 skipped: 14 seq; 3 tri-state; 0 no func; 0 dont_use).  Time =     0.05 sec
ABC: Memory =    9.54 MB. Time =     0.05 sec
ABC: Warning: Detected 2 multi-output gates (for example, "sky130_fd_sc_hd__fa_1").
ABC: + read_constr -v /home/omare/Documents/UWASIC/Matrix-Vector-Analog/digital/AXI_IF/build/synthesis/runs/tt_if_full/06-yosys-synthesis/synthesis.abc.sdc 
ABC: Setting driving cell to be "sky130_fd_sc_hd__inv_2/Y".
ABC: Setting output load to be 33.442001.
ABC: + source /home/omare/Documents/UWASIC/Matrix-Vector-Analog/digital/AXI_IF/build/synthesis/runs/tt_if_full/06-yosys-synthesis/AREA_0.abc 
ABC: Error: The network is combinational.
ABC: Cannot find the default PI driving cell (sky130_fd_sc_hd__inv_2/Y) in the library.
ABC: WireLoad = "none"  Gates =      8 (  0.0 %)   Cap = 15.5 ff (  0.0 %)   Area =       80.08 (100.0 %)   Delay =   608.96 ps  ( 25.0 %)               
ABC: Path  0 --       5 : 0    4 pi                      A =   0.00  Df =   0.0   -0.0 ps  S =   0.0 ps  Cin =  0.0 ff  Cout =  10.2 ff  Cmax =   0.0 ff  G =    0  
ABC: Path  1 --      12 : 4    2 sky130_fd_sc_hd__and4_2 A =  10.01  Df = 236.7   -6.7 ps  S =  87.6 ps  Cin =  1.5 ff  Cout =  10.1 ff  Cmax = 300.3 ff  G =  639  
ABC: Path  2 --      15 : 2    1 sky130_fd_sc_hd__xor2_2 A =  16.27  Df = 609.0 -168.3 ps  S = 428.6 ps  Cin =  8.6 ff  Cout =  33.4 ff  Cmax = 130.0 ff  G =  390  
ABC: Start-point = pi4 (\i_ena).  End-point = po2 ($auto$rtlil.cc:3203:MuxGate$165).
ABC: netlist                       : i/o =    5/    4  lat =    0  nd =     8  edge =     20  area =80.10  delay = 2.00  lev = 2
ABC: + write_blif /tmp/nix-shell-171333-0/yosys-abc-EL2w6k/output.blif 

102.1.2. Re-integrating ABC results.
ABC RESULTS:   sky130_fd_sc_hd__a31o_2 cells:        1
ABC RESULTS:   sky130_fd_sc_hd__and2_2 cells:        1
ABC RESULTS:   sky130_fd_sc_hd__and2b_2 cells:        1
ABC RESULTS:   sky130_fd_sc_hd__and4_2 cells:        1
ABC RESULTS:   sky130_fd_sc_hd__nand2_2 cells:        1
ABC RESULTS:   sky130_fd_sc_hd__or2_2 cells:        1
ABC RESULTS:   sky130_fd_sc_hd__xnor2_2 cells:        1
ABC RESULTS:   sky130_fd_sc_hd__xor2_2 cells:        1
ABC RESULTS:        internal signals:        6
ABC RESULTS:           input signals:        5
ABC RESULTS:          output signals:        4
Removing temp directory.

103. Executing SETUNDEF pass (replace undef values with defined constants).

104. Executing HILOMAP pass (mapping to constant drivers).

105. Executing SPLITNETS pass (splitting up multi-bit signals).

106. Executing OPT_CLEAN pass (remove unused cells and wires).
Finding unused cells or wires in module \tt_if..
Removed 0 unused cells and 39 unused wires.
<suppressed ~1 debug messages>

107. Executing INSBUF pass (insert buffer cells for connected wires).

108. Executing CHECK pass (checking for obvious problems).
Checking module tt_if...
Found and reported 0 problems.
{
   "creator": "Yosys 0.55 (git sha1 60f126cd00c94892782470192d6c9f7abebe7c05, g++ 14.3.0 -fPIC -O3)",
   "invocation": "stat -json -liberty /home/omare/Documents/UWASIC/Matrix-Vector-Analog/digital/AXI_IF/build/synthesis/runs/tt_if_full/tmp/b0a8f1c847a6415c8a5f7d72cef4d500.lib ",
   "modules": {
      "\\tt_if": {
         "num_wires":         16,
         "num_wire_bits":     51,
         "num_pub_wires":     8,
         "num_pub_wire_bits": 43,
         "num_ports":         8,
         "num_port_bits":     43,
         "num_memories":      0,
         "num_memory_bits":   0,
         "num_processes":     0,
         "num_cells":         32,
         "area":              260.249600,
         "num_cells_by_type": {
            "sky130_fd_sc_hd__a31o_2": 1,
            "sky130_fd_sc_hd__and2_2": 1,
            "sky130_fd_sc_hd__and2b_2": 1,
            "sky130_fd_sc_hd__and4_2": 1,
            "sky130_fd_sc_hd__conb_1": 20,
            "sky130_fd_sc_hd__dfrtp_2": 4,
            "sky130_fd_sc_hd__nand2_2": 1,
            "sky130_fd_sc_hd__or2_2": 1,
            "sky130_fd_sc_hd__xnor2_2": 1,
            "sky130_fd_sc_hd__xor2_2": 1
         }
      }
   },
      "design": {
         "num_wires":         16,
         "num_wire_bits":     51,
         "num_pub_wires":     8,
         "num_pub_wire_bits": 43,
         "num_ports":         8,
         "num_port_bits":     43,
         "num_memories":      0,
         "num_memory_bits":   0,
         "num_processes":     0,
         "num_cells":         32,
         "area":              260.249600,
         "num_cells_by_type": {
            "sky130_fd_sc_hd__a31o_2": 1,
            "sky130_fd_sc_hd__and2_2": 1,
            "sky130_fd_sc_hd__and2b_2": 1,
            "sky130_fd_sc_hd__and4_2": 1,
            "sky130_fd_sc_hd__conb_1": 20,
            "sky130_fd_sc_hd__dfrtp_2": 4,
            "sky130_fd_sc_hd__nand2_2": 1,
            "sky130_fd_sc_hd__or2_2": 1,
            "sky130_fd_sc_hd__xnor2_2": 1,
            "sky130_fd_sc_hd__xor2_2": 1
         }
      }
}

109. Printing statistics.

=== tt_if ===

   Number of wires:                 16
   Number of wire bits:             51
   Number of public wires:           8
   Number of public wire bits:      43
   Number of ports:                  8
   Number of port bits:             43
   Number of memories:               0
   Number of memory bits:            0
   Number of processes:              0
   Number of cells:                 32
     sky130_fd_sc_hd__a31o_2         1
     sky130_fd_sc_hd__and2_2         1
     sky130_fd_sc_hd__and2b_2        1
     sky130_fd_sc_hd__and4_2         1
     sky130_fd_sc_hd__conb_1        20
     sky130_fd_sc_hd__dfrtp_2        4
     sky130_fd_sc_hd__nand2_2        1
     sky130_fd_sc_hd__or2_2          1
     sky130_fd_sc_hd__xnor2_2        1
     sky130_fd_sc_hd__xor2_2         1

   Chip area for module '\tt_if': 260.249600
     of which used for sequential elements: 105.100800 (40.38%)

110. Executing Verilog backend.
Dumping module `\tt_if'.

111. Executing JSON backend.
