Clock: i_clk
Sources: i_clk 
Generated: no
Virtual: yes
Propagated: no
Period: 10.000000

===========================================================================
report_clock_properties
============================================================================
Clock                   Period          Waveform
----------------------------------------------------
i_clk                10.000000    0.000000  5.000000

===========================================================================
report_clock_latency
============================================================================
Clock i_clk
rise -> rise
    min     max
0.000000 0.000000 source latency
0.479029         network latency _17_/CLK
        0.480220 network latency _19_/CLK
---------------
0.479029 0.480220 latency
        0.001191 skew

fall -> fall
    min     max
0.000000 0.000000 source latency
0.502919         network latency _17_/CLK
        0.503958 network latency _19_/CLK
---------------
0.502919 0.503958 latency
        0.001039 skew



===========================================================================
report_clock_min_period
============================================================================
i_clk period_min = 2.82 fmax = 354.58
