
===========================================================================
report_checks -path_delay max (Setup)
============================================================================
======================= min_ss_100C_1v60 Corner ===================================

Warning: corner.tcl line 67, unknown field nets.
Warning: corner.tcl line 67, report_checks -group_count is deprecated. Use -group_path_count instead.
Startpoint: i_ena (input port clocked by i_clk)
Endpoint: _16_ (rising edge-triggered flip-flop clocked by i_clk)
Path Group: i_clk
Path Type: max

Fanout         Cap        Slew       Delay        Time   Description
---------------------------------------------------------------------------------------------
                                  0.000000    0.000000   clock i_clk (rise edge)
                                  0.000000    0.000000   clock network delay (propagated)
                                  0.020000    0.020000 ^ input external delay
     1    0.002254    0.028650    0.012890    0.032890 ^ i_ena (in)
                      0.028650    0.000000    0.032890 ^ hold3/A (sky130_fd_sc_hd__dlygate4sd3_1)
     1    0.002179    0.087026    1.013255    1.046145 ^ hold3/X (sky130_fd_sc_hd__dlygate4sd3_1)
                      0.087026    0.000008    1.046153 ^ input1/A (sky130_fd_sc_hd__clkbuf_1)
     4    0.009860    0.202874    0.250204    1.296357 ^ input1/X (sky130_fd_sc_hd__clkbuf_1)
                      0.202874    0.000035    1.296392 ^ _08_/B (sky130_fd_sc_hd__nand2_1)
     2    0.006225    0.132323    0.197043    1.493435 v _08_/Y (sky130_fd_sc_hd__nand2_1)
                      0.132323    0.000032    1.493467 v _09_/B (sky130_fd_sc_hd__xnor2_1)
     1    0.002087    0.081950    0.222415    1.715883 v _09_/Y (sky130_fd_sc_hd__xnor2_1)
                      0.081950    0.000020    1.715903 v hold4/A (sky130_fd_sc_hd__dlygate4sd3_1)
     1    0.002483    0.106219    1.123311    2.839213 v hold4/X (sky130_fd_sc_hd__dlygate4sd3_1)
                      0.106219    0.000024    2.839237 v _16_/D (sky130_fd_sc_hd__dfrtp_1)
                                              2.839237   data arrival time

                                 10.000000   10.000000   clock i_clk (rise edge)
                                  0.000000   10.000000   clock source latency
     1    0.010573    0.085045    0.055253   10.055253 ^ i_clk (in)
                      0.085045    0.000000   10.055253 ^ clkbuf_0_i_clk/A (sky130_fd_sc_hd__clkbuf_16)
     2    0.019071    0.066267    0.227096   10.282349 ^ clkbuf_0_i_clk/X (sky130_fd_sc_hd__clkbuf_16)
                      0.066267    0.000251   10.282600 ^ clkbuf_1_1__f_i_clk/A (sky130_fd_sc_hd__clkbuf_16)
     2    0.005593    0.048614    0.197559   10.480159 ^ clkbuf_1_1__f_i_clk/X (sky130_fd_sc_hd__clkbuf_16)
                      0.048614    0.000060   10.480219 ^ _16_/CLK (sky130_fd_sc_hd__dfrtp_1)
                                 -0.250000   10.230219   clock uncertainty
                                  0.000000   10.230219   clock reconvergence pessimism
                                 -0.297375    9.932843   library setup time
                                              9.932843   data required time
---------------------------------------------------------------------------------------------
                                              9.932843   data required time
                                             -2.839237   data arrival time
---------------------------------------------------------------------------------------------
                                              7.093606   slack (MET)


Startpoint: _18_ (rising edge-triggered flip-flop clocked by i_clk)
Endpoint: _18_ (rising edge-triggered flip-flop clocked by i_clk)
Path Group: i_clk
Path Type: max

Fanout         Cap        Slew       Delay        Time   Description
---------------------------------------------------------------------------------------------
                                  0.000000    0.000000   clock i_clk (rise edge)
                                  0.000000    0.000000   clock source latency
     1    0.010573    0.085045    0.055252    0.055252 ^ i_clk (in)
                      0.085045    0.000000    0.055252 ^ clkbuf_0_i_clk/A (sky130_fd_sc_hd__clkbuf_16)
     2    0.019071    0.066267    0.227096    0.282348 ^ clkbuf_0_i_clk/X (sky130_fd_sc_hd__clkbuf_16)
                      0.066267    0.000269    0.282617 ^ clkbuf_1_0__f_i_clk/A (sky130_fd_sc_hd__clkbuf_16)
     2    0.004961    0.047750    0.196360    0.478978 ^ clkbuf_1_0__f_i_clk/X (sky130_fd_sc_hd__clkbuf_16)
                      0.047750    0.000069    0.479047 ^ _18_/CLK (sky130_fd_sc_hd__dfrtp_1)
     2    0.005389    0.098481    0.750334    1.229381 v _18_/Q (sky130_fd_sc_hd__dfrtp_1)
                      0.098481    0.000039    1.229419 v hold5/A (sky130_fd_sc_hd__dlygate4sd3_1)
     1    0.005569    0.134112    1.177132    2.406552 v hold5/X (sky130_fd_sc_hd__dlygate4sd3_1)
                      0.134112    0.000069    2.406621 v _13_/A (sky130_fd_sc_hd__xor2_1)
     1    0.002371    0.093337    0.313901    2.720521 v _13_/X (sky130_fd_sc_hd__xor2_1)
                      0.093337    0.000014    2.720536 v _18_/D (sky130_fd_sc_hd__dfrtp_1)
                                              2.720536   data arrival time

                                 10.000000   10.000000   clock i_clk (rise edge)
                                  0.000000   10.000000   clock source latency
     1    0.010573    0.085045    0.055253   10.055253 ^ i_clk (in)
                      0.085045    0.000000   10.055253 ^ clkbuf_0_i_clk/A (sky130_fd_sc_hd__clkbuf_16)
     2    0.019071    0.066267    0.227096   10.282349 ^ clkbuf_0_i_clk/X (sky130_fd_sc_hd__clkbuf_16)
                      0.066267    0.000269   10.282618 ^ clkbuf_1_0__f_i_clk/A (sky130_fd_sc_hd__clkbuf_16)
     2    0.004961    0.047750    0.196360   10.478978 ^ clkbuf_1_0__f_i_clk/X (sky130_fd_sc_hd__clkbuf_16)
                      0.047750    0.000068   10.479047 ^ _18_/CLK (sky130_fd_sc_hd__dfrtp_1)
                                 -0.250000   10.229046   clock uncertainty
                                  0.000000   10.229046   clock reconvergence pessimism
                                 -0.292231    9.936815   library setup time
                                              9.936815   data required time
---------------------------------------------------------------------------------------------
                                              9.936815   data required time
                                             -2.720536   data arrival time
---------------------------------------------------------------------------------------------
                                              7.216280   slack (MET)


Startpoint: i_ena (input port clocked by i_clk)
Endpoint: _17_ (rising edge-triggered flip-flop clocked by i_clk)
Path Group: i_clk
Path Type: max

Fanout         Cap        Slew       Delay        Time   Description
---------------------------------------------------------------------------------------------
                                  0.000000    0.000000   clock i_clk (rise edge)
                                  0.000000    0.000000   clock network delay (propagated)
                                  0.020000    0.020000 ^ input external delay
     1    0.002254    0.028650    0.012890    0.032890 ^ i_ena (in)
                      0.028650    0.000000    0.032890 ^ hold3/A (sky130_fd_sc_hd__dlygate4sd3_1)
     1    0.002179    0.087026    1.013255    1.046145 ^ hold3/X (sky130_fd_sc_hd__dlygate4sd3_1)
                      0.087026    0.000008    1.046153 ^ input1/A (sky130_fd_sc_hd__clkbuf_1)
     4    0.009860    0.202874    0.250204    1.296357 ^ input1/X (sky130_fd_sc_hd__clkbuf_1)
                      0.202874    0.000043    1.296400 ^ _10_/D (sky130_fd_sc_hd__and4_1)
     2    0.007173    0.158889    0.496027    1.792427 ^ _10_/X (sky130_fd_sc_hd__and4_1)
                      0.158889    0.000055    1.792482 ^ _12_/A_N (sky130_fd_sc_hd__and2b_1)
     1    0.003279    0.069582    0.396444    2.188926 v _12_/X (sky130_fd_sc_hd__and2b_1)
                      0.069582    0.000042    2.188968 v _17_/D (sky130_fd_sc_hd__dfrtp_1)
                                              2.188968   data arrival time

                                 10.000000   10.000000   clock i_clk (rise edge)
                                  0.000000   10.000000   clock source latency
     1    0.010573    0.085045    0.055253   10.055253 ^ i_clk (in)
                      0.085045    0.000000   10.055253 ^ clkbuf_0_i_clk/A (sky130_fd_sc_hd__clkbuf_16)
     2    0.019071    0.066267    0.227096   10.282349 ^ clkbuf_0_i_clk/X (sky130_fd_sc_hd__clkbuf_16)
                      0.066267    0.000269   10.282618 ^ clkbuf_1_0__f_i_clk/A (sky130_fd_sc_hd__clkbuf_16)
     2    0.004961    0.047750    0.196360   10.478978 ^ clkbuf_1_0__f_i_clk/X (sky130_fd_sc_hd__clkbuf_16)
                      0.047750    0.000052   10.479030 ^ _17_/CLK (sky130_fd_sc_hd__dfrtp_1)
                                 -0.250000   10.229030   clock uncertainty
                                  0.000000   10.229030   clock reconvergence pessimism
                                 -0.282320    9.946710   library setup time
                                              9.946710   data required time
---------------------------------------------------------------------------------------------
                                              9.946710   data required time
                                             -2.188968   data arrival time
---------------------------------------------------------------------------------------------
                                              7.757741   slack (MET)


Startpoint: _19_ (rising edge-triggered flip-flop clocked by i_clk)
Endpoint: _19_ (rising edge-triggered flip-flop clocked by i_clk)
Path Group: i_clk
Path Type: max

Fanout         Cap        Slew       Delay        Time   Description
---------------------------------------------------------------------------------------------
                                  0.000000    0.000000   clock i_clk (rise edge)
                                  0.000000    0.000000   clock source latency
     1    0.010573    0.085045    0.055252    0.055252 ^ i_clk (in)
                      0.085045    0.000000    0.055252 ^ clkbuf_0_i_clk/A (sky130_fd_sc_hd__clkbuf_16)
     2    0.019071    0.066267    0.227096    0.282348 ^ clkbuf_0_i_clk/X (sky130_fd_sc_hd__clkbuf_16)
                      0.066267    0.000252    0.282600 ^ clkbuf_1_1__f_i_clk/A (sky130_fd_sc_hd__clkbuf_16)
     2    0.005593    0.048614    0.197559    0.480159 ^ clkbuf_1_1__f_i_clk/X (sky130_fd_sc_hd__clkbuf_16)
                      0.048614    0.000061    0.480220 ^ _19_/CLK (sky130_fd_sc_hd__dfrtp_1)
     5    0.012213    0.158920    0.813541    1.293761 v _19_/Q (sky130_fd_sc_hd__dfrtp_1)
                      0.158920    0.000077    1.293839 v _14_/A (sky130_fd_sc_hd__or2_1)
     1    0.001664    0.087405    0.512375    1.806213 v _14_/X (sky130_fd_sc_hd__or2_1)
                      0.087405    0.000014    1.806227 v _15_/B (sky130_fd_sc_hd__and2_1)
     1    0.002994    0.069439    0.323077    2.129304 v _15_/X (sky130_fd_sc_hd__and2_1)
                      0.069439    0.000033    2.129338 v _19_/D (sky130_fd_sc_hd__dfrtp_1)
                                              2.129338   data arrival time

                                 10.000000   10.000000   clock i_clk (rise edge)
                                  0.000000   10.000000   clock source latency
     1    0.010573    0.085045    0.055253   10.055253 ^ i_clk (in)
                      0.085045    0.000000   10.055253 ^ clkbuf_0_i_clk/A (sky130_fd_sc_hd__clkbuf_16)
     2    0.019071    0.066267    0.227096   10.282349 ^ clkbuf_0_i_clk/X (sky130_fd_sc_hd__clkbuf_16)
                      0.066267    0.000251   10.282600 ^ clkbuf_1_1__f_i_clk/A (sky130_fd_sc_hd__clkbuf_16)
     2    0.005593    0.048614    0.197559   10.480159 ^ clkbuf_1_1__f_i_clk/X (sky130_fd_sc_hd__clkbuf_16)
                      0.048614    0.000061   10.480221 ^ _19_/CLK (sky130_fd_sc_hd__dfrtp_1)
                                 -0.250000   10.230221   clock uncertainty
                                  0.000000   10.230221   clock reconvergence pessimism
                                 -0.282029    9.948191   library setup time
                                              9.948191   data required time
---------------------------------------------------------------------------------------------
                                              9.948191   data required time
                                             -2.129338   data arrival time
---------------------------------------------------------------------------------------------
                                              7.818853   slack (MET)


Startpoint: _16_ (rising edge-triggered flip-flop clocked by i_clk)
Endpoint: uo_out[1] (output port clocked by i_clk)
Path Group: i_clk
Path Type: max

Fanout         Cap        Slew       Delay        Time   Description
---------------------------------------------------------------------------------------------
                                  0.000000    0.000000   clock i_clk (rise edge)
                                  0.000000    0.000000   clock source latency
     1    0.010573    0.085045    0.055252    0.055252 ^ i_clk (in)
                      0.085045    0.000000    0.055252 ^ clkbuf_0_i_clk/A (sky130_fd_sc_hd__clkbuf_16)
     2    0.019071    0.066267    0.227096    0.282348 ^ clkbuf_0_i_clk/X (sky130_fd_sc_hd__clkbuf_16)
                      0.066267    0.000252    0.282600 ^ clkbuf_1_1__f_i_clk/A (sky130_fd_sc_hd__clkbuf_16)
     2    0.005593    0.048614    0.197559    0.480159 ^ clkbuf_1_1__f_i_clk/X (sky130_fd_sc_hd__clkbuf_16)
                      0.048614    0.000060    0.480219 ^ _16_/CLK (sky130_fd_sc_hd__dfrtp_1)
     4    0.013639    0.165599    0.826551    1.306769 v _16_/Q (sky130_fd_sc_hd__dfrtp_1)
                      0.165599    0.000137    1.306906 v output4/A (sky130_fd_sc_hd__buf_2)
     1    0.034763    0.167881    0.392173    1.699079 v output4/X (sky130_fd_sc_hd__buf_2)
                      0.167881    0.000459    1.699538 v uo_out[1] (out)
                                              1.699538   data arrival time

                                 10.000000   10.000000   clock i_clk (rise edge)
                                  0.000000   10.000000   clock network delay (propagated)
                                 -0.250000    9.750000   clock uncertainty
                                  0.000000    9.750000   clock reconvergence pessimism
                                 -0.020000    9.730000   output external delay
                                              9.730000   data required time
---------------------------------------------------------------------------------------------
                                              9.730000   data required time
                                             -1.699538   data arrival time
---------------------------------------------------------------------------------------------
                                              8.030462   slack (MET)


Startpoint: _19_ (rising edge-triggered flip-flop clocked by i_clk)
Endpoint: uo_out[0] (output port clocked by i_clk)
Path Group: i_clk
Path Type: max

Fanout         Cap        Slew       Delay        Time   Description
---------------------------------------------------------------------------------------------
                                  0.000000    0.000000   clock i_clk (rise edge)
                                  0.000000    0.000000   clock source latency
     1    0.010573    0.085045    0.055252    0.055252 ^ i_clk (in)
                      0.085045    0.000000    0.055252 ^ clkbuf_0_i_clk/A (sky130_fd_sc_hd__clkbuf_16)
     2    0.019071    0.066267    0.227096    0.282348 ^ clkbuf_0_i_clk/X (sky130_fd_sc_hd__clkbuf_16)
                      0.066267    0.000252    0.282600 ^ clkbuf_1_1__f_i_clk/A (sky130_fd_sc_hd__clkbuf_16)
     2    0.005593    0.048614    0.197559    0.480159 ^ clkbuf_1_1__f_i_clk/X (sky130_fd_sc_hd__clkbuf_16)
                      0.048614    0.000061    0.480220 ^ _19_/CLK (sky130_fd_sc_hd__dfrtp_1)
     5    0.012213    0.158920    0.813541    1.293761 v _19_/Q (sky130_fd_sc_hd__dfrtp_1)
                      0.158920    0.000089    1.293850 v output3/A (sky130_fd_sc_hd__buf_2)
     1    0.034493    0.166791    0.388110    1.681960 v output3/X (sky130_fd_sc_hd__buf_2)
                      0.166791    0.000426    1.682386 v uo_out[0] (out)
                                              1.682386   data arrival time

                                 10.000000   10.000000   clock i_clk (rise edge)
                                  0.000000   10.000000   clock network delay (propagated)
                                 -0.250000    9.750000   clock uncertainty
                                  0.000000    9.750000   clock reconvergence pessimism
                                 -0.020000    9.730000   output external delay
                                              9.730000   data required time
---------------------------------------------------------------------------------------------
                                              9.730000   data required time
                                             -1.682386   data arrival time
---------------------------------------------------------------------------------------------
                                              8.047614   slack (MET)


Startpoint: _17_ (rising edge-triggered flip-flop clocked by i_clk)
Endpoint: uo_out[2] (output port clocked by i_clk)
Path Group: i_clk
Path Type: max

Fanout         Cap        Slew       Delay        Time   Description
---------------------------------------------------------------------------------------------
                                  0.000000    0.000000   clock i_clk (rise edge)
                                  0.000000    0.000000   clock source latency
     1    0.010573    0.085045    0.055252    0.055252 ^ i_clk (in)
                      0.085045    0.000000    0.055252 ^ clkbuf_0_i_clk/A (sky130_fd_sc_hd__clkbuf_16)
     2    0.019071    0.066267    0.227096    0.282348 ^ clkbuf_0_i_clk/X (sky130_fd_sc_hd__clkbuf_16)
                      0.066267    0.000269    0.282617 ^ clkbuf_1_0__f_i_clk/A (sky130_fd_sc_hd__clkbuf_16)
     2    0.004961    0.047750    0.196360    0.478978 ^ clkbuf_1_0__f_i_clk/X (sky130_fd_sc_hd__clkbuf_16)
                      0.047750    0.000052    0.479029 ^ _17_/CLK (sky130_fd_sc_hd__dfrtp_1)
     3    0.009151    0.130709    0.784915    1.263944 v _17_/Q (sky130_fd_sc_hd__dfrtp_1)
                      0.130709    0.000167    1.264112 v output5/A (sky130_fd_sc_hd__buf_2)
     1    0.034638    0.167337    0.374952    1.639064 v output5/X (sky130_fd_sc_hd__buf_2)
                      0.167337    0.000453    1.639517 v uo_out[2] (out)
                                              1.639517   data arrival time

                                 10.000000   10.000000   clock i_clk (rise edge)
                                  0.000000   10.000000   clock network delay (propagated)
                                 -0.250000    9.750000   clock uncertainty
                                  0.000000    9.750000   clock reconvergence pessimism
                                 -0.020000    9.730000   output external delay
                                              9.730000   data required time
---------------------------------------------------------------------------------------------
                                              9.730000   data required time
                                             -1.639517   data arrival time
---------------------------------------------------------------------------------------------
                                              8.090483   slack (MET)


Startpoint: _18_ (rising edge-triggered flip-flop clocked by i_clk)
Endpoint: uo_out[3] (output port clocked by i_clk)
Path Group: i_clk
Path Type: max

Fanout         Cap        Slew       Delay        Time   Description
---------------------------------------------------------------------------------------------
                                  0.000000    0.000000   clock i_clk (rise edge)
                                  0.000000    0.000000   clock source latency
     1    0.010573    0.085045    0.055252    0.055252 ^ i_clk (in)
                      0.085045    0.000000    0.055252 ^ clkbuf_0_i_clk/A (sky130_fd_sc_hd__clkbuf_16)
     2    0.019071    0.066267    0.227096    0.282348 ^ clkbuf_0_i_clk/X (sky130_fd_sc_hd__clkbuf_16)
                      0.066267    0.000269    0.282617 ^ clkbuf_1_0__f_i_clk/A (sky130_fd_sc_hd__clkbuf_16)
     2    0.004961    0.047750    0.196360    0.478978 ^ clkbuf_1_0__f_i_clk/X (sky130_fd_sc_hd__clkbuf_16)
                      0.047750    0.000069    0.479047 ^ _18_/CLK (sky130_fd_sc_hd__dfrtp_1)
     2    0.005389    0.098481    0.750334    1.229381 v _18_/Q (sky130_fd_sc_hd__dfrtp_1)
                      0.098481    0.000058    1.229438 v output6/A (sky130_fd_sc_hd__buf_2)
     1    0.034524    0.166835    0.359057    1.588495 v output6/X (sky130_fd_sc_hd__buf_2)
                      0.166835    0.000438    1.588934 v uo_out[3] (out)
                                              1.588934   data arrival time

                                 10.000000   10.000000   clock i_clk (rise edge)
                                  0.000000   10.000000   clock network delay (propagated)
                                 -0.250000    9.750000   clock uncertainty
                                  0.000000    9.750000   clock reconvergence pessimism
                                 -0.020000    9.730000   output external delay
                                              9.730000   data required time
---------------------------------------------------------------------------------------------
                                              9.730000   data required time
                                             -1.588934   data arrival time
---------------------------------------------------------------------------------------------
                                              8.141067   slack (MET)


Startpoint: i_rst_n (input port clocked by i_clk)
Endpoint: _17_ (recovery check against rising-edge clock i_clk)
Path Group: asynchronous
Path Type: max

Fanout         Cap        Slew       Delay        Time   Description
---------------------------------------------------------------------------------------------
                                  0.000000    0.000000   clock i_clk (rise edge)
                                  0.000000    0.000000   clock network delay (propagated)
                                  0.020000    0.020000 ^ input external delay
     1    0.002449    0.029939    0.013921    0.033921 ^ i_rst_n (in)
                      0.029939    0.000000    0.033921 ^ hold1/A (sky130_fd_sc_hd__dlygate4sd3_1)
     1    0.002418    0.087216    1.017512    1.051433 ^ hold1/X (sky130_fd_sc_hd__dlygate4sd3_1)
                      0.087216    0.000027    1.051459 ^ input2/A (sky130_fd_sc_hd__dlymetal6s2s_1)
     1    0.002458    0.081095    0.175638    1.227098 ^ input2/X (sky130_fd_sc_hd__dlymetal6s2s_1)
                      0.081095    0.000028    1.227126 ^ hold2/A (sky130_fd_sc_hd__dlygate4sd3_1)
     4    0.016075    0.271093    1.205927    2.433053 ^ hold2/X (sky130_fd_sc_hd__dlygate4sd3_1)
                      0.271093    0.000123    2.433175 ^ _17_/RESET_B (sky130_fd_sc_hd__dfrtp_1)
                                              2.433175   data arrival time

                                 10.000000   10.000000   clock i_clk (rise edge)
                                  0.000000   10.000000   clock source latency
     1    0.010573    0.085045    0.055253   10.055253 ^ i_clk (in)
                      0.085045    0.000000   10.055253 ^ clkbuf_0_i_clk/A (sky130_fd_sc_hd__clkbuf_16)
     2    0.019071    0.066267    0.227096   10.282349 ^ clkbuf_0_i_clk/X (sky130_fd_sc_hd__clkbuf_16)
                      0.066267    0.000269   10.282618 ^ clkbuf_1_0__f_i_clk/A (sky130_fd_sc_hd__clkbuf_16)
     2    0.004961    0.047750    0.196360   10.478978 ^ clkbuf_1_0__f_i_clk/X (sky130_fd_sc_hd__clkbuf_16)
                      0.047750    0.000052   10.479030 ^ _17_/CLK (sky130_fd_sc_hd__dfrtp_1)
                                 -0.250000   10.229030   clock uncertainty
                                  0.000000   10.229030   clock reconvergence pessimism
                                  0.380569   10.609599   library recovery time
                                             10.609599   data required time
---------------------------------------------------------------------------------------------
                                             10.609599   data required time
                                             -2.433175   data arrival time
---------------------------------------------------------------------------------------------
                                              8.176423   slack (MET)


Startpoint: i_rst_n (input port clocked by i_clk)
Endpoint: _18_ (recovery check against rising-edge clock i_clk)
Path Group: asynchronous
Path Type: max

Fanout         Cap        Slew       Delay        Time   Description
---------------------------------------------------------------------------------------------
                                  0.000000    0.000000   clock i_clk (rise edge)
                                  0.000000    0.000000   clock network delay (propagated)
                                  0.020000    0.020000 ^ input external delay
     1    0.002449    0.029939    0.013921    0.033921 ^ i_rst_n (in)
                      0.029939    0.000000    0.033921 ^ hold1/A (sky130_fd_sc_hd__dlygate4sd3_1)
     1    0.002418    0.087216    1.017512    1.051433 ^ hold1/X (sky130_fd_sc_hd__dlygate4sd3_1)
                      0.087216    0.000027    1.051459 ^ input2/A (sky130_fd_sc_hd__dlymetal6s2s_1)
     1    0.002458    0.081095    0.175638    1.227098 ^ input2/X (sky130_fd_sc_hd__dlymetal6s2s_1)
                      0.081095    0.000028    1.227126 ^ hold2/A (sky130_fd_sc_hd__dlygate4sd3_1)
     4    0.016075    0.271093    1.205927    2.433053 ^ hold2/X (sky130_fd_sc_hd__dlygate4sd3_1)
                      0.271093    0.000097    2.433150 ^ _18_/RESET_B (sky130_fd_sc_hd__dfrtp_1)
                                              2.433150   data arrival time

                                 10.000000   10.000000   clock i_clk (rise edge)
                                  0.000000   10.000000   clock source latency
     1    0.010573    0.085045    0.055253   10.055253 ^ i_clk (in)
                      0.085045    0.000000   10.055253 ^ clkbuf_0_i_clk/A (sky130_fd_sc_hd__clkbuf_16)
     2    0.019071    0.066267    0.227096   10.282349 ^ clkbuf_0_i_clk/X (sky130_fd_sc_hd__clkbuf_16)
                      0.066267    0.000269   10.282618 ^ clkbuf_1_0__f_i_clk/A (sky130_fd_sc_hd__clkbuf_16)
     2    0.004961    0.047750    0.196360   10.478978 ^ clkbuf_1_0__f_i_clk/X (sky130_fd_sc_hd__clkbuf_16)
                      0.047750    0.000068   10.479047 ^ _18_/CLK (sky130_fd_sc_hd__dfrtp_1)
                                 -0.250000   10.229046   clock uncertainty
                                  0.000000   10.229046   clock reconvergence pessimism
                                  0.380569   10.609615   library recovery time
                                             10.609615   data required time
---------------------------------------------------------------------------------------------
                                             10.609615   data required time
                                             -2.433150   data arrival time
---------------------------------------------------------------------------------------------
                                              8.176466   slack (MET)


Startpoint: i_rst_n (input port clocked by i_clk)
Endpoint: _19_ (recovery check against rising-edge clock i_clk)
Path Group: asynchronous
Path Type: max

Fanout         Cap        Slew       Delay        Time   Description
---------------------------------------------------------------------------------------------
                                  0.000000    0.000000   clock i_clk (rise edge)
                                  0.000000    0.000000   clock network delay (propagated)
                                  0.020000    0.020000 ^ input external delay
     1    0.002449    0.029939    0.013921    0.033921 ^ i_rst_n (in)
                      0.029939    0.000000    0.033921 ^ hold1/A (sky130_fd_sc_hd__dlygate4sd3_1)
     1    0.002418    0.087216    1.017512    1.051433 ^ hold1/X (sky130_fd_sc_hd__dlygate4sd3_1)
                      0.087216    0.000027    1.051459 ^ input2/A (sky130_fd_sc_hd__dlymetal6s2s_1)
     1    0.002458    0.081095    0.175638    1.227098 ^ input2/X (sky130_fd_sc_hd__dlymetal6s2s_1)
                      0.081095    0.000028    1.227126 ^ hold2/A (sky130_fd_sc_hd__dlygate4sd3_1)
     4    0.016075    0.271093    1.205927    2.433053 ^ hold2/X (sky130_fd_sc_hd__dlygate4sd3_1)
                      0.271093    0.000129    2.433182 ^ _19_/RESET_B (sky130_fd_sc_hd__dfrtp_1)
                                              2.433182   data arrival time

                                 10.000000   10.000000   clock i_clk (rise edge)
                                  0.000000   10.000000   clock source latency
     1    0.010573    0.085045    0.055253   10.055253 ^ i_clk (in)
                      0.085045    0.000000   10.055253 ^ clkbuf_0_i_clk/A (sky130_fd_sc_hd__clkbuf_16)
     2    0.019071    0.066267    0.227096   10.282349 ^ clkbuf_0_i_clk/X (sky130_fd_sc_hd__clkbuf_16)
                      0.066267    0.000251   10.282600 ^ clkbuf_1_1__f_i_clk/A (sky130_fd_sc_hd__clkbuf_16)
     2    0.005593    0.048614    0.197559   10.480159 ^ clkbuf_1_1__f_i_clk/X (sky130_fd_sc_hd__clkbuf_16)
                      0.048614    0.000061   10.480221 ^ _19_/CLK (sky130_fd_sc_hd__dfrtp_1)
                                 -0.250000   10.230221   clock uncertainty
                                  0.000000   10.230221   clock reconvergence pessimism
                                  0.380861   10.611081   library recovery time
                                             10.611081   data required time
---------------------------------------------------------------------------------------------
                                             10.611081   data required time
                                             -2.433182   data arrival time
---------------------------------------------------------------------------------------------
                                              8.177899   slack (MET)


Startpoint: i_rst_n (input port clocked by i_clk)
Endpoint: _16_ (recovery check against rising-edge clock i_clk)
Path Group: asynchronous
Path Type: max

Fanout         Cap        Slew       Delay        Time   Description
---------------------------------------------------------------------------------------------
                                  0.000000    0.000000   clock i_clk (rise edge)
                                  0.000000    0.000000   clock network delay (propagated)
                                  0.020000    0.020000 ^ input external delay
     1    0.002449    0.029939    0.013921    0.033921 ^ i_rst_n (in)
                      0.029939    0.000000    0.033921 ^ hold1/A (sky130_fd_sc_hd__dlygate4sd3_1)
     1    0.002418    0.087216    1.017512    1.051433 ^ hold1/X (sky130_fd_sc_hd__dlygate4sd3_1)
                      0.087216    0.000027    1.051459 ^ input2/A (sky130_fd_sc_hd__dlymetal6s2s_1)
     1    0.002458    0.081095    0.175638    1.227098 ^ input2/X (sky130_fd_sc_hd__dlymetal6s2s_1)
                      0.081095    0.000028    1.227126 ^ hold2/A (sky130_fd_sc_hd__dlygate4sd3_1)
     4    0.016075    0.271093    1.205927    2.433053 ^ hold2/X (sky130_fd_sc_hd__dlygate4sd3_1)
                      0.271093    0.000118    2.433170 ^ _16_/RESET_B (sky130_fd_sc_hd__dfrtp_1)
                                              2.433170   data arrival time

                                 10.000000   10.000000   clock i_clk (rise edge)
                                  0.000000   10.000000   clock source latency
     1    0.010573    0.085045    0.055253   10.055253 ^ i_clk (in)
                      0.085045    0.000000   10.055253 ^ clkbuf_0_i_clk/A (sky130_fd_sc_hd__clkbuf_16)
     2    0.019071    0.066267    0.227096   10.282349 ^ clkbuf_0_i_clk/X (sky130_fd_sc_hd__clkbuf_16)
                      0.066267    0.000251   10.282600 ^ clkbuf_1_1__f_i_clk/A (sky130_fd_sc_hd__clkbuf_16)
     2    0.005593    0.048614    0.197559   10.480159 ^ clkbuf_1_1__f_i_clk/X (sky130_fd_sc_hd__clkbuf_16)
                      0.048614    0.000060   10.480219 ^ _16_/CLK (sky130_fd_sc_hd__dfrtp_1)
                                 -0.250000   10.230219   clock uncertainty
                                  0.000000   10.230219   clock reconvergence pessimism
                                  0.380861   10.611079   library recovery time
                                             10.611079   data required time
---------------------------------------------------------------------------------------------
                                             10.611079   data required time
                                             -2.433170   data arrival time
---------------------------------------------------------------------------------------------
                                              8.177909   slack (MET)



