Reading timing models for corner min_ss_100C_1v60…
Reading cell library for the 'min_ss_100C_1v60' corner at '/home/omare/.volare/sky130A/libs.ref/sky130_fd_sc_hd/lib/sky130_fd_sc_hd__ss_100C_1v60.lib'…
Reading top-level netlist at '/home/omare/Documents/UWASIC/Matrix-Vector-Analog/digital/AXI_IF/build/synthesis/runs/tt_if_full/51-openroad-fillinsertion/tt_if.nl.v'…
Linking design 'tt_if' from netlist…
Warning: /home/omare/Documents/UWASIC/Matrix-Vector-Analog/digital/AXI_IF/build/synthesis/runs/tt_if_full/51-openroad-fillinsertion/tt_if.nl.v line 144, module sky130_fd_sc_hd__tapvpwrvgnd_1 not found. Creating black box for TAP_TAPCELL_ROW_0_18.
Warning: /home/omare/Documents/UWASIC/Matrix-Vector-Analog/digital/AXI_IF/build/synthesis/runs/tt_if_full/51-openroad-fillinsertion/tt_if.nl.v line 176, module sky130_ef_sc_hd__decap_12 not found. Creating black box for FILLER_0_12.
Warning: /home/omare/Documents/UWASIC/Matrix-Vector-Analog/digital/AXI_IF/build/synthesis/runs/tt_if_full/51-openroad-fillinsertion/tt_if.nl.v line 181, module sky130_fd_sc_hd__fill_1 not found. Creating black box for FILLER_1_48.
Warning: /home/omare/Documents/UWASIC/Matrix-Vector-Analog/digital/AXI_IF/build/synthesis/runs/tt_if_full/51-openroad-fillinsertion/tt_if.nl.v line 185, module sky130_fd_sc_hd__fill_2 not found. Creating black box for FILLER_3_11.
Reading design constraints file at '/home/omare/Documents/UWASIC/Matrix-Vector-Analog/.venv/lib/python3.12/site-packages/openlane/scripts/base.sdc'…
[INFO] Using clock i_clk…
[INFO] Setting output delay to: 0.02
[INFO] Setting input delay to: 0.02
[INFO] Setting load to: 0.033442
[INFO] Setting clock uncertainty to: 0.25
[INFO] Setting clock transition to: 0.1499999999999999944488848768742172978818416595458984375
[INFO] Setting timing derate to: 5%
Reading top-level design parasitics for the 'min_ss_100C_1v60' corner at '/home/omare/Documents/UWASIC/Matrix-Vector-Analog/digital/AXI_IF/build/synthesis/runs/tt_if_full/53-openroad-rcx/min/tt_if.min.spef'…
%OL_CREATE_REPORT min.rpt

===========================================================================
report_checks -path_delay min (Hold)
============================================================================
======================= min_ss_100C_1v60 Corner ===================================

Warning: corner.tcl line 57, unknown field nets.
Warning: corner.tcl line 57, report_checks -group_count is deprecated. Use -group_path_count instead.
Startpoint: _17_ (rising edge-triggered flip-flop clocked by i_clk)
Endpoint: _17_ (rising edge-triggered flip-flop clocked by i_clk)
Path Group: i_clk
Path Type: min

Fanout         Cap        Slew       Delay        Time   Description
---------------------------------------------------------------------------------------------
                                  0.000000    0.000000   clock i_clk (rise edge)
                                  0.000000    0.000000   clock source latency
     1    0.010573    0.085045    0.055252    0.055252 ^ i_clk (in)
                      0.085045    0.000000    0.055252 ^ clkbuf_0_i_clk/A (sky130_fd_sc_hd__clkbuf_16)
     2    0.019071    0.066267    0.227096    0.282348 ^ clkbuf_0_i_clk/X (sky130_fd_sc_hd__clkbuf_16)
                      0.066267    0.000269    0.282617 ^ clkbuf_1_0__f_i_clk/A (sky130_fd_sc_hd__clkbuf_16)
     2    0.004961    0.047750    0.196360    0.478978 ^ clkbuf_1_0__f_i_clk/X (sky130_fd_sc_hd__clkbuf_16)
                      0.047750    0.000052    0.479029 ^ _17_/CLK (sky130_fd_sc_hd__dfrtp_1)
     3    0.009593    0.160670    0.701684    1.180713 ^ _17_/Q (sky130_fd_sc_hd__dfrtp_1)
                      0.160670    0.000103    1.180816 ^ _11_/B1 (sky130_fd_sc_hd__a31o_1)
     1    0.001860    0.059781    0.187087    1.367902 ^ _11_/X (sky130_fd_sc_hd__a31o_1)
                      0.059781    0.000016    1.367918 ^ _12_/B (sky130_fd_sc_hd__and2b_1)
     1    0.003294    0.077317    0.227031    1.594949 ^ _12_/X (sky130_fd_sc_hd__and2b_1)
                      0.077317    0.000042    1.594991 ^ _17_/D (sky130_fd_sc_hd__dfrtp_1)
                                              1.594991   data arrival time

                                  0.000000    0.000000   clock i_clk (rise edge)
                                  0.000000    0.000000   clock source latency
     1    0.010573    0.085045    0.055252    0.055252 ^ i_clk (in)
                      0.085045    0.000000    0.055252 ^ clkbuf_0_i_clk/A (sky130_fd_sc_hd__clkbuf_16)
     2    0.019071    0.066267    0.227096    0.282348 ^ clkbuf_0_i_clk/X (sky130_fd_sc_hd__clkbuf_16)
                      0.066267    0.000269    0.282617 ^ clkbuf_1_0__f_i_clk/A (sky130_fd_sc_hd__clkbuf_16)
     2    0.004961    0.047750    0.196360    0.478978 ^ clkbuf_1_0__f_i_clk/X (sky130_fd_sc_hd__clkbuf_16)
                      0.047750    0.000052    0.479029 ^ _17_/CLK (sky130_fd_sc_hd__dfrtp_1)
                                  0.250000    0.729029   clock uncertainty
                                  0.000000    0.729029   clock reconvergence pessimism
                                 -0.082262    0.646767   library hold time
                                              0.646767   data required time
---------------------------------------------------------------------------------------------
                                              0.646767   data required time
                                             -1.594991   data arrival time
---------------------------------------------------------------------------------------------
                                              0.948224   slack (MET)


Startpoint: i_rst_n (input port clocked by i_clk)
Endpoint: _16_ (removal check against rising-edge clock i_clk)
Path Group: asynchronous
Path Type: min

Fanout         Cap        Slew       Delay        Time   Description
---------------------------------------------------------------------------------------------
                                  0.000000    0.000000   clock i_clk (rise edge)
                                  0.000000    0.000000   clock network delay (propagated)
                                  0.020000    0.020000 ^ input external delay
     1    0.002449    0.029939    0.013921    0.033921 ^ i_rst_n (in)
                      0.029939    0.000000    0.033921 ^ hold1/A (sky130_fd_sc_hd__dlygate4sd3_1)
     1    0.002418    0.087216    1.017512    1.051433 ^ hold1/X (sky130_fd_sc_hd__dlygate4sd3_1)
                      0.087216    0.000027    1.051459 ^ input2/A (sky130_fd_sc_hd__dlymetal6s2s_1)
     1    0.002458    0.081095    0.175638    1.227098 ^ input2/X (sky130_fd_sc_hd__dlymetal6s2s_1)
                      0.081095    0.000028    1.227126 ^ hold2/A (sky130_fd_sc_hd__dlygate4sd3_1)
     4    0.016075    0.271093    1.205927    2.433053 ^ hold2/X (sky130_fd_sc_hd__dlygate4sd3_1)
                      0.271093    0.000118    2.433170 ^ _16_/RESET_B (sky130_fd_sc_hd__dfrtp_1)
                                              2.433170   data arrival time

                                  0.000000    0.000000   clock i_clk (rise edge)
                                  0.000000    0.000000   clock source latency
     1    0.010573    0.085045    0.055252    0.055252 ^ i_clk (in)
                      0.085045    0.000000    0.055252 ^ clkbuf_0_i_clk/A (sky130_fd_sc_hd__clkbuf_16)
     2    0.019071    0.066267    0.227096    0.282348 ^ clkbuf_0_i_clk/X (sky130_fd_sc_hd__clkbuf_16)
                      0.066267    0.000252    0.282600 ^ clkbuf_1_1__f_i_clk/A (sky130_fd_sc_hd__clkbuf_16)
     2    0.005593    0.048614    0.197559    0.480159 ^ clkbuf_1_1__f_i_clk/X (sky130_fd_sc_hd__clkbuf_16)
                      0.048614    0.000060    0.480219 ^ _16_/CLK (sky130_fd_sc_hd__dfrtp_1)
                                  0.250000    0.730219   clock uncertainty
                                  0.000000    0.730219   clock reconvergence pessimism
                                  0.712809    1.443027   library removal time
                                              1.443027   data required time
---------------------------------------------------------------------------------------------
                                              1.443027   data required time
                                             -2.433170   data arrival time
---------------------------------------------------------------------------------------------
                                              0.990143   slack (MET)


Startpoint: i_rst_n (input port clocked by i_clk)
Endpoint: _19_ (removal check against rising-edge clock i_clk)
Path Group: asynchronous
Path Type: min

Fanout         Cap        Slew       Delay        Time   Description
---------------------------------------------------------------------------------------------
                                  0.000000    0.000000   clock i_clk (rise edge)
                                  0.000000    0.000000   clock network delay (propagated)
                                  0.020000    0.020000 ^ input external delay
     1    0.002449    0.029939    0.013921    0.033921 ^ i_rst_n (in)
                      0.029939    0.000000    0.033921 ^ hold1/A (sky130_fd_sc_hd__dlygate4sd3_1)
     1    0.002418    0.087216    1.017512    1.051433 ^ hold1/X (sky130_fd_sc_hd__dlygate4sd3_1)
                      0.087216    0.000027    1.051459 ^ input2/A (sky130_fd_sc_hd__dlymetal6s2s_1)
     1    0.002458    0.081095    0.175638    1.227098 ^ input2/X (sky130_fd_sc_hd__dlymetal6s2s_1)
                      0.081095    0.000028    1.227126 ^ hold2/A (sky130_fd_sc_hd__dlygate4sd3_1)
     4    0.016075    0.271093    1.205927    2.433053 ^ hold2/X (sky130_fd_sc_hd__dlygate4sd3_1)
                      0.271093    0.000129    2.433182 ^ _19_/RESET_B (sky130_fd_sc_hd__dfrtp_1)
                                              2.433182   data arrival time

                                  0.000000    0.000000   clock i_clk (rise edge)
                                  0.000000    0.000000   clock source latency
     1    0.010573    0.085045    0.055252    0.055252 ^ i_clk (in)
                      0.085045    0.000000    0.055252 ^ clkbuf_0_i_clk/A (sky130_fd_sc_hd__clkbuf_16)
     2    0.019071    0.066267    0.227096    0.282348 ^ clkbuf_0_i_clk/X (sky130_fd_sc_hd__clkbuf_16)
                      0.066267    0.000252    0.282600 ^ clkbuf_1_1__f_i_clk/A (sky130_fd_sc_hd__clkbuf_16)
     2    0.005593    0.048614    0.197559    0.480159 ^ clkbuf_1_1__f_i_clk/X (sky130_fd_sc_hd__clkbuf_16)
                      0.048614    0.000061    0.480220 ^ _19_/CLK (sky130_fd_sc_hd__dfrtp_1)
                                  0.250000    0.730220   clock uncertainty
                                  0.000000    0.730220   clock reconvergence pessimism
                                  0.712809    1.443029   library removal time
                                              1.443029   data required time
---------------------------------------------------------------------------------------------
                                              1.443029   data required time
                                             -2.433182   data arrival time
---------------------------------------------------------------------------------------------
                                              0.990153   slack (MET)


Startpoint: i_rst_n (input port clocked by i_clk)
Endpoint: _18_ (removal check against rising-edge clock i_clk)
Path Group: asynchronous
Path Type: min

Fanout         Cap        Slew       Delay        Time   Description
---------------------------------------------------------------------------------------------
                                  0.000000    0.000000   clock i_clk (rise edge)
                                  0.000000    0.000000   clock network delay (propagated)
                                  0.020000    0.020000 ^ input external delay
     1    0.002449    0.029939    0.013921    0.033921 ^ i_rst_n (in)
                      0.029939    0.000000    0.033921 ^ hold1/A (sky130_fd_sc_hd__dlygate4sd3_1)
     1    0.002418    0.087216    1.017512    1.051433 ^ hold1/X (sky130_fd_sc_hd__dlygate4sd3_1)
                      0.087216    0.000027    1.051459 ^ input2/A (sky130_fd_sc_hd__dlymetal6s2s_1)
     1    0.002458    0.081095    0.175638    1.227098 ^ input2/X (sky130_fd_sc_hd__dlymetal6s2s_1)
                      0.081095    0.000028    1.227126 ^ hold2/A (sky130_fd_sc_hd__dlygate4sd3_1)
     4    0.016075    0.271093    1.205927    2.433053 ^ hold2/X (sky130_fd_sc_hd__dlygate4sd3_1)
                      0.271093    0.000097    2.433150 ^ _18_/RESET_B (sky130_fd_sc_hd__dfrtp_1)
                                              2.433150   data arrival time

                                  0.000000    0.000000   clock i_clk (rise edge)
                                  0.000000    0.000000   clock source latency
     1    0.010573    0.085045    0.055252    0.055252 ^ i_clk (in)
                      0.085045    0.000000    0.055252 ^ clkbuf_0_i_clk/A (sky130_fd_sc_hd__clkbuf_16)
     2    0.019071    0.066267    0.227096    0.282348 ^ clkbuf_0_i_clk/X (sky130_fd_sc_hd__clkbuf_16)
                      0.066267    0.000269    0.282617 ^ clkbuf_1_0__f_i_clk/A (sky130_fd_sc_hd__clkbuf_16)
     2    0.004961    0.047750    0.196360    0.478978 ^ clkbuf_1_0__f_i_clk/X (sky130_fd_sc_hd__clkbuf_16)
                      0.047750    0.000069    0.479047 ^ _18_/CLK (sky130_fd_sc_hd__dfrtp_1)
                                  0.250000    0.729047   clock uncertainty
                                  0.000000    0.729047   clock reconvergence pessimism
                                  0.712549    1.441595   library removal time
                                              1.441595   data required time
---------------------------------------------------------------------------------------------
                                              1.441595   data required time
                                             -2.433150   data arrival time
---------------------------------------------------------------------------------------------
                                              0.991555   slack (MET)


Startpoint: i_rst_n (input port clocked by i_clk)
Endpoint: _17_ (removal check against rising-edge clock i_clk)
Path Group: asynchronous
Path Type: min

Fanout         Cap        Slew       Delay        Time   Description
---------------------------------------------------------------------------------------------
                                  0.000000    0.000000   clock i_clk (rise edge)
                                  0.000000    0.000000   clock network delay (propagated)
                                  0.020000    0.020000 ^ input external delay
     1    0.002449    0.029939    0.013921    0.033921 ^ i_rst_n (in)
                      0.029939    0.000000    0.033921 ^ hold1/A (sky130_fd_sc_hd__dlygate4sd3_1)
     1    0.002418    0.087216    1.017512    1.051433 ^ hold1/X (sky130_fd_sc_hd__dlygate4sd3_1)
                      0.087216    0.000027    1.051459 ^ input2/A (sky130_fd_sc_hd__dlymetal6s2s_1)
     1    0.002458    0.081095    0.175638    1.227098 ^ input2/X (sky130_fd_sc_hd__dlymetal6s2s_1)
                      0.081095    0.000028    1.227126 ^ hold2/A (sky130_fd_sc_hd__dlygate4sd3_1)
     4    0.016075    0.271093    1.205927    2.433053 ^ hold2/X (sky130_fd_sc_hd__dlygate4sd3_1)
                      0.271093    0.000123    2.433175 ^ _17_/RESET_B (sky130_fd_sc_hd__dfrtp_1)
                                              2.433175   data arrival time

                                  0.000000    0.000000   clock i_clk (rise edge)
                                  0.000000    0.000000   clock source latency
     1    0.010573    0.085045    0.055252    0.055252 ^ i_clk (in)
                      0.085045    0.000000    0.055252 ^ clkbuf_0_i_clk/A (sky130_fd_sc_hd__clkbuf_16)
     2    0.019071    0.066267    0.227096    0.282348 ^ clkbuf_0_i_clk/X (sky130_fd_sc_hd__clkbuf_16)
                      0.066267    0.000269    0.282617 ^ clkbuf_1_0__f_i_clk/A (sky130_fd_sc_hd__clkbuf_16)
     2    0.004961    0.047750    0.196360    0.478978 ^ clkbuf_1_0__f_i_clk/X (sky130_fd_sc_hd__clkbuf_16)
                      0.047750    0.000052    0.479029 ^ _17_/CLK (sky130_fd_sc_hd__dfrtp_1)
                                  0.250000    0.729029   clock uncertainty
                                  0.000000    0.729029   clock reconvergence pessimism
                                  0.712549    1.441578   library removal time
                                              1.441578   data required time
---------------------------------------------------------------------------------------------
                                              1.441578   data required time
                                             -2.433175   data arrival time
---------------------------------------------------------------------------------------------
                                              0.991597   slack (MET)


Startpoint: _19_ (rising edge-triggered flip-flop clocked by i_clk)
Endpoint: _19_ (rising edge-triggered flip-flop clocked by i_clk)
Path Group: i_clk
Path Type: min

Fanout         Cap        Slew       Delay        Time   Description
---------------------------------------------------------------------------------------------
                                  0.000000    0.000000   clock i_clk (rise edge)
                                  0.000000    0.000000   clock source latency
     1    0.010573    0.085045    0.055252    0.055252 ^ i_clk (in)
                      0.085045    0.000000    0.055252 ^ clkbuf_0_i_clk/A (sky130_fd_sc_hd__clkbuf_16)
     2    0.019071    0.066267    0.227096    0.282348 ^ clkbuf_0_i_clk/X (sky130_fd_sc_hd__clkbuf_16)
                      0.066267    0.000252    0.282600 ^ clkbuf_1_1__f_i_clk/A (sky130_fd_sc_hd__clkbuf_16)
     2    0.005593    0.048614    0.197559    0.480159 ^ clkbuf_1_1__f_i_clk/X (sky130_fd_sc_hd__clkbuf_16)
                      0.048614    0.000061    0.480220 ^ _19_/CLK (sky130_fd_sc_hd__dfrtp_1)
     5    0.012692    0.202378    0.734936    1.215156 ^ _19_/Q (sky130_fd_sc_hd__dfrtp_1)
                      0.202378    0.000081    1.215237 ^ _14_/A (sky130_fd_sc_hd__or2_1)
     1    0.001761    0.052978    0.211099    1.426336 ^ _14_/X (sky130_fd_sc_hd__or2_1)
                      0.052978    0.000015    1.426350 ^ _15_/B (sky130_fd_sc_hd__and2_1)
     1    0.003009    0.081983    0.221890    1.648240 ^ _15_/X (sky130_fd_sc_hd__and2_1)
                      0.081983    0.000034    1.648274 ^ _19_/D (sky130_fd_sc_hd__dfrtp_1)
                                              1.648274   data arrival time

                                  0.000000    0.000000   clock i_clk (rise edge)
                                  0.000000    0.000000   clock source latency
     1    0.010573    0.085045    0.055252    0.055252 ^ i_clk (in)
                      0.085045    0.000000    0.055252 ^ clkbuf_0_i_clk/A (sky130_fd_sc_hd__clkbuf_16)
     2    0.019071    0.066267    0.227096    0.282348 ^ clkbuf_0_i_clk/X (sky130_fd_sc_hd__clkbuf_16)
                      0.066267    0.000252    0.282600 ^ clkbuf_1_1__f_i_clk/A (sky130_fd_sc_hd__clkbuf_16)
     2    0.005593    0.048614    0.197559    0.480159 ^ clkbuf_1_1__f_i_clk/X (sky130_fd_sc_hd__clkbuf_16)
                      0.048614    0.000061    0.480220 ^ _19_/CLK (sky130_fd_sc_hd__dfrtp_1)
                                  0.250000    0.730220   clock uncertainty
                                  0.000000    0.730220   clock reconvergence pessimism
                                 -0.083186    0.647034   library hold time
                                              0.647034   data required time
---------------------------------------------------------------------------------------------
                                              0.647034   data required time
                                             -1.648274   data arrival time
---------------------------------------------------------------------------------------------
                                              1.001239   slack (MET)


Startpoint: _17_ (rising edge-triggered flip-flop clocked by i_clk)
Endpoint: _18_ (rising edge-triggered flip-flop clocked by i_clk)
Path Group: i_clk
Path Type: min

Fanout         Cap        Slew       Delay        Time   Description
---------------------------------------------------------------------------------------------
                                  0.000000    0.000000   clock i_clk (rise edge)
                                  0.000000    0.000000   clock source latency
     1    0.010573    0.085045    0.055252    0.055252 ^ i_clk (in)
                      0.085045    0.000000    0.055252 ^ clkbuf_0_i_clk/A (sky130_fd_sc_hd__clkbuf_16)
     2    0.019071    0.066267    0.227096    0.282348 ^ clkbuf_0_i_clk/X (sky130_fd_sc_hd__clkbuf_16)
                      0.066267    0.000269    0.282617 ^ clkbuf_1_0__f_i_clk/A (sky130_fd_sc_hd__clkbuf_16)
     2    0.004961    0.047750    0.196360    0.478978 ^ clkbuf_1_0__f_i_clk/X (sky130_fd_sc_hd__clkbuf_16)
                      0.047750    0.000052    0.479029 ^ _17_/CLK (sky130_fd_sc_hd__dfrtp_1)
     3    0.009593    0.160670    0.701684    1.180713 ^ _17_/Q (sky130_fd_sc_hd__dfrtp_1)
                      0.160670    0.000165    1.180878 ^ _10_/C (sky130_fd_sc_hd__and4_1)
     2    0.007173    0.158387    0.470425    1.651303 ^ _10_/X (sky130_fd_sc_hd__and4_1)
                      0.158387    0.000087    1.651390 ^ _13_/B (sky130_fd_sc_hd__xor2_1)
     1    0.002371    0.065850    0.150027    1.801417 v _13_/X (sky130_fd_sc_hd__xor2_1)
                      0.065850    0.000014    1.801432 v _18_/D (sky130_fd_sc_hd__dfrtp_1)
                                              1.801432   data arrival time

                                  0.000000    0.000000   clock i_clk (rise edge)
                                  0.000000    0.000000   clock source latency
     1    0.010573    0.085045    0.055252    0.055252 ^ i_clk (in)
                      0.085045    0.000000    0.055252 ^ clkbuf_0_i_clk/A (sky130_fd_sc_hd__clkbuf_16)
     2    0.019071    0.066267    0.227096    0.282348 ^ clkbuf_0_i_clk/X (sky130_fd_sc_hd__clkbuf_16)
                      0.066267    0.000269    0.282617 ^ clkbuf_1_0__f_i_clk/A (sky130_fd_sc_hd__clkbuf_16)
     2    0.004961    0.047750    0.196360    0.478978 ^ clkbuf_1_0__f_i_clk/X (sky130_fd_sc_hd__clkbuf_16)
                      0.047750    0.000069    0.479047 ^ _18_/CLK (sky130_fd_sc_hd__dfrtp_1)
                                  0.250000    0.729047   clock uncertainty
                                  0.000000    0.729047   clock reconvergence pessimism
                                 -0.101103    0.627943   library hold time
                                              0.627943   data required time
---------------------------------------------------------------------------------------------
                                              0.627943   data required time
                                             -1.801432   data arrival time
---------------------------------------------------------------------------------------------
                                              1.173489   slack (MET)


Startpoint: _18_ (rising edge-triggered flip-flop clocked by i_clk)
Endpoint: uo_out[3] (output port clocked by i_clk)
Path Group: i_clk
Path Type: min

Fanout         Cap        Slew       Delay        Time   Description
---------------------------------------------------------------------------------------------
                                  0.000000    0.000000   clock i_clk (rise edge)
                                  0.000000    0.000000   clock source latency
     1    0.010573    0.085045    0.055252    0.055252 ^ i_clk (in)
                      0.085045    0.000000    0.055252 ^ clkbuf_0_i_clk/A (sky130_fd_sc_hd__clkbuf_16)
     2    0.019071    0.066267    0.227096    0.282348 ^ clkbuf_0_i_clk/X (sky130_fd_sc_hd__clkbuf_16)
                      0.066267    0.000269    0.282617 ^ clkbuf_1_0__f_i_clk/A (sky130_fd_sc_hd__clkbuf_16)
     2    0.004961    0.047750    0.196360    0.478978 ^ clkbuf_1_0__f_i_clk/X (sky130_fd_sc_hd__clkbuf_16)
                      0.047750    0.000069    0.479047 ^ _18_/CLK (sky130_fd_sc_hd__dfrtp_1)
     2    0.005635    0.112195    0.659897    1.138943 ^ _18_/Q (sky130_fd_sc_hd__dfrtp_1)
                      0.112195    0.000060    1.139004 ^ output6/A (sky130_fd_sc_hd__buf_2)
     1    0.034524    0.274070    0.364713    1.503717 ^ output6/X (sky130_fd_sc_hd__buf_2)
                      0.274070    0.000438    1.504155 ^ uo_out[3] (out)
                                              1.504155   data arrival time

                                  0.000000    0.000000   clock i_clk (rise edge)
                                  0.000000    0.000000   clock network delay (propagated)
                                  0.250000    0.250000   clock uncertainty
                                  0.000000    0.250000   clock reconvergence pessimism
                                 -0.020000    0.230000   output external delay
                                              0.230000   data required time
---------------------------------------------------------------------------------------------
                                              0.230000   data required time
                                             -1.504155   data arrival time
---------------------------------------------------------------------------------------------
                                              1.274155   slack (MET)


Startpoint: _17_ (rising edge-triggered flip-flop clocked by i_clk)
Endpoint: uo_out[2] (output port clocked by i_clk)
Path Group: i_clk
Path Type: min

Fanout         Cap        Slew       Delay        Time   Description
---------------------------------------------------------------------------------------------
                                  0.000000    0.000000   clock i_clk (rise edge)
                                  0.000000    0.000000   clock source latency
     1    0.010573    0.085045    0.055252    0.055252 ^ i_clk (in)
                      0.085045    0.000000    0.055252 ^ clkbuf_0_i_clk/A (sky130_fd_sc_hd__clkbuf_16)
     2    0.019071    0.066267    0.227096    0.282348 ^ clkbuf_0_i_clk/X (sky130_fd_sc_hd__clkbuf_16)
                      0.066267    0.000269    0.282617 ^ clkbuf_1_0__f_i_clk/A (sky130_fd_sc_hd__clkbuf_16)
     2    0.004961    0.047750    0.196360    0.478978 ^ clkbuf_1_0__f_i_clk/X (sky130_fd_sc_hd__clkbuf_16)
                      0.047750    0.000052    0.479029 ^ _17_/CLK (sky130_fd_sc_hd__dfrtp_1)
     3    0.009593    0.160670    0.701684    1.180713 ^ _17_/Q (sky130_fd_sc_hd__dfrtp_1)
                      0.160670    0.000175    1.180888 ^ output5/A (sky130_fd_sc_hd__buf_2)
     1    0.034638    0.275017    0.388049    1.568937 ^ output5/X (sky130_fd_sc_hd__buf_2)
                      0.275017    0.000454    1.569390 ^ uo_out[2] (out)
                                              1.569390   data arrival time

                                  0.000000    0.000000   clock i_clk (rise edge)
                                  0.000000    0.000000   clock network delay (propagated)
                                  0.250000    0.250000   clock uncertainty
                                  0.000000    0.250000   clock reconvergence pessimism
                                 -0.020000    0.230000   output external delay
                                              0.230000   data required time
---------------------------------------------------------------------------------------------
                                              0.230000   data required time
                                             -1.569390   data arrival time
---------------------------------------------------------------------------------------------
                                              1.339390   slack (MET)


Startpoint: _19_ (rising edge-triggered flip-flop clocked by i_clk)
Endpoint: uo_out[0] (output port clocked by i_clk)
Path Group: i_clk
Path Type: min

Fanout         Cap        Slew       Delay        Time   Description
---------------------------------------------------------------------------------------------
                                  0.000000    0.000000   clock i_clk (rise edge)
                                  0.000000    0.000000   clock source latency
     1    0.010573    0.085045    0.055252    0.055252 ^ i_clk (in)
                      0.085045    0.000000    0.055252 ^ clkbuf_0_i_clk/A (sky130_fd_sc_hd__clkbuf_16)
     2    0.019071    0.066267    0.227096    0.282348 ^ clkbuf_0_i_clk/X (sky130_fd_sc_hd__clkbuf_16)
                      0.066267    0.000252    0.282600 ^ clkbuf_1_1__f_i_clk/A (sky130_fd_sc_hd__clkbuf_16)
     2    0.005593    0.048614    0.197559    0.480159 ^ clkbuf_1_1__f_i_clk/X (sky130_fd_sc_hd__clkbuf_16)
                      0.048614    0.000061    0.480220 ^ _19_/CLK (sky130_fd_sc_hd__dfrtp_1)
     5    0.012692    0.202378    0.734936    1.215156 ^ _19_/Q (sky130_fd_sc_hd__dfrtp_1)
                      0.202378    0.000093    1.215249 ^ output3/A (sky130_fd_sc_hd__buf_2)
     1    0.034493    0.274010    0.406861    1.622110 ^ output3/X (sky130_fd_sc_hd__buf_2)
                      0.274010    0.000426    1.622536 ^ uo_out[0] (out)
                                              1.622536   data arrival time

                                  0.000000    0.000000   clock i_clk (rise edge)
                                  0.000000    0.000000   clock network delay (propagated)
                                  0.250000    0.250000   clock uncertainty
                                  0.000000    0.250000   clock reconvergence pessimism
                                 -0.020000    0.230000   output external delay
                                              0.230000   data required time
---------------------------------------------------------------------------------------------
                                              0.230000   data required time
                                             -1.622536   data arrival time
---------------------------------------------------------------------------------------------
                                              1.392536   slack (MET)


Startpoint: _16_ (rising edge-triggered flip-flop clocked by i_clk)
Endpoint: uo_out[1] (output port clocked by i_clk)
Path Group: i_clk
Path Type: min

Fanout         Cap        Slew       Delay        Time   Description
---------------------------------------------------------------------------------------------
                                  0.000000    0.000000   clock i_clk (rise edge)
                                  0.000000    0.000000   clock source latency
     1    0.010573    0.085045    0.055252    0.055252 ^ i_clk (in)
                      0.085045    0.000000    0.055252 ^ clkbuf_0_i_clk/A (sky130_fd_sc_hd__clkbuf_16)
     2    0.019071    0.066267    0.227096    0.282348 ^ clkbuf_0_i_clk/X (sky130_fd_sc_hd__clkbuf_16)
                      0.066267    0.000252    0.282600 ^ clkbuf_1_1__f_i_clk/A (sky130_fd_sc_hd__clkbuf_16)
     2    0.005593    0.048614    0.197559    0.480159 ^ clkbuf_1_1__f_i_clk/X (sky130_fd_sc_hd__clkbuf_16)
                      0.048614    0.000060    0.480219 ^ _16_/CLK (sky130_fd_sc_hd__dfrtp_1)
     4    0.014238    0.215977    0.750527    1.230746 ^ _16_/Q (sky130_fd_sc_hd__dfrtp_1)
                      0.215977    0.000143    1.230889 ^ output4/A (sky130_fd_sc_hd__buf_2)
     1    0.034763    0.276051    0.414654    1.645543 ^ output4/X (sky130_fd_sc_hd__buf_2)
                      0.276051    0.000459    1.646001 ^ uo_out[1] (out)
                                              1.646001   data arrival time

                                  0.000000    0.000000   clock i_clk (rise edge)
                                  0.000000    0.000000   clock network delay (propagated)
                                  0.250000    0.250000   clock uncertainty
                                  0.000000    0.250000   clock reconvergence pessimism
                                 -0.020000    0.230000   output external delay
                                              0.230000   data required time
---------------------------------------------------------------------------------------------
                                              0.230000   data required time
                                             -1.646001   data arrival time
---------------------------------------------------------------------------------------------
                                              1.416001   slack (MET)


Startpoint: _16_ (rising edge-triggered flip-flop clocked by i_clk)
Endpoint: _16_ (rising edge-triggered flip-flop clocked by i_clk)
Path Group: i_clk
Path Type: min

Fanout         Cap        Slew       Delay        Time   Description
---------------------------------------------------------------------------------------------
                                  0.000000    0.000000   clock i_clk (rise edge)
                                  0.000000    0.000000   clock source latency
     1    0.010573    0.085045    0.055252    0.055252 ^ i_clk (in)
                      0.085045    0.000000    0.055252 ^ clkbuf_0_i_clk/A (sky130_fd_sc_hd__clkbuf_16)
     2    0.019071    0.066267    0.227096    0.282348 ^ clkbuf_0_i_clk/X (sky130_fd_sc_hd__clkbuf_16)
                      0.066267    0.000252    0.282600 ^ clkbuf_1_1__f_i_clk/A (sky130_fd_sc_hd__clkbuf_16)
     2    0.005593    0.048614    0.197559    0.480159 ^ clkbuf_1_1__f_i_clk/X (sky130_fd_sc_hd__clkbuf_16)
                      0.048614    0.000060    0.480219 ^ _16_/CLK (sky130_fd_sc_hd__dfrtp_1)
     4    0.014238    0.215977    0.750527    1.230746 ^ _16_/Q (sky130_fd_sc_hd__dfrtp_1)
                      0.215977    0.000295    1.231040 ^ _09_/A (sky130_fd_sc_hd__xnor2_1)
     1    0.002205    0.066591    0.245501    1.476541 ^ _09_/Y (sky130_fd_sc_hd__xnor2_1)
                      0.066591    0.000021    1.476563 ^ hold4/A (sky130_fd_sc_hd__dlygate4sd3_1)
     1    0.002498    0.091540    1.034720    2.511283 ^ hold4/X (sky130_fd_sc_hd__dlygate4sd3_1)
                      0.091540    0.000024    2.511307 ^ _16_/D (sky130_fd_sc_hd__dfrtp_1)
                                              2.511307   data arrival time

                                  0.000000    0.000000   clock i_clk (rise edge)
                                  0.000000    0.000000   clock source latency
     1    0.010573    0.085045    0.055252    0.055252 ^ i_clk (in)
                      0.085045    0.000000    0.055252 ^ clkbuf_0_i_clk/A (sky130_fd_sc_hd__clkbuf_16)
     2    0.019071    0.066267    0.227096    0.282348 ^ clkbuf_0_i_clk/X (sky130_fd_sc_hd__clkbuf_16)
                      0.066267    0.000252    0.282600 ^ clkbuf_1_1__f_i_clk/A (sky130_fd_sc_hd__clkbuf_16)
     2    0.005593    0.048614    0.197559    0.480159 ^ clkbuf_1_1__f_i_clk/X (sky130_fd_sc_hd__clkbuf_16)
                      0.048614    0.000060    0.480219 ^ _16_/CLK (sky130_fd_sc_hd__dfrtp_1)
                                  0.250000    0.730219   clock uncertainty
                                  0.000000    0.730219   clock reconvergence pessimism
                                 -0.085368    0.644851   library hold time
                                              0.644851   data required time
---------------------------------------------------------------------------------------------
                                              0.644851   data required time
                                             -2.511307   data arrival time
---------------------------------------------------------------------------------------------
                                              1.866456   slack (MET)



%OL_END_REPORT
%OL_CREATE_REPORT max.rpt

===========================================================================
report_checks -path_delay max (Setup)
============================================================================
======================= min_ss_100C_1v60 Corner ===================================

Warning: corner.tcl line 67, unknown field nets.
Warning: corner.tcl line 67, report_checks -group_count is deprecated. Use -group_path_count instead.
Startpoint: i_ena (input port clocked by i_clk)
Endpoint: _16_ (rising edge-triggered flip-flop clocked by i_clk)
Path Group: i_clk
Path Type: max

Fanout         Cap        Slew       Delay        Time   Description
---------------------------------------------------------------------------------------------
                                  0.000000    0.000000   clock i_clk (rise edge)
                                  0.000000    0.000000   clock network delay (propagated)
                                  0.020000    0.020000 ^ input external delay
     1    0.002254    0.028650    0.012890    0.032890 ^ i_ena (in)
                      0.028650    0.000000    0.032890 ^ hold3/A (sky130_fd_sc_hd__dlygate4sd3_1)
     1    0.002179    0.087026    1.013255    1.046145 ^ hold3/X (sky130_fd_sc_hd__dlygate4sd3_1)
                      0.087026    0.000008    1.046153 ^ input1/A (sky130_fd_sc_hd__clkbuf_1)
     4    0.009860    0.202874    0.250204    1.296357 ^ input1/X (sky130_fd_sc_hd__clkbuf_1)
                      0.202874    0.000035    1.296392 ^ _08_/B (sky130_fd_sc_hd__nand2_1)
     2    0.006225    0.132323    0.197043    1.493435 v _08_/Y (sky130_fd_sc_hd__nand2_1)
                      0.132323    0.000032    1.493467 v _09_/B (sky130_fd_sc_hd__xnor2_1)
     1    0.002087    0.081950    0.222415    1.715883 v _09_/Y (sky130_fd_sc_hd__xnor2_1)
                      0.081950    0.000020    1.715903 v hold4/A (sky130_fd_sc_hd__dlygate4sd3_1)
     1    0.002483    0.106219    1.123311    2.839213 v hold4/X (sky130_fd_sc_hd__dlygate4sd3_1)
                      0.106219    0.000024    2.839237 v _16_/D (sky130_fd_sc_hd__dfrtp_1)
                                              2.839237   data arrival time

                                 10.000000   10.000000   clock i_clk (rise edge)
                                  0.000000   10.000000   clock source latency
     1    0.010573    0.085045    0.055253   10.055253 ^ i_clk (in)
                      0.085045    0.000000   10.055253 ^ clkbuf_0_i_clk/A (sky130_fd_sc_hd__clkbuf_16)
     2    0.019071    0.066267    0.227096   10.282349 ^ clkbuf_0_i_clk/X (sky130_fd_sc_hd__clkbuf_16)
                      0.066267    0.000251   10.282600 ^ clkbuf_1_1__f_i_clk/A (sky130_fd_sc_hd__clkbuf_16)
     2    0.005593    0.048614    0.197559   10.480159 ^ clkbuf_1_1__f_i_clk/X (sky130_fd_sc_hd__clkbuf_16)
                      0.048614    0.000060   10.480219 ^ _16_/CLK (sky130_fd_sc_hd__dfrtp_1)
                                 -0.250000   10.230219   clock uncertainty
                                  0.000000   10.230219   clock reconvergence pessimism
                                 -0.297375    9.932843   library setup time
                                              9.932843   data required time
---------------------------------------------------------------------------------------------
                                              9.932843   data required time
                                             -2.839237   data arrival time
---------------------------------------------------------------------------------------------
                                              7.093606   slack (MET)


Startpoint: _18_ (rising edge-triggered flip-flop clocked by i_clk)
Endpoint: _18_ (rising edge-triggered flip-flop clocked by i_clk)
Path Group: i_clk
Path Type: max

Fanout         Cap        Slew       Delay        Time   Description
---------------------------------------------------------------------------------------------
                                  0.000000    0.000000   clock i_clk (rise edge)
                                  0.000000    0.000000   clock source latency
     1    0.010573    0.085045    0.055252    0.055252 ^ i_clk (in)
                      0.085045    0.000000    0.055252 ^ clkbuf_0_i_clk/A (sky130_fd_sc_hd__clkbuf_16)
     2    0.019071    0.066267    0.227096    0.282348 ^ clkbuf_0_i_clk/X (sky130_fd_sc_hd__clkbuf_16)
                      0.066267    0.000269    0.282617 ^ clkbuf_1_0__f_i_clk/A (sky130_fd_sc_hd__clkbuf_16)
     2    0.004961    0.047750    0.196360    0.478978 ^ clkbuf_1_0__f_i_clk/X (sky130_fd_sc_hd__clkbuf_16)
                      0.047750    0.000069    0.479047 ^ _18_/CLK (sky130_fd_sc_hd__dfrtp_1)
     2    0.005389    0.098481    0.750334    1.229381 v _18_/Q (sky130_fd_sc_hd__dfrtp_1)
                      0.098481    0.000039    1.229419 v hold5/A (sky130_fd_sc_hd__dlygate4sd3_1)
     1    0.005569    0.134112    1.177132    2.406552 v hold5/X (sky130_fd_sc_hd__dlygate4sd3_1)
                      0.134112    0.000069    2.406621 v _13_/A (sky130_fd_sc_hd__xor2_1)
     1    0.002371    0.093337    0.313901    2.720521 v _13_/X (sky130_fd_sc_hd__xor2_1)
                      0.093337    0.000014    2.720536 v _18_/D (sky130_fd_sc_hd__dfrtp_1)
                                              2.720536   data arrival time

                                 10.000000   10.000000   clock i_clk (rise edge)
                                  0.000000   10.000000   clock source latency
     1    0.010573    0.085045    0.055253   10.055253 ^ i_clk (in)
                      0.085045    0.000000   10.055253 ^ clkbuf_0_i_clk/A (sky130_fd_sc_hd__clkbuf_16)
     2    0.019071    0.066267    0.227096   10.282349 ^ clkbuf_0_i_clk/X (sky130_fd_sc_hd__clkbuf_16)
                      0.066267    0.000269   10.282618 ^ clkbuf_1_0__f_i_clk/A (sky130_fd_sc_hd__clkbuf_16)
     2    0.004961    0.047750    0.196360   10.478978 ^ clkbuf_1_0__f_i_clk/X (sky130_fd_sc_hd__clkbuf_16)
                      0.047750    0.000068   10.479047 ^ _18_/CLK (sky130_fd_sc_hd__dfrtp_1)
                                 -0.250000   10.229046   clock uncertainty
                                  0.000000   10.229046   clock reconvergence pessimism
                                 -0.292231    9.936815   library setup time
                                              9.936815   data required time
---------------------------------------------------------------------------------------------
                                              9.936815   data required time
                                             -2.720536   data arrival time
---------------------------------------------------------------------------------------------
                                              7.216280   slack (MET)


Startpoint: i_ena (input port clocked by i_clk)
Endpoint: _17_ (rising edge-triggered flip-flop clocked by i_clk)
Path Group: i_clk
Path Type: max

Fanout         Cap        Slew       Delay        Time   Description
---------------------------------------------------------------------------------------------
                                  0.000000    0.000000   clock i_clk (rise edge)
                                  0.000000    0.000000   clock network delay (propagated)
                                  0.020000    0.020000 ^ input external delay
     1    0.002254    0.028650    0.012890    0.032890 ^ i_ena (in)
                      0.028650    0.000000    0.032890 ^ hold3/A (sky130_fd_sc_hd__dlygate4sd3_1)
     1    0.002179    0.087026    1.013255    1.046145 ^ hold3/X (sky130_fd_sc_hd__dlygate4sd3_1)
                      0.087026    0.000008    1.046153 ^ input1/A (sky130_fd_sc_hd__clkbuf_1)
     4    0.009860    0.202874    0.250204    1.296357 ^ input1/X (sky130_fd_sc_hd__clkbuf_1)
                      0.202874    0.000043    1.296400 ^ _10_/D (sky130_fd_sc_hd__and4_1)
     2    0.007173    0.158889    0.496027    1.792427 ^ _10_/X (sky130_fd_sc_hd__and4_1)
                      0.158889    0.000055    1.792482 ^ _12_/A_N (sky130_fd_sc_hd__and2b_1)
     1    0.003279    0.069582    0.396444    2.188926 v _12_/X (sky130_fd_sc_hd__and2b_1)
                      0.069582    0.000042    2.188968 v _17_/D (sky130_fd_sc_hd__dfrtp_1)
                                              2.188968   data arrival time

                                 10.000000   10.000000   clock i_clk (rise edge)
                                  0.000000   10.000000   clock source latency
     1    0.010573    0.085045    0.055253   10.055253 ^ i_clk (in)
                      0.085045    0.000000   10.055253 ^ clkbuf_0_i_clk/A (sky130_fd_sc_hd__clkbuf_16)
     2    0.019071    0.066267    0.227096   10.282349 ^ clkbuf_0_i_clk/X (sky130_fd_sc_hd__clkbuf_16)
                      0.066267    0.000269   10.282618 ^ clkbuf_1_0__f_i_clk/A (sky130_fd_sc_hd__clkbuf_16)
     2    0.004961    0.047750    0.196360   10.478978 ^ clkbuf_1_0__f_i_clk/X (sky130_fd_sc_hd__clkbuf_16)
                      0.047750    0.000052   10.479030 ^ _17_/CLK (sky130_fd_sc_hd__dfrtp_1)
                                 -0.250000   10.229030   clock uncertainty
                                  0.000000   10.229030   clock reconvergence pessimism
                                 -0.282320    9.946710   library setup time
                                              9.946710   data required time
---------------------------------------------------------------------------------------------
                                              9.946710   data required time
                                             -2.188968   data arrival time
---------------------------------------------------------------------------------------------
                                              7.757741   slack (MET)


Startpoint: _19_ (rising edge-triggered flip-flop clocked by i_clk)
Endpoint: _19_ (rising edge-triggered flip-flop clocked by i_clk)
Path Group: i_clk
Path Type: max

Fanout         Cap        Slew       Delay        Time   Description
---------------------------------------------------------------------------------------------
                                  0.000000    0.000000   clock i_clk (rise edge)
                                  0.000000    0.000000   clock source latency
     1    0.010573    0.085045    0.055252    0.055252 ^ i_clk (in)
                      0.085045    0.000000    0.055252 ^ clkbuf_0_i_clk/A (sky130_fd_sc_hd__clkbuf_16)
     2    0.019071    0.066267    0.227096    0.282348 ^ clkbuf_0_i_clk/X (sky130_fd_sc_hd__clkbuf_16)
                      0.066267    0.000252    0.282600 ^ clkbuf_1_1__f_i_clk/A (sky130_fd_sc_hd__clkbuf_16)
     2    0.005593    0.048614    0.197559    0.480159 ^ clkbuf_1_1__f_i_clk/X (sky130_fd_sc_hd__clkbuf_16)
                      0.048614    0.000061    0.480220 ^ _19_/CLK (sky130_fd_sc_hd__dfrtp_1)
     5    0.012213    0.158920    0.813541    1.293761 v _19_/Q (sky130_fd_sc_hd__dfrtp_1)
                      0.158920    0.000077    1.293839 v _14_/A (sky130_fd_sc_hd__or2_1)
     1    0.001664    0.087405    0.512375    1.806213 v _14_/X (sky130_fd_sc_hd__or2_1)
                      0.087405    0.000014    1.806227 v _15_/B (sky130_fd_sc_hd__and2_1)
     1    0.002994    0.069439    0.323077    2.129304 v _15_/X (sky130_fd_sc_hd__and2_1)
                      0.069439    0.000033    2.129338 v _19_/D (sky130_fd_sc_hd__dfrtp_1)
                                              2.129338   data arrival time

                                 10.000000   10.000000   clock i_clk (rise edge)
                                  0.000000   10.000000   clock source latency
     1    0.010573    0.085045    0.055253   10.055253 ^ i_clk (in)
                      0.085045    0.000000   10.055253 ^ clkbuf_0_i_clk/A (sky130_fd_sc_hd__clkbuf_16)
     2    0.019071    0.066267    0.227096   10.282349 ^ clkbuf_0_i_clk/X (sky130_fd_sc_hd__clkbuf_16)
                      0.066267    0.000251   10.282600 ^ clkbuf_1_1__f_i_clk/A (sky130_fd_sc_hd__clkbuf_16)
     2    0.005593    0.048614    0.197559   10.480159 ^ clkbuf_1_1__f_i_clk/X (sky130_fd_sc_hd__clkbuf_16)
                      0.048614    0.000061   10.480221 ^ _19_/CLK (sky130_fd_sc_hd__dfrtp_1)
                                 -0.250000   10.230221   clock uncertainty
                                  0.000000   10.230221   clock reconvergence pessimism
                                 -0.282029    9.948191   library setup time
                                              9.948191   data required time
---------------------------------------------------------------------------------------------
                                              9.948191   data required time
                                             -2.129338   data arrival time
---------------------------------------------------------------------------------------------
                                              7.818853   slack (MET)


Startpoint: _16_ (rising edge-triggered flip-flop clocked by i_clk)
Endpoint: uo_out[1] (output port clocked by i_clk)
Path Group: i_clk
Path Type: max

Fanout         Cap        Slew       Delay        Time   Description
---------------------------------------------------------------------------------------------
                                  0.000000    0.000000   clock i_clk (rise edge)
                                  0.000000    0.000000   clock source latency
     1    0.010573    0.085045    0.055252    0.055252 ^ i_clk (in)
                      0.085045    0.000000    0.055252 ^ clkbuf_0_i_clk/A (sky130_fd_sc_hd__clkbuf_16)
     2    0.019071    0.066267    0.227096    0.282348 ^ clkbuf_0_i_clk/X (sky130_fd_sc_hd__clkbuf_16)
                      0.066267    0.000252    0.282600 ^ clkbuf_1_1__f_i_clk/A (sky130_fd_sc_hd__clkbuf_16)
     2    0.005593    0.048614    0.197559    0.480159 ^ clkbuf_1_1__f_i_clk/X (sky130_fd_sc_hd__clkbuf_16)
                      0.048614    0.000060    0.480219 ^ _16_/CLK (sky130_fd_sc_hd__dfrtp_1)
     4    0.013639    0.165599    0.826551    1.306769 v _16_/Q (sky130_fd_sc_hd__dfrtp_1)
                      0.165599    0.000137    1.306906 v output4/A (sky130_fd_sc_hd__buf_2)
     1    0.034763    0.167881    0.392173    1.699079 v output4/X (sky130_fd_sc_hd__buf_2)
                      0.167881    0.000459    1.699538 v uo_out[1] (out)
                                              1.699538   data arrival time

                                 10.000000   10.000000   clock i_clk (rise edge)
                                  0.000000   10.000000   clock network delay (propagated)
                                 -0.250000    9.750000   clock uncertainty
                                  0.000000    9.750000   clock reconvergence pessimism
                                 -0.020000    9.730000   output external delay
                                              9.730000   data required time
---------------------------------------------------------------------------------------------
                                              9.730000   data required time
                                             -1.699538   data arrival time
---------------------------------------------------------------------------------------------
                                              8.030462   slack (MET)


Startpoint: _19_ (rising edge-triggered flip-flop clocked by i_clk)
Endpoint: uo_out[0] (output port clocked by i_clk)
Path Group: i_clk
Path Type: max

Fanout         Cap        Slew       Delay        Time   Description
---------------------------------------------------------------------------------------------
                                  0.000000    0.000000   clock i_clk (rise edge)
                                  0.000000    0.000000   clock source latency
     1    0.010573    0.085045    0.055252    0.055252 ^ i_clk (in)
                      0.085045    0.000000    0.055252 ^ clkbuf_0_i_clk/A (sky130_fd_sc_hd__clkbuf_16)
     2    0.019071    0.066267    0.227096    0.282348 ^ clkbuf_0_i_clk/X (sky130_fd_sc_hd__clkbuf_16)
                      0.066267    0.000252    0.282600 ^ clkbuf_1_1__f_i_clk/A (sky130_fd_sc_hd__clkbuf_16)
     2    0.005593    0.048614    0.197559    0.480159 ^ clkbuf_1_1__f_i_clk/X (sky130_fd_sc_hd__clkbuf_16)
                      0.048614    0.000061    0.480220 ^ _19_/CLK (sky130_fd_sc_hd__dfrtp_1)
     5    0.012213    0.158920    0.813541    1.293761 v _19_/Q (sky130_fd_sc_hd__dfrtp_1)
                      0.158920    0.000089    1.293850 v output3/A (sky130_fd_sc_hd__buf_2)
     1    0.034493    0.166791    0.388110    1.681960 v output3/X (sky130_fd_sc_hd__buf_2)
                      0.166791    0.000426    1.682386 v uo_out[0] (out)
                                              1.682386   data arrival time

                                 10.000000   10.000000   clock i_clk (rise edge)
                                  0.000000   10.000000   clock network delay (propagated)
                                 -0.250000    9.750000   clock uncertainty
                                  0.000000    9.750000   clock reconvergence pessimism
                                 -0.020000    9.730000   output external delay
                                              9.730000   data required time
---------------------------------------------------------------------------------------------
                                              9.730000   data required time
                                             -1.682386   data arrival time
---------------------------------------------------------------------------------------------
                                              8.047614   slack (MET)


Startpoint: _17_ (rising edge-triggered flip-flop clocked by i_clk)
Endpoint: uo_out[2] (output port clocked by i_clk)
Path Group: i_clk
Path Type: max

Fanout         Cap        Slew       Delay        Time   Description
---------------------------------------------------------------------------------------------
                                  0.000000    0.000000   clock i_clk (rise edge)
                                  0.000000    0.000000   clock source latency
     1    0.010573    0.085045    0.055252    0.055252 ^ i_clk (in)
                      0.085045    0.000000    0.055252 ^ clkbuf_0_i_clk/A (sky130_fd_sc_hd__clkbuf_16)
     2    0.019071    0.066267    0.227096    0.282348 ^ clkbuf_0_i_clk/X (sky130_fd_sc_hd__clkbuf_16)
                      0.066267    0.000269    0.282617 ^ clkbuf_1_0__f_i_clk/A (sky130_fd_sc_hd__clkbuf_16)
     2    0.004961    0.047750    0.196360    0.478978 ^ clkbuf_1_0__f_i_clk/X (sky130_fd_sc_hd__clkbuf_16)
                      0.047750    0.000052    0.479029 ^ _17_/CLK (sky130_fd_sc_hd__dfrtp_1)
     3    0.009151    0.130709    0.784915    1.263944 v _17_/Q (sky130_fd_sc_hd__dfrtp_1)
                      0.130709    0.000167    1.264112 v output5/A (sky130_fd_sc_hd__buf_2)
     1    0.034638    0.167337    0.374952    1.639064 v output5/X (sky130_fd_sc_hd__buf_2)
                      0.167337    0.000453    1.639517 v uo_out[2] (out)
                                              1.639517   data arrival time

                                 10.000000   10.000000   clock i_clk (rise edge)
                                  0.000000   10.000000   clock network delay (propagated)
                                 -0.250000    9.750000   clock uncertainty
                                  0.000000    9.750000   clock reconvergence pessimism
                                 -0.020000    9.730000   output external delay
                                              9.730000   data required time
---------------------------------------------------------------------------------------------
                                              9.730000   data required time
                                             -1.639517   data arrival time
---------------------------------------------------------------------------------------------
                                              8.090483   slack (MET)


Startpoint: _18_ (rising edge-triggered flip-flop clocked by i_clk)
Endpoint: uo_out[3] (output port clocked by i_clk)
Path Group: i_clk
Path Type: max

Fanout         Cap        Slew       Delay        Time   Description
---------------------------------------------------------------------------------------------
                                  0.000000    0.000000   clock i_clk (rise edge)
                                  0.000000    0.000000   clock source latency
     1    0.010573    0.085045    0.055252    0.055252 ^ i_clk (in)
                      0.085045    0.000000    0.055252 ^ clkbuf_0_i_clk/A (sky130_fd_sc_hd__clkbuf_16)
     2    0.019071    0.066267    0.227096    0.282348 ^ clkbuf_0_i_clk/X (sky130_fd_sc_hd__clkbuf_16)
                      0.066267    0.000269    0.282617 ^ clkbuf_1_0__f_i_clk/A (sky130_fd_sc_hd__clkbuf_16)
     2    0.004961    0.047750    0.196360    0.478978 ^ clkbuf_1_0__f_i_clk/X (sky130_fd_sc_hd__clkbuf_16)
                      0.047750    0.000069    0.479047 ^ _18_/CLK (sky130_fd_sc_hd__dfrtp_1)
     2    0.005389    0.098481    0.750334    1.229381 v _18_/Q (sky130_fd_sc_hd__dfrtp_1)
                      0.098481    0.000058    1.229438 v output6/A (sky130_fd_sc_hd__buf_2)
     1    0.034524    0.166835    0.359057    1.588495 v output6/X (sky130_fd_sc_hd__buf_2)
                      0.166835    0.000438    1.588934 v uo_out[3] (out)
                                              1.588934   data arrival time

                                 10.000000   10.000000   clock i_clk (rise edge)
                                  0.000000   10.000000   clock network delay (propagated)
                                 -0.250000    9.750000   clock uncertainty
                                  0.000000    9.750000   clock reconvergence pessimism
                                 -0.020000    9.730000   output external delay
                                              9.730000   data required time
---------------------------------------------------------------------------------------------
                                              9.730000   data required time
                                             -1.588934   data arrival time
---------------------------------------------------------------------------------------------
                                              8.141067   slack (MET)


Startpoint: i_rst_n (input port clocked by i_clk)
Endpoint: _17_ (recovery check against rising-edge clock i_clk)
Path Group: asynchronous
Path Type: max

Fanout         Cap        Slew       Delay        Time   Description
---------------------------------------------------------------------------------------------
                                  0.000000    0.000000   clock i_clk (rise edge)
                                  0.000000    0.000000   clock network delay (propagated)
                                  0.020000    0.020000 ^ input external delay
     1    0.002449    0.029939    0.013921    0.033921 ^ i_rst_n (in)
                      0.029939    0.000000    0.033921 ^ hold1/A (sky130_fd_sc_hd__dlygate4sd3_1)
     1    0.002418    0.087216    1.017512    1.051433 ^ hold1/X (sky130_fd_sc_hd__dlygate4sd3_1)
                      0.087216    0.000027    1.051459 ^ input2/A (sky130_fd_sc_hd__dlymetal6s2s_1)
     1    0.002458    0.081095    0.175638    1.227098 ^ input2/X (sky130_fd_sc_hd__dlymetal6s2s_1)
                      0.081095    0.000028    1.227126 ^ hold2/A (sky130_fd_sc_hd__dlygate4sd3_1)
     4    0.016075    0.271093    1.205927    2.433053 ^ hold2/X (sky130_fd_sc_hd__dlygate4sd3_1)
                      0.271093    0.000123    2.433175 ^ _17_/RESET_B (sky130_fd_sc_hd__dfrtp_1)
                                              2.433175   data arrival time

                                 10.000000   10.000000   clock i_clk (rise edge)
                                  0.000000   10.000000   clock source latency
     1    0.010573    0.085045    0.055253   10.055253 ^ i_clk (in)
                      0.085045    0.000000   10.055253 ^ clkbuf_0_i_clk/A (sky130_fd_sc_hd__clkbuf_16)
     2    0.019071    0.066267    0.227096   10.282349 ^ clkbuf_0_i_clk/X (sky130_fd_sc_hd__clkbuf_16)
                      0.066267    0.000269   10.282618 ^ clkbuf_1_0__f_i_clk/A (sky130_fd_sc_hd__clkbuf_16)
     2    0.004961    0.047750    0.196360   10.478978 ^ clkbuf_1_0__f_i_clk/X (sky130_fd_sc_hd__clkbuf_16)
                      0.047750    0.000052   10.479030 ^ _17_/CLK (sky130_fd_sc_hd__dfrtp_1)
                                 -0.250000   10.229030   clock uncertainty
                                  0.000000   10.229030   clock reconvergence pessimism
                                  0.380569   10.609599   library recovery time
                                             10.609599   data required time
---------------------------------------------------------------------------------------------
                                             10.609599   data required time
                                             -2.433175   data arrival time
---------------------------------------------------------------------------------------------
                                              8.176423   slack (MET)


Startpoint: i_rst_n (input port clocked by i_clk)
Endpoint: _18_ (recovery check against rising-edge clock i_clk)
Path Group: asynchronous
Path Type: max

Fanout         Cap        Slew       Delay        Time   Description
---------------------------------------------------------------------------------------------
                                  0.000000    0.000000   clock i_clk (rise edge)
                                  0.000000    0.000000   clock network delay (propagated)
                                  0.020000    0.020000 ^ input external delay
     1    0.002449    0.029939    0.013921    0.033921 ^ i_rst_n (in)
                      0.029939    0.000000    0.033921 ^ hold1/A (sky130_fd_sc_hd__dlygate4sd3_1)
     1    0.002418    0.087216    1.017512    1.051433 ^ hold1/X (sky130_fd_sc_hd__dlygate4sd3_1)
                      0.087216    0.000027    1.051459 ^ input2/A (sky130_fd_sc_hd__dlymetal6s2s_1)
     1    0.002458    0.081095    0.175638    1.227098 ^ input2/X (sky130_fd_sc_hd__dlymetal6s2s_1)
                      0.081095    0.000028    1.227126 ^ hold2/A (sky130_fd_sc_hd__dlygate4sd3_1)
     4    0.016075    0.271093    1.205927    2.433053 ^ hold2/X (sky130_fd_sc_hd__dlygate4sd3_1)
                      0.271093    0.000097    2.433150 ^ _18_/RESET_B (sky130_fd_sc_hd__dfrtp_1)
                                              2.433150   data arrival time

                                 10.000000   10.000000   clock i_clk (rise edge)
                                  0.000000   10.000000   clock source latency
     1    0.010573    0.085045    0.055253   10.055253 ^ i_clk (in)
                      0.085045    0.000000   10.055253 ^ clkbuf_0_i_clk/A (sky130_fd_sc_hd__clkbuf_16)
     2    0.019071    0.066267    0.227096   10.282349 ^ clkbuf_0_i_clk/X (sky130_fd_sc_hd__clkbuf_16)
                      0.066267    0.000269   10.282618 ^ clkbuf_1_0__f_i_clk/A (sky130_fd_sc_hd__clkbuf_16)
     2    0.004961    0.047750    0.196360   10.478978 ^ clkbuf_1_0__f_i_clk/X (sky130_fd_sc_hd__clkbuf_16)
                      0.047750    0.000068   10.479047 ^ _18_/CLK (sky130_fd_sc_hd__dfrtp_1)
                                 -0.250000   10.229046   clock uncertainty
                                  0.000000   10.229046   clock reconvergence pessimism
                                  0.380569   10.609615   library recovery time
                                             10.609615   data required time
---------------------------------------------------------------------------------------------
                                             10.609615   data required time
                                             -2.433150   data arrival time
---------------------------------------------------------------------------------------------
                                              8.176466   slack (MET)


Startpoint: i_rst_n (input port clocked by i_clk)
Endpoint: _19_ (recovery check against rising-edge clock i_clk)
Path Group: asynchronous
Path Type: max

Fanout         Cap        Slew       Delay        Time   Description
---------------------------------------------------------------------------------------------
                                  0.000000    0.000000   clock i_clk (rise edge)
                                  0.000000    0.000000   clock network delay (propagated)
                                  0.020000    0.020000 ^ input external delay
     1    0.002449    0.029939    0.013921    0.033921 ^ i_rst_n (in)
                      0.029939    0.000000    0.033921 ^ hold1/A (sky130_fd_sc_hd__dlygate4sd3_1)
     1    0.002418    0.087216    1.017512    1.051433 ^ hold1/X (sky130_fd_sc_hd__dlygate4sd3_1)
                      0.087216    0.000027    1.051459 ^ input2/A (sky130_fd_sc_hd__dlymetal6s2s_1)
     1    0.002458    0.081095    0.175638    1.227098 ^ input2/X (sky130_fd_sc_hd__dlymetal6s2s_1)
                      0.081095    0.000028    1.227126 ^ hold2/A (sky130_fd_sc_hd__dlygate4sd3_1)
     4    0.016075    0.271093    1.205927    2.433053 ^ hold2/X (sky130_fd_sc_hd__dlygate4sd3_1)
                      0.271093    0.000129    2.433182 ^ _19_/RESET_B (sky130_fd_sc_hd__dfrtp_1)
                                              2.433182   data arrival time

                                 10.000000   10.000000   clock i_clk (rise edge)
                                  0.000000   10.000000   clock source latency
     1    0.010573    0.085045    0.055253   10.055253 ^ i_clk (in)
                      0.085045    0.000000   10.055253 ^ clkbuf_0_i_clk/A (sky130_fd_sc_hd__clkbuf_16)
     2    0.019071    0.066267    0.227096   10.282349 ^ clkbuf_0_i_clk/X (sky130_fd_sc_hd__clkbuf_16)
                      0.066267    0.000251   10.282600 ^ clkbuf_1_1__f_i_clk/A (sky130_fd_sc_hd__clkbuf_16)
     2    0.005593    0.048614    0.197559   10.480159 ^ clkbuf_1_1__f_i_clk/X (sky130_fd_sc_hd__clkbuf_16)
                      0.048614    0.000061   10.480221 ^ _19_/CLK (sky130_fd_sc_hd__dfrtp_1)
                                 -0.250000   10.230221   clock uncertainty
                                  0.000000   10.230221   clock reconvergence pessimism
                                  0.380861   10.611081   library recovery time
                                             10.611081   data required time
---------------------------------------------------------------------------------------------
                                             10.611081   data required time
                                             -2.433182   data arrival time
---------------------------------------------------------------------------------------------
                                              8.177899   slack (MET)


Startpoint: i_rst_n (input port clocked by i_clk)
Endpoint: _16_ (recovery check against rising-edge clock i_clk)
Path Group: asynchronous
Path Type: max

Fanout         Cap        Slew       Delay        Time   Description
---------------------------------------------------------------------------------------------
                                  0.000000    0.000000   clock i_clk (rise edge)
                                  0.000000    0.000000   clock network delay (propagated)
                                  0.020000    0.020000 ^ input external delay
     1    0.002449    0.029939    0.013921    0.033921 ^ i_rst_n (in)
                      0.029939    0.000000    0.033921 ^ hold1/A (sky130_fd_sc_hd__dlygate4sd3_1)
     1    0.002418    0.087216    1.017512    1.051433 ^ hold1/X (sky130_fd_sc_hd__dlygate4sd3_1)
                      0.087216    0.000027    1.051459 ^ input2/A (sky130_fd_sc_hd__dlymetal6s2s_1)
     1    0.002458    0.081095    0.175638    1.227098 ^ input2/X (sky130_fd_sc_hd__dlymetal6s2s_1)
                      0.081095    0.000028    1.227126 ^ hold2/A (sky130_fd_sc_hd__dlygate4sd3_1)
     4    0.016075    0.271093    1.205927    2.433053 ^ hold2/X (sky130_fd_sc_hd__dlygate4sd3_1)
                      0.271093    0.000118    2.433170 ^ _16_/RESET_B (sky130_fd_sc_hd__dfrtp_1)
                                              2.433170   data arrival time

                                 10.000000   10.000000   clock i_clk (rise edge)
                                  0.000000   10.000000   clock source latency
     1    0.010573    0.085045    0.055253   10.055253 ^ i_clk (in)
                      0.085045    0.000000   10.055253 ^ clkbuf_0_i_clk/A (sky130_fd_sc_hd__clkbuf_16)
     2    0.019071    0.066267    0.227096   10.282349 ^ clkbuf_0_i_clk/X (sky130_fd_sc_hd__clkbuf_16)
                      0.066267    0.000251   10.282600 ^ clkbuf_1_1__f_i_clk/A (sky130_fd_sc_hd__clkbuf_16)
     2    0.005593    0.048614    0.197559   10.480159 ^ clkbuf_1_1__f_i_clk/X (sky130_fd_sc_hd__clkbuf_16)
                      0.048614    0.000060   10.480219 ^ _16_/CLK (sky130_fd_sc_hd__dfrtp_1)
                                 -0.250000   10.230219   clock uncertainty
                                  0.000000   10.230219   clock reconvergence pessimism
                                  0.380861   10.611079   library recovery time
                                             10.611079   data required time
---------------------------------------------------------------------------------------------
                                             10.611079   data required time
                                             -2.433170   data arrival time
---------------------------------------------------------------------------------------------
                                              8.177909   slack (MET)



%OL_END_REPORT
%OL_CREATE_REPORT checks.rpt

===========================================================================
report_checks -unconstrained
===========================================================================
======================= min_ss_100C_1v60 Corner ===================================

Warning: corner.tcl line 77, unknown field nets.
Startpoint: i_rst_n (input port clocked by i_clk)
Endpoint: _17_ (recovery check against rising-edge clock i_clk)
Path Group: asynchronous
Path Type: max

Fanout         Cap        Slew       Delay        Time   Description
---------------------------------------------------------------------------------------------
                                  0.000000    0.000000   clock i_clk (rise edge)
                                  0.000000    0.000000   clock network delay (propagated)
                                  0.020000    0.020000 ^ input external delay
     1    0.002449    0.029939    0.013921    0.033921 ^ i_rst_n (in)
                      0.029939    0.000000    0.033921 ^ hold1/A (sky130_fd_sc_hd__dlygate4sd3_1)
     1    0.002418    0.087216    1.017512    1.051433 ^ hold1/X (sky130_fd_sc_hd__dlygate4sd3_1)
                      0.087216    0.000027    1.051459 ^ input2/A (sky130_fd_sc_hd__dlymetal6s2s_1)
     1    0.002458    0.081095    0.175638    1.227098 ^ input2/X (sky130_fd_sc_hd__dlymetal6s2s_1)
                      0.081095    0.000028    1.227126 ^ hold2/A (sky130_fd_sc_hd__dlygate4sd3_1)
     4    0.016075    0.271093    1.205927    2.433053 ^ hold2/X (sky130_fd_sc_hd__dlygate4sd3_1)
                      0.271093    0.000123    2.433175 ^ _17_/RESET_B (sky130_fd_sc_hd__dfrtp_1)
                                              2.433175   data arrival time

                                 10.000000   10.000000   clock i_clk (rise edge)
                                  0.000000   10.000000   clock source latency
     1    0.010573    0.085045    0.055253   10.055253 ^ i_clk (in)
                      0.085045    0.000000   10.055253 ^ clkbuf_0_i_clk/A (sky130_fd_sc_hd__clkbuf_16)
     2    0.019071    0.066267    0.227096   10.282349 ^ clkbuf_0_i_clk/X (sky130_fd_sc_hd__clkbuf_16)
                      0.066267    0.000269   10.282618 ^ clkbuf_1_0__f_i_clk/A (sky130_fd_sc_hd__clkbuf_16)
     2    0.004961    0.047750    0.196360   10.478978 ^ clkbuf_1_0__f_i_clk/X (sky130_fd_sc_hd__clkbuf_16)
                      0.047750    0.000052   10.479030 ^ _17_/CLK (sky130_fd_sc_hd__dfrtp_1)
                                 -0.250000   10.229030   clock uncertainty
                                  0.000000   10.229030   clock reconvergence pessimism
                                  0.380569   10.609599   library recovery time
                                             10.609599   data required time
---------------------------------------------------------------------------------------------
                                             10.609599   data required time
                                             -2.433175   data arrival time
---------------------------------------------------------------------------------------------
                                              8.176423   slack (MET)


Startpoint: i_ena (input port clocked by i_clk)
Endpoint: _16_ (rising edge-triggered flip-flop clocked by i_clk)
Path Group: i_clk
Path Type: max

Fanout         Cap        Slew       Delay        Time   Description
---------------------------------------------------------------------------------------------
                                  0.000000    0.000000   clock i_clk (rise edge)
                                  0.000000    0.000000   clock network delay (propagated)
                                  0.020000    0.020000 ^ input external delay
     1    0.002254    0.028650    0.012890    0.032890 ^ i_ena (in)
                      0.028650    0.000000    0.032890 ^ hold3/A (sky130_fd_sc_hd__dlygate4sd3_1)
     1    0.002179    0.087026    1.013255    1.046145 ^ hold3/X (sky130_fd_sc_hd__dlygate4sd3_1)
                      0.087026    0.000008    1.046153 ^ input1/A (sky130_fd_sc_hd__clkbuf_1)
     4    0.009860    0.202874    0.250204    1.296357 ^ input1/X (sky130_fd_sc_hd__clkbuf_1)
                      0.202874    0.000035    1.296392 ^ _08_/B (sky130_fd_sc_hd__nand2_1)
     2    0.006225    0.132323    0.197043    1.493435 v _08_/Y (sky130_fd_sc_hd__nand2_1)
                      0.132323    0.000032    1.493467 v _09_/B (sky130_fd_sc_hd__xnor2_1)
     1    0.002087    0.081950    0.222415    1.715883 v _09_/Y (sky130_fd_sc_hd__xnor2_1)
                      0.081950    0.000020    1.715903 v hold4/A (sky130_fd_sc_hd__dlygate4sd3_1)
     1    0.002483    0.106219    1.123311    2.839213 v hold4/X (sky130_fd_sc_hd__dlygate4sd3_1)
                      0.106219    0.000024    2.839237 v _16_/D (sky130_fd_sc_hd__dfrtp_1)
                                              2.839237   data arrival time

                                 10.000000   10.000000   clock i_clk (rise edge)
                                  0.000000   10.000000   clock source latency
     1    0.010573    0.085045    0.055253   10.055253 ^ i_clk (in)
                      0.085045    0.000000   10.055253 ^ clkbuf_0_i_clk/A (sky130_fd_sc_hd__clkbuf_16)
     2    0.019071    0.066267    0.227096   10.282349 ^ clkbuf_0_i_clk/X (sky130_fd_sc_hd__clkbuf_16)
                      0.066267    0.000251   10.282600 ^ clkbuf_1_1__f_i_clk/A (sky130_fd_sc_hd__clkbuf_16)
     2    0.005593    0.048614    0.197559   10.480159 ^ clkbuf_1_1__f_i_clk/X (sky130_fd_sc_hd__clkbuf_16)
                      0.048614    0.000060   10.480219 ^ _16_/CLK (sky130_fd_sc_hd__dfrtp_1)
                                 -0.250000   10.230219   clock uncertainty
                                  0.000000   10.230219   clock reconvergence pessimism
                                 -0.297375    9.932843   library setup time
                                              9.932843   data required time
---------------------------------------------------------------------------------------------
                                              9.932843   data required time
                                             -2.839237   data arrival time
---------------------------------------------------------------------------------------------
                                              7.093606   slack (MET)




===========================================================================
report_checks --slack_max -0.01
============================================================================
======================= min_ss_100C_1v60 Corner ===================================

Warning: corner.tcl line 85, unknown field nets.
No paths found.


===========================================================================
 report_check_types -max_slew -max_cap -max_fanout -violators
============================================================================
======================= min_ss_100C_1v60 Corner ===================================



===========================================================================
report_parasitic_annotation -report_unannotated
============================================================================
Found 36 unannotated drivers.
 ui_in[0]
 ui_in[1]
 ui_in[2]
 ui_in[3]
 ui_in[4]
 ui_in[5]
 ui_in[6]
 ui_in[7]
 uio_in[0]
 uio_in[1]
 uio_in[2]
 uio_in[3]
 uio_in[4]
 uio_in[5]
 uio_in[6]
 uio_in[7]
 tt_if_10/HI
 tt_if_11/HI
 tt_if_12/HI
 tt_if_13/HI
 tt_if_14/HI
 tt_if_15/HI
 tt_if_16/HI
 tt_if_17/HI
 tt_if_18/HI
 tt_if_19/HI
 tt_if_20/HI
 tt_if_21/HI
 tt_if_22/HI
 tt_if_23/HI
 tt_if_24/HI
 tt_if_25/HI
 tt_if_26/HI
 tt_if_7/HI
 tt_if_8/HI
 tt_if_9/HI
Found 0 partially unannotated drivers.

===========================================================================
max slew violation count 0
%OL_METRIC_I design__max_slew_violation__count__corner:min_ss_100C_1v60 0
max fanout violation count 0
%OL_METRIC_I design__max_fanout_violation__count__corner:min_ss_100C_1v60 0
max cap violation count 0
%OL_METRIC_I design__max_cap_violation__count__corner:min_ss_100C_1v60 0
============================================================================

===========================================================================
check_setup -verbose -unconstrained_endpoints -multiple_clock -no_clock -no_input_delay -loops -generated_clocks
===========================================================================
Warning: There are 20 unconstrained endpoints.
  uio_oe[0]
  uio_oe[1]
  uio_oe[2]
  uio_oe[3]
  uio_oe[4]
  uio_oe[5]
  uio_oe[6]
  uio_oe[7]
  uio_out[0]
  uio_out[1]
  uio_out[2]
  uio_out[3]
  uio_out[4]
  uio_out[5]
  uio_out[6]
  uio_out[7]
  uo_out[4]
  uo_out[5]
  uo_out[6]
  uo_out[7]
%OL_END_REPORT
%OL_CREATE_REPORT power.rpt

===========================================================================
 report_power
============================================================================
======================= min_ss_100C_1v60 Corner ===================================

Group                    Internal    Switching      Leakage        Total
                            Power        Power        Power        Power (Watts)
------------------------------------------------------------------------
Sequential           1.828942e-05 4.261492e-06 7.517924e-08 2.262609e-05  21.7%
Combinational        1.411934e-05 1.835572e-05 1.032238e-07 3.257829e-05  31.3%
Clock                4.121598e-05 7.583714e-06 5.714688e-08 4.885684e-05  47.0%
Macro                0.000000e+00 0.000000e+00 0.000000e+00 0.000000e+00   0.0%
Pad                  0.000000e+00 0.000000e+00 0.000000e+00 0.000000e+00   0.0%
------------------------------------------------------------------------
Total                7.362475e-05 3.020093e-05 2.355498e-07 1.040612e-04 100.0%
                            70.8%        29.0%         0.2%
%OL_METRIC_F power__internal__total 7.362474570982158e-5
%OL_METRIC_F power__switching__total 3.0200928449630737e-5
%OL_METRIC_F power__leakage__total 2.355497770167858e-7
%OL_METRIC_F power__total 0.0001040612260112539

%OL_END_REPORT
%OL_CREATE_REPORT skew.min.rpt

===========================================================================
Clock Skew (Hold)
============================================================================
%OL_METRIC_F clock__skew__worst_hold__corner:min_ss_100C_1v60 -0.250017319479674
======================= min_ss_100C_1v60 Corner ===================================

Clock i_clk
0.479029 source latency _17_/CLK ^
-0.479047 target latency _18_/CLK ^
-0.250000 clock uncertainty
0.000000 CRPR
--------------
-0.250017 hold skew

%OL_END_REPORT
%OL_CREATE_REPORT skew.max.rpt

===========================================================================
Clock Skew (Setup)
============================================================================
%OL_METRIC_F clock__skew__worst_setup__corner:min_ss_100C_1v60 0.251190769738739
======================= min_ss_100C_1v60 Corner ===================================

Clock i_clk
0.480220 source latency _19_/CLK ^
-0.479029 target latency _17_/CLK ^
0.250000 clock uncertainty
0.000000 CRPR
--------------
0.251191 setup skew

%OL_END_REPORT
%OL_CREATE_REPORT ws.min.rpt

===========================================================================
Worst Slack (Hold)
============================================================================
%OL_METRIC_F timing__hold__ws__corner:min_ss_100C_1v60 0.9482239706261625
min_ss_100C_1v60: 0.9482239706261625
%OL_END_REPORT
%OL_CREATE_REPORT ws.max.rpt

===========================================================================
Worst Slack (Setup)
============================================================================
%OL_METRIC_F timing__setup__ws__corner:min_ss_100C_1v60 7.093606347544892
min_ss_100C_1v60: 7.093606347544892
%OL_END_REPORT
%OL_CREATE_REPORT tns.min.rpt

===========================================================================
Total Negative Slack (Hold)
============================================================================
%OL_METRIC_F timing__hold__tns__corner:min_ss_100C_1v60 0.0
min_ss_100C_1v60: 0.0
%OL_END_REPORT
%OL_CREATE_REPORT tns.max.rpt

===========================================================================
Total Negative Slack (Setup)
============================================================================
%OL_METRIC_F timing__setup__tns__corner:min_ss_100C_1v60 0.0
min_ss_100C_1v60: 0.0
%OL_END_REPORT
%OL_CREATE_REPORT wns.min.rpt

===========================================================================
Worst Negative Slack (Hold)
============================================================================
%OL_METRIC_F timing__hold__wns__corner:min_ss_100C_1v60 0
min_ss_100C_1v60: 0
%OL_END_REPORT
%OL_CREATE_REPORT wns.max.rpt

===========================================================================
Worst Negative Slack (Setup)
============================================================================
%OL_METRIC_F timing__setup__wns__corner:min_ss_100C_1v60 0.0
min_ss_100C_1v60: 0.0
%OL_END_REPORT
%OL_CREATE_REPORT violator_list.rpt

===========================================================================
Violator List
============================================================================
Warning: corner.tcl line 263, find_timing_paths -group_count is deprecated. Use -group_path_count instead.
Warning: corner.tcl line 282, find_timing_paths -group_count is deprecated. Use -group_path_count instead.
Warning: corner.tcl line 298, find_timing_paths -group_count is deprecated. Use -group_path_count instead.
Warning: corner.tcl line 317, find_timing_paths -group_count is deprecated. Use -group_path_count instead.
%OL_METRIC_I timing__hold_vio__count__corner:min_ss_100C_1v60 0
%OL_METRIC_F timing__hold_r2r__ws__corner:min_ss_100C_1v60 0.948224
%OL_METRIC_I timing__hold_r2r_vio__count__corner:min_ss_100C_1v60 0
%OL_METRIC_I timing__setup_vio__count__corner:min_ss_100C_1v60 0
%OL_METRIC_F timing__setup_r2r__ws__corner:min_ss_100C_1v60 7.216280
%OL_METRIC_I timing__setup_r2r_vio__count__corner:min_ss_100C_1v60 0
%OL_END_REPORT
%OL_CREATE_REPORT unpropagated.rpt
%OL_END_REPORT
%OL_CREATE_REPORT clock.rpt
Clock: i_clk
Sources: i_clk 
Generated: no
Virtual: yes
Propagated: no
Period: 10.000000

===========================================================================
report_clock_properties
============================================================================
Clock                   Period          Waveform
----------------------------------------------------
i_clk                10.000000    0.000000  5.000000

===========================================================================
report_clock_latency
============================================================================
Clock i_clk
rise -> rise
    min     max
0.000000 0.000000 source latency
0.479029         network latency _17_/CLK
        0.480220 network latency _19_/CLK
---------------
0.479029 0.480220 latency
        0.001191 skew

fall -> fall
    min     max
0.000000 0.000000 source latency
0.502919         network latency _17_/CLK
        0.503958 network latency _19_/CLK
---------------
0.502919 0.503958 latency
        0.001039 skew



===========================================================================
report_clock_min_period
============================================================================
i_clk period_min = 2.82 fmax = 354.58
%OL_END_REPORT
Writing SDF files for all corners…
Removing Clock latencies before writing libs…
Writing timing models for all corners…
Writing timing models for the min_ss_100C_1v60 corner to /home/omare/Documents/UWASIC/Matrix-Vector-Analog/digital/AXI_IF/build/synthesis/runs/tt_if_full/54-openroad-stapostpnr/min_ss_100C_1v60/tt_if__min_ss_100C_1v60.lib…
