
===========================================================================
report_checks -unconstrained
===========================================================================
======================= max_ff_n40C_1v95 Corner ===================================

Warning: corner.tcl line 77, unknown field nets.
Startpoint: i_rst_n (input port clocked by i_clk)
Endpoint: _17_ (recovery check against rising-edge clock i_clk)
Path Group: asynchronous
Path Type: max

Fanout         Cap        Slew       Delay        Time   Description
---------------------------------------------------------------------------------------------
                                  0.000000    0.000000   clock i_clk (rise edge)
                                  0.000000    0.000000   clock network delay (propagated)
                                  0.020000    0.020000 ^ input external delay
     1    0.002781    0.013851    0.007229    0.027229 ^ i_rst_n (in)
                      0.013853    0.000000    0.027229 ^ hold1/A (sky130_fd_sc_hd__dlygate4sd3_1)
     1    0.002805    0.037282    0.366812    0.394041 ^ hold1/X (sky130_fd_sc_hd__dlygate4sd3_1)
                      0.037740    0.000188    0.394229 ^ input2/A (sky130_fd_sc_hd__dlymetal6s2s_1)
     1    0.002838    0.044150    0.066356    0.460584 ^ input2/X (sky130_fd_sc_hd__dlymetal6s2s_1)
                      0.044150    0.000192    0.460776 ^ hold2/A (sky130_fd_sc_hd__dlygate4sd3_1)
     4    0.018161    0.144757    0.454966    0.915742 ^ hold2/X (sky130_fd_sc_hd__dlygate4sd3_1)
                      0.144759    0.000843    0.916585 ^ _17_/RESET_B (sky130_fd_sc_hd__dfrtp_1)
                                              0.916585   data arrival time

                                 10.000000   10.000000   clock i_clk (rise edge)
                                  0.000000   10.000000   clock source latency
     1    0.011106    0.042179    0.027990   10.027990 ^ i_clk (in)
                      0.042192    0.000000   10.027990 ^ clkbuf_0_i_clk/A (sky130_fd_sc_hd__clkbuf_16)
     2    0.019968    0.031182    0.087323   10.115314 ^ clkbuf_0_i_clk/X (sky130_fd_sc_hd__clkbuf_16)
                      0.031208    0.001297   10.116611 ^ clkbuf_1_0__f_i_clk/A (sky130_fd_sc_hd__clkbuf_16)
     2    0.005695    0.021483    0.074343   10.190953 ^ clkbuf_1_0__f_i_clk/X (sky130_fd_sc_hd__clkbuf_16)
                      0.021485    0.000358   10.191311 ^ _17_/CLK (sky130_fd_sc_hd__dfrtp_1)
                                 -0.250000    9.941311   clock uncertainty
                                  0.000000    9.941311   clock reconvergence pessimism
                                  0.120913   10.062224   library recovery time
                                             10.062224   data required time
---------------------------------------------------------------------------------------------
                                             10.062224   data required time
                                             -0.916585   data arrival time
---------------------------------------------------------------------------------------------
                                              9.145639   slack (MET)


Startpoint: i_ena (input port clocked by i_clk)
Endpoint: _16_ (rising edge-triggered flip-flop clocked by i_clk)
Path Group: i_clk
Path Type: max

Fanout         Cap        Slew       Delay        Time   Description
---------------------------------------------------------------------------------------------
                                  0.000000    0.000000   clock i_clk (rise edge)
                                  0.000000    0.000000   clock network delay (propagated)
                                  0.020000    0.020000 ^ input external delay
     1    0.002565    0.013077    0.006659    0.026659 ^ i_ena (in)
                      0.013083    0.000000    0.026659 ^ hold3/A (sky130_fd_sc_hd__dlygate4sd3_1)
     1    0.002315    0.034431    0.363478    0.390137 ^ hold3/X (sky130_fd_sc_hd__dlygate4sd3_1)
                      0.034431    0.000106    0.390243 ^ input1/A (sky130_fd_sc_hd__clkbuf_1)
     4    0.010636    0.098068    0.098419    0.488663 ^ input1/X (sky130_fd_sc_hd__clkbuf_1)
                      0.098070    0.000303    0.488966 ^ _08_/B (sky130_fd_sc_hd__nand2_1)
     2    0.006488    0.045654    0.051357    0.540323 v _08_/Y (sky130_fd_sc_hd__nand2_1)
                      0.045657    0.000277    0.540600 v _09_/B (sky130_fd_sc_hd__xnor2_1)
     1    0.002403    0.034455    0.079337    0.619937 v _09_/Y (sky130_fd_sc_hd__xnor2_1)
                      0.034455    0.000172    0.620109 v hold4/A (sky130_fd_sc_hd__dlygate4sd3_1)
     1    0.002847    0.038241    0.361451    0.981561 v hold4/X (sky130_fd_sc_hd__dlygate4sd3_1)
                      0.038241    0.000205    0.981765 v _16_/D (sky130_fd_sc_hd__dfrtp_1)
                                              0.981765   data arrival time

                                 10.000000   10.000000   clock i_clk (rise edge)
                                  0.000000   10.000000   clock source latency
     1    0.011106    0.042179    0.027990   10.027990 ^ i_clk (in)
                      0.042192    0.000000   10.027990 ^ clkbuf_0_i_clk/A (sky130_fd_sc_hd__clkbuf_16)
     2    0.019968    0.031182    0.087323   10.115314 ^ clkbuf_0_i_clk/X (sky130_fd_sc_hd__clkbuf_16)
                      0.031207    0.001288   10.116601 ^ clkbuf_1_1__f_i_clk/A (sky130_fd_sc_hd__clkbuf_16)
     2    0.006486    0.022030    0.075016   10.191618 ^ clkbuf_1_1__f_i_clk/X (sky130_fd_sc_hd__clkbuf_16)
                      0.022031    0.000373   10.191991 ^ _16_/CLK (sky130_fd_sc_hd__dfrtp_1)
                                 -0.250000    9.941991   clock uncertainty
                                  0.000000    9.941991   clock reconvergence pessimism
                                 -0.075634    9.866357   library setup time
                                              9.866357   data required time
---------------------------------------------------------------------------------------------
                                              9.866357   data required time
                                             -0.981765   data arrival time
---------------------------------------------------------------------------------------------
                                              8.884592   slack (MET)




===========================================================================
report_checks --slack_max -0.01
============================================================================
======================= max_ff_n40C_1v95 Corner ===================================

Warning: corner.tcl line 85, unknown field nets.
No paths found.


===========================================================================
 report_check_types -max_slew -max_cap -max_fanout -violators
============================================================================
======================= max_ff_n40C_1v95 Corner ===================================



===========================================================================
report_parasitic_annotation -report_unannotated
============================================================================
Found 36 unannotated drivers.
 ui_in[0]
 ui_in[1]
 ui_in[2]
 ui_in[3]
 ui_in[4]
 ui_in[5]
 ui_in[6]
 ui_in[7]
 uio_in[0]
 uio_in[1]
 uio_in[2]
 uio_in[3]
 uio_in[4]
 uio_in[5]
 uio_in[6]
 uio_in[7]
 tt_if_10/HI
 tt_if_11/HI
 tt_if_12/HI
 tt_if_13/HI
 tt_if_14/HI
 tt_if_15/HI
 tt_if_16/HI
 tt_if_17/HI
 tt_if_18/HI
 tt_if_19/HI
 tt_if_20/HI
 tt_if_21/HI
 tt_if_22/HI
 tt_if_23/HI
 tt_if_24/HI
 tt_if_25/HI
 tt_if_26/HI
 tt_if_7/HI
 tt_if_8/HI
 tt_if_9/HI
Found 0 partially unannotated drivers.

===========================================================================
max slew violation count 0
max fanout violation count 0
max cap violation count 0
============================================================================

===========================================================================
check_setup -verbose -unconstrained_endpoints -multiple_clock -no_clock -no_input_delay -loops -generated_clocks
===========================================================================
Warning: There are 20 unconstrained endpoints.
  uio_oe[0]
  uio_oe[1]
  uio_oe[2]
  uio_oe[3]
  uio_oe[4]
  uio_oe[5]
  uio_oe[6]
  uio_oe[7]
  uio_out[0]
  uio_out[1]
  uio_out[2]
  uio_out[3]
  uio_out[4]
  uio_out[5]
  uio_out[6]
  uio_out[7]
  uo_out[4]
  uo_out[5]
  uo_out[6]
  uo_out[7]
