Clock: i_clk
Sources: i_clk 
Generated: no
Virtual: yes
Propagated: no
Period: 10.000000

===========================================================================
report_clock_properties
============================================================================
Clock                   Period          Waveform
----------------------------------------------------
i_clk                10.000000    0.000000  5.000000

===========================================================================
report_clock_latency
============================================================================
Clock i_clk
rise -> rise
    min     max
0.000000 0.000000 source latency
0.191311         network latency _17_/CLK
        0.192001 network latency _19_/CLK
---------------
0.191311 0.192001 latency
        0.000690 skew

fall -> fall
    min     max
0.000000 0.000000 source latency
0.190798         network latency _17_/CLK
        0.191435 network latency _19_/CLK
---------------
0.190798 0.191435 latency
        0.000637 skew



===========================================================================
report_clock_min_period
============================================================================
i_clk period_min = 1.06 fmax = 941.19
