
===========================================================================
report_checks -path_delay max (Setup)
============================================================================
======================= max_ff_n40C_1v95 Corner ===================================

Warning: corner.tcl line 67, unknown field nets.
Warning: corner.tcl line 67, report_checks -group_count is deprecated. Use -group_path_count instead.
Startpoint: i_ena (input port clocked by i_clk)
Endpoint: _16_ (rising edge-triggered flip-flop clocked by i_clk)
Path Group: i_clk
Path Type: max

Fanout         Cap        Slew       Delay        Time   Description
---------------------------------------------------------------------------------------------
                                  0.000000    0.000000   clock i_clk (rise edge)
                                  0.000000    0.000000   clock network delay (propagated)
                                  0.020000    0.020000 ^ input external delay
     1    0.002565    0.013077    0.006659    0.026659 ^ i_ena (in)
                      0.013083    0.000000    0.026659 ^ hold3/A (sky130_fd_sc_hd__dlygate4sd3_1)
     1    0.002315    0.034431    0.363478    0.390137 ^ hold3/X (sky130_fd_sc_hd__dlygate4sd3_1)
                      0.034431    0.000106    0.390243 ^ input1/A (sky130_fd_sc_hd__clkbuf_1)
     4    0.010636    0.098068    0.098419    0.488663 ^ input1/X (sky130_fd_sc_hd__clkbuf_1)
                      0.098070    0.000303    0.488966 ^ _08_/B (sky130_fd_sc_hd__nand2_1)
     2    0.006488    0.045654    0.051357    0.540323 v _08_/Y (sky130_fd_sc_hd__nand2_1)
                      0.045657    0.000277    0.540600 v _09_/B (sky130_fd_sc_hd__xnor2_1)
     1    0.002403    0.034455    0.079337    0.619937 v _09_/Y (sky130_fd_sc_hd__xnor2_1)
                      0.034455    0.000172    0.620109 v hold4/A (sky130_fd_sc_hd__dlygate4sd3_1)
     1    0.002847    0.038241    0.361451    0.981561 v hold4/X (sky130_fd_sc_hd__dlygate4sd3_1)
                      0.038241    0.000205    0.981765 v _16_/D (sky130_fd_sc_hd__dfrtp_1)
                                              0.981765   data arrival time

                                 10.000000   10.000000   clock i_clk (rise edge)
                                  0.000000   10.000000   clock source latency
     1    0.011106    0.042179    0.027990   10.027990 ^ i_clk (in)
                      0.042192    0.000000   10.027990 ^ clkbuf_0_i_clk/A (sky130_fd_sc_hd__clkbuf_16)
     2    0.019968    0.031182    0.087323   10.115314 ^ clkbuf_0_i_clk/X (sky130_fd_sc_hd__clkbuf_16)
                      0.031207    0.001288   10.116601 ^ clkbuf_1_1__f_i_clk/A (sky130_fd_sc_hd__clkbuf_16)
     2    0.006486    0.022030    0.075016   10.191618 ^ clkbuf_1_1__f_i_clk/X (sky130_fd_sc_hd__clkbuf_16)
                      0.022031    0.000373   10.191991 ^ _16_/CLK (sky130_fd_sc_hd__dfrtp_1)
                                 -0.250000    9.941991   clock uncertainty
                                  0.000000    9.941991   clock reconvergence pessimism
                                 -0.075634    9.866357   library setup time
                                              9.866357   data required time
---------------------------------------------------------------------------------------------
                                              9.866357   data required time
                                             -0.981765   data arrival time
---------------------------------------------------------------------------------------------
                                              8.884592   slack (MET)


Startpoint: _18_ (rising edge-triggered flip-flop clocked by i_clk)
Endpoint: _18_ (rising edge-triggered flip-flop clocked by i_clk)
Path Group: i_clk
Path Type: max

Fanout         Cap        Slew       Delay        Time   Description
---------------------------------------------------------------------------------------------
                                  0.000000    0.000000   clock i_clk (rise edge)
                                  0.000000    0.000000   clock source latency
     1    0.011106    0.042179    0.027990    0.027990 ^ i_clk (in)
                      0.042192    0.000000    0.027990 ^ clkbuf_0_i_clk/A (sky130_fd_sc_hd__clkbuf_16)
     2    0.019968    0.031182    0.087323    0.115313 ^ clkbuf_0_i_clk/X (sky130_fd_sc_hd__clkbuf_16)
                      0.031208    0.001298    0.116610 ^ clkbuf_1_0__f_i_clk/A (sky130_fd_sc_hd__clkbuf_16)
     2    0.005695    0.021483    0.074343    0.190953 ^ clkbuf_1_0__f_i_clk/X (sky130_fd_sc_hd__clkbuf_16)
                      0.021486    0.000442    0.191395 ^ _18_/CLK (sky130_fd_sc_hd__dfrtp_1)
     2    0.006097    0.038463    0.230783    0.422178 v _18_/Q (sky130_fd_sc_hd__dfrtp_1)
                      0.038463    0.000328    0.422506 v hold5/A (sky130_fd_sc_hd__dlygate4sd3_1)
     1    0.005741    0.048407    0.376942    0.799448 v hold5/X (sky130_fd_sc_hd__dlygate4sd3_1)
                      0.048407    0.000400    0.799848 v _13_/A (sky130_fd_sc_hd__xor2_1)
     1    0.002683    0.031819    0.102697    0.902545 v _13_/X (sky130_fd_sc_hd__xor2_1)
                      0.031819    0.000114    0.902660 v _18_/D (sky130_fd_sc_hd__dfrtp_1)
                                              0.902660   data arrival time

                                 10.000000   10.000000   clock i_clk (rise edge)
                                  0.000000   10.000000   clock source latency
     1    0.011106    0.042179    0.027990   10.027990 ^ i_clk (in)
                      0.042192    0.000000   10.027990 ^ clkbuf_0_i_clk/A (sky130_fd_sc_hd__clkbuf_16)
     2    0.019968    0.031182    0.087323   10.115314 ^ clkbuf_0_i_clk/X (sky130_fd_sc_hd__clkbuf_16)
                      0.031208    0.001297   10.116611 ^ clkbuf_1_0__f_i_clk/A (sky130_fd_sc_hd__clkbuf_16)
     2    0.005695    0.021483    0.074343   10.190953 ^ clkbuf_1_0__f_i_clk/X (sky130_fd_sc_hd__clkbuf_16)
                      0.021486    0.000442   10.191396 ^ _18_/CLK (sky130_fd_sc_hd__dfrtp_1)
                                 -0.250000    9.941396   clock uncertainty
                                  0.000000    9.941396   clock reconvergence pessimism
                                 -0.073392    9.868004   library setup time
                                              9.868004   data required time
---------------------------------------------------------------------------------------------
                                              9.868004   data required time
                                             -0.902660   data arrival time
---------------------------------------------------------------------------------------------
                                              8.965344   slack (MET)


Startpoint: _16_ (rising edge-triggered flip-flop clocked by i_clk)
Endpoint: uo_out[1] (output port clocked by i_clk)
Path Group: i_clk
Path Type: max

Fanout         Cap        Slew       Delay        Time   Description
---------------------------------------------------------------------------------------------
                                  0.000000    0.000000   clock i_clk (rise edge)
                                  0.000000    0.000000   clock source latency
     1    0.011106    0.042179    0.027990    0.027990 ^ i_clk (in)
                      0.042192    0.000000    0.027990 ^ clkbuf_0_i_clk/A (sky130_fd_sc_hd__clkbuf_16)
     2    0.019968    0.031182    0.087323    0.115313 ^ clkbuf_0_i_clk/X (sky130_fd_sc_hd__clkbuf_16)
                      0.031207    0.001288    0.116601 ^ clkbuf_1_1__f_i_clk/A (sky130_fd_sc_hd__clkbuf_16)
     2    0.006486    0.022030    0.075017    0.191617 ^ clkbuf_1_1__f_i_clk/X (sky130_fd_sc_hd__clkbuf_16)
                      0.022031    0.000373    0.191991 ^ _16_/CLK (sky130_fd_sc_hd__dfrtp_1)
     4    0.015572    0.108815    0.254076    0.446066 ^ _16_/Q (sky130_fd_sc_hd__dfrtp_1)
                      0.108821    0.000930    0.446996 ^ output4/A (sky130_fd_sc_hd__buf_2)
     1    0.034969    0.130326    0.157705    0.604701 ^ output4/X (sky130_fd_sc_hd__buf_2)
                      0.130362    0.001788    0.606489 ^ uo_out[1] (out)
                                              0.606489   data arrival time

                                 10.000000   10.000000   clock i_clk (rise edge)
                                  0.000000   10.000000   clock network delay (propagated)
                                 -0.250000    9.750000   clock uncertainty
                                  0.000000    9.750000   clock reconvergence pessimism
                                 -0.020000    9.730000   output external delay
                                              9.730000   data required time
---------------------------------------------------------------------------------------------
                                              9.730000   data required time
                                             -0.606489   data arrival time
---------------------------------------------------------------------------------------------
                                              9.123511   slack (MET)


Startpoint: i_ena (input port clocked by i_clk)
Endpoint: _17_ (rising edge-triggered flip-flop clocked by i_clk)
Path Group: i_clk
Path Type: max

Fanout         Cap        Slew       Delay        Time   Description
---------------------------------------------------------------------------------------------
                                  0.000000    0.000000   clock i_clk (rise edge)
                                  0.000000    0.000000   clock network delay (propagated)
                                  0.020000    0.020000 ^ input external delay
     1    0.002565    0.013077    0.006659    0.026659 ^ i_ena (in)
                      0.013083    0.000000    0.026659 ^ hold3/A (sky130_fd_sc_hd__dlygate4sd3_1)
     1    0.002315    0.034431    0.363478    0.390137 ^ hold3/X (sky130_fd_sc_hd__dlygate4sd3_1)
                      0.034431    0.000106    0.390243 ^ input1/A (sky130_fd_sc_hd__clkbuf_1)
     4    0.010636    0.098068    0.098419    0.488663 ^ input1/X (sky130_fd_sc_hd__clkbuf_1)
                      0.098070    0.000333    0.488996 ^ _10_/D (sky130_fd_sc_hd__and4_1)
     2    0.007532    0.066770    0.141271    0.630267 ^ _10_/X (sky130_fd_sc_hd__and4_1)
                      0.066771    0.000380    0.630647 ^ _12_/A_N (sky130_fd_sc_hd__and2b_1)
     1    0.003807    0.028082    0.114365    0.745012 v _12_/X (sky130_fd_sc_hd__and2b_1)
                      0.028090    0.000233    0.745245 v _17_/D (sky130_fd_sc_hd__dfrtp_1)
                                              0.745245   data arrival time

                                 10.000000   10.000000   clock i_clk (rise edge)
                                  0.000000   10.000000   clock source latency
     1    0.011106    0.042179    0.027990   10.027990 ^ i_clk (in)
                      0.042192    0.000000   10.027990 ^ clkbuf_0_i_clk/A (sky130_fd_sc_hd__clkbuf_16)
     2    0.019968    0.031182    0.087323   10.115314 ^ clkbuf_0_i_clk/X (sky130_fd_sc_hd__clkbuf_16)
                      0.031208    0.001297   10.116611 ^ clkbuf_1_0__f_i_clk/A (sky130_fd_sc_hd__clkbuf_16)
     2    0.005695    0.021483    0.074343   10.190953 ^ clkbuf_1_0__f_i_clk/X (sky130_fd_sc_hd__clkbuf_16)
                      0.021485    0.000358   10.191311 ^ _17_/CLK (sky130_fd_sc_hd__dfrtp_1)
                                 -0.250000    9.941311   clock uncertainty
                                  0.000000    9.941311   clock reconvergence pessimism
                                 -0.072059    9.869251   library setup time
                                              9.869251   data required time
---------------------------------------------------------------------------------------------
                                              9.869251   data required time
                                             -0.745245   data arrival time
---------------------------------------------------------------------------------------------
                                              9.124006   slack (MET)


Startpoint: _19_ (rising edge-triggered flip-flop clocked by i_clk)
Endpoint: uo_out[0] (output port clocked by i_clk)
Path Group: i_clk
Path Type: max

Fanout         Cap        Slew       Delay        Time   Description
---------------------------------------------------------------------------------------------
                                  0.000000    0.000000   clock i_clk (rise edge)
                                  0.000000    0.000000   clock source latency
     1    0.011106    0.042179    0.027990    0.027990 ^ i_clk (in)
                      0.042192    0.000000    0.027990 ^ clkbuf_0_i_clk/A (sky130_fd_sc_hd__clkbuf_16)
     2    0.019968    0.031182    0.087323    0.115313 ^ clkbuf_0_i_clk/X (sky130_fd_sc_hd__clkbuf_16)
                      0.031207    0.001288    0.116601 ^ clkbuf_1_1__f_i_clk/A (sky130_fd_sc_hd__clkbuf_16)
     2    0.006486    0.022030    0.075017    0.191617 ^ clkbuf_1_1__f_i_clk/X (sky130_fd_sc_hd__clkbuf_16)
                      0.022031    0.000384    0.192001 ^ _19_/CLK (sky130_fd_sc_hd__dfrtp_1)
     5    0.013856    0.098189    0.246731    0.438733 ^ _19_/Q (sky130_fd_sc_hd__dfrtp_1)
                      0.098192    0.000673    0.439405 ^ output3/A (sky130_fd_sc_hd__buf_2)
     1    0.034615    0.129089    0.154454    0.593859 ^ output3/X (sky130_fd_sc_hd__buf_2)
                      0.129122    0.001717    0.595577 ^ uo_out[0] (out)
                                              0.595577   data arrival time

                                 10.000000   10.000000   clock i_clk (rise edge)
                                  0.000000   10.000000   clock network delay (propagated)
                                 -0.250000    9.750000   clock uncertainty
                                  0.000000    9.750000   clock reconvergence pessimism
                                 -0.020000    9.730000   output external delay
                                              9.730000   data required time
---------------------------------------------------------------------------------------------
                                              9.730000   data required time
                                             -0.595577   data arrival time
---------------------------------------------------------------------------------------------
                                              9.134423   slack (MET)


Startpoint: i_rst_n (input port clocked by i_clk)
Endpoint: _17_ (recovery check against rising-edge clock i_clk)
Path Group: asynchronous
Path Type: max

Fanout         Cap        Slew       Delay        Time   Description
---------------------------------------------------------------------------------------------
                                  0.000000    0.000000   clock i_clk (rise edge)
                                  0.000000    0.000000   clock network delay (propagated)
                                  0.020000    0.020000 ^ input external delay
     1    0.002781    0.013851    0.007229    0.027229 ^ i_rst_n (in)
                      0.013853    0.000000    0.027229 ^ hold1/A (sky130_fd_sc_hd__dlygate4sd3_1)
     1    0.002805    0.037282    0.366812    0.394041 ^ hold1/X (sky130_fd_sc_hd__dlygate4sd3_1)
                      0.037740    0.000188    0.394229 ^ input2/A (sky130_fd_sc_hd__dlymetal6s2s_1)
     1    0.002838    0.044150    0.066356    0.460584 ^ input2/X (sky130_fd_sc_hd__dlymetal6s2s_1)
                      0.044150    0.000192    0.460776 ^ hold2/A (sky130_fd_sc_hd__dlygate4sd3_1)
     4    0.018161    0.144757    0.454966    0.915742 ^ hold2/X (sky130_fd_sc_hd__dlygate4sd3_1)
                      0.144759    0.000843    0.916585 ^ _17_/RESET_B (sky130_fd_sc_hd__dfrtp_1)
                                              0.916585   data arrival time

                                 10.000000   10.000000   clock i_clk (rise edge)
                                  0.000000   10.000000   clock source latency
     1    0.011106    0.042179    0.027990   10.027990 ^ i_clk (in)
                      0.042192    0.000000   10.027990 ^ clkbuf_0_i_clk/A (sky130_fd_sc_hd__clkbuf_16)
     2    0.019968    0.031182    0.087323   10.115314 ^ clkbuf_0_i_clk/X (sky130_fd_sc_hd__clkbuf_16)
                      0.031208    0.001297   10.116611 ^ clkbuf_1_0__f_i_clk/A (sky130_fd_sc_hd__clkbuf_16)
     2    0.005695    0.021483    0.074343   10.190953 ^ clkbuf_1_0__f_i_clk/X (sky130_fd_sc_hd__clkbuf_16)
                      0.021485    0.000358   10.191311 ^ _17_/CLK (sky130_fd_sc_hd__dfrtp_1)
                                 -0.250000    9.941311   clock uncertainty
                                  0.000000    9.941311   clock reconvergence pessimism
                                  0.120913   10.062224   library recovery time
                                             10.062224   data required time
---------------------------------------------------------------------------------------------
                                             10.062224   data required time
                                             -0.916585   data arrival time
---------------------------------------------------------------------------------------------
                                              9.145639   slack (MET)


Startpoint: i_rst_n (input port clocked by i_clk)
Endpoint: _18_ (recovery check against rising-edge clock i_clk)
Path Group: asynchronous
Path Type: max

Fanout         Cap        Slew       Delay        Time   Description
---------------------------------------------------------------------------------------------
                                  0.000000    0.000000   clock i_clk (rise edge)
                                  0.000000    0.000000   clock network delay (propagated)
                                  0.020000    0.020000 ^ input external delay
     1    0.002781    0.013851    0.007229    0.027229 ^ i_rst_n (in)
                      0.013853    0.000000    0.027229 ^ hold1/A (sky130_fd_sc_hd__dlygate4sd3_1)
     1    0.002805    0.037282    0.366812    0.394041 ^ hold1/X (sky130_fd_sc_hd__dlygate4sd3_1)
                      0.037740    0.000188    0.394229 ^ input2/A (sky130_fd_sc_hd__dlymetal6s2s_1)
     1    0.002838    0.044150    0.066356    0.460584 ^ input2/X (sky130_fd_sc_hd__dlymetal6s2s_1)
                      0.044150    0.000192    0.460776 ^ hold2/A (sky130_fd_sc_hd__dlygate4sd3_1)
     4    0.018161    0.144757    0.454966    0.915742 ^ hold2/X (sky130_fd_sc_hd__dlygate4sd3_1)
                      0.144759    0.000793    0.916535 ^ _18_/RESET_B (sky130_fd_sc_hd__dfrtp_1)
                                              0.916535   data arrival time

                                 10.000000   10.000000   clock i_clk (rise edge)
                                  0.000000   10.000000   clock source latency
     1    0.011106    0.042179    0.027990   10.027990 ^ i_clk (in)
                      0.042192    0.000000   10.027990 ^ clkbuf_0_i_clk/A (sky130_fd_sc_hd__clkbuf_16)
     2    0.019968    0.031182    0.087323   10.115314 ^ clkbuf_0_i_clk/X (sky130_fd_sc_hd__clkbuf_16)
                      0.031208    0.001297   10.116611 ^ clkbuf_1_0__f_i_clk/A (sky130_fd_sc_hd__clkbuf_16)
     2    0.005695    0.021483    0.074343   10.190953 ^ clkbuf_1_0__f_i_clk/X (sky130_fd_sc_hd__clkbuf_16)
                      0.021486    0.000442   10.191396 ^ _18_/CLK (sky130_fd_sc_hd__dfrtp_1)
                                 -0.250000    9.941396   clock uncertainty
                                  0.000000    9.941396   clock reconvergence pessimism
                                  0.120913   10.062308   library recovery time
                                             10.062308   data required time
---------------------------------------------------------------------------------------------
                                             10.062308   data required time
                                             -0.916535   data arrival time
---------------------------------------------------------------------------------------------
                                              9.145773   slack (MET)


Startpoint: i_rst_n (input port clocked by i_clk)
Endpoint: _19_ (recovery check against rising-edge clock i_clk)
Path Group: asynchronous
Path Type: max

Fanout         Cap        Slew       Delay        Time   Description
---------------------------------------------------------------------------------------------
                                  0.000000    0.000000   clock i_clk (rise edge)
                                  0.000000    0.000000   clock network delay (propagated)
                                  0.020000    0.020000 ^ input external delay
     1    0.002781    0.013851    0.007229    0.027229 ^ i_rst_n (in)
                      0.013853    0.000000    0.027229 ^ hold1/A (sky130_fd_sc_hd__dlygate4sd3_1)
     1    0.002805    0.037282    0.366812    0.394041 ^ hold1/X (sky130_fd_sc_hd__dlygate4sd3_1)
                      0.037740    0.000188    0.394229 ^ input2/A (sky130_fd_sc_hd__dlymetal6s2s_1)
     1    0.002838    0.044150    0.066356    0.460584 ^ input2/X (sky130_fd_sc_hd__dlymetal6s2s_1)
                      0.044150    0.000192    0.460776 ^ hold2/A (sky130_fd_sc_hd__dlygate4sd3_1)
     4    0.018161    0.144757    0.454966    0.915742 ^ hold2/X (sky130_fd_sc_hd__dlygate4sd3_1)
                      0.144759    0.000847    0.916590 ^ _19_/RESET_B (sky130_fd_sc_hd__dfrtp_1)
                                              0.916590   data arrival time

                                 10.000000   10.000000   clock i_clk (rise edge)
                                  0.000000   10.000000   clock source latency
     1    0.011106    0.042179    0.027990   10.027990 ^ i_clk (in)
                      0.042192    0.000000   10.027990 ^ clkbuf_0_i_clk/A (sky130_fd_sc_hd__clkbuf_16)
     2    0.019968    0.031182    0.087323   10.115314 ^ clkbuf_0_i_clk/X (sky130_fd_sc_hd__clkbuf_16)
                      0.031207    0.001288   10.116601 ^ clkbuf_1_1__f_i_clk/A (sky130_fd_sc_hd__clkbuf_16)
     2    0.006486    0.022030    0.075016   10.191618 ^ clkbuf_1_1__f_i_clk/X (sky130_fd_sc_hd__clkbuf_16)
                      0.022031    0.000384   10.192001 ^ _19_/CLK (sky130_fd_sc_hd__dfrtp_1)
                                 -0.250000    9.942001   clock uncertainty
                                  0.000000    9.942001   clock reconvergence pessimism
                                  0.120997   10.062999   library recovery time
                                             10.062999   data required time
---------------------------------------------------------------------------------------------
                                             10.062999   data required time
                                             -0.916590   data arrival time
---------------------------------------------------------------------------------------------
                                              9.146409   slack (MET)


Startpoint: i_rst_n (input port clocked by i_clk)
Endpoint: _16_ (recovery check against rising-edge clock i_clk)
Path Group: asynchronous
Path Type: max

Fanout         Cap        Slew       Delay        Time   Description
---------------------------------------------------------------------------------------------
                                  0.000000    0.000000   clock i_clk (rise edge)
                                  0.000000    0.000000   clock network delay (propagated)
                                  0.020000    0.020000 ^ input external delay
     1    0.002781    0.013851    0.007229    0.027229 ^ i_rst_n (in)
                      0.013853    0.000000    0.027229 ^ hold1/A (sky130_fd_sc_hd__dlygate4sd3_1)
     1    0.002805    0.037282    0.366812    0.394041 ^ hold1/X (sky130_fd_sc_hd__dlygate4sd3_1)
                      0.037740    0.000188    0.394229 ^ input2/A (sky130_fd_sc_hd__dlymetal6s2s_1)
     1    0.002838    0.044150    0.066356    0.460584 ^ input2/X (sky130_fd_sc_hd__dlymetal6s2s_1)
                      0.044150    0.000192    0.460776 ^ hold2/A (sky130_fd_sc_hd__dlygate4sd3_1)
     4    0.018161    0.144757    0.454966    0.915742 ^ hold2/X (sky130_fd_sc_hd__dlygate4sd3_1)
                      0.144759    0.000826    0.916569 ^ _16_/RESET_B (sky130_fd_sc_hd__dfrtp_1)
                                              0.916569   data arrival time

                                 10.000000   10.000000   clock i_clk (rise edge)
                                  0.000000   10.000000   clock source latency
     1    0.011106    0.042179    0.027990   10.027990 ^ i_clk (in)
                      0.042192    0.000000   10.027990 ^ clkbuf_0_i_clk/A (sky130_fd_sc_hd__clkbuf_16)
     2    0.019968    0.031182    0.087323   10.115314 ^ clkbuf_0_i_clk/X (sky130_fd_sc_hd__clkbuf_16)
                      0.031207    0.001288   10.116601 ^ clkbuf_1_1__f_i_clk/A (sky130_fd_sc_hd__clkbuf_16)
     2    0.006486    0.022030    0.075016   10.191618 ^ clkbuf_1_1__f_i_clk/X (sky130_fd_sc_hd__clkbuf_16)
                      0.022031    0.000373   10.191991 ^ _16_/CLK (sky130_fd_sc_hd__dfrtp_1)
                                 -0.250000    9.941991   clock uncertainty
                                  0.000000    9.941991   clock reconvergence pessimism
                                  0.120997   10.062988   library recovery time
                                             10.062988   data required time
---------------------------------------------------------------------------------------------
                                             10.062988   data required time
                                             -0.916569   data arrival time
---------------------------------------------------------------------------------------------
                                              9.146419   slack (MET)


Startpoint: _17_ (rising edge-triggered flip-flop clocked by i_clk)
Endpoint: uo_out[2] (output port clocked by i_clk)
Path Group: i_clk
Path Type: max

Fanout         Cap        Slew       Delay        Time   Description
---------------------------------------------------------------------------------------------
                                  0.000000    0.000000   clock i_clk (rise edge)
                                  0.000000    0.000000   clock source latency
     1    0.011106    0.042179    0.027990    0.027990 ^ i_clk (in)
                      0.042192    0.000000    0.027990 ^ clkbuf_0_i_clk/A (sky130_fd_sc_hd__clkbuf_16)
     2    0.019968    0.031182    0.087323    0.115313 ^ clkbuf_0_i_clk/X (sky130_fd_sc_hd__clkbuf_16)
                      0.031208    0.001298    0.116610 ^ clkbuf_1_0__f_i_clk/A (sky130_fd_sc_hd__clkbuf_16)
     2    0.005695    0.021483    0.074343    0.190953 ^ clkbuf_1_0__f_i_clk/X (sky130_fd_sc_hd__clkbuf_16)
                      0.021485    0.000358    0.191311 ^ _17_/CLK (sky130_fd_sc_hd__dfrtp_1)
     3    0.010761    0.078614    0.232537    0.423848 ^ _17_/Q (sky130_fd_sc_hd__dfrtp_1)
                      0.078623    0.000860    0.424708 ^ output5/A (sky130_fd_sc_hd__buf_2)
     1    0.034802    0.131161    0.151064    0.575772 ^ output5/X (sky130_fd_sc_hd__buf_2)
                      0.131197    0.001777    0.577549 ^ uo_out[2] (out)
                                              0.577549   data arrival time

                                 10.000000   10.000000   clock i_clk (rise edge)
                                  0.000000   10.000000   clock network delay (propagated)
                                 -0.250000    9.750000   clock uncertainty
                                  0.000000    9.750000   clock reconvergence pessimism
                                 -0.020000    9.730000   output external delay
                                              9.730000   data required time
---------------------------------------------------------------------------------------------
                                              9.730000   data required time
                                             -0.577549   data arrival time
---------------------------------------------------------------------------------------------
                                              9.152451   slack (MET)


Startpoint: _18_ (rising edge-triggered flip-flop clocked by i_clk)
Endpoint: uo_out[3] (output port clocked by i_clk)
Path Group: i_clk
Path Type: max

Fanout         Cap        Slew       Delay        Time   Description
---------------------------------------------------------------------------------------------
                                  0.000000    0.000000   clock i_clk (rise edge)
                                  0.000000    0.000000   clock source latency
     1    0.011106    0.042179    0.027990    0.027990 ^ i_clk (in)
                      0.042192    0.000000    0.027990 ^ clkbuf_0_i_clk/A (sky130_fd_sc_hd__clkbuf_16)
     2    0.019968    0.031182    0.087323    0.115313 ^ clkbuf_0_i_clk/X (sky130_fd_sc_hd__clkbuf_16)
                      0.031208    0.001298    0.116610 ^ clkbuf_1_0__f_i_clk/A (sky130_fd_sc_hd__clkbuf_16)
     2    0.005695    0.021483    0.074343    0.190953 ^ clkbuf_1_0__f_i_clk/X (sky130_fd_sc_hd__clkbuf_16)
                      0.021486    0.000442    0.191395 ^ _18_/CLK (sky130_fd_sc_hd__dfrtp_1)
     2    0.006426    0.052818    0.211940    0.403336 ^ _18_/Q (sky130_fd_sc_hd__dfrtp_1)
                      0.052820    0.000377    0.403713 ^ output6/A (sky130_fd_sc_hd__buf_2)
     1    0.034671    0.129303    0.144125    0.547838 ^ output6/X (sky130_fd_sc_hd__buf_2)
                      0.129338    0.001753    0.549590 ^ uo_out[3] (out)
                                              0.549590   data arrival time

                                 10.000000   10.000000   clock i_clk (rise edge)
                                  0.000000   10.000000   clock network delay (propagated)
                                 -0.250000    9.750000   clock uncertainty
                                  0.000000    9.750000   clock reconvergence pessimism
                                 -0.020000    9.730000   output external delay
                                              9.730000   data required time
---------------------------------------------------------------------------------------------
                                              9.730000   data required time
                                             -0.549590   data arrival time
---------------------------------------------------------------------------------------------
                                              9.180409   slack (MET)


Startpoint: _19_ (rising edge-triggered flip-flop clocked by i_clk)
Endpoint: _19_ (rising edge-triggered flip-flop clocked by i_clk)
Path Group: i_clk
Path Type: max

Fanout         Cap        Slew       Delay        Time   Description
---------------------------------------------------------------------------------------------
                                  0.000000    0.000000   clock i_clk (rise edge)
                                  0.000000    0.000000   clock source latency
     1    0.011106    0.042179    0.027990    0.027990 ^ i_clk (in)
                      0.042192    0.000000    0.027990 ^ clkbuf_0_i_clk/A (sky130_fd_sc_hd__clkbuf_16)
     2    0.019968    0.031182    0.087323    0.115313 ^ clkbuf_0_i_clk/X (sky130_fd_sc_hd__clkbuf_16)
                      0.031207    0.001288    0.116601 ^ clkbuf_1_1__f_i_clk/A (sky130_fd_sc_hd__clkbuf_16)
     2    0.006486    0.022030    0.075017    0.191617 ^ clkbuf_1_1__f_i_clk/X (sky130_fd_sc_hd__clkbuf_16)
                      0.022031    0.000384    0.192001 ^ _19_/CLK (sky130_fd_sc_hd__dfrtp_1)
     5    0.013206    0.059550    0.254399    0.446400 v _19_/Q (sky130_fd_sc_hd__dfrtp_1)
                      0.059555    0.000604    0.447004 v _14_/A (sky130_fd_sc_hd__or2_1)
     1    0.001889    0.029081    0.134743    0.581748 v _14_/X (sky130_fd_sc_hd__or2_1)
                      0.029081    0.000130    0.581878 v _15_/B (sky130_fd_sc_hd__and2_1)
     1    0.003471    0.027382    0.096698    0.678576 v _15_/X (sky130_fd_sc_hd__and2_1)
                      0.027389    0.000211    0.678787 v _19_/D (sky130_fd_sc_hd__dfrtp_1)
                                              0.678787   data arrival time

                                 10.000000   10.000000   clock i_clk (rise edge)
                                  0.000000   10.000000   clock source latency
     1    0.011106    0.042179    0.027990   10.027990 ^ i_clk (in)
                      0.042192    0.000000   10.027990 ^ clkbuf_0_i_clk/A (sky130_fd_sc_hd__clkbuf_16)
     2    0.019968    0.031182    0.087323   10.115314 ^ clkbuf_0_i_clk/X (sky130_fd_sc_hd__clkbuf_16)
                      0.031207    0.001288   10.116601 ^ clkbuf_1_1__f_i_clk/A (sky130_fd_sc_hd__clkbuf_16)
     2    0.006486    0.022030    0.075016   10.191618 ^ clkbuf_1_1__f_i_clk/X (sky130_fd_sc_hd__clkbuf_16)
                      0.022031    0.000384   10.192001 ^ _19_/CLK (sky130_fd_sc_hd__dfrtp_1)
                                 -0.250000    9.942001   clock uncertainty
                                  0.000000    9.942001   clock reconvergence pessimism
                                 -0.071756    9.870244   library setup time
                                              9.870244   data required time
---------------------------------------------------------------------------------------------
                                              9.870244   data required time
                                             -0.678787   data arrival time
---------------------------------------------------------------------------------------------
                                              9.191458   slack (MET)



