
===========================================================================
report_checks -path_delay min (Hold)
============================================================================
======================= max_ff_n40C_1v95 Corner ===================================

Warning: corner.tcl line 57, unknown field nets.
Warning: corner.tcl line 57, report_checks -group_count is deprecated. Use -group_path_count instead.
Startpoint: _17_ (rising edge-triggered flip-flop clocked by i_clk)
Endpoint: _17_ (rising edge-triggered flip-flop clocked by i_clk)
Path Group: i_clk
Path Type: min

Fanout         Cap        Slew       Delay        Time   Description
---------------------------------------------------------------------------------------------
                                  0.000000    0.000000   clock i_clk (rise edge)
                                  0.000000    0.000000   clock source latency
     1    0.011106    0.042179    0.027990    0.027990 ^ i_clk (in)
                      0.042192    0.000000    0.027990 ^ clkbuf_0_i_clk/A (sky130_fd_sc_hd__clkbuf_16)
     2    0.019968    0.031182    0.087323    0.115313 ^ clkbuf_0_i_clk/X (sky130_fd_sc_hd__clkbuf_16)
                      0.031208    0.001298    0.116610 ^ clkbuf_1_0__f_i_clk/A (sky130_fd_sc_hd__clkbuf_16)
     2    0.005695    0.021483    0.074343    0.190953 ^ clkbuf_1_0__f_i_clk/X (sky130_fd_sc_hd__clkbuf_16)
                      0.021485    0.000358    0.191311 ^ _17_/CLK (sky130_fd_sc_hd__dfrtp_1)
     3    0.010761    0.078614    0.232537    0.423848 ^ _17_/Q (sky130_fd_sc_hd__dfrtp_1)
                      0.078617    0.000581    0.424429 ^ _11_/B1 (sky130_fd_sc_hd__a31o_1)
     1    0.002096    0.023423    0.053620    0.478049 ^ _11_/X (sky130_fd_sc_hd__a31o_1)
                      0.023423    0.000150    0.478199 ^ _12_/B (sky130_fd_sc_hd__and2b_1)
     1    0.003834    0.035352    0.073716    0.551915 ^ _12_/X (sky130_fd_sc_hd__and2b_1)
                      0.035353    0.000235    0.552150 ^ _17_/D (sky130_fd_sc_hd__dfrtp_1)
                                              0.552150   data arrival time

                                  0.000000    0.000000   clock i_clk (rise edge)
                                  0.000000    0.000000   clock source latency
     1    0.011106    0.042179    0.027990    0.027990 ^ i_clk (in)
                      0.042192    0.000000    0.027990 ^ clkbuf_0_i_clk/A (sky130_fd_sc_hd__clkbuf_16)
     2    0.019968    0.031182    0.087323    0.115313 ^ clkbuf_0_i_clk/X (sky130_fd_sc_hd__clkbuf_16)
                      0.031208    0.001298    0.116610 ^ clkbuf_1_0__f_i_clk/A (sky130_fd_sc_hd__clkbuf_16)
     2    0.005695    0.021483    0.074343    0.190953 ^ clkbuf_1_0__f_i_clk/X (sky130_fd_sc_hd__clkbuf_16)
                      0.021485    0.000358    0.191311 ^ _17_/CLK (sky130_fd_sc_hd__dfrtp_1)
                                  0.250000    0.441311   clock uncertainty
                                  0.000000    0.441311   clock reconvergence pessimism
                                 -0.020373    0.420938   library hold time
                                              0.420938   data required time
---------------------------------------------------------------------------------------------
                                              0.420938   data required time
                                             -0.552150   data arrival time
---------------------------------------------------------------------------------------------
                                              0.131212   slack (MET)


Startpoint: _19_ (rising edge-triggered flip-flop clocked by i_clk)
Endpoint: _19_ (rising edge-triggered flip-flop clocked by i_clk)
Path Group: i_clk
Path Type: min

Fanout         Cap        Slew       Delay        Time   Description
---------------------------------------------------------------------------------------------
                                  0.000000    0.000000   clock i_clk (rise edge)
                                  0.000000    0.000000   clock source latency
     1    0.011106    0.042179    0.027990    0.027990 ^ i_clk (in)
                      0.042192    0.000000    0.027990 ^ clkbuf_0_i_clk/A (sky130_fd_sc_hd__clkbuf_16)
     2    0.019968    0.031182    0.087323    0.115313 ^ clkbuf_0_i_clk/X (sky130_fd_sc_hd__clkbuf_16)
                      0.031207    0.001288    0.116601 ^ clkbuf_1_1__f_i_clk/A (sky130_fd_sc_hd__clkbuf_16)
     2    0.006486    0.022030    0.075017    0.191617 ^ clkbuf_1_1__f_i_clk/X (sky130_fd_sc_hd__clkbuf_16)
                      0.022031    0.000384    0.192001 ^ _19_/CLK (sky130_fd_sc_hd__dfrtp_1)
     5    0.013856    0.098189    0.246731    0.438733 ^ _19_/Q (sky130_fd_sc_hd__dfrtp_1)
                      0.098191    0.000637    0.439370 ^ _14_/A (sky130_fd_sc_hd__or2_1)
     1    0.002022    0.025278    0.069305    0.508675 ^ _14_/X (sky130_fd_sc_hd__or2_1)
                      0.025279    0.000140    0.508815 ^ _15_/B (sky130_fd_sc_hd__and2_1)
     1    0.003498    0.036873    0.074073    0.582889 ^ _15_/X (sky130_fd_sc_hd__and2_1)
                      0.036874    0.000214    0.583102 ^ _19_/D (sky130_fd_sc_hd__dfrtp_1)
                                              0.583102   data arrival time

                                  0.000000    0.000000   clock i_clk (rise edge)
                                  0.000000    0.000000   clock source latency
     1    0.011106    0.042179    0.027990    0.027990 ^ i_clk (in)
                      0.042192    0.000000    0.027990 ^ clkbuf_0_i_clk/A (sky130_fd_sc_hd__clkbuf_16)
     2    0.019968    0.031182    0.087323    0.115313 ^ clkbuf_0_i_clk/X (sky130_fd_sc_hd__clkbuf_16)
                      0.031207    0.001288    0.116601 ^ clkbuf_1_1__f_i_clk/A (sky130_fd_sc_hd__clkbuf_16)
     2    0.006486    0.022030    0.075017    0.191617 ^ clkbuf_1_1__f_i_clk/X (sky130_fd_sc_hd__clkbuf_16)
                      0.022031    0.000384    0.192001 ^ _19_/CLK (sky130_fd_sc_hd__dfrtp_1)
                                  0.250000    0.442001   clock uncertainty
                                  0.000000    0.442001   clock reconvergence pessimism
                                 -0.020474    0.421527   library hold time
                                              0.421527   data required time
---------------------------------------------------------------------------------------------
                                              0.421527   data required time
                                             -0.583102   data arrival time
---------------------------------------------------------------------------------------------
                                              0.161575   slack (MET)


Startpoint: _17_ (rising edge-triggered flip-flop clocked by i_clk)
Endpoint: _18_ (rising edge-triggered flip-flop clocked by i_clk)
Path Group: i_clk
Path Type: min

Fanout         Cap        Slew       Delay        Time   Description
---------------------------------------------------------------------------------------------
                                  0.000000    0.000000   clock i_clk (rise edge)
                                  0.000000    0.000000   clock source latency
     1    0.011106    0.042179    0.027990    0.027990 ^ i_clk (in)
                      0.042192    0.000000    0.027990 ^ clkbuf_0_i_clk/A (sky130_fd_sc_hd__clkbuf_16)
     2    0.019968    0.031182    0.087323    0.115313 ^ clkbuf_0_i_clk/X (sky130_fd_sc_hd__clkbuf_16)
                      0.031208    0.001298    0.116610 ^ clkbuf_1_0__f_i_clk/A (sky130_fd_sc_hd__clkbuf_16)
     2    0.005695    0.021483    0.074343    0.190953 ^ clkbuf_1_0__f_i_clk/X (sky130_fd_sc_hd__clkbuf_16)
                      0.021485    0.000358    0.191311 ^ _17_/CLK (sky130_fd_sc_hd__dfrtp_1)
     3    0.010761    0.078614    0.232537    0.423848 ^ _17_/Q (sky130_fd_sc_hd__dfrtp_1)
                      0.078622    0.000829    0.424677 ^ _10_/C (sky130_fd_sc_hd__and4_1)
     2    0.007532    0.066440    0.136627    0.561304 ^ _10_/X (sky130_fd_sc_hd__and4_1)
                      0.066443    0.000526    0.561830 ^ _13_/B (sky130_fd_sc_hd__xor2_1)
     1    0.002683    0.024749    0.037807    0.599637 v _13_/X (sky130_fd_sc_hd__xor2_1)
                      0.024749    0.000114    0.599751 v _18_/D (sky130_fd_sc_hd__dfrtp_1)
                                              0.599751   data arrival time

                                  0.000000    0.000000   clock i_clk (rise edge)
                                  0.000000    0.000000   clock source latency
     1    0.011106    0.042179    0.027990    0.027990 ^ i_clk (in)
                      0.042192    0.000000    0.027990 ^ clkbuf_0_i_clk/A (sky130_fd_sc_hd__clkbuf_16)
     2    0.019968    0.031182    0.087323    0.115313 ^ clkbuf_0_i_clk/X (sky130_fd_sc_hd__clkbuf_16)
                      0.031208    0.001298    0.116610 ^ clkbuf_1_0__f_i_clk/A (sky130_fd_sc_hd__clkbuf_16)
     2    0.005695    0.021483    0.074343    0.190953 ^ clkbuf_1_0__f_i_clk/X (sky130_fd_sc_hd__clkbuf_16)
                      0.021486    0.000442    0.191395 ^ _18_/CLK (sky130_fd_sc_hd__dfrtp_1)
                                  0.250000    0.441395   clock uncertainty
                                  0.000000    0.441395   clock reconvergence pessimism
                                 -0.030962    0.410434   library hold time
                                              0.410434   data required time
---------------------------------------------------------------------------------------------
                                              0.410434   data required time
                                             -0.599751   data arrival time
---------------------------------------------------------------------------------------------
                                              0.189318   slack (MET)


Startpoint: i_rst_n (input port clocked by i_clk)
Endpoint: _16_ (removal check against rising-edge clock i_clk)
Path Group: asynchronous
Path Type: min

Fanout         Cap        Slew       Delay        Time   Description
---------------------------------------------------------------------------------------------
                                  0.000000    0.000000   clock i_clk (rise edge)
                                  0.000000    0.000000   clock network delay (propagated)
                                  0.020000    0.020000 ^ input external delay
     1    0.002781    0.013851    0.007229    0.027229 ^ i_rst_n (in)
                      0.013853    0.000000    0.027229 ^ hold1/A (sky130_fd_sc_hd__dlygate4sd3_1)
     1    0.002805    0.037282    0.366812    0.394041 ^ hold1/X (sky130_fd_sc_hd__dlygate4sd3_1)
                      0.037740    0.000188    0.394229 ^ input2/A (sky130_fd_sc_hd__dlymetal6s2s_1)
     1    0.002838    0.044150    0.066356    0.460584 ^ input2/X (sky130_fd_sc_hd__dlymetal6s2s_1)
                      0.044150    0.000192    0.460776 ^ hold2/A (sky130_fd_sc_hd__dlygate4sd3_1)
     4    0.018161    0.144757    0.454966    0.915742 ^ hold2/X (sky130_fd_sc_hd__dlygate4sd3_1)
                      0.144759    0.000826    0.916569 ^ _16_/RESET_B (sky130_fd_sc_hd__dfrtp_1)
                                              0.916569   data arrival time

                                  0.000000    0.000000   clock i_clk (rise edge)
                                  0.000000    0.000000   clock source latency
     1    0.011106    0.042179    0.027990    0.027990 ^ i_clk (in)
                      0.042192    0.000000    0.027990 ^ clkbuf_0_i_clk/A (sky130_fd_sc_hd__clkbuf_16)
     2    0.019968    0.031182    0.087323    0.115313 ^ clkbuf_0_i_clk/X (sky130_fd_sc_hd__clkbuf_16)
                      0.031207    0.001288    0.116601 ^ clkbuf_1_1__f_i_clk/A (sky130_fd_sc_hd__clkbuf_16)
     2    0.006486    0.022030    0.075017    0.191617 ^ clkbuf_1_1__f_i_clk/X (sky130_fd_sc_hd__clkbuf_16)
                      0.022031    0.000373    0.191991 ^ _16_/CLK (sky130_fd_sc_hd__dfrtp_1)
                                  0.250000    0.441991   clock uncertainty
                                  0.000000    0.441991   clock reconvergence pessimism
                                  0.225491    0.667481   library removal time
                                              0.667481   data required time
---------------------------------------------------------------------------------------------
                                              0.667481   data required time
                                             -0.916569   data arrival time
---------------------------------------------------------------------------------------------
                                              0.249088   slack (MET)


Startpoint: i_rst_n (input port clocked by i_clk)
Endpoint: _19_ (removal check against rising-edge clock i_clk)
Path Group: asynchronous
Path Type: min

Fanout         Cap        Slew       Delay        Time   Description
---------------------------------------------------------------------------------------------
                                  0.000000    0.000000   clock i_clk (rise edge)
                                  0.000000    0.000000   clock network delay (propagated)
                                  0.020000    0.020000 ^ input external delay
     1    0.002781    0.013851    0.007229    0.027229 ^ i_rst_n (in)
                      0.013853    0.000000    0.027229 ^ hold1/A (sky130_fd_sc_hd__dlygate4sd3_1)
     1    0.002805    0.037282    0.366812    0.394041 ^ hold1/X (sky130_fd_sc_hd__dlygate4sd3_1)
                      0.037740    0.000188    0.394229 ^ input2/A (sky130_fd_sc_hd__dlymetal6s2s_1)
     1    0.002838    0.044150    0.066356    0.460584 ^ input2/X (sky130_fd_sc_hd__dlymetal6s2s_1)
                      0.044150    0.000192    0.460776 ^ hold2/A (sky130_fd_sc_hd__dlygate4sd3_1)
     4    0.018161    0.144757    0.454966    0.915742 ^ hold2/X (sky130_fd_sc_hd__dlygate4sd3_1)
                      0.144759    0.000847    0.916590 ^ _19_/RESET_B (sky130_fd_sc_hd__dfrtp_1)
                                              0.916590   data arrival time

                                  0.000000    0.000000   clock i_clk (rise edge)
                                  0.000000    0.000000   clock source latency
     1    0.011106    0.042179    0.027990    0.027990 ^ i_clk (in)
                      0.042192    0.000000    0.027990 ^ clkbuf_0_i_clk/A (sky130_fd_sc_hd__clkbuf_16)
     2    0.019968    0.031182    0.087323    0.115313 ^ clkbuf_0_i_clk/X (sky130_fd_sc_hd__clkbuf_16)
                      0.031207    0.001288    0.116601 ^ clkbuf_1_1__f_i_clk/A (sky130_fd_sc_hd__clkbuf_16)
     2    0.006486    0.022030    0.075017    0.191617 ^ clkbuf_1_1__f_i_clk/X (sky130_fd_sc_hd__clkbuf_16)
                      0.022031    0.000384    0.192001 ^ _19_/CLK (sky130_fd_sc_hd__dfrtp_1)
                                  0.250000    0.442001   clock uncertainty
                                  0.000000    0.442001   clock reconvergence pessimism
                                  0.225491    0.667492   library removal time
                                              0.667492   data required time
---------------------------------------------------------------------------------------------
                                              0.667492   data required time
                                             -0.916590   data arrival time
---------------------------------------------------------------------------------------------
                                              0.249097   slack (MET)


Startpoint: i_rst_n (input port clocked by i_clk)
Endpoint: _18_ (removal check against rising-edge clock i_clk)
Path Group: asynchronous
Path Type: min

Fanout         Cap        Slew       Delay        Time   Description
---------------------------------------------------------------------------------------------
                                  0.000000    0.000000   clock i_clk (rise edge)
                                  0.000000    0.000000   clock network delay (propagated)
                                  0.020000    0.020000 ^ input external delay
     1    0.002781    0.013851    0.007229    0.027229 ^ i_rst_n (in)
                      0.013853    0.000000    0.027229 ^ hold1/A (sky130_fd_sc_hd__dlygate4sd3_1)
     1    0.002805    0.037282    0.366812    0.394041 ^ hold1/X (sky130_fd_sc_hd__dlygate4sd3_1)
                      0.037740    0.000188    0.394229 ^ input2/A (sky130_fd_sc_hd__dlymetal6s2s_1)
     1    0.002838    0.044150    0.066356    0.460584 ^ input2/X (sky130_fd_sc_hd__dlymetal6s2s_1)
                      0.044150    0.000192    0.460776 ^ hold2/A (sky130_fd_sc_hd__dlygate4sd3_1)
     4    0.018161    0.144757    0.454966    0.915742 ^ hold2/X (sky130_fd_sc_hd__dlygate4sd3_1)
                      0.144759    0.000793    0.916535 ^ _18_/RESET_B (sky130_fd_sc_hd__dfrtp_1)
                                              0.916535   data arrival time

                                  0.000000    0.000000   clock i_clk (rise edge)
                                  0.000000    0.000000   clock source latency
     1    0.011106    0.042179    0.027990    0.027990 ^ i_clk (in)
                      0.042192    0.000000    0.027990 ^ clkbuf_0_i_clk/A (sky130_fd_sc_hd__clkbuf_16)
     2    0.019968    0.031182    0.087323    0.115313 ^ clkbuf_0_i_clk/X (sky130_fd_sc_hd__clkbuf_16)
                      0.031208    0.001298    0.116610 ^ clkbuf_1_0__f_i_clk/A (sky130_fd_sc_hd__clkbuf_16)
     2    0.005695    0.021483    0.074343    0.190953 ^ clkbuf_1_0__f_i_clk/X (sky130_fd_sc_hd__clkbuf_16)
                      0.021486    0.000442    0.191395 ^ _18_/CLK (sky130_fd_sc_hd__dfrtp_1)
                                  0.250000    0.441395   clock uncertainty
                                  0.000000    0.441395   clock reconvergence pessimism
                                  0.225416    0.666812   library removal time
                                              0.666812   data required time
---------------------------------------------------------------------------------------------
                                              0.666812   data required time
                                             -0.916535   data arrival time
---------------------------------------------------------------------------------------------
                                              0.249723   slack (MET)


Startpoint: i_rst_n (input port clocked by i_clk)
Endpoint: _17_ (removal check against rising-edge clock i_clk)
Path Group: asynchronous
Path Type: min

Fanout         Cap        Slew       Delay        Time   Description
---------------------------------------------------------------------------------------------
                                  0.000000    0.000000   clock i_clk (rise edge)
                                  0.000000    0.000000   clock network delay (propagated)
                                  0.020000    0.020000 ^ input external delay
     1    0.002781    0.013851    0.007229    0.027229 ^ i_rst_n (in)
                      0.013853    0.000000    0.027229 ^ hold1/A (sky130_fd_sc_hd__dlygate4sd3_1)
     1    0.002805    0.037282    0.366812    0.394041 ^ hold1/X (sky130_fd_sc_hd__dlygate4sd3_1)
                      0.037740    0.000188    0.394229 ^ input2/A (sky130_fd_sc_hd__dlymetal6s2s_1)
     1    0.002838    0.044150    0.066356    0.460584 ^ input2/X (sky130_fd_sc_hd__dlymetal6s2s_1)
                      0.044150    0.000192    0.460776 ^ hold2/A (sky130_fd_sc_hd__dlygate4sd3_1)
     4    0.018161    0.144757    0.454966    0.915742 ^ hold2/X (sky130_fd_sc_hd__dlygate4sd3_1)
                      0.144759    0.000843    0.916585 ^ _17_/RESET_B (sky130_fd_sc_hd__dfrtp_1)
                                              0.916585   data arrival time

                                  0.000000    0.000000   clock i_clk (rise edge)
                                  0.000000    0.000000   clock source latency
     1    0.011106    0.042179    0.027990    0.027990 ^ i_clk (in)
                      0.042192    0.000000    0.027990 ^ clkbuf_0_i_clk/A (sky130_fd_sc_hd__clkbuf_16)
     2    0.019968    0.031182    0.087323    0.115313 ^ clkbuf_0_i_clk/X (sky130_fd_sc_hd__clkbuf_16)
                      0.031208    0.001298    0.116610 ^ clkbuf_1_0__f_i_clk/A (sky130_fd_sc_hd__clkbuf_16)
     2    0.005695    0.021483    0.074343    0.190953 ^ clkbuf_1_0__f_i_clk/X (sky130_fd_sc_hd__clkbuf_16)
                      0.021485    0.000358    0.191311 ^ _17_/CLK (sky130_fd_sc_hd__dfrtp_1)
                                  0.250000    0.441311   clock uncertainty
                                  0.000000    0.441311   clock reconvergence pessimism
                                  0.225416    0.666727   library removal time
                                              0.666727   data required time
---------------------------------------------------------------------------------------------
                                              0.666727   data required time
                                             -0.916585   data arrival time
---------------------------------------------------------------------------------------------
                                              0.249858   slack (MET)


Startpoint: _18_ (rising edge-triggered flip-flop clocked by i_clk)
Endpoint: uo_out[3] (output port clocked by i_clk)
Path Group: i_clk
Path Type: min

Fanout         Cap        Slew       Delay        Time   Description
---------------------------------------------------------------------------------------------
                                  0.000000    0.000000   clock i_clk (rise edge)
                                  0.000000    0.000000   clock source latency
     1    0.011106    0.042179    0.027990    0.027990 ^ i_clk (in)
                      0.042192    0.000000    0.027990 ^ clkbuf_0_i_clk/A (sky130_fd_sc_hd__clkbuf_16)
     2    0.019968    0.031182    0.087323    0.115313 ^ clkbuf_0_i_clk/X (sky130_fd_sc_hd__clkbuf_16)
                      0.031208    0.001298    0.116610 ^ clkbuf_1_0__f_i_clk/A (sky130_fd_sc_hd__clkbuf_16)
     2    0.005695    0.021483    0.074343    0.190953 ^ clkbuf_1_0__f_i_clk/X (sky130_fd_sc_hd__clkbuf_16)
                      0.021486    0.000442    0.191395 ^ _18_/CLK (sky130_fd_sc_hd__dfrtp_1)
     2    0.006097    0.038463    0.230783    0.422178 v _18_/Q (sky130_fd_sc_hd__dfrtp_1)
                      0.038463    0.000356    0.422534 v output6/A (sky130_fd_sc_hd__buf_2)
     1    0.034671    0.063413    0.120319    0.542853 v output6/X (sky130_fd_sc_hd__buf_2)
                      0.063473    0.001749    0.544602 v uo_out[3] (out)
                                              0.544602   data arrival time

                                  0.000000    0.000000   clock i_clk (rise edge)
                                  0.000000    0.000000   clock network delay (propagated)
                                  0.250000    0.250000   clock uncertainty
                                  0.000000    0.250000   clock reconvergence pessimism
                                 -0.020000    0.230000   output external delay
                                              0.230000   data required time
---------------------------------------------------------------------------------------------
                                              0.230000   data required time
                                             -0.544602   data arrival time
---------------------------------------------------------------------------------------------
                                              0.314602   slack (MET)


Startpoint: _17_ (rising edge-triggered flip-flop clocked by i_clk)
Endpoint: uo_out[2] (output port clocked by i_clk)
Path Group: i_clk
Path Type: min

Fanout         Cap        Slew       Delay        Time   Description
---------------------------------------------------------------------------------------------
                                  0.000000    0.000000   clock i_clk (rise edge)
                                  0.000000    0.000000   clock source latency
     1    0.011106    0.042179    0.027990    0.027990 ^ i_clk (in)
                      0.042192    0.000000    0.027990 ^ clkbuf_0_i_clk/A (sky130_fd_sc_hd__clkbuf_16)
     2    0.019968    0.031182    0.087323    0.115313 ^ clkbuf_0_i_clk/X (sky130_fd_sc_hd__clkbuf_16)
                      0.031208    0.001298    0.116610 ^ clkbuf_1_0__f_i_clk/A (sky130_fd_sc_hd__clkbuf_16)
     2    0.005695    0.021483    0.074343    0.190953 ^ clkbuf_1_0__f_i_clk/X (sky130_fd_sc_hd__clkbuf_16)
                      0.021485    0.000358    0.191311 ^ _17_/CLK (sky130_fd_sc_hd__dfrtp_1)
     3    0.010261    0.051602    0.245666    0.436977 v _17_/Q (sky130_fd_sc_hd__dfrtp_1)
                      0.051616    0.000820    0.437797 v output5/A (sky130_fd_sc_hd__buf_2)
     1    0.034802    0.064662    0.126567    0.564365 v output5/X (sky130_fd_sc_hd__buf_2)
                      0.064722    0.001774    0.566138 v uo_out[2] (out)
                                              0.566138   data arrival time

                                  0.000000    0.000000   clock i_clk (rise edge)
                                  0.000000    0.000000   clock network delay (propagated)
                                  0.250000    0.250000   clock uncertainty
                                  0.000000    0.250000   clock reconvergence pessimism
                                 -0.020000    0.230000   output external delay
                                              0.230000   data required time
---------------------------------------------------------------------------------------------
                                              0.230000   data required time
                                             -0.566138   data arrival time
---------------------------------------------------------------------------------------------
                                              0.336138   slack (MET)


Startpoint: _19_ (rising edge-triggered flip-flop clocked by i_clk)
Endpoint: uo_out[0] (output port clocked by i_clk)
Path Group: i_clk
Path Type: min

Fanout         Cap        Slew       Delay        Time   Description
---------------------------------------------------------------------------------------------
                                  0.000000    0.000000   clock i_clk (rise edge)
                                  0.000000    0.000000   clock source latency
     1    0.011106    0.042179    0.027990    0.027990 ^ i_clk (in)
                      0.042192    0.000000    0.027990 ^ clkbuf_0_i_clk/A (sky130_fd_sc_hd__clkbuf_16)
     2    0.019968    0.031182    0.087323    0.115313 ^ clkbuf_0_i_clk/X (sky130_fd_sc_hd__clkbuf_16)
                      0.031207    0.001288    0.116601 ^ clkbuf_1_1__f_i_clk/A (sky130_fd_sc_hd__clkbuf_16)
     2    0.006486    0.022030    0.075017    0.191617 ^ clkbuf_1_1__f_i_clk/X (sky130_fd_sc_hd__clkbuf_16)
                      0.022031    0.000384    0.192001 ^ _19_/CLK (sky130_fd_sc_hd__dfrtp_1)
     5    0.013206    0.059550    0.254399    0.446400 v _19_/Q (sky130_fd_sc_hd__dfrtp_1)
                      0.059556    0.000638    0.447038 v output3/A (sky130_fd_sc_hd__buf_2)
     1    0.034615    0.063340    0.128774    0.575812 v output3/X (sky130_fd_sc_hd__buf_2)
                      0.063397    0.001714    0.577526 v uo_out[0] (out)
                                              0.577526   data arrival time

                                  0.000000    0.000000   clock i_clk (rise edge)
                                  0.000000    0.000000   clock network delay (propagated)
                                  0.250000    0.250000   clock uncertainty
                                  0.000000    0.250000   clock reconvergence pessimism
                                 -0.020000    0.230000   output external delay
                                              0.230000   data required time
---------------------------------------------------------------------------------------------
                                              0.230000   data required time
                                             -0.577526   data arrival time
---------------------------------------------------------------------------------------------
                                              0.347526   slack (MET)


Startpoint: _16_ (rising edge-triggered flip-flop clocked by i_clk)
Endpoint: uo_out[1] (output port clocked by i_clk)
Path Group: i_clk
Path Type: min

Fanout         Cap        Slew       Delay        Time   Description
---------------------------------------------------------------------------------------------
                                  0.000000    0.000000   clock i_clk (rise edge)
                                  0.000000    0.000000   clock source latency
     1    0.011106    0.042179    0.027990    0.027990 ^ i_clk (in)
                      0.042192    0.000000    0.027990 ^ clkbuf_0_i_clk/A (sky130_fd_sc_hd__clkbuf_16)
     2    0.019968    0.031182    0.087323    0.115313 ^ clkbuf_0_i_clk/X (sky130_fd_sc_hd__clkbuf_16)
                      0.031207    0.001288    0.116601 ^ clkbuf_1_1__f_i_clk/A (sky130_fd_sc_hd__clkbuf_16)
     2    0.006486    0.022030    0.075017    0.191617 ^ clkbuf_1_1__f_i_clk/X (sky130_fd_sc_hd__clkbuf_16)
                      0.022031    0.000373    0.191991 ^ _16_/CLK (sky130_fd_sc_hd__dfrtp_1)
     4    0.014826    0.064328    0.258394    0.450385 v _16_/Q (sky130_fd_sc_hd__dfrtp_1)
                      0.064339    0.000881    0.451266 v output4/A (sky130_fd_sc_hd__buf_2)
     1    0.034969    0.063896    0.131100    0.582366 v output4/X (sky130_fd_sc_hd__buf_2)
                      0.063958    0.001784    0.584151 v uo_out[1] (out)
                                              0.584151   data arrival time

                                  0.000000    0.000000   clock i_clk (rise edge)
                                  0.000000    0.000000   clock network delay (propagated)
                                  0.250000    0.250000   clock uncertainty
                                  0.000000    0.250000   clock reconvergence pessimism
                                 -0.020000    0.230000   output external delay
                                              0.230000   data required time
---------------------------------------------------------------------------------------------
                                              0.230000   data required time
                                             -0.584151   data arrival time
---------------------------------------------------------------------------------------------
                                              0.354151   slack (MET)


Startpoint: _16_ (rising edge-triggered flip-flop clocked by i_clk)
Endpoint: _16_ (rising edge-triggered flip-flop clocked by i_clk)
Path Group: i_clk
Path Type: min

Fanout         Cap        Slew       Delay        Time   Description
---------------------------------------------------------------------------------------------
                                  0.000000    0.000000   clock i_clk (rise edge)
                                  0.000000    0.000000   clock source latency
     1    0.011106    0.042179    0.027990    0.027990 ^ i_clk (in)
                      0.042192    0.000000    0.027990 ^ clkbuf_0_i_clk/A (sky130_fd_sc_hd__clkbuf_16)
     2    0.019968    0.031182    0.087323    0.115313 ^ clkbuf_0_i_clk/X (sky130_fd_sc_hd__clkbuf_16)
                      0.031207    0.001288    0.116601 ^ clkbuf_1_1__f_i_clk/A (sky130_fd_sc_hd__clkbuf_16)
     2    0.006486    0.022030    0.075017    0.191617 ^ clkbuf_1_1__f_i_clk/X (sky130_fd_sc_hd__clkbuf_16)
                      0.022031    0.000373    0.191991 ^ _16_/CLK (sky130_fd_sc_hd__dfrtp_1)
     4    0.015572    0.108815    0.254076    0.446066 ^ _16_/Q (sky130_fd_sc_hd__dfrtp_1)
                      0.108837    0.001505    0.447571 ^ _09_/A (sky130_fd_sc_hd__xnor2_1)
     1    0.002403    0.021924    0.046365    0.493936 v _09_/Y (sky130_fd_sc_hd__xnor2_1)
                      0.021925    0.000172    0.494108 v hold4/A (sky130_fd_sc_hd__dlygate4sd3_1)
     1    0.002847    0.038296    0.356786    0.850894 v hold4/X (sky130_fd_sc_hd__dlygate4sd3_1)
                      0.038296    0.000205    0.851099 v _16_/D (sky130_fd_sc_hd__dfrtp_1)
                                              0.851099   data arrival time

                                  0.000000    0.000000   clock i_clk (rise edge)
                                  0.000000    0.000000   clock source latency
     1    0.011106    0.042179    0.027990    0.027990 ^ i_clk (in)
                      0.042192    0.000000    0.027990 ^ clkbuf_0_i_clk/A (sky130_fd_sc_hd__clkbuf_16)
     2    0.019968    0.031182    0.087323    0.115313 ^ clkbuf_0_i_clk/X (sky130_fd_sc_hd__clkbuf_16)
                      0.031207    0.001288    0.116601 ^ clkbuf_1_1__f_i_clk/A (sky130_fd_sc_hd__clkbuf_16)
     2    0.006486    0.022030    0.075017    0.191617 ^ clkbuf_1_1__f_i_clk/X (sky130_fd_sc_hd__clkbuf_16)
                      0.022031    0.000373    0.191991 ^ _16_/CLK (sky130_fd_sc_hd__dfrtp_1)
                                  0.250000    0.441991   clock uncertainty
                                  0.000000    0.441991   clock reconvergence pessimism
                                 -0.035312    0.406679   library hold time
                                              0.406679   data required time
---------------------------------------------------------------------------------------------
                                              0.406679   data required time
                                             -0.851099   data arrival time
---------------------------------------------------------------------------------------------
                                              0.444420   slack (MET)



