Reading timing models for corner nom_tt_025C_1v80…
Reading timing library for the 'nom_tt_025C_1v80' corner at '/home/omare/.volare/sky130A/libs.ref/sky130_fd_sc_hd/lib/sky130_fd_sc_hd__tt_025C_1v80.lib'…
Reading timing models for corner nom_ff_n40C_1v95…
Reading timing library for the 'nom_ff_n40C_1v95' corner at '/home/omare/.volare/sky130A/libs.ref/sky130_fd_sc_hd/lib/sky130_fd_sc_hd__ff_n40C_1v95.lib'…
Reading timing models for corner nom_ss_100C_1v60…
Reading timing library for the 'nom_ss_100C_1v60' corner at '/home/omare/.volare/sky130A/libs.ref/sky130_fd_sc_hd/lib/sky130_fd_sc_hd__ss_100C_1v60.lib'…
Reading OpenROAD database at '/home/omare/Documents/UWASIC/Matrix-Vector-Analog/digital/AXI_IF/build/synthesis/runs/tt_if_full/27-openroad-globalplacement/tt_if.odb'…
Reading design constraints file at '/home/omare/Documents/UWASIC/Matrix-Vector-Analog/.venv/lib/python3.12/site-packages/openlane/scripts/base.sdc'…
[INFO] Using clock i_clk…
[INFO] Setting output delay to: 0.02
[INFO] Setting input delay to: 0.02
[INFO] Setting load to: 0.033442
[INFO] Setting clock uncertainty to: 0.25
[INFO] Setting clock transition to: 0.1499999999999999944488848768742172978818416595458984375
[INFO] Setting timing derate to: 5%
[INFO] Setting RC values…
[INFO RSZ-0027] Inserted 2 input buffers.
[INFO RSZ-0028] Inserted 4 output buffers.
[INFO RSZ-0058] Using max wire length 5786um.
Iteration |   Area    | Resized | Buffers | Nets repaired | Remaining
---------------------------------------------------------------------
        0 |     +0.0% |       0 |       0 |             0 |        77
       10 |     +0.5% |       1 |       0 |             0 |        67
       20 |     -0.5% |      10 |       0 |             0 |        57
       30 |     -0.5% |      10 |       0 |             0 |        47
       40 |     -0.5% |      10 |       0 |             0 |        37
       50 |     -0.5% |      10 |       0 |             0 |        27
       60 |     -0.5% |      10 |       0 |             0 |        17
       70 |     -0.5% |      10 |       0 |             0 |         7
    final |     -0.5% |      10 |       0 |             0 |         0
---------------------------------------------------------------------
[INFO RSZ-0039] Resized 10 instances.
[INFO RSZ-0042] Inserted 20 tie sky130_fd_sc_hd__conb_1 instances.
Placement Analysis
---------------------------------
total displacement         92.1 u
average displacement        1.5 u
max displacement            6.5 u
original HPWL             417.4 u
legalized HPWL            501.4 u
delta HPWL                   20 %

[INFO DPL-0020] Mirrored 23 instances
[INFO DPL-0021] HPWL before             501.4 u
[INFO DPL-0022] HPWL after              483.0 u
[INFO DPL-0023] HPWL delta               -3.7 %
[INFO] Setting RC values…
Setting global connections for newly added cells…
[INFO] Setting global connections...
Updating metrics…
Cell type report:                       Count       Area
  Fill cell                                18      67.56
  Tap cell                                  5       6.26
  Timing Repair Buffer                      6      36.28
  Sequential cell                           4     100.10
  Multi-Input combinational cell           28     133.88
  Total                                    61     344.08
Writing OpenROAD database to '/home/omare/Documents/UWASIC/Matrix-Vector-Analog/digital/AXI_IF/build/synthesis/runs/tt_if_full/31-openroad-repairdesignpostgpl/tt_if.odb'…
Writing netlist to '/home/omare/Documents/UWASIC/Matrix-Vector-Analog/digital/AXI_IF/build/synthesis/runs/tt_if_full/31-openroad-repairdesignpostgpl/tt_if.nl.v'…
Writing powered netlist to '/home/omare/Documents/UWASIC/Matrix-Vector-Analog/digital/AXI_IF/build/synthesis/runs/tt_if_full/31-openroad-repairdesignpostgpl/tt_if.pnl.v'…
Writing layout to '/home/omare/Documents/UWASIC/Matrix-Vector-Analog/digital/AXI_IF/build/synthesis/runs/tt_if_full/31-openroad-repairdesignpostgpl/tt_if.def'…
Writing timing constraints to '/home/omare/Documents/UWASIC/Matrix-Vector-Analog/digital/AXI_IF/build/synthesis/runs/tt_if_full/31-openroad-repairdesignpostgpl/tt_if.sdc'…
