
===========================================================================
report_checks -unconstrained
===========================================================================
======================= min_tt_025C_1v80 Corner ===================================

Warning: corner.tcl line 77, unknown field nets.
Startpoint: i_rst_n (input port clocked by i_clk)
Endpoint: _17_ (recovery check against rising-edge clock i_clk)
Path Group: asynchronous
Path Type: max

Fanout         Cap        Slew       Delay        Time   Description
---------------------------------------------------------------------------------------------
                                  0.000000    0.000000   clock i_clk (rise edge)
                                  0.000000    0.000000   clock network delay (propagated)
                                  0.020000    0.020000 ^ input external delay
     1    0.002547    0.018655    0.009415    0.029415 ^ i_rst_n (in)
                      0.018655    0.000000    0.029415 ^ hold1/A (sky130_fd_sc_hd__dlygate4sd3_1)
     1    0.002522    0.050505    0.523531    0.552946 ^ hold1/X (sky130_fd_sc_hd__dlygate4sd3_1)
                      0.050505    0.000028    0.552974 ^ input2/A (sky130_fd_sc_hd__dlymetal6s2s_1)
     1    0.002556    0.054113    0.096748    0.649721 ^ input2/X (sky130_fd_sc_hd__dlymetal6s2s_1)
                      0.054113    0.000030    0.649751 ^ hold2/A (sky130_fd_sc_hd__dlygate4sd3_1)
     4    0.017543    0.185499    0.645087    1.294838 ^ hold2/X (sky130_fd_sc_hd__dlygate4sd3_1)
                      0.185499    0.000134    1.294972 ^ _17_/RESET_B (sky130_fd_sc_hd__dfrtp_1)
                                              1.294972   data arrival time

                                 10.000000   10.000000   clock i_clk (rise edge)
                                  0.000000   10.000000   clock source latency
     1    0.010573    0.053978    0.035883   10.035884 ^ i_clk (in)
                      0.053979    0.000000   10.035884 ^ clkbuf_0_i_clk/A (sky130_fd_sc_hd__clkbuf_16)
     2    0.019071    0.041053    0.127776   10.163659 ^ clkbuf_0_i_clk/X (sky130_fd_sc_hd__clkbuf_16)
                      0.041054    0.000269   10.163929 ^ clkbuf_1_0__f_i_clk/A (sky130_fd_sc_hd__clkbuf_16)
     2    0.005171    0.028919    0.109299   10.273228 ^ clkbuf_1_0__f_i_clk/X (sky130_fd_sc_hd__clkbuf_16)
                      0.028919    0.000054   10.273282 ^ _17_/CLK (sky130_fd_sc_hd__dfrtp_1)
                                 -0.250000   10.023282   clock uncertainty
                                  0.000000   10.023282   clock reconvergence pessimism
                                  0.188936   10.212218   library recovery time
                                             10.212218   data required time
---------------------------------------------------------------------------------------------
                                             10.212218   data required time
                                             -1.294972   data arrival time
---------------------------------------------------------------------------------------------
                                              8.917246   slack (MET)


Startpoint: i_ena (input port clocked by i_clk)
Endpoint: _16_ (rising edge-triggered flip-flop clocked by i_clk)
Path Group: i_clk
Path Type: max

Fanout         Cap        Slew       Delay        Time   Description
---------------------------------------------------------------------------------------------
                                  0.000000    0.000000   clock i_clk (rise edge)
                                  0.000000    0.000000   clock network delay (propagated)
                                  0.020000    0.020000 ^ input external delay
     1    0.002352    0.017835    0.008731    0.028731 ^ i_ena (in)
                      0.017835    0.000000    0.028731 ^ hold3/A (sky130_fd_sc_hd__dlygate4sd3_1)
     1    0.002245    0.050155    0.520642    0.549373 ^ hold3/X (sky130_fd_sc_hd__dlygate4sd3_1)
                      0.050155    0.000008    0.549381 ^ input1/A (sky130_fd_sc_hd__clkbuf_1)
     4    0.010046    0.128186    0.140071    0.689452 ^ input1/X (sky130_fd_sc_hd__clkbuf_1)
                      0.128186    0.000036    0.689488 ^ _08_/B (sky130_fd_sc_hd__nand2_1)
     2    0.006353    0.063727    0.089901    0.779389 v _08_/Y (sky130_fd_sc_hd__nand2_1)
                      0.063727    0.000033    0.779421 v _09_/B (sky130_fd_sc_hd__xnor2_1)
     1    0.002138    0.044475    0.121153    0.900575 v _09_/Y (sky130_fd_sc_hd__xnor2_1)
                      0.044475    0.000020    0.900595 v hold4/A (sky130_fd_sc_hd__dlygate4sd3_1)
     1    0.002594    0.051790    0.546111    1.446707 v hold4/X (sky130_fd_sc_hd__dlygate4sd3_1)
                      0.051790    0.000025    1.446731 v _16_/D (sky130_fd_sc_hd__dfrtp_1)
                                              1.446731   data arrival time

                                 10.000000   10.000000   clock i_clk (rise edge)
                                  0.000000   10.000000   clock source latency
     1    0.010573    0.053978    0.035883   10.035884 ^ i_clk (in)
                      0.053979    0.000000   10.035884 ^ clkbuf_0_i_clk/A (sky130_fd_sc_hd__clkbuf_16)
     2    0.019071    0.041053    0.127776   10.163659 ^ clkbuf_0_i_clk/X (sky130_fd_sc_hd__clkbuf_16)
                      0.041054    0.000252   10.163912 ^ clkbuf_1_1__f_i_clk/A (sky130_fd_sc_hd__clkbuf_16)
     2    0.005803    0.029492    0.110056   10.273968 ^ clkbuf_1_1__f_i_clk/X (sky130_fd_sc_hd__clkbuf_16)
                      0.029492    0.000062   10.274030 ^ _16_/CLK (sky130_fd_sc_hd__dfrtp_1)
                                 -0.250000   10.024030   clock uncertainty
                                  0.000000   10.024030   clock reconvergence pessimism
                                 -0.120787    9.903242   library setup time
                                              9.903242   data required time
---------------------------------------------------------------------------------------------
                                              9.903242   data required time
                                             -1.446731   data arrival time
---------------------------------------------------------------------------------------------
                                              8.456511   slack (MET)




===========================================================================
report_checks --slack_max -0.01
============================================================================
======================= min_tt_025C_1v80 Corner ===================================

Warning: corner.tcl line 85, unknown field nets.
No paths found.


===========================================================================
 report_check_types -max_slew -max_cap -max_fanout -violators
============================================================================
======================= min_tt_025C_1v80 Corner ===================================



===========================================================================
report_parasitic_annotation -report_unannotated
============================================================================
Found 36 unannotated drivers.
 ui_in[0]
 ui_in[1]
 ui_in[2]
 ui_in[3]
 ui_in[4]
 ui_in[5]
 ui_in[6]
 ui_in[7]
 uio_in[0]
 uio_in[1]
 uio_in[2]
 uio_in[3]
 uio_in[4]
 uio_in[5]
 uio_in[6]
 uio_in[7]
 tt_if_10/HI
 tt_if_11/HI
 tt_if_12/HI
 tt_if_13/HI
 tt_if_14/HI
 tt_if_15/HI
 tt_if_16/HI
 tt_if_17/HI
 tt_if_18/HI
 tt_if_19/HI
 tt_if_20/HI
 tt_if_21/HI
 tt_if_22/HI
 tt_if_23/HI
 tt_if_24/HI
 tt_if_25/HI
 tt_if_26/HI
 tt_if_7/HI
 tt_if_8/HI
 tt_if_9/HI
Found 0 partially unannotated drivers.

===========================================================================
max slew violation count 0
max fanout violation count 0
max cap violation count 0
============================================================================

===========================================================================
check_setup -verbose -unconstrained_endpoints -multiple_clock -no_clock -no_input_delay -loops -generated_clocks
===========================================================================
Warning: There are 20 unconstrained endpoints.
  uio_oe[0]
  uio_oe[1]
  uio_oe[2]
  uio_oe[3]
  uio_oe[4]
  uio_oe[5]
  uio_oe[6]
  uio_oe[7]
  uio_out[0]
  uio_out[1]
  uio_out[2]
  uio_out[3]
  uio_out[4]
  uio_out[5]
  uio_out[6]
  uio_out[7]
  uo_out[4]
  uo_out[5]
  uo_out[6]
  uo_out[7]
