Clock: i_clk
Sources: i_clk 
Generated: no
Virtual: yes
Propagated: no
Period: 10.000000

===========================================================================
report_clock_properties
============================================================================
Clock                   Period          Waveform
----------------------------------------------------
i_clk                10.000000    0.000000  5.000000

===========================================================================
report_clock_latency
============================================================================
Clock i_clk
rise -> rise
    min     max
0.000000 0.000000 source latency
0.273282         network latency _17_/CLK
        0.274031 network latency _19_/CLK
---------------
0.273282 0.274031 latency
        0.000749 skew

fall -> fall
    min     max
0.000000 0.000000 source latency
0.279709         network latency _17_/CLK
        0.280393 network latency _19_/CLK
---------------
0.279709 0.280393 latency
        0.000684 skew



===========================================================================
report_clock_min_period
============================================================================
i_clk period_min = 1.50 fmax = 666.39
