
===========================================================================
report_checks -path_delay max (Setup)
============================================================================
======================= min_tt_025C_1v80 Corner ===================================

Warning: corner.tcl line 67, unknown field nets.
Warning: corner.tcl line 67, report_checks -group_count is deprecated. Use -group_path_count instead.
Startpoint: i_ena (input port clocked by i_clk)
Endpoint: _16_ (rising edge-triggered flip-flop clocked by i_clk)
Path Group: i_clk
Path Type: max

Fanout         Cap        Slew       Delay        Time   Description
---------------------------------------------------------------------------------------------
                                  0.000000    0.000000   clock i_clk (rise edge)
                                  0.000000    0.000000   clock network delay (propagated)
                                  0.020000    0.020000 ^ input external delay
     1    0.002352    0.017835    0.008731    0.028731 ^ i_ena (in)
                      0.017835    0.000000    0.028731 ^ hold3/A (sky130_fd_sc_hd__dlygate4sd3_1)
     1    0.002245    0.050155    0.520642    0.549373 ^ hold3/X (sky130_fd_sc_hd__dlygate4sd3_1)
                      0.050155    0.000008    0.549381 ^ input1/A (sky130_fd_sc_hd__clkbuf_1)
     4    0.010046    0.128186    0.140071    0.689452 ^ input1/X (sky130_fd_sc_hd__clkbuf_1)
                      0.128186    0.000036    0.689488 ^ _08_/B (sky130_fd_sc_hd__nand2_1)
     2    0.006353    0.063727    0.089901    0.779389 v _08_/Y (sky130_fd_sc_hd__nand2_1)
                      0.063727    0.000033    0.779421 v _09_/B (sky130_fd_sc_hd__xnor2_1)
     1    0.002138    0.044475    0.121153    0.900575 v _09_/Y (sky130_fd_sc_hd__xnor2_1)
                      0.044475    0.000020    0.900595 v hold4/A (sky130_fd_sc_hd__dlygate4sd3_1)
     1    0.002594    0.051790    0.546111    1.446707 v hold4/X (sky130_fd_sc_hd__dlygate4sd3_1)
                      0.051790    0.000025    1.446731 v _16_/D (sky130_fd_sc_hd__dfrtp_1)
                                              1.446731   data arrival time

                                 10.000000   10.000000   clock i_clk (rise edge)
                                  0.000000   10.000000   clock source latency
     1    0.010573    0.053978    0.035883   10.035884 ^ i_clk (in)
                      0.053979    0.000000   10.035884 ^ clkbuf_0_i_clk/A (sky130_fd_sc_hd__clkbuf_16)
     2    0.019071    0.041053    0.127776   10.163659 ^ clkbuf_0_i_clk/X (sky130_fd_sc_hd__clkbuf_16)
                      0.041054    0.000252   10.163912 ^ clkbuf_1_1__f_i_clk/A (sky130_fd_sc_hd__clkbuf_16)
     2    0.005803    0.029492    0.110056   10.273968 ^ clkbuf_1_1__f_i_clk/X (sky130_fd_sc_hd__clkbuf_16)
                      0.029492    0.000062   10.274030 ^ _16_/CLK (sky130_fd_sc_hd__dfrtp_1)
                                 -0.250000   10.024030   clock uncertainty
                                  0.000000   10.024030   clock reconvergence pessimism
                                 -0.120787    9.903242   library setup time
                                              9.903242   data required time
---------------------------------------------------------------------------------------------
                                              9.903242   data required time
                                             -1.446731   data arrival time
---------------------------------------------------------------------------------------------
                                              8.456511   slack (MET)


Startpoint: _18_ (rising edge-triggered flip-flop clocked by i_clk)
Endpoint: _18_ (rising edge-triggered flip-flop clocked by i_clk)
Path Group: i_clk
Path Type: max

Fanout         Cap        Slew       Delay        Time   Description
---------------------------------------------------------------------------------------------
                                  0.000000    0.000000   clock i_clk (rise edge)
                                  0.000000    0.000000   clock source latency
     1    0.010573    0.053978    0.035884    0.035884 ^ i_clk (in)
                      0.053979    0.000000    0.035884 ^ clkbuf_0_i_clk/A (sky130_fd_sc_hd__clkbuf_16)
     2    0.019071    0.041053    0.127776    0.163660 ^ clkbuf_0_i_clk/X (sky130_fd_sc_hd__clkbuf_16)
                      0.041054    0.000269    0.163929 ^ clkbuf_1_0__f_i_clk/A (sky130_fd_sc_hd__clkbuf_16)
     2    0.005171    0.028919    0.109299    0.273228 ^ clkbuf_1_0__f_i_clk/X (sky130_fd_sc_hd__clkbuf_16)
                      0.028919    0.000072    0.273300 ^ _18_/CLK (sky130_fd_sc_hd__dfrtp_1)
     2    0.005462    0.051316    0.362204    0.635503 v _18_/Q (sky130_fd_sc_hd__dfrtp_1)
                      0.051316    0.000039    0.635543 v hold5/A (sky130_fd_sc_hd__dlygate4sd3_1)
     1    0.005516    0.066153    0.569871    1.205414 v hold5/X (sky130_fd_sc_hd__dlygate4sd3_1)
                      0.066153    0.000068    1.205482 v _13_/A (sky130_fd_sc_hd__xor2_1)
     1    0.002482    0.046175    0.160176    1.365658 v _13_/X (sky130_fd_sc_hd__xor2_1)
                      0.046175    0.000015    1.365673 v _18_/D (sky130_fd_sc_hd__dfrtp_1)
                                              1.365673   data arrival time

                                 10.000000   10.000000   clock i_clk (rise edge)
                                  0.000000   10.000000   clock source latency
     1    0.010573    0.053978    0.035883   10.035884 ^ i_clk (in)
                      0.053979    0.000000   10.035884 ^ clkbuf_0_i_clk/A (sky130_fd_sc_hd__clkbuf_16)
     2    0.019071    0.041053    0.127776   10.163659 ^ clkbuf_0_i_clk/X (sky130_fd_sc_hd__clkbuf_16)
                      0.041054    0.000269   10.163929 ^ clkbuf_1_0__f_i_clk/A (sky130_fd_sc_hd__clkbuf_16)
     2    0.005171    0.028919    0.109299   10.273228 ^ clkbuf_1_0__f_i_clk/X (sky130_fd_sc_hd__clkbuf_16)
                      0.028919    0.000072   10.273300 ^ _18_/CLK (sky130_fd_sc_hd__dfrtp_1)
                                 -0.250000   10.023300   clock uncertainty
                                  0.000000   10.023300   clock reconvergence pessimism
                                 -0.118466    9.904834   library setup time
                                              9.904834   data required time
---------------------------------------------------------------------------------------------
                                              9.904834   data required time
                                             -1.365673   data arrival time
---------------------------------------------------------------------------------------------
                                              8.539161   slack (MET)


Startpoint: i_ena (input port clocked by i_clk)
Endpoint: _17_ (rising edge-triggered flip-flop clocked by i_clk)
Path Group: i_clk
Path Type: max

Fanout         Cap        Slew       Delay        Time   Description
---------------------------------------------------------------------------------------------
                                  0.000000    0.000000   clock i_clk (rise edge)
                                  0.000000    0.000000   clock network delay (propagated)
                                  0.020000    0.020000 ^ input external delay
     1    0.002352    0.017835    0.008731    0.028731 ^ i_ena (in)
                      0.017835    0.000000    0.028731 ^ hold3/A (sky130_fd_sc_hd__dlygate4sd3_1)
     1    0.002245    0.050155    0.520642    0.549373 ^ hold3/X (sky130_fd_sc_hd__dlygate4sd3_1)
                      0.050155    0.000008    0.549381 ^ input1/A (sky130_fd_sc_hd__clkbuf_1)
     4    0.010046    0.128186    0.140071    0.689452 ^ input1/X (sky130_fd_sc_hd__clkbuf_1)
                      0.128186    0.000044    0.689496 ^ _10_/D (sky130_fd_sc_hd__and4_1)
     2    0.007257    0.092292    0.236075    0.925572 ^ _10_/X (sky130_fd_sc_hd__and4_1)
                      0.092292    0.000056    0.925628 ^ _12_/A_N (sky130_fd_sc_hd__and2b_1)
     1    0.003390    0.036503    0.185397    1.111024 v _12_/X (sky130_fd_sc_hd__and2b_1)
                      0.036503    0.000043    1.111068 v _17_/D (sky130_fd_sc_hd__dfrtp_1)
                                              1.111068   data arrival time

                                 10.000000   10.000000   clock i_clk (rise edge)
                                  0.000000   10.000000   clock source latency
     1    0.010573    0.053978    0.035883   10.035884 ^ i_clk (in)
                      0.053979    0.000000   10.035884 ^ clkbuf_0_i_clk/A (sky130_fd_sc_hd__clkbuf_16)
     2    0.019071    0.041053    0.127776   10.163659 ^ clkbuf_0_i_clk/X (sky130_fd_sc_hd__clkbuf_16)
                      0.041054    0.000269   10.163929 ^ clkbuf_1_0__f_i_clk/A (sky130_fd_sc_hd__clkbuf_16)
     2    0.005171    0.028919    0.109299   10.273228 ^ clkbuf_1_0__f_i_clk/X (sky130_fd_sc_hd__clkbuf_16)
                      0.028919    0.000054   10.273282 ^ _17_/CLK (sky130_fd_sc_hd__dfrtp_1)
                                 -0.250000   10.023282   clock uncertainty
                                  0.000000   10.023282   clock reconvergence pessimism
                                 -0.114242    9.909040   library setup time
                                              9.909040   data required time
---------------------------------------------------------------------------------------------
                                              9.909040   data required time
                                             -1.111068   data arrival time
---------------------------------------------------------------------------------------------
                                              8.797973   slack (MET)


Startpoint: _16_ (rising edge-triggered flip-flop clocked by i_clk)
Endpoint: uo_out[1] (output port clocked by i_clk)
Path Group: i_clk
Path Type: max

Fanout         Cap        Slew       Delay        Time   Description
---------------------------------------------------------------------------------------------
                                  0.000000    0.000000   clock i_clk (rise edge)
                                  0.000000    0.000000   clock source latency
     1    0.010573    0.053978    0.035884    0.035884 ^ i_clk (in)
                      0.053979    0.000000    0.035884 ^ clkbuf_0_i_clk/A (sky130_fd_sc_hd__clkbuf_16)
     2    0.019071    0.041053    0.127776    0.163660 ^ clkbuf_0_i_clk/X (sky130_fd_sc_hd__clkbuf_16)
                      0.041054    0.000252    0.163911 ^ clkbuf_1_1__f_i_clk/A (sky130_fd_sc_hd__clkbuf_16)
     2    0.005803    0.029492    0.110057    0.273968 ^ clkbuf_1_1__f_i_clk/X (sky130_fd_sc_hd__clkbuf_16)
                      0.029492    0.000062    0.274030 ^ _16_/CLK (sky130_fd_sc_hd__dfrtp_1)
     4    0.014458    0.136793    0.384281    0.658311 ^ _16_/Q (sky130_fd_sc_hd__dfrtp_1)
                      0.136793    0.000145    0.658456 ^ output4/A (sky130_fd_sc_hd__buf_2)
     1    0.034763    0.172886    0.232291    0.890747 ^ output4/X (sky130_fd_sc_hd__buf_2)
                      0.172886    0.000459    0.891206 ^ uo_out[1] (out)
                                              0.891206   data arrival time

                                 10.000000   10.000000   clock i_clk (rise edge)
                                  0.000000   10.000000   clock network delay (propagated)
                                 -0.250000    9.750000   clock uncertainty
                                  0.000000    9.750000   clock reconvergence pessimism
                                 -0.020000    9.730000   output external delay
                                              9.730000   data required time
---------------------------------------------------------------------------------------------
                                              9.730000   data required time
                                             -0.891206   data arrival time
---------------------------------------------------------------------------------------------
                                              8.838795   slack (MET)


Startpoint: _19_ (rising edge-triggered flip-flop clocked by i_clk)
Endpoint: uo_out[0] (output port clocked by i_clk)
Path Group: i_clk
Path Type: max

Fanout         Cap        Slew       Delay        Time   Description
---------------------------------------------------------------------------------------------
                                  0.000000    0.000000   clock i_clk (rise edge)
                                  0.000000    0.000000   clock source latency
     1    0.010573    0.053978    0.035884    0.035884 ^ i_clk (in)
                      0.053979    0.000000    0.035884 ^ clkbuf_0_i_clk/A (sky130_fd_sc_hd__clkbuf_16)
     2    0.019071    0.041053    0.127776    0.163660 ^ clkbuf_0_i_clk/X (sky130_fd_sc_hd__clkbuf_16)
                      0.041054    0.000252    0.163911 ^ clkbuf_1_1__f_i_clk/A (sky130_fd_sc_hd__clkbuf_16)
     2    0.005803    0.029492    0.110057    0.273968 ^ clkbuf_1_1__f_i_clk/X (sky130_fd_sc_hd__clkbuf_16)
                      0.029492    0.000063    0.274031 ^ _19_/CLK (sky130_fd_sc_hd__dfrtp_1)
     5    0.012901    0.123960    0.374961    0.648992 ^ _19_/Q (sky130_fd_sc_hd__dfrtp_1)
                      0.123960    0.000095    0.649087 ^ output3/A (sky130_fd_sc_hd__buf_2)
     1    0.034493    0.171603    0.227947    0.877034 ^ output3/X (sky130_fd_sc_hd__buf_2)
                      0.171603    0.000426    0.877460 ^ uo_out[0] (out)
                                              0.877460   data arrival time

                                 10.000000   10.000000   clock i_clk (rise edge)
                                  0.000000   10.000000   clock network delay (propagated)
                                 -0.250000    9.750000   clock uncertainty
                                  0.000000    9.750000   clock reconvergence pessimism
                                 -0.020000    9.730000   output external delay
                                              9.730000   data required time
---------------------------------------------------------------------------------------------
                                              9.730000   data required time
                                             -0.877460   data arrival time
---------------------------------------------------------------------------------------------
                                              8.852540   slack (MET)


Startpoint: _19_ (rising edge-triggered flip-flop clocked by i_clk)
Endpoint: _19_ (rising edge-triggered flip-flop clocked by i_clk)
Path Group: i_clk
Path Type: max

Fanout         Cap        Slew       Delay        Time   Description
---------------------------------------------------------------------------------------------
                                  0.000000    0.000000   clock i_clk (rise edge)
                                  0.000000    0.000000   clock source latency
     1    0.010573    0.053978    0.035884    0.035884 ^ i_clk (in)
                      0.053979    0.000000    0.035884 ^ clkbuf_0_i_clk/A (sky130_fd_sc_hd__clkbuf_16)
     2    0.019071    0.041053    0.127776    0.163660 ^ clkbuf_0_i_clk/X (sky130_fd_sc_hd__clkbuf_16)
                      0.041054    0.000252    0.163911 ^ clkbuf_1_1__f_i_clk/A (sky130_fd_sc_hd__clkbuf_16)
     2    0.005803    0.029492    0.110057    0.273968 ^ clkbuf_1_1__f_i_clk/X (sky130_fd_sc_hd__clkbuf_16)
                      0.029492    0.000063    0.274031 ^ _19_/CLK (sky130_fd_sc_hd__dfrtp_1)
     5    0.012291    0.080660    0.395296    0.669327 v _19_/Q (sky130_fd_sc_hd__dfrtp_1)
                      0.080660    0.000078    0.669405 v _14_/A (sky130_fd_sc_hd__or2_1)
     1    0.001720    0.042112    0.224603    0.894008 v _14_/X (sky130_fd_sc_hd__or2_1)
                      0.042112    0.000015    0.894022 v _15_/B (sky130_fd_sc_hd__and2_1)
     1    0.003105    0.036417    0.150549    1.044572 v _15_/X (sky130_fd_sc_hd__and2_1)
                      0.036417    0.000035    1.044607 v _19_/D (sky130_fd_sc_hd__dfrtp_1)
                                              1.044607   data arrival time

                                 10.000000   10.000000   clock i_clk (rise edge)
                                  0.000000   10.000000   clock source latency
     1    0.010573    0.053978    0.035883   10.035884 ^ i_clk (in)
                      0.053979    0.000000   10.035884 ^ clkbuf_0_i_clk/A (sky130_fd_sc_hd__clkbuf_16)
     2    0.019071    0.041053    0.127776   10.163659 ^ clkbuf_0_i_clk/X (sky130_fd_sc_hd__clkbuf_16)
                      0.041054    0.000252   10.163912 ^ clkbuf_1_1__f_i_clk/A (sky130_fd_sc_hd__clkbuf_16)
     2    0.005803    0.029492    0.110056   10.273968 ^ clkbuf_1_1__f_i_clk/X (sky130_fd_sc_hd__clkbuf_16)
                      0.029492    0.000064   10.274032 ^ _19_/CLK (sky130_fd_sc_hd__dfrtp_1)
                                 -0.250000   10.024032   clock uncertainty
                                  0.000000   10.024032   clock reconvergence pessimism
                                 -0.114074    9.909958   library setup time
                                              9.909958   data required time
---------------------------------------------------------------------------------------------
                                              9.909958   data required time
                                             -1.044607   data arrival time
---------------------------------------------------------------------------------------------
                                              8.865352   slack (MET)


Startpoint: _17_ (rising edge-triggered flip-flop clocked by i_clk)
Endpoint: uo_out[2] (output port clocked by i_clk)
Path Group: i_clk
Path Type: max

Fanout         Cap        Slew       Delay        Time   Description
---------------------------------------------------------------------------------------------
                                  0.000000    0.000000   clock i_clk (rise edge)
                                  0.000000    0.000000   clock source latency
     1    0.010573    0.053978    0.035884    0.035884 ^ i_clk (in)
                      0.053979    0.000000    0.035884 ^ clkbuf_0_i_clk/A (sky130_fd_sc_hd__clkbuf_16)
     2    0.019071    0.041053    0.127776    0.163660 ^ clkbuf_0_i_clk/X (sky130_fd_sc_hd__clkbuf_16)
                      0.041054    0.000269    0.163929 ^ clkbuf_1_0__f_i_clk/A (sky130_fd_sc_hd__clkbuf_16)
     2    0.005171    0.028919    0.109299    0.273228 ^ clkbuf_1_0__f_i_clk/X (sky130_fd_sc_hd__clkbuf_16)
                      0.028919    0.000054    0.273282 ^ _17_/CLK (sky130_fd_sc_hd__dfrtp_1)
     3    0.009738    0.098094    0.355534    0.628815 ^ _17_/Q (sky130_fd_sc_hd__dfrtp_1)
                      0.098094    0.000178    0.628993 ^ output5/A (sky130_fd_sc_hd__buf_2)
     1    0.034638    0.172144    0.219025    0.848018 ^ output5/X (sky130_fd_sc_hd__buf_2)
                      0.172144    0.000453    0.848472 ^ uo_out[2] (out)
                                              0.848472   data arrival time

                                 10.000000   10.000000   clock i_clk (rise edge)
                                  0.000000   10.000000   clock network delay (propagated)
                                 -0.250000    9.750000   clock uncertainty
                                  0.000000    9.750000   clock reconvergence pessimism
                                 -0.020000    9.730000   output external delay
                                              9.730000   data required time
---------------------------------------------------------------------------------------------
                                              9.730000   data required time
                                             -0.848472   data arrival time
---------------------------------------------------------------------------------------------
                                              8.881529   slack (MET)


Startpoint: _18_ (rising edge-triggered flip-flop clocked by i_clk)
Endpoint: uo_out[3] (output port clocked by i_clk)
Path Group: i_clk
Path Type: max

Fanout         Cap        Slew       Delay        Time   Description
---------------------------------------------------------------------------------------------
                                  0.000000    0.000000   clock i_clk (rise edge)
                                  0.000000    0.000000   clock source latency
     1    0.010573    0.053978    0.035884    0.035884 ^ i_clk (in)
                      0.053979    0.000000    0.035884 ^ clkbuf_0_i_clk/A (sky130_fd_sc_hd__clkbuf_16)
     2    0.019071    0.041053    0.127776    0.163660 ^ clkbuf_0_i_clk/X (sky130_fd_sc_hd__clkbuf_16)
                      0.041054    0.000269    0.163929 ^ clkbuf_1_0__f_i_clk/A (sky130_fd_sc_hd__clkbuf_16)
     2    0.005171    0.028919    0.109299    0.273228 ^ clkbuf_1_0__f_i_clk/X (sky130_fd_sc_hd__clkbuf_16)
                      0.028919    0.000072    0.273300 ^ _18_/CLK (sky130_fd_sc_hd__dfrtp_1)
     2    0.005462    0.051316    0.362204    0.635503 v _18_/Q (sky130_fd_sc_hd__dfrtp_1)
                      0.051316    0.000058    0.635562 v output6/A (sky130_fd_sc_hd__buf_2)
     1    0.034524    0.089919    0.183476    0.819037 v output6/X (sky130_fd_sc_hd__buf_2)
                      0.089920    0.000438    0.819476 v uo_out[3] (out)
                                              0.819476   data arrival time

                                 10.000000   10.000000   clock i_clk (rise edge)
                                  0.000000   10.000000   clock network delay (propagated)
                                 -0.250000    9.750000   clock uncertainty
                                  0.000000    9.750000   clock reconvergence pessimism
                                 -0.020000    9.730000   output external delay
                                              9.730000   data required time
---------------------------------------------------------------------------------------------
                                              9.730000   data required time
                                             -0.819476   data arrival time
---------------------------------------------------------------------------------------------
                                              8.910525   slack (MET)


Startpoint: i_rst_n (input port clocked by i_clk)
Endpoint: _17_ (recovery check against rising-edge clock i_clk)
Path Group: asynchronous
Path Type: max

Fanout         Cap        Slew       Delay        Time   Description
---------------------------------------------------------------------------------------------
                                  0.000000    0.000000   clock i_clk (rise edge)
                                  0.000000    0.000000   clock network delay (propagated)
                                  0.020000    0.020000 ^ input external delay
     1    0.002547    0.018655    0.009415    0.029415 ^ i_rst_n (in)
                      0.018655    0.000000    0.029415 ^ hold1/A (sky130_fd_sc_hd__dlygate4sd3_1)
     1    0.002522    0.050505    0.523531    0.552946 ^ hold1/X (sky130_fd_sc_hd__dlygate4sd3_1)
                      0.050505    0.000028    0.552974 ^ input2/A (sky130_fd_sc_hd__dlymetal6s2s_1)
     1    0.002556    0.054113    0.096748    0.649721 ^ input2/X (sky130_fd_sc_hd__dlymetal6s2s_1)
                      0.054113    0.000030    0.649751 ^ hold2/A (sky130_fd_sc_hd__dlygate4sd3_1)
     4    0.017543    0.185499    0.645087    1.294838 ^ hold2/X (sky130_fd_sc_hd__dlygate4sd3_1)
                      0.185499    0.000134    1.294972 ^ _17_/RESET_B (sky130_fd_sc_hd__dfrtp_1)
                                              1.294972   data arrival time

                                 10.000000   10.000000   clock i_clk (rise edge)
                                  0.000000   10.000000   clock source latency
     1    0.010573    0.053978    0.035883   10.035884 ^ i_clk (in)
                      0.053979    0.000000   10.035884 ^ clkbuf_0_i_clk/A (sky130_fd_sc_hd__clkbuf_16)
     2    0.019071    0.041053    0.127776   10.163659 ^ clkbuf_0_i_clk/X (sky130_fd_sc_hd__clkbuf_16)
                      0.041054    0.000269   10.163929 ^ clkbuf_1_0__f_i_clk/A (sky130_fd_sc_hd__clkbuf_16)
     2    0.005171    0.028919    0.109299   10.273228 ^ clkbuf_1_0__f_i_clk/X (sky130_fd_sc_hd__clkbuf_16)
                      0.028919    0.000054   10.273282 ^ _17_/CLK (sky130_fd_sc_hd__dfrtp_1)
                                 -0.250000   10.023282   clock uncertainty
                                  0.000000   10.023282   clock reconvergence pessimism
                                  0.188936   10.212218   library recovery time
                                             10.212218   data required time
---------------------------------------------------------------------------------------------
                                             10.212218   data required time
                                             -1.294972   data arrival time
---------------------------------------------------------------------------------------------
                                              8.917246   slack (MET)


Startpoint: i_rst_n (input port clocked by i_clk)
Endpoint: _18_ (recovery check against rising-edge clock i_clk)
Path Group: asynchronous
Path Type: max

Fanout         Cap        Slew       Delay        Time   Description
---------------------------------------------------------------------------------------------
                                  0.000000    0.000000   clock i_clk (rise edge)
                                  0.000000    0.000000   clock network delay (propagated)
                                  0.020000    0.020000 ^ input external delay
     1    0.002547    0.018655    0.009415    0.029415 ^ i_rst_n (in)
                      0.018655    0.000000    0.029415 ^ hold1/A (sky130_fd_sc_hd__dlygate4sd3_1)
     1    0.002522    0.050505    0.523531    0.552946 ^ hold1/X (sky130_fd_sc_hd__dlygate4sd3_1)
                      0.050505    0.000028    0.552974 ^ input2/A (sky130_fd_sc_hd__dlymetal6s2s_1)
     1    0.002556    0.054113    0.096748    0.649721 ^ input2/X (sky130_fd_sc_hd__dlymetal6s2s_1)
                      0.054113    0.000030    0.649751 ^ hold2/A (sky130_fd_sc_hd__dlygate4sd3_1)
     4    0.017543    0.185499    0.645087    1.294838 ^ hold2/X (sky130_fd_sc_hd__dlygate4sd3_1)
                      0.185499    0.000107    1.294944 ^ _18_/RESET_B (sky130_fd_sc_hd__dfrtp_1)
                                              1.294944   data arrival time

                                 10.000000   10.000000   clock i_clk (rise edge)
                                  0.000000   10.000000   clock source latency
     1    0.010573    0.053978    0.035883   10.035884 ^ i_clk (in)
                      0.053979    0.000000   10.035884 ^ clkbuf_0_i_clk/A (sky130_fd_sc_hd__clkbuf_16)
     2    0.019071    0.041053    0.127776   10.163659 ^ clkbuf_0_i_clk/X (sky130_fd_sc_hd__clkbuf_16)
                      0.041054    0.000269   10.163929 ^ clkbuf_1_0__f_i_clk/A (sky130_fd_sc_hd__clkbuf_16)
     2    0.005171    0.028919    0.109299   10.273228 ^ clkbuf_1_0__f_i_clk/X (sky130_fd_sc_hd__clkbuf_16)
                      0.028919    0.000072   10.273300 ^ _18_/CLK (sky130_fd_sc_hd__dfrtp_1)
                                 -0.250000   10.023300   clock uncertainty
                                  0.000000   10.023300   clock reconvergence pessimism
                                  0.188936   10.212235   library recovery time
                                             10.212235   data required time
---------------------------------------------------------------------------------------------
                                             10.212235   data required time
                                             -1.294944   data arrival time
---------------------------------------------------------------------------------------------
                                              8.917291   slack (MET)


Startpoint: i_rst_n (input port clocked by i_clk)
Endpoint: _19_ (recovery check against rising-edge clock i_clk)
Path Group: asynchronous
Path Type: max

Fanout         Cap        Slew       Delay        Time   Description
---------------------------------------------------------------------------------------------
                                  0.000000    0.000000   clock i_clk (rise edge)
                                  0.000000    0.000000   clock network delay (propagated)
                                  0.020000    0.020000 ^ input external delay
     1    0.002547    0.018655    0.009415    0.029415 ^ i_rst_n (in)
                      0.018655    0.000000    0.029415 ^ hold1/A (sky130_fd_sc_hd__dlygate4sd3_1)
     1    0.002522    0.050505    0.523531    0.552946 ^ hold1/X (sky130_fd_sc_hd__dlygate4sd3_1)
                      0.050505    0.000028    0.552974 ^ input2/A (sky130_fd_sc_hd__dlymetal6s2s_1)
     1    0.002556    0.054113    0.096748    0.649721 ^ input2/X (sky130_fd_sc_hd__dlymetal6s2s_1)
                      0.054113    0.000030    0.649751 ^ hold2/A (sky130_fd_sc_hd__dlygate4sd3_1)
     4    0.017543    0.185499    0.645087    1.294838 ^ hold2/X (sky130_fd_sc_hd__dlygate4sd3_1)
                      0.185499    0.000141    1.294979 ^ _19_/RESET_B (sky130_fd_sc_hd__dfrtp_1)
                                              1.294979   data arrival time

                                 10.000000   10.000000   clock i_clk (rise edge)
                                  0.000000   10.000000   clock source latency
     1    0.010573    0.053978    0.035883   10.035884 ^ i_clk (in)
                      0.053979    0.000000   10.035884 ^ clkbuf_0_i_clk/A (sky130_fd_sc_hd__clkbuf_16)
     2    0.019071    0.041053    0.127776   10.163659 ^ clkbuf_0_i_clk/X (sky130_fd_sc_hd__clkbuf_16)
                      0.041054    0.000252   10.163912 ^ clkbuf_1_1__f_i_clk/A (sky130_fd_sc_hd__clkbuf_16)
     2    0.005803    0.029492    0.110056   10.273968 ^ clkbuf_1_1__f_i_clk/X (sky130_fd_sc_hd__clkbuf_16)
                      0.029492    0.000064   10.274032 ^ _19_/CLK (sky130_fd_sc_hd__dfrtp_1)
                                 -0.250000   10.024032   clock uncertainty
                                  0.000000   10.024032   clock reconvergence pessimism
                                  0.189115   10.213146   library recovery time
                                             10.213146   data required time
---------------------------------------------------------------------------------------------
                                             10.213146   data required time
                                             -1.294979   data arrival time
---------------------------------------------------------------------------------------------
                                              8.918168   slack (MET)


Startpoint: i_rst_n (input port clocked by i_clk)
Endpoint: _16_ (recovery check against rising-edge clock i_clk)
Path Group: asynchronous
Path Type: max

Fanout         Cap        Slew       Delay        Time   Description
---------------------------------------------------------------------------------------------
                                  0.000000    0.000000   clock i_clk (rise edge)
                                  0.000000    0.000000   clock network delay (propagated)
                                  0.020000    0.020000 ^ input external delay
     1    0.002547    0.018655    0.009415    0.029415 ^ i_rst_n (in)
                      0.018655    0.000000    0.029415 ^ hold1/A (sky130_fd_sc_hd__dlygate4sd3_1)
     1    0.002522    0.050505    0.523531    0.552946 ^ hold1/X (sky130_fd_sc_hd__dlygate4sd3_1)
                      0.050505    0.000028    0.552974 ^ input2/A (sky130_fd_sc_hd__dlymetal6s2s_1)
     1    0.002556    0.054113    0.096748    0.649721 ^ input2/X (sky130_fd_sc_hd__dlymetal6s2s_1)
                      0.054113    0.000030    0.649751 ^ hold2/A (sky130_fd_sc_hd__dlygate4sd3_1)
     4    0.017543    0.185499    0.645087    1.294838 ^ hold2/X (sky130_fd_sc_hd__dlygate4sd3_1)
                      0.185499    0.000129    1.294966 ^ _16_/RESET_B (sky130_fd_sc_hd__dfrtp_1)
                                              1.294966   data arrival time

                                 10.000000   10.000000   clock i_clk (rise edge)
                                  0.000000   10.000000   clock source latency
     1    0.010573    0.053978    0.035883   10.035884 ^ i_clk (in)
                      0.053979    0.000000   10.035884 ^ clkbuf_0_i_clk/A (sky130_fd_sc_hd__clkbuf_16)
     2    0.019071    0.041053    0.127776   10.163659 ^ clkbuf_0_i_clk/X (sky130_fd_sc_hd__clkbuf_16)
                      0.041054    0.000252   10.163912 ^ clkbuf_1_1__f_i_clk/A (sky130_fd_sc_hd__clkbuf_16)
     2    0.005803    0.029492    0.110056   10.273968 ^ clkbuf_1_1__f_i_clk/X (sky130_fd_sc_hd__clkbuf_16)
                      0.029492    0.000062   10.274030 ^ _16_/CLK (sky130_fd_sc_hd__dfrtp_1)
                                 -0.250000   10.024030   clock uncertainty
                                  0.000000   10.024030   clock reconvergence pessimism
                                  0.189115   10.213144   library recovery time
                                             10.213144   data required time
---------------------------------------------------------------------------------------------
                                             10.213144   data required time
                                             -1.294966   data arrival time
---------------------------------------------------------------------------------------------
                                              8.918178   slack (MET)



