
===========================================================================
report_checks -path_delay min (Hold)
============================================================================
======================= min_tt_025C_1v80 Corner ===================================

Warning: corner.tcl line 57, unknown field nets.
Warning: corner.tcl line 57, report_checks -group_count is deprecated. Use -group_path_count instead.
Startpoint: _17_ (rising edge-triggered flip-flop clocked by i_clk)
Endpoint: _17_ (rising edge-triggered flip-flop clocked by i_clk)
Path Group: i_clk
Path Type: min

Fanout         Cap        Slew       Delay        Time   Description
---------------------------------------------------------------------------------------------
                                  0.000000    0.000000   clock i_clk (rise edge)
                                  0.000000    0.000000   clock source latency
     1    0.010573    0.053978    0.035884    0.035884 ^ i_clk (in)
                      0.053979    0.000000    0.035884 ^ clkbuf_0_i_clk/A (sky130_fd_sc_hd__clkbuf_16)
     2    0.019071    0.041053    0.127776    0.163660 ^ clkbuf_0_i_clk/X (sky130_fd_sc_hd__clkbuf_16)
                      0.041054    0.000269    0.163929 ^ clkbuf_1_0__f_i_clk/A (sky130_fd_sc_hd__clkbuf_16)
     2    0.005171    0.028919    0.109299    0.273228 ^ clkbuf_1_0__f_i_clk/X (sky130_fd_sc_hd__clkbuf_16)
                      0.028919    0.000054    0.273282 ^ _17_/CLK (sky130_fd_sc_hd__dfrtp_1)
     3    0.009738    0.098094    0.355534    0.628815 ^ _17_/Q (sky130_fd_sc_hd__dfrtp_1)
                      0.098094    0.000104    0.628920 ^ _11_/B1 (sky130_fd_sc_hd__a31o_1)
     1    0.001953    0.034633    0.096945    0.725865 ^ _11_/X (sky130_fd_sc_hd__a31o_1)
                      0.034633    0.000017    0.725882 ^ _12_/B (sky130_fd_sc_hd__and2b_1)
     1    0.003447    0.046435    0.114534    0.840415 ^ _12_/X (sky130_fd_sc_hd__and2b_1)
                      0.046435    0.000044    0.840460 ^ _17_/D (sky130_fd_sc_hd__dfrtp_1)
                                              0.840460   data arrival time

                                  0.000000    0.000000   clock i_clk (rise edge)
                                  0.000000    0.000000   clock source latency
     1    0.010573    0.053978    0.035884    0.035884 ^ i_clk (in)
                      0.053979    0.000000    0.035884 ^ clkbuf_0_i_clk/A (sky130_fd_sc_hd__clkbuf_16)
     2    0.019071    0.041053    0.127776    0.163660 ^ clkbuf_0_i_clk/X (sky130_fd_sc_hd__clkbuf_16)
                      0.041054    0.000269    0.163929 ^ clkbuf_1_0__f_i_clk/A (sky130_fd_sc_hd__clkbuf_16)
     2    0.005171    0.028919    0.109299    0.273228 ^ clkbuf_1_0__f_i_clk/X (sky130_fd_sc_hd__clkbuf_16)
                      0.028919    0.000054    0.273282 ^ _17_/CLK (sky130_fd_sc_hd__dfrtp_1)
                                  0.250000    0.523282   clock uncertainty
                                  0.000000    0.523282   clock reconvergence pessimism
                                 -0.037263    0.486019   library hold time
                                              0.486019   data required time
---------------------------------------------------------------------------------------------
                                              0.486019   data required time
                                             -0.840460   data arrival time
---------------------------------------------------------------------------------------------
                                              0.354441   slack (MET)


Startpoint: _19_ (rising edge-triggered flip-flop clocked by i_clk)
Endpoint: _19_ (rising edge-triggered flip-flop clocked by i_clk)
Path Group: i_clk
Path Type: min

Fanout         Cap        Slew       Delay        Time   Description
---------------------------------------------------------------------------------------------
                                  0.000000    0.000000   clock i_clk (rise edge)
                                  0.000000    0.000000   clock source latency
     1    0.010573    0.053978    0.035884    0.035884 ^ i_clk (in)
                      0.053979    0.000000    0.035884 ^ clkbuf_0_i_clk/A (sky130_fd_sc_hd__clkbuf_16)
     2    0.019071    0.041053    0.127776    0.163660 ^ clkbuf_0_i_clk/X (sky130_fd_sc_hd__clkbuf_16)
                      0.041054    0.000252    0.163911 ^ clkbuf_1_1__f_i_clk/A (sky130_fd_sc_hd__clkbuf_16)
     2    0.005803    0.029492    0.110057    0.273968 ^ clkbuf_1_1__f_i_clk/X (sky130_fd_sc_hd__clkbuf_16)
                      0.029492    0.000063    0.274031 ^ _19_/CLK (sky130_fd_sc_hd__dfrtp_1)
     5    0.012901    0.123960    0.374961    0.648992 ^ _19_/Q (sky130_fd_sc_hd__dfrtp_1)
                      0.123960    0.000083    0.649075 ^ _14_/A (sky130_fd_sc_hd__or2_1)
     1    0.001849    0.032898    0.110185    0.759260 ^ _14_/X (sky130_fd_sc_hd__or2_1)
                      0.032898    0.000016    0.759275 ^ _15_/B (sky130_fd_sc_hd__and2_1)
     1    0.003162    0.049062    0.113790    0.873065 ^ _15_/X (sky130_fd_sc_hd__and2_1)
                      0.049062    0.000036    0.873101 ^ _19_/D (sky130_fd_sc_hd__dfrtp_1)
                                              0.873101   data arrival time

                                  0.000000    0.000000   clock i_clk (rise edge)
                                  0.000000    0.000000   clock source latency
     1    0.010573    0.053978    0.035884    0.035884 ^ i_clk (in)
                      0.053979    0.000000    0.035884 ^ clkbuf_0_i_clk/A (sky130_fd_sc_hd__clkbuf_16)
     2    0.019071    0.041053    0.127776    0.163660 ^ clkbuf_0_i_clk/X (sky130_fd_sc_hd__clkbuf_16)
                      0.041054    0.000252    0.163911 ^ clkbuf_1_1__f_i_clk/A (sky130_fd_sc_hd__clkbuf_16)
     2    0.005803    0.029492    0.110057    0.273968 ^ clkbuf_1_1__f_i_clk/X (sky130_fd_sc_hd__clkbuf_16)
                      0.029492    0.000063    0.274031 ^ _19_/CLK (sky130_fd_sc_hd__dfrtp_1)
                                  0.250000    0.524031   clock uncertainty
                                  0.000000    0.524031   clock reconvergence pessimism
                                 -0.037736    0.486295   library hold time
                                              0.486295   data required time
---------------------------------------------------------------------------------------------
                                              0.486295   data required time
                                             -0.873101   data arrival time
---------------------------------------------------------------------------------------------
                                              0.386806   slack (MET)


Startpoint: i_rst_n (input port clocked by i_clk)
Endpoint: _16_ (removal check against rising-edge clock i_clk)
Path Group: asynchronous
Path Type: min

Fanout         Cap        Slew       Delay        Time   Description
---------------------------------------------------------------------------------------------
                                  0.000000    0.000000   clock i_clk (rise edge)
                                  0.000000    0.000000   clock network delay (propagated)
                                  0.020000    0.020000 ^ input external delay
     1    0.002547    0.018655    0.009415    0.029415 ^ i_rst_n (in)
                      0.018655    0.000000    0.029415 ^ hold1/A (sky130_fd_sc_hd__dlygate4sd3_1)
     1    0.002522    0.050505    0.523531    0.552946 ^ hold1/X (sky130_fd_sc_hd__dlygate4sd3_1)
                      0.050505    0.000028    0.552974 ^ input2/A (sky130_fd_sc_hd__dlymetal6s2s_1)
     1    0.002556    0.054113    0.096748    0.649721 ^ input2/X (sky130_fd_sc_hd__dlymetal6s2s_1)
                      0.054113    0.000030    0.649751 ^ hold2/A (sky130_fd_sc_hd__dlygate4sd3_1)
     4    0.017543    0.185499    0.645087    1.294838 ^ hold2/X (sky130_fd_sc_hd__dlygate4sd3_1)
                      0.185499    0.000129    1.294966 ^ _16_/RESET_B (sky130_fd_sc_hd__dfrtp_1)
                                              1.294966   data arrival time

                                  0.000000    0.000000   clock i_clk (rise edge)
                                  0.000000    0.000000   clock source latency
     1    0.010573    0.053978    0.035884    0.035884 ^ i_clk (in)
                      0.053979    0.000000    0.035884 ^ clkbuf_0_i_clk/A (sky130_fd_sc_hd__clkbuf_16)
     2    0.019071    0.041053    0.127776    0.163660 ^ clkbuf_0_i_clk/X (sky130_fd_sc_hd__clkbuf_16)
                      0.041054    0.000252    0.163911 ^ clkbuf_1_1__f_i_clk/A (sky130_fd_sc_hd__clkbuf_16)
     2    0.005803    0.029492    0.110057    0.273968 ^ clkbuf_1_1__f_i_clk/X (sky130_fd_sc_hd__clkbuf_16)
                      0.029492    0.000062    0.274030 ^ _16_/CLK (sky130_fd_sc_hd__dfrtp_1)
                                  0.250000    0.524030   clock uncertainty
                                  0.000000    0.524030   clock reconvergence pessimism
                                  0.354686    0.878716   library removal time
                                              0.878716   data required time
---------------------------------------------------------------------------------------------
                                              0.878716   data required time
                                             -1.294966   data arrival time
---------------------------------------------------------------------------------------------
                                              0.416250   slack (MET)


Startpoint: i_rst_n (input port clocked by i_clk)
Endpoint: _19_ (removal check against rising-edge clock i_clk)
Path Group: asynchronous
Path Type: min

Fanout         Cap        Slew       Delay        Time   Description
---------------------------------------------------------------------------------------------
                                  0.000000    0.000000   clock i_clk (rise edge)
                                  0.000000    0.000000   clock network delay (propagated)
                                  0.020000    0.020000 ^ input external delay
     1    0.002547    0.018655    0.009415    0.029415 ^ i_rst_n (in)
                      0.018655    0.000000    0.029415 ^ hold1/A (sky130_fd_sc_hd__dlygate4sd3_1)
     1    0.002522    0.050505    0.523531    0.552946 ^ hold1/X (sky130_fd_sc_hd__dlygate4sd3_1)
                      0.050505    0.000028    0.552974 ^ input2/A (sky130_fd_sc_hd__dlymetal6s2s_1)
     1    0.002556    0.054113    0.096748    0.649721 ^ input2/X (sky130_fd_sc_hd__dlymetal6s2s_1)
                      0.054113    0.000030    0.649751 ^ hold2/A (sky130_fd_sc_hd__dlygate4sd3_1)
     4    0.017543    0.185499    0.645087    1.294838 ^ hold2/X (sky130_fd_sc_hd__dlygate4sd3_1)
                      0.185499    0.000141    1.294979 ^ _19_/RESET_B (sky130_fd_sc_hd__dfrtp_1)
                                              1.294979   data arrival time

                                  0.000000    0.000000   clock i_clk (rise edge)
                                  0.000000    0.000000   clock source latency
     1    0.010573    0.053978    0.035884    0.035884 ^ i_clk (in)
                      0.053979    0.000000    0.035884 ^ clkbuf_0_i_clk/A (sky130_fd_sc_hd__clkbuf_16)
     2    0.019071    0.041053    0.127776    0.163660 ^ clkbuf_0_i_clk/X (sky130_fd_sc_hd__clkbuf_16)
                      0.041054    0.000252    0.163911 ^ clkbuf_1_1__f_i_clk/A (sky130_fd_sc_hd__clkbuf_16)
     2    0.005803    0.029492    0.110057    0.273968 ^ clkbuf_1_1__f_i_clk/X (sky130_fd_sc_hd__clkbuf_16)
                      0.029492    0.000063    0.274031 ^ _19_/CLK (sky130_fd_sc_hd__dfrtp_1)
                                  0.250000    0.524031   clock uncertainty
                                  0.000000    0.524031   clock reconvergence pessimism
                                  0.354686    0.878718   library removal time
                                              0.878718   data required time
---------------------------------------------------------------------------------------------
                                              0.878718   data required time
                                             -1.294979   data arrival time
---------------------------------------------------------------------------------------------
                                              0.416261   slack (MET)


Startpoint: i_rst_n (input port clocked by i_clk)
Endpoint: _18_ (removal check against rising-edge clock i_clk)
Path Group: asynchronous
Path Type: min

Fanout         Cap        Slew       Delay        Time   Description
---------------------------------------------------------------------------------------------
                                  0.000000    0.000000   clock i_clk (rise edge)
                                  0.000000    0.000000   clock network delay (propagated)
                                  0.020000    0.020000 ^ input external delay
     1    0.002547    0.018655    0.009415    0.029415 ^ i_rst_n (in)
                      0.018655    0.000000    0.029415 ^ hold1/A (sky130_fd_sc_hd__dlygate4sd3_1)
     1    0.002522    0.050505    0.523531    0.552946 ^ hold1/X (sky130_fd_sc_hd__dlygate4sd3_1)
                      0.050505    0.000028    0.552974 ^ input2/A (sky130_fd_sc_hd__dlymetal6s2s_1)
     1    0.002556    0.054113    0.096748    0.649721 ^ input2/X (sky130_fd_sc_hd__dlymetal6s2s_1)
                      0.054113    0.000030    0.649751 ^ hold2/A (sky130_fd_sc_hd__dlygate4sd3_1)
     4    0.017543    0.185499    0.645087    1.294838 ^ hold2/X (sky130_fd_sc_hd__dlygate4sd3_1)
                      0.185499    0.000107    1.294944 ^ _18_/RESET_B (sky130_fd_sc_hd__dfrtp_1)
                                              1.294944   data arrival time

                                  0.000000    0.000000   clock i_clk (rise edge)
                                  0.000000    0.000000   clock source latency
     1    0.010573    0.053978    0.035884    0.035884 ^ i_clk (in)
                      0.053979    0.000000    0.035884 ^ clkbuf_0_i_clk/A (sky130_fd_sc_hd__clkbuf_16)
     2    0.019071    0.041053    0.127776    0.163660 ^ clkbuf_0_i_clk/X (sky130_fd_sc_hd__clkbuf_16)
                      0.041054    0.000269    0.163929 ^ clkbuf_1_0__f_i_clk/A (sky130_fd_sc_hd__clkbuf_16)
     2    0.005171    0.028919    0.109299    0.273228 ^ clkbuf_1_0__f_i_clk/X (sky130_fd_sc_hd__clkbuf_16)
                      0.028919    0.000072    0.273300 ^ _18_/CLK (sky130_fd_sc_hd__dfrtp_1)
                                  0.250000    0.523300   clock uncertainty
                                  0.000000    0.523300   clock reconvergence pessimism
                                  0.354531    0.877831   library removal time
                                              0.877831   data required time
---------------------------------------------------------------------------------------------
                                              0.877831   data required time
                                             -1.294944   data arrival time
---------------------------------------------------------------------------------------------
                                              0.417114   slack (MET)


Startpoint: i_rst_n (input port clocked by i_clk)
Endpoint: _17_ (removal check against rising-edge clock i_clk)
Path Group: asynchronous
Path Type: min

Fanout         Cap        Slew       Delay        Time   Description
---------------------------------------------------------------------------------------------
                                  0.000000    0.000000   clock i_clk (rise edge)
                                  0.000000    0.000000   clock network delay (propagated)
                                  0.020000    0.020000 ^ input external delay
     1    0.002547    0.018655    0.009415    0.029415 ^ i_rst_n (in)
                      0.018655    0.000000    0.029415 ^ hold1/A (sky130_fd_sc_hd__dlygate4sd3_1)
     1    0.002522    0.050505    0.523531    0.552946 ^ hold1/X (sky130_fd_sc_hd__dlygate4sd3_1)
                      0.050505    0.000028    0.552974 ^ input2/A (sky130_fd_sc_hd__dlymetal6s2s_1)
     1    0.002556    0.054113    0.096748    0.649721 ^ input2/X (sky130_fd_sc_hd__dlymetal6s2s_1)
                      0.054113    0.000030    0.649751 ^ hold2/A (sky130_fd_sc_hd__dlygate4sd3_1)
     4    0.017543    0.185499    0.645087    1.294838 ^ hold2/X (sky130_fd_sc_hd__dlygate4sd3_1)
                      0.185499    0.000134    1.294972 ^ _17_/RESET_B (sky130_fd_sc_hd__dfrtp_1)
                                              1.294972   data arrival time

                                  0.000000    0.000000   clock i_clk (rise edge)
                                  0.000000    0.000000   clock source latency
     1    0.010573    0.053978    0.035884    0.035884 ^ i_clk (in)
                      0.053979    0.000000    0.035884 ^ clkbuf_0_i_clk/A (sky130_fd_sc_hd__clkbuf_16)
     2    0.019071    0.041053    0.127776    0.163660 ^ clkbuf_0_i_clk/X (sky130_fd_sc_hd__clkbuf_16)
                      0.041054    0.000269    0.163929 ^ clkbuf_1_0__f_i_clk/A (sky130_fd_sc_hd__clkbuf_16)
     2    0.005171    0.028919    0.109299    0.273228 ^ clkbuf_1_0__f_i_clk/X (sky130_fd_sc_hd__clkbuf_16)
                      0.028919    0.000054    0.273282 ^ _17_/CLK (sky130_fd_sc_hd__dfrtp_1)
                                  0.250000    0.523282   clock uncertainty
                                  0.000000    0.523282   clock reconvergence pessimism
                                  0.354531    0.877812   library removal time
                                              0.877812   data required time
---------------------------------------------------------------------------------------------
                                              0.877812   data required time
                                             -1.294972   data arrival time
---------------------------------------------------------------------------------------------
                                              0.417159   slack (MET)


Startpoint: _17_ (rising edge-triggered flip-flop clocked by i_clk)
Endpoint: _18_ (rising edge-triggered flip-flop clocked by i_clk)
Path Group: i_clk
Path Type: min

Fanout         Cap        Slew       Delay        Time   Description
---------------------------------------------------------------------------------------------
                                  0.000000    0.000000   clock i_clk (rise edge)
                                  0.000000    0.000000   clock source latency
     1    0.010573    0.053978    0.035884    0.035884 ^ i_clk (in)
                      0.053979    0.000000    0.035884 ^ clkbuf_0_i_clk/A (sky130_fd_sc_hd__clkbuf_16)
     2    0.019071    0.041053    0.127776    0.163660 ^ clkbuf_0_i_clk/X (sky130_fd_sc_hd__clkbuf_16)
                      0.041054    0.000269    0.163929 ^ clkbuf_1_0__f_i_clk/A (sky130_fd_sc_hd__clkbuf_16)
     2    0.005171    0.028919    0.109299    0.273228 ^ clkbuf_1_0__f_i_clk/X (sky130_fd_sc_hd__clkbuf_16)
                      0.028919    0.000054    0.273282 ^ _17_/CLK (sky130_fd_sc_hd__dfrtp_1)
     3    0.009738    0.098094    0.355534    0.628815 ^ _17_/Q (sky130_fd_sc_hd__dfrtp_1)
                      0.098094    0.000168    0.628984 ^ _10_/C (sky130_fd_sc_hd__and4_1)
     2    0.007257    0.092136    0.225204    0.854188 ^ _10_/X (sky130_fd_sc_hd__and4_1)
                      0.092136    0.000087    0.854276 ^ _13_/B (sky130_fd_sc_hd__xor2_1)
     1    0.002482    0.034946    0.067551    0.921827 v _13_/X (sky130_fd_sc_hd__xor2_1)
                      0.034946    0.000015    0.921842 v _18_/D (sky130_fd_sc_hd__dfrtp_1)
                                              0.921842   data arrival time

                                  0.000000    0.000000   clock i_clk (rise edge)
                                  0.000000    0.000000   clock source latency
     1    0.010573    0.053978    0.035884    0.035884 ^ i_clk (in)
                      0.053979    0.000000    0.035884 ^ clkbuf_0_i_clk/A (sky130_fd_sc_hd__clkbuf_16)
     2    0.019071    0.041053    0.127776    0.163660 ^ clkbuf_0_i_clk/X (sky130_fd_sc_hd__clkbuf_16)
                      0.041054    0.000269    0.163929 ^ clkbuf_1_0__f_i_clk/A (sky130_fd_sc_hd__clkbuf_16)
     2    0.005171    0.028919    0.109299    0.273228 ^ clkbuf_1_0__f_i_clk/X (sky130_fd_sc_hd__clkbuf_16)
                      0.028919    0.000072    0.273300 ^ _18_/CLK (sky130_fd_sc_hd__dfrtp_1)
                                  0.250000    0.523300   clock uncertainty
                                  0.000000    0.523300   clock reconvergence pessimism
                                 -0.045350    0.477950   library hold time
                                              0.477950   data required time
---------------------------------------------------------------------------------------------
                                              0.477950   data required time
                                             -0.921842   data arrival time
---------------------------------------------------------------------------------------------
                                              0.443892   slack (MET)


Startpoint: _18_ (rising edge-triggered flip-flop clocked by i_clk)
Endpoint: uo_out[3] (output port clocked by i_clk)
Path Group: i_clk
Path Type: min

Fanout         Cap        Slew       Delay        Time   Description
---------------------------------------------------------------------------------------------
                                  0.000000    0.000000   clock i_clk (rise edge)
                                  0.000000    0.000000   clock source latency
     1    0.010573    0.053978    0.035884    0.035884 ^ i_clk (in)
                      0.053979    0.000000    0.035884 ^ clkbuf_0_i_clk/A (sky130_fd_sc_hd__clkbuf_16)
     2    0.019071    0.041053    0.127776    0.163660 ^ clkbuf_0_i_clk/X (sky130_fd_sc_hd__clkbuf_16)
                      0.041054    0.000269    0.163929 ^ clkbuf_1_0__f_i_clk/A (sky130_fd_sc_hd__clkbuf_16)
     2    0.005171    0.028919    0.109299    0.273228 ^ clkbuf_1_0__f_i_clk/X (sky130_fd_sc_hd__clkbuf_16)
                      0.028919    0.000072    0.273300 ^ _18_/CLK (sky130_fd_sc_hd__dfrtp_1)
     2    0.005787    0.067838    0.329194    0.602494 ^ _18_/Q (sky130_fd_sc_hd__dfrtp_1)
                      0.067838    0.000062    0.602556 ^ output6/A (sky130_fd_sc_hd__buf_2)
     1    0.034524    0.171429    0.207508    0.810064 ^ output6/X (sky130_fd_sc_hd__buf_2)
                      0.171429    0.000438    0.810502 ^ uo_out[3] (out)
                                              0.810502   data arrival time

                                  0.000000    0.000000   clock i_clk (rise edge)
                                  0.000000    0.000000   clock network delay (propagated)
                                  0.250000    0.250000   clock uncertainty
                                  0.000000    0.250000   clock reconvergence pessimism
                                 -0.020000    0.230000   output external delay
                                              0.230000   data required time
---------------------------------------------------------------------------------------------
                                              0.230000   data required time
                                             -0.810502   data arrival time
---------------------------------------------------------------------------------------------
                                              0.580502   slack (MET)


Startpoint: _17_ (rising edge-triggered flip-flop clocked by i_clk)
Endpoint: uo_out[2] (output port clocked by i_clk)
Path Group: i_clk
Path Type: min

Fanout         Cap        Slew       Delay        Time   Description
---------------------------------------------------------------------------------------------
                                  0.000000    0.000000   clock i_clk (rise edge)
                                  0.000000    0.000000   clock source latency
     1    0.010573    0.053978    0.035884    0.035884 ^ i_clk (in)
                      0.053979    0.000000    0.035884 ^ clkbuf_0_i_clk/A (sky130_fd_sc_hd__clkbuf_16)
     2    0.019071    0.041053    0.127776    0.163660 ^ clkbuf_0_i_clk/X (sky130_fd_sc_hd__clkbuf_16)
                      0.041054    0.000269    0.163929 ^ clkbuf_1_0__f_i_clk/A (sky130_fd_sc_hd__clkbuf_16)
     2    0.005171    0.028919    0.109299    0.273228 ^ clkbuf_1_0__f_i_clk/X (sky130_fd_sc_hd__clkbuf_16)
                      0.028919    0.000054    0.273282 ^ _17_/CLK (sky130_fd_sc_hd__dfrtp_1)
     3    0.009177    0.067605    0.382192    0.655474 v _17_/Q (sky130_fd_sc_hd__dfrtp_1)
                      0.067605    0.000169    0.655643 v output5/A (sky130_fd_sc_hd__buf_2)
     1    0.034638    0.090175    0.191043    0.846685 v output5/X (sky130_fd_sc_hd__buf_2)
                      0.090176    0.000453    0.847139 v uo_out[2] (out)
                                              0.847139   data arrival time

                                  0.000000    0.000000   clock i_clk (rise edge)
                                  0.000000    0.000000   clock network delay (propagated)
                                  0.250000    0.250000   clock uncertainty
                                  0.000000    0.250000   clock reconvergence pessimism
                                 -0.020000    0.230000   output external delay
                                              0.230000   data required time
---------------------------------------------------------------------------------------------
                                              0.230000   data required time
                                             -0.847139   data arrival time
---------------------------------------------------------------------------------------------
                                              0.617139   slack (MET)


Startpoint: _19_ (rising edge-triggered flip-flop clocked by i_clk)
Endpoint: uo_out[0] (output port clocked by i_clk)
Path Group: i_clk
Path Type: min

Fanout         Cap        Slew       Delay        Time   Description
---------------------------------------------------------------------------------------------
                                  0.000000    0.000000   clock i_clk (rise edge)
                                  0.000000    0.000000   clock source latency
     1    0.010573    0.053978    0.035884    0.035884 ^ i_clk (in)
                      0.053979    0.000000    0.035884 ^ clkbuf_0_i_clk/A (sky130_fd_sc_hd__clkbuf_16)
     2    0.019071    0.041053    0.127776    0.163660 ^ clkbuf_0_i_clk/X (sky130_fd_sc_hd__clkbuf_16)
                      0.041054    0.000252    0.163911 ^ clkbuf_1_1__f_i_clk/A (sky130_fd_sc_hd__clkbuf_16)
     2    0.005803    0.029492    0.110057    0.273968 ^ clkbuf_1_1__f_i_clk/X (sky130_fd_sc_hd__clkbuf_16)
                      0.029492    0.000063    0.274031 ^ _19_/CLK (sky130_fd_sc_hd__dfrtp_1)
     5    0.012291    0.080660    0.395296    0.669327 v _19_/Q (sky130_fd_sc_hd__dfrtp_1)
                      0.080660    0.000090    0.669417 v output3/A (sky130_fd_sc_hd__buf_2)
     1    0.034493    0.089864    0.196732    0.866149 v output3/X (sky130_fd_sc_hd__buf_2)
                      0.089865    0.000426    0.866575 v uo_out[0] (out)
                                              0.866575   data arrival time

                                  0.000000    0.000000   clock i_clk (rise edge)
                                  0.000000    0.000000   clock network delay (propagated)
                                  0.250000    0.250000   clock uncertainty
                                  0.000000    0.250000   clock reconvergence pessimism
                                 -0.020000    0.230000   output external delay
                                              0.230000   data required time
---------------------------------------------------------------------------------------------
                                              0.230000   data required time
                                             -0.866575   data arrival time
---------------------------------------------------------------------------------------------
                                              0.636575   slack (MET)


Startpoint: _16_ (rising edge-triggered flip-flop clocked by i_clk)
Endpoint: uo_out[1] (output port clocked by i_clk)
Path Group: i_clk
Path Type: min

Fanout         Cap        Slew       Delay        Time   Description
---------------------------------------------------------------------------------------------
                                  0.000000    0.000000   clock i_clk (rise edge)
                                  0.000000    0.000000   clock source latency
     1    0.010573    0.053978    0.035884    0.035884 ^ i_clk (in)
                      0.053979    0.000000    0.035884 ^ clkbuf_0_i_clk/A (sky130_fd_sc_hd__clkbuf_16)
     2    0.019071    0.041053    0.127776    0.163660 ^ clkbuf_0_i_clk/X (sky130_fd_sc_hd__clkbuf_16)
                      0.041054    0.000252    0.163911 ^ clkbuf_1_1__f_i_clk/A (sky130_fd_sc_hd__clkbuf_16)
     2    0.005803    0.029492    0.110057    0.273968 ^ clkbuf_1_1__f_i_clk/X (sky130_fd_sc_hd__clkbuf_16)
                      0.029492    0.000062    0.274030 ^ _16_/CLK (sky130_fd_sc_hd__dfrtp_1)
     4    0.013719    0.086952    0.400960    0.674990 v _16_/Q (sky130_fd_sc_hd__dfrtp_1)
                      0.086952    0.000138    0.675127 v output4/A (sky130_fd_sc_hd__buf_2)
     1    0.034763    0.090466    0.200074    0.875201 v output4/X (sky130_fd_sc_hd__buf_2)
                      0.090468    0.000458    0.875660 v uo_out[1] (out)
                                              0.875660   data arrival time

                                  0.000000    0.000000   clock i_clk (rise edge)
                                  0.000000    0.000000   clock network delay (propagated)
                                  0.250000    0.250000   clock uncertainty
                                  0.000000    0.250000   clock reconvergence pessimism
                                 -0.020000    0.230000   output external delay
                                              0.230000   data required time
---------------------------------------------------------------------------------------------
                                              0.230000   data required time
                                             -0.875660   data arrival time
---------------------------------------------------------------------------------------------
                                              0.645660   slack (MET)


Startpoint: _16_ (rising edge-triggered flip-flop clocked by i_clk)
Endpoint: _16_ (rising edge-triggered flip-flop clocked by i_clk)
Path Group: i_clk
Path Type: min

Fanout         Cap        Slew       Delay        Time   Description
---------------------------------------------------------------------------------------------
                                  0.000000    0.000000   clock i_clk (rise edge)
                                  0.000000    0.000000   clock source latency
     1    0.010573    0.053978    0.035884    0.035884 ^ i_clk (in)
                      0.053979    0.000000    0.035884 ^ clkbuf_0_i_clk/A (sky130_fd_sc_hd__clkbuf_16)
     2    0.019071    0.041053    0.127776    0.163660 ^ clkbuf_0_i_clk/X (sky130_fd_sc_hd__clkbuf_16)
                      0.041054    0.000252    0.163911 ^ clkbuf_1_1__f_i_clk/A (sky130_fd_sc_hd__clkbuf_16)
     2    0.005803    0.029492    0.110057    0.273968 ^ clkbuf_1_1__f_i_clk/X (sky130_fd_sc_hd__clkbuf_16)
                      0.029492    0.000062    0.274030 ^ _16_/CLK (sky130_fd_sc_hd__dfrtp_1)
     4    0.014458    0.136793    0.384281    0.658311 ^ _16_/Q (sky130_fd_sc_hd__dfrtp_1)
                      0.136793    0.000299    0.658610 ^ _09_/A (sky130_fd_sc_hd__xnor2_1)
     1    0.002138    0.030714    0.082568    0.741178 v _09_/Y (sky130_fd_sc_hd__xnor2_1)
                      0.030714    0.000020    0.741198 v hold4/A (sky130_fd_sc_hd__dlygate4sd3_1)
     1    0.002594    0.051908    0.540753    1.281952 v hold4/X (sky130_fd_sc_hd__dlygate4sd3_1)
                      0.051908    0.000025    1.281977 v _16_/D (sky130_fd_sc_hd__dfrtp_1)
                                              1.281977   data arrival time

                                  0.000000    0.000000   clock i_clk (rise edge)
                                  0.000000    0.000000   clock source latency
     1    0.010573    0.053978    0.035884    0.035884 ^ i_clk (in)
                      0.053979    0.000000    0.035884 ^ clkbuf_0_i_clk/A (sky130_fd_sc_hd__clkbuf_16)
     2    0.019071    0.041053    0.127776    0.163660 ^ clkbuf_0_i_clk/X (sky130_fd_sc_hd__clkbuf_16)
                      0.041054    0.000252    0.163911 ^ clkbuf_1_1__f_i_clk/A (sky130_fd_sc_hd__clkbuf_16)
     2    0.005803    0.029492    0.110057    0.273968 ^ clkbuf_1_1__f_i_clk/X (sky130_fd_sc_hd__clkbuf_16)
                      0.029492    0.000062    0.274030 ^ _16_/CLK (sky130_fd_sc_hd__dfrtp_1)
                                  0.250000    0.524030   clock uncertainty
                                  0.000000    0.524030   clock reconvergence pessimism
                                 -0.052126    0.471904   library hold time
                                              0.471904   data required time
---------------------------------------------------------------------------------------------
                                              0.471904   data required time
                                             -1.281977   data arrival time
---------------------------------------------------------------------------------------------
                                              0.810073   slack (MET)



