
===========================================================================
report_checks -unconstrained
===========================================================================
======================= nom_tt_025C_1v80 Corner ===================================

Startpoint: i_rst_n (input port clocked by i_clk)
Endpoint: _17_ (recovery check against rising-edge clock i_clk)
Path Group: asynchronous
Path Type: max

Fanout         Cap        Slew       Delay        Time   Description
---------------------------------------------------------------------------------------------
                                  0.000000    0.000000   clock i_clk (rise edge)
                                  0.000000    0.000000   clock network delay (propagated)
                                  0.020000    0.020000 ^ input external delay
     1    0.002480    0.018374    0.009177    0.029177 ^ i_rst_n (in)
                      0.018374    0.000000    0.029177 ^ hold1/A (sky130_fd_sc_hd__dlygate4sd3_1)
     1    0.002227    0.049997    0.520665    0.549842 ^ hold1/X (sky130_fd_sc_hd__dlygate4sd3_1)
                      0.049997    0.000006    0.549849 ^ input2/A (sky130_fd_sc_hd__dlymetal6s2s_1)
     1    0.002238    0.051960    0.094392    0.644240 ^ input2/X (sky130_fd_sc_hd__dlymetal6s2s_1)
                      0.051960    0.000007    0.644247 ^ hold2/A (sky130_fd_sc_hd__dlygate4sd3_1)
     4    0.017063    0.184743    0.641203    1.285450 ^ hold2/X (sky130_fd_sc_hd__dlygate4sd3_1)
                      0.184743    0.000039    1.285489 ^ _17_/RESET_B (sky130_fd_sc_hd__dfrtp_1)
                                              1.285489   data arrival time

                                 10.000000   10.000000   clock i_clk (rise edge)
                                  0.000000   10.000000   clock source latency
     1    0.009715    0.050144    0.033086   10.033086 ^ i_clk (in)
                      0.050144    0.000000   10.033086 ^ clkbuf_0_i_clk/A (sky130_fd_sc_hd__clkbuf_16)
     2    0.017915    0.040070    0.125330   10.158416 ^ clkbuf_0_i_clk/X (sky130_fd_sc_hd__clkbuf_16)
                      0.040070    0.000099   10.158514 ^ clkbuf_1_0__f_i_clk/A (sky130_fd_sc_hd__clkbuf_16)
     2    0.004611    0.028408    0.108277   10.266791 ^ clkbuf_1_0__f_i_clk/X (sky130_fd_sc_hd__clkbuf_16)
                      0.028408    0.000014   10.266806 ^ _17_/CLK (sky130_fd_sc_hd__dfrtp_1)
                                 -0.250000   10.016806   clock uncertainty
                                  0.000000   10.016806   clock reconvergence pessimism
                                  0.188972   10.205778   library recovery time
                                             10.205778   data required time
---------------------------------------------------------------------------------------------
                                             10.205778   data required time
                                             -1.285489   data arrival time
---------------------------------------------------------------------------------------------
                                              8.920289   slack (MET)


Startpoint: i_ena (input port clocked by i_clk)
Endpoint: _16_ (rising edge-triggered flip-flop clocked by i_clk)
Path Group: i_clk
Path Type: max

Fanout         Cap        Slew       Delay        Time   Description
---------------------------------------------------------------------------------------------
                                  0.000000    0.000000   clock i_clk (rise edge)
                                  0.000000    0.000000   clock network delay (propagated)
                                  0.020000    0.020000 ^ input external delay
     1    0.002310    0.017660    0.008580    0.028580 ^ i_ena (in)
                      0.017660    0.000000    0.028580 ^ hold3/A (sky130_fd_sc_hd__dlygate4sd3_1)
     1    0.002236    0.050073    0.520495    0.549074 ^ hold3/X (sky130_fd_sc_hd__dlygate4sd3_1)
                      0.050073    0.000000    0.549075 ^ input1/A (sky130_fd_sc_hd__clkbuf_1)
     4    0.009375    0.120479    0.134744    0.683819 ^ input1/X (sky130_fd_sc_hd__clkbuf_1)
                      0.120479    0.000006    0.683825 ^ _08_/B (sky130_fd_sc_hd__nand2_1)
     2    0.006280    0.063831    0.087765    0.771591 v _08_/Y (sky130_fd_sc_hd__nand2_1)
                      0.063831    0.000012    0.771602 v _09_/B (sky130_fd_sc_hd__xnor2_1)
     1    0.001944    0.042214    0.119977    0.891579 v _09_/Y (sky130_fd_sc_hd__xnor2_1)
                      0.042214    0.000004    0.891584 v hold4/A (sky130_fd_sc_hd__dlygate4sd3_1)
     1    0.002307    0.051967    0.542628    1.434211 v hold4/X (sky130_fd_sc_hd__dlygate4sd3_1)
                      0.051967    0.000005    1.434216 v _16_/D (sky130_fd_sc_hd__dfrtp_1)
                                              1.434216   data arrival time

                                 10.000000   10.000000   clock i_clk (rise edge)
                                  0.000000   10.000000   clock source latency
     1    0.009715    0.050144    0.033086   10.033086 ^ i_clk (in)
                      0.050144    0.000000   10.033086 ^ clkbuf_0_i_clk/A (sky130_fd_sc_hd__clkbuf_16)
     2    0.017915    0.040070    0.125330   10.158416 ^ clkbuf_0_i_clk/X (sky130_fd_sc_hd__clkbuf_16)
                      0.040070    0.000096   10.158512 ^ clkbuf_1_1__f_i_clk/A (sky130_fd_sc_hd__clkbuf_16)
     2    0.004773    0.028557    0.108471   10.266982 ^ clkbuf_1_1__f_i_clk/X (sky130_fd_sc_hd__clkbuf_16)
                      0.028557    0.000021   10.267004 ^ _16_/CLK (sky130_fd_sc_hd__dfrtp_1)
                                 -0.250000   10.017003   clock uncertainty
                                  0.000000   10.017003   clock reconvergence pessimism
                                 -0.121079    9.895926   library setup time
                                              9.895926   data required time
---------------------------------------------------------------------------------------------
                                              9.895926   data required time
                                             -1.434216   data arrival time
---------------------------------------------------------------------------------------------
                                              8.461709   slack (MET)




===========================================================================
report_checks --slack_max -0.01
============================================================================
======================= nom_tt_025C_1v80 Corner ===================================

No paths found.


===========================================================================
 report_check_types -max_slew -max_cap -max_fanout -violators
============================================================================
======================= nom_tt_025C_1v80 Corner ===================================



===========================================================================
report_parasitic_annotation -report_unannotated
============================================================================
Found 36 unannotated drivers.
 ui_in[0]
 ui_in[1]
 ui_in[2]
 ui_in[3]
 ui_in[4]
 ui_in[5]
 ui_in[6]
 ui_in[7]
 uio_in[0]
 uio_in[1]
 uio_in[2]
 uio_in[3]
 uio_in[4]
 uio_in[5]
 uio_in[6]
 uio_in[7]
 tt_if_10/HI
 tt_if_11/HI
 tt_if_12/HI
 tt_if_13/HI
 tt_if_14/HI
 tt_if_15/HI
 tt_if_16/HI
 tt_if_17/HI
 tt_if_18/HI
 tt_if_19/HI
 tt_if_20/HI
 tt_if_21/HI
 tt_if_22/HI
 tt_if_23/HI
 tt_if_24/HI
 tt_if_25/HI
 tt_if_26/HI
 tt_if_7/HI
 tt_if_8/HI
 tt_if_9/HI
Found 0 partially unannotated drivers.

===========================================================================
max slew violation count 0
Writing metric design__max_slew_violation__count__corner:nom_tt_025C_1v80: 0
max fanout violation count 0
Writing metric design__max_fanout_violation__count__corner:nom_tt_025C_1v80: 0
max cap violation count 0
Writing metric design__max_cap_violation__count__corner:nom_tt_025C_1v80: 0
============================================================================

===========================================================================
check_setup -verbose -unconstrained_endpoints -multiple_clock -no_clock -no_input_delay -loops -generated_clocks
===========================================================================
Warning: There are 20 unconstrained endpoints.
  uio_oe[0]
  uio_oe[1]
  uio_oe[2]
  uio_oe[3]
  uio_oe[4]
  uio_oe[5]
  uio_oe[6]
  uio_oe[7]
  uio_out[0]
  uio_out[1]
  uio_out[2]
  uio_out[3]
  uio_out[4]
  uio_out[5]
  uio_out[6]
  uio_out[7]
  uo_out[4]
  uo_out[5]
  uo_out[6]
  uo_out[7]
