Clock: i_clk
Sources: i_clk 
Generated: no
Virtual: yes
Propagated: no
Period: 10.000000

===========================================================================
report_clock_properties
============================================================================
Clock                   Period          Waveform
----------------------------------------------------
i_clk                10.000000    0.000000  5.000000

===========================================================================
report_clock_latency
============================================================================
Clock i_clk
rise -> rise
    min     max
0.000000 0.000000 source latency
0.266805         network latency _17_/CLK
        0.267003 network latency _16_/CLK
---------------
0.266805 0.267003 latency
        0.000198 skew

fall -> fall
    min     max
0.000000 0.000000 source latency
0.275532         network latency _17_/CLK
        0.275713 network latency _16_/CLK
---------------
0.275532 0.275713 latency
        0.000181 skew



===========================================================================
report_clock_min_period
============================================================================
i_clk period_min = 1.48 fmax = 673.81
