Reading OpenROAD database at '/home/omare/Documents/UWASIC/Matrix-Vector-Analog/digital/AXI_IF/build/synthesis/runs/tt_if_full/36-openroad-resizertimingpostcts/tt_if.odb'…
Reading library file at '/home/omare/.volare/sky130A/libs.ref/sky130_fd_sc_hd/lib/sky130_fd_sc_hd__tt_025C_1v80.lib'…
Reading design constraints file at '/home/omare/Documents/UWASIC/Matrix-Vector-Analog/.venv/lib/python3.12/site-packages/openlane/scripts/base.sdc'…
[INFO] Using clock i_clk…
[INFO] Setting output delay to: 0.02
[INFO] Setting input delay to: 0.02
[INFO] Setting load to: 0.033442
[INFO] Setting clock uncertainty to: 0.25
[INFO] Setting clock transition to: 0.1499999999999999944488848768742172978818416595458984375
[INFO] Setting timing derate to: 5%
[INFO] Setting RC values…
%OL_CREATE_REPORT min.rpt

===========================================================================
report_checks -path_delay min (Hold)
============================================================================
======================= nom_tt_025C_1v80 Corner ===================================

[WARNING STA-0168] unknown field nets.
[WARNING STA-0503] report_checks -group_count is deprecated. Use -group_path_count instead.
Startpoint: _17_ (rising edge-triggered flip-flop clocked by i_clk)
Endpoint: _17_ (rising edge-triggered flip-flop clocked by i_clk)
Path Group: i_clk
Path Type: min

Fanout         Cap        Slew       Delay        Time   Description
---------------------------------------------------------------------------------------------
                                  0.000000    0.000000   clock i_clk (rise edge)
                                  0.000000    0.000000   clock source latency
     1    0.009715    0.050144    0.033085    0.033085 ^ i_clk (in)
                      0.050144    0.000000    0.033085 ^ clkbuf_0_i_clk/A (sky130_fd_sc_hd__clkbuf_16)
     2    0.017915    0.040070    0.125330    0.158416 ^ clkbuf_0_i_clk/X (sky130_fd_sc_hd__clkbuf_16)
                      0.040070    0.000098    0.158514 ^ clkbuf_1_0__f_i_clk/A (sky130_fd_sc_hd__clkbuf_16)
     2    0.004611    0.028408    0.108277    0.266791 ^ clkbuf_1_0__f_i_clk/X (sky130_fd_sc_hd__clkbuf_16)
                      0.028408    0.000015    0.266805 ^ _17_/CLK (sky130_fd_sc_hd__dfrtp_1)
     3    0.007750    0.083294    0.342251    0.609056 ^ _17_/Q (sky130_fd_sc_hd__dfrtp_1)
                      0.083294    0.000032    0.609088 ^ _11_/B1 (sky130_fd_sc_hd__a31o_1)
     1    0.001964    0.035389    0.092520    0.701608 ^ _11_/X (sky130_fd_sc_hd__a31o_1)
                      0.035389    0.000003    0.701611 ^ _12_/B (sky130_fd_sc_hd__and2b_1)
     1    0.002926    0.042304    0.110884    0.812495 ^ _12_/X (sky130_fd_sc_hd__and2b_1)
                      0.042304    0.000015    0.812510 ^ _17_/D (sky130_fd_sc_hd__dfrtp_1)
                                              0.812510   data arrival time

                                  0.000000    0.000000   clock i_clk (rise edge)
                                  0.000000    0.000000   clock source latency
     1    0.009715    0.050144    0.033085    0.033085 ^ i_clk (in)
                      0.050144    0.000000    0.033085 ^ clkbuf_0_i_clk/A (sky130_fd_sc_hd__clkbuf_16)
     2    0.017915    0.040070    0.125330    0.158416 ^ clkbuf_0_i_clk/X (sky130_fd_sc_hd__clkbuf_16)
                      0.040070    0.000098    0.158514 ^ clkbuf_1_0__f_i_clk/A (sky130_fd_sc_hd__clkbuf_16)
     2    0.004611    0.028408    0.108277    0.266791 ^ clkbuf_1_0__f_i_clk/X (sky130_fd_sc_hd__clkbuf_16)
                      0.028408    0.000015    0.266805 ^ _17_/CLK (sky130_fd_sc_hd__dfrtp_1)
                                  0.250000    0.516805   clock uncertainty
                                  0.000000    0.516805   clock reconvergence pessimism
                                 -0.036465    0.480340   library hold time
                                              0.480340   data required time
---------------------------------------------------------------------------------------------
                                              0.480340   data required time
                                             -0.812510   data arrival time
---------------------------------------------------------------------------------------------
                                              0.332170   slack (MET)


Startpoint: _19_ (rising edge-triggered flip-flop clocked by i_clk)
Endpoint: _19_ (rising edge-triggered flip-flop clocked by i_clk)
Path Group: i_clk
Path Type: min

Fanout         Cap        Slew       Delay        Time   Description
---------------------------------------------------------------------------------------------
                                  0.000000    0.000000   clock i_clk (rise edge)
                                  0.000000    0.000000   clock source latency
     1    0.009715    0.050144    0.033085    0.033085 ^ i_clk (in)
                      0.050144    0.000000    0.033085 ^ clkbuf_0_i_clk/A (sky130_fd_sc_hd__clkbuf_16)
     2    0.017915    0.040070    0.125330    0.158416 ^ clkbuf_0_i_clk/X (sky130_fd_sc_hd__clkbuf_16)
                      0.040070    0.000096    0.158511 ^ clkbuf_1_1__f_i_clk/A (sky130_fd_sc_hd__clkbuf_16)
     2    0.004773    0.028557    0.108471    0.266982 ^ clkbuf_1_1__f_i_clk/X (sky130_fd_sc_hd__clkbuf_16)
                      0.028557    0.000021    0.267003 ^ _19_/CLK (sky130_fd_sc_hd__dfrtp_1)
     5    0.011461    0.115210    0.365932    0.632934 ^ _19_/Q (sky130_fd_sc_hd__dfrtp_1)
                      0.115210    0.000017    0.632952 ^ _14_/A (sky130_fd_sc_hd__or2_1)
     1    0.001793    0.033101    0.107041    0.739992 ^ _14_/X (sky130_fd_sc_hd__or2_1)
                      0.033101    0.000003    0.739995 ^ _15_/B (sky130_fd_sc_hd__and2_1)
     1    0.002784    0.047348    0.110957    0.850952 ^ _15_/X (sky130_fd_sc_hd__and2_1)
                      0.047348    0.000012    0.850964 ^ _19_/D (sky130_fd_sc_hd__dfrtp_1)
                                              0.850964   data arrival time

                                  0.000000    0.000000   clock i_clk (rise edge)
                                  0.000000    0.000000   clock source latency
     1    0.009715    0.050144    0.033085    0.033085 ^ i_clk (in)
                      0.050144    0.000000    0.033085 ^ clkbuf_0_i_clk/A (sky130_fd_sc_hd__clkbuf_16)
     2    0.017915    0.040070    0.125330    0.158416 ^ clkbuf_0_i_clk/X (sky130_fd_sc_hd__clkbuf_16)
                      0.040070    0.000096    0.158511 ^ clkbuf_1_1__f_i_clk/A (sky130_fd_sc_hd__clkbuf_16)
     2    0.004773    0.028557    0.108471    0.266982 ^ clkbuf_1_1__f_i_clk/X (sky130_fd_sc_hd__clkbuf_16)
                      0.028557    0.000021    0.267003 ^ _19_/CLK (sky130_fd_sc_hd__dfrtp_1)
                                  0.250000    0.517003   clock uncertainty
                                  0.000000    0.517003   clock reconvergence pessimism
                                 -0.037504    0.479499   library hold time
                                              0.479499   data required time
---------------------------------------------------------------------------------------------
                                              0.479499   data required time
                                             -0.850964   data arrival time
---------------------------------------------------------------------------------------------
                                              0.371465   slack (MET)


Startpoint: i_rst_n (input port clocked by i_clk)
Endpoint: _16_ (removal check against rising-edge clock i_clk)
Path Group: asynchronous
Path Type: min

Fanout         Cap        Slew       Delay        Time   Description
---------------------------------------------------------------------------------------------
                                  0.000000    0.000000   clock i_clk (rise edge)
                                  0.000000    0.000000   clock network delay (propagated)
                                  0.020000    0.020000 ^ input external delay
     1    0.002480    0.018374    0.009177    0.029177 ^ i_rst_n (in)
                      0.018374    0.000000    0.029177 ^ hold1/A (sky130_fd_sc_hd__dlygate4sd3_1)
     1    0.002227    0.049997    0.520665    0.549842 ^ hold1/X (sky130_fd_sc_hd__dlygate4sd3_1)
                      0.049997    0.000006    0.549849 ^ input2/A (sky130_fd_sc_hd__dlymetal6s2s_1)
     1    0.002238    0.051960    0.094392    0.644240 ^ input2/X (sky130_fd_sc_hd__dlymetal6s2s_1)
                      0.051960    0.000007    0.644247 ^ hold2/A (sky130_fd_sc_hd__dlygate4sd3_1)
     4    0.017063    0.184743    0.641203    1.285450 ^ hold2/X (sky130_fd_sc_hd__dlygate4sd3_1)
                      0.184743    0.000027    1.285478 ^ _16_/RESET_B (sky130_fd_sc_hd__dfrtp_1)
                                              1.285478   data arrival time

                                  0.000000    0.000000   clock i_clk (rise edge)
                                  0.000000    0.000000   clock source latency
     1    0.009715    0.050144    0.033085    0.033085 ^ i_clk (in)
                      0.050144    0.000000    0.033085 ^ clkbuf_0_i_clk/A (sky130_fd_sc_hd__clkbuf_16)
     2    0.017915    0.040070    0.125330    0.158416 ^ clkbuf_0_i_clk/X (sky130_fd_sc_hd__clkbuf_16)
                      0.040070    0.000096    0.158511 ^ clkbuf_1_1__f_i_clk/A (sky130_fd_sc_hd__clkbuf_16)
     2    0.004773    0.028557    0.108471    0.266982 ^ clkbuf_1_1__f_i_clk/X (sky130_fd_sc_hd__clkbuf_16)
                      0.028557    0.000021    0.267003 ^ _16_/CLK (sky130_fd_sc_hd__dfrtp_1)
                                  0.250000    0.517003   clock uncertainty
                                  0.000000    0.517003   clock reconvergence pessimism
                                  0.354224    0.871227   library removal time
                                              0.871227   data required time
---------------------------------------------------------------------------------------------
                                              0.871227   data required time
                                             -1.285478   data arrival time
---------------------------------------------------------------------------------------------
                                              0.414251   slack (MET)


Startpoint: i_rst_n (input port clocked by i_clk)
Endpoint: _19_ (removal check against rising-edge clock i_clk)
Path Group: asynchronous
Path Type: min

Fanout         Cap        Slew       Delay        Time   Description
---------------------------------------------------------------------------------------------
                                  0.000000    0.000000   clock i_clk (rise edge)
                                  0.000000    0.000000   clock network delay (propagated)
                                  0.020000    0.020000 ^ input external delay
     1    0.002480    0.018374    0.009177    0.029177 ^ i_rst_n (in)
                      0.018374    0.000000    0.029177 ^ hold1/A (sky130_fd_sc_hd__dlygate4sd3_1)
     1    0.002227    0.049997    0.520665    0.549842 ^ hold1/X (sky130_fd_sc_hd__dlygate4sd3_1)
                      0.049997    0.000006    0.549849 ^ input2/A (sky130_fd_sc_hd__dlymetal6s2s_1)
     1    0.002238    0.051960    0.094392    0.644240 ^ input2/X (sky130_fd_sc_hd__dlymetal6s2s_1)
                      0.051960    0.000007    0.644247 ^ hold2/A (sky130_fd_sc_hd__dlygate4sd3_1)
     4    0.017063    0.184743    0.641203    1.285450 ^ hold2/X (sky130_fd_sc_hd__dlygate4sd3_1)
                      0.184743    0.000037    1.285488 ^ _19_/RESET_B (sky130_fd_sc_hd__dfrtp_1)
                                              1.285488   data arrival time

                                  0.000000    0.000000   clock i_clk (rise edge)
                                  0.000000    0.000000   clock source latency
     1    0.009715    0.050144    0.033085    0.033085 ^ i_clk (in)
                      0.050144    0.000000    0.033085 ^ clkbuf_0_i_clk/A (sky130_fd_sc_hd__clkbuf_16)
     2    0.017915    0.040070    0.125330    0.158416 ^ clkbuf_0_i_clk/X (sky130_fd_sc_hd__clkbuf_16)
                      0.040070    0.000096    0.158511 ^ clkbuf_1_1__f_i_clk/A (sky130_fd_sc_hd__clkbuf_16)
     2    0.004773    0.028557    0.108471    0.266982 ^ clkbuf_1_1__f_i_clk/X (sky130_fd_sc_hd__clkbuf_16)
                      0.028557    0.000021    0.267003 ^ _19_/CLK (sky130_fd_sc_hd__dfrtp_1)
                                  0.250000    0.517003   clock uncertainty
                                  0.000000    0.517003   clock reconvergence pessimism
                                  0.354224    0.871227   library removal time
                                              0.871227   data required time
---------------------------------------------------------------------------------------------
                                              0.871227   data required time
                                             -1.285488   data arrival time
---------------------------------------------------------------------------------------------
                                              0.414261   slack (MET)


Startpoint: i_rst_n (input port clocked by i_clk)
Endpoint: _18_ (removal check against rising-edge clock i_clk)
Path Group: asynchronous
Path Type: min

Fanout         Cap        Slew       Delay        Time   Description
---------------------------------------------------------------------------------------------
                                  0.000000    0.000000   clock i_clk (rise edge)
                                  0.000000    0.000000   clock network delay (propagated)
                                  0.020000    0.020000 ^ input external delay
     1    0.002480    0.018374    0.009177    0.029177 ^ i_rst_n (in)
                      0.018374    0.000000    0.029177 ^ hold1/A (sky130_fd_sc_hd__dlygate4sd3_1)
     1    0.002227    0.049997    0.520665    0.549842 ^ hold1/X (sky130_fd_sc_hd__dlygate4sd3_1)
                      0.049997    0.000006    0.549849 ^ input2/A (sky130_fd_sc_hd__dlymetal6s2s_1)
     1    0.002238    0.051960    0.094392    0.644240 ^ input2/X (sky130_fd_sc_hd__dlymetal6s2s_1)
                      0.051960    0.000007    0.644247 ^ hold2/A (sky130_fd_sc_hd__dlygate4sd3_1)
     4    0.017063    0.184743    0.641203    1.285450 ^ hold2/X (sky130_fd_sc_hd__dlygate4sd3_1)
                      0.184743    0.000017    1.285468 ^ _18_/RESET_B (sky130_fd_sc_hd__dfrtp_1)
                                              1.285468   data arrival time

                                  0.000000    0.000000   clock i_clk (rise edge)
                                  0.000000    0.000000   clock source latency
     1    0.009715    0.050144    0.033085    0.033085 ^ i_clk (in)
                      0.050144    0.000000    0.033085 ^ clkbuf_0_i_clk/A (sky130_fd_sc_hd__clkbuf_16)
     2    0.017915    0.040070    0.125330    0.158416 ^ clkbuf_0_i_clk/X (sky130_fd_sc_hd__clkbuf_16)
                      0.040070    0.000098    0.158514 ^ clkbuf_1_0__f_i_clk/A (sky130_fd_sc_hd__clkbuf_16)
     2    0.004611    0.028408    0.108277    0.266791 ^ clkbuf_1_0__f_i_clk/X (sky130_fd_sc_hd__clkbuf_16)
                      0.028408    0.000019    0.266810 ^ _18_/CLK (sky130_fd_sc_hd__dfrtp_1)
                                  0.250000    0.516810   clock uncertainty
                                  0.000000    0.516810   clock reconvergence pessimism
                                  0.354183    0.870993   library removal time
                                              0.870993   data required time
---------------------------------------------------------------------------------------------
                                              0.870993   data required time
                                             -1.285468   data arrival time
---------------------------------------------------------------------------------------------
                                              0.414475   slack (MET)


Startpoint: i_rst_n (input port clocked by i_clk)
Endpoint: _17_ (removal check against rising-edge clock i_clk)
Path Group: asynchronous
Path Type: min

Fanout         Cap        Slew       Delay        Time   Description
---------------------------------------------------------------------------------------------
                                  0.000000    0.000000   clock i_clk (rise edge)
                                  0.000000    0.000000   clock network delay (propagated)
                                  0.020000    0.020000 ^ input external delay
     1    0.002480    0.018374    0.009177    0.029177 ^ i_rst_n (in)
                      0.018374    0.000000    0.029177 ^ hold1/A (sky130_fd_sc_hd__dlygate4sd3_1)
     1    0.002227    0.049997    0.520665    0.549842 ^ hold1/X (sky130_fd_sc_hd__dlygate4sd3_1)
                      0.049997    0.000006    0.549849 ^ input2/A (sky130_fd_sc_hd__dlymetal6s2s_1)
     1    0.002238    0.051960    0.094392    0.644240 ^ input2/X (sky130_fd_sc_hd__dlymetal6s2s_1)
                      0.051960    0.000007    0.644247 ^ hold2/A (sky130_fd_sc_hd__dlygate4sd3_1)
     4    0.017063    0.184743    0.641203    1.285450 ^ hold2/X (sky130_fd_sc_hd__dlygate4sd3_1)
                      0.184743    0.000039    1.285489 ^ _17_/RESET_B (sky130_fd_sc_hd__dfrtp_1)
                                              1.285489   data arrival time

                                  0.000000    0.000000   clock i_clk (rise edge)
                                  0.000000    0.000000   clock source latency
     1    0.009715    0.050144    0.033085    0.033085 ^ i_clk (in)
                      0.050144    0.000000    0.033085 ^ clkbuf_0_i_clk/A (sky130_fd_sc_hd__clkbuf_16)
     2    0.017915    0.040070    0.125330    0.158416 ^ clkbuf_0_i_clk/X (sky130_fd_sc_hd__clkbuf_16)
                      0.040070    0.000098    0.158514 ^ clkbuf_1_0__f_i_clk/A (sky130_fd_sc_hd__clkbuf_16)
     2    0.004611    0.028408    0.108277    0.266791 ^ clkbuf_1_0__f_i_clk/X (sky130_fd_sc_hd__clkbuf_16)
                      0.028408    0.000015    0.266805 ^ _17_/CLK (sky130_fd_sc_hd__dfrtp_1)
                                  0.250000    0.516805   clock uncertainty
                                  0.000000    0.516805   clock reconvergence pessimism
                                  0.354183    0.870989   library removal time
                                              0.870989   data required time
---------------------------------------------------------------------------------------------
                                              0.870989   data required time
                                             -1.285489   data arrival time
---------------------------------------------------------------------------------------------
                                              0.414501   slack (MET)


Startpoint: _17_ (rising edge-triggered flip-flop clocked by i_clk)
Endpoint: _18_ (rising edge-triggered flip-flop clocked by i_clk)
Path Group: i_clk
Path Type: min

Fanout         Cap        Slew       Delay        Time   Description
---------------------------------------------------------------------------------------------
                                  0.000000    0.000000   clock i_clk (rise edge)
                                  0.000000    0.000000   clock source latency
     1    0.009715    0.050144    0.033085    0.033085 ^ i_clk (in)
                      0.050144    0.000000    0.033085 ^ clkbuf_0_i_clk/A (sky130_fd_sc_hd__clkbuf_16)
     2    0.017915    0.040070    0.125330    0.158416 ^ clkbuf_0_i_clk/X (sky130_fd_sc_hd__clkbuf_16)
                      0.040070    0.000098    0.158514 ^ clkbuf_1_0__f_i_clk/A (sky130_fd_sc_hd__clkbuf_16)
     2    0.004611    0.028408    0.108277    0.266791 ^ clkbuf_1_0__f_i_clk/X (sky130_fd_sc_hd__clkbuf_16)
                      0.028408    0.000015    0.266805 ^ _17_/CLK (sky130_fd_sc_hd__dfrtp_1)
     3    0.007750    0.083294    0.342251    0.609056 ^ _17_/Q (sky130_fd_sc_hd__dfrtp_1)
                      0.083294    0.000036    0.609092 ^ _10_/C (sky130_fd_sc_hd__and4_1)
     2    0.006836    0.090967    0.218333    0.827425 ^ _10_/X (sky130_fd_sc_hd__and4_1)
                      0.090967    0.000020    0.827445 ^ _13_/B (sky130_fd_sc_hd__xor2_1)
     1    0.002321    0.034956    0.066203    0.893648 v _13_/X (sky130_fd_sc_hd__xor2_1)
                      0.034956    0.000005    0.893653 v _18_/D (sky130_fd_sc_hd__dfrtp_1)
                                              0.893653   data arrival time

                                  0.000000    0.000000   clock i_clk (rise edge)
                                  0.000000    0.000000   clock source latency
     1    0.009715    0.050144    0.033085    0.033085 ^ i_clk (in)
                      0.050144    0.000000    0.033085 ^ clkbuf_0_i_clk/A (sky130_fd_sc_hd__clkbuf_16)
     2    0.017915    0.040070    0.125330    0.158416 ^ clkbuf_0_i_clk/X (sky130_fd_sc_hd__clkbuf_16)
                      0.040070    0.000098    0.158514 ^ clkbuf_1_0__f_i_clk/A (sky130_fd_sc_hd__clkbuf_16)
     2    0.004611    0.028408    0.108277    0.266791 ^ clkbuf_1_0__f_i_clk/X (sky130_fd_sc_hd__clkbuf_16)
                      0.028408    0.000019    0.266810 ^ _18_/CLK (sky130_fd_sc_hd__dfrtp_1)
                                  0.250000    0.516810   clock uncertainty
                                  0.000000    0.516810   clock reconvergence pessimism
                                 -0.045470    0.471340   library hold time
                                              0.471340   data required time
---------------------------------------------------------------------------------------------
                                              0.471340   data required time
                                             -0.893653   data arrival time
---------------------------------------------------------------------------------------------
                                              0.422313   slack (MET)


Startpoint: _18_ (rising edge-triggered flip-flop clocked by i_clk)
Endpoint: uo_out[3] (output port clocked by i_clk)
Path Group: i_clk
Path Type: min

Fanout         Cap        Slew       Delay        Time   Description
---------------------------------------------------------------------------------------------
                                  0.000000    0.000000   clock i_clk (rise edge)
                                  0.000000    0.000000   clock source latency
     1    0.009715    0.050144    0.033085    0.033085 ^ i_clk (in)
                      0.050144    0.000000    0.033085 ^ clkbuf_0_i_clk/A (sky130_fd_sc_hd__clkbuf_16)
     2    0.017915    0.040070    0.125330    0.158416 ^ clkbuf_0_i_clk/X (sky130_fd_sc_hd__clkbuf_16)
                      0.040070    0.000098    0.158514 ^ clkbuf_1_0__f_i_clk/A (sky130_fd_sc_hd__clkbuf_16)
     2    0.004611    0.028408    0.108277    0.266791 ^ clkbuf_1_0__f_i_clk/X (sky130_fd_sc_hd__clkbuf_16)
                      0.028408    0.000019    0.266810 ^ _18_/CLK (sky130_fd_sc_hd__dfrtp_1)
     2    0.005092    0.064726    0.324340    0.591150 ^ _18_/Q (sky130_fd_sc_hd__dfrtp_1)
                      0.064726    0.000017    0.591167 ^ output6/A (sky130_fd_sc_hd__buf_2)
     1    0.034544    0.171465    0.206557    0.797724 ^ output6/X (sky130_fd_sc_hd__buf_2)
                      0.171465    0.000255    0.797979 ^ uo_out[3] (out)
                                              0.797979   data arrival time

                                  0.000000    0.000000   clock i_clk (rise edge)
                                  0.000000    0.000000   clock network delay (propagated)
                                  0.250000    0.250000   clock uncertainty
                                  0.000000    0.250000   clock reconvergence pessimism
                                 -0.020000    0.230000   output external delay
                                              0.230000   data required time
---------------------------------------------------------------------------------------------
                                              0.230000   data required time
                                             -0.797979   data arrival time
---------------------------------------------------------------------------------------------
                                              0.567979   slack (MET)


Startpoint: _17_ (rising edge-triggered flip-flop clocked by i_clk)
Endpoint: uo_out[2] (output port clocked by i_clk)
Path Group: i_clk
Path Type: min

Fanout         Cap        Slew       Delay        Time   Description
---------------------------------------------------------------------------------------------
                                  0.000000    0.000000   clock i_clk (rise edge)
                                  0.000000    0.000000   clock source latency
     1    0.009715    0.050144    0.033085    0.033085 ^ i_clk (in)
                      0.050144    0.000000    0.033085 ^ clkbuf_0_i_clk/A (sky130_fd_sc_hd__clkbuf_16)
     2    0.017915    0.040070    0.125330    0.158416 ^ clkbuf_0_i_clk/X (sky130_fd_sc_hd__clkbuf_16)
                      0.040070    0.000098    0.158514 ^ clkbuf_1_0__f_i_clk/A (sky130_fd_sc_hd__clkbuf_16)
     2    0.004611    0.028408    0.108277    0.266791 ^ clkbuf_1_0__f_i_clk/X (sky130_fd_sc_hd__clkbuf_16)
                      0.028408    0.000015    0.266805 ^ _17_/CLK (sky130_fd_sc_hd__dfrtp_1)
     3    0.007750    0.083294    0.342251    0.609056 ^ _17_/Q (sky130_fd_sc_hd__dfrtp_1)
                      0.083294    0.000050    0.609106 ^ output5/A (sky130_fd_sc_hd__buf_2)
     1    0.034583    0.171758    0.213523    0.822629 ^ output5/X (sky130_fd_sc_hd__buf_2)
                      0.171758    0.000263    0.822892 ^ uo_out[2] (out)
                                              0.822892   data arrival time

                                  0.000000    0.000000   clock i_clk (rise edge)
                                  0.000000    0.000000   clock network delay (propagated)
                                  0.250000    0.250000   clock uncertainty
                                  0.000000    0.250000   clock reconvergence pessimism
                                 -0.020000    0.230000   output external delay
                                              0.230000   data required time
---------------------------------------------------------------------------------------------
                                              0.230000   data required time
                                             -0.822892   data arrival time
---------------------------------------------------------------------------------------------
                                              0.592892   slack (MET)


Startpoint: _19_ (rising edge-triggered flip-flop clocked by i_clk)
Endpoint: uo_out[0] (output port clocked by i_clk)
Path Group: i_clk
Path Type: min

Fanout         Cap        Slew       Delay        Time   Description
---------------------------------------------------------------------------------------------
                                  0.000000    0.000000   clock i_clk (rise edge)
                                  0.000000    0.000000   clock source latency
     1    0.009715    0.050144    0.033085    0.033085 ^ i_clk (in)
                      0.050144    0.000000    0.033085 ^ clkbuf_0_i_clk/A (sky130_fd_sc_hd__clkbuf_16)
     2    0.017915    0.040070    0.125330    0.158416 ^ clkbuf_0_i_clk/X (sky130_fd_sc_hd__clkbuf_16)
                      0.040070    0.000096    0.158511 ^ clkbuf_1_1__f_i_clk/A (sky130_fd_sc_hd__clkbuf_16)
     2    0.004773    0.028557    0.108471    0.266982 ^ clkbuf_1_1__f_i_clk/X (sky130_fd_sc_hd__clkbuf_16)
                      0.028557    0.000021    0.267003 ^ _19_/CLK (sky130_fd_sc_hd__dfrtp_1)
     5    0.010851    0.076885    0.389167    0.656170 v _19_/Q (sky130_fd_sc_hd__dfrtp_1)
                      0.076885    0.000022    0.656191 v output3/A (sky130_fd_sc_hd__buf_2)
     1    0.034391    0.089542    0.194993    0.851184 v output3/X (sky130_fd_sc_hd__buf_2)
                      0.089542    0.000218    0.851402 v uo_out[0] (out)
                                              0.851402   data arrival time

                                  0.000000    0.000000   clock i_clk (rise edge)
                                  0.000000    0.000000   clock network delay (propagated)
                                  0.250000    0.250000   clock uncertainty
                                  0.000000    0.250000   clock reconvergence pessimism
                                 -0.020000    0.230000   output external delay
                                              0.230000   data required time
---------------------------------------------------------------------------------------------
                                              0.230000   data required time
                                             -0.851402   data arrival time
---------------------------------------------------------------------------------------------
                                              0.621402   slack (MET)


Startpoint: _16_ (rising edge-triggered flip-flop clocked by i_clk)
Endpoint: uo_out[1] (output port clocked by i_clk)
Path Group: i_clk
Path Type: min

Fanout         Cap        Slew       Delay        Time   Description
---------------------------------------------------------------------------------------------
                                  0.000000    0.000000   clock i_clk (rise edge)
                                  0.000000    0.000000   clock source latency
     1    0.009715    0.050144    0.033085    0.033085 ^ i_clk (in)
                      0.050144    0.000000    0.033085 ^ clkbuf_0_i_clk/A (sky130_fd_sc_hd__clkbuf_16)
     2    0.017915    0.040070    0.125330    0.158416 ^ clkbuf_0_i_clk/X (sky130_fd_sc_hd__clkbuf_16)
                      0.040070    0.000096    0.158511 ^ clkbuf_1_1__f_i_clk/A (sky130_fd_sc_hd__clkbuf_16)
     2    0.004773    0.028557    0.108471    0.266982 ^ clkbuf_1_1__f_i_clk/X (sky130_fd_sc_hd__clkbuf_16)
                      0.028557    0.000021    0.267003 ^ _16_/CLK (sky130_fd_sc_hd__dfrtp_1)
     4    0.011877    0.078889    0.393287    0.660290 v _16_/Q (sky130_fd_sc_hd__dfrtp_1)
                      0.078889    0.000026    0.660316 v output4/A (sky130_fd_sc_hd__buf_2)
     1    0.034583    0.089977    0.196228    0.856544 v output4/X (sky130_fd_sc_hd__buf_2)
                      0.089977    0.000263    0.856807 v uo_out[1] (out)
                                              0.856807   data arrival time

                                  0.000000    0.000000   clock i_clk (rise edge)
                                  0.000000    0.000000   clock network delay (propagated)
                                  0.250000    0.250000   clock uncertainty
                                  0.000000    0.250000   clock reconvergence pessimism
                                 -0.020000    0.230000   output external delay
                                              0.230000   data required time
---------------------------------------------------------------------------------------------
                                              0.230000   data required time
                                             -0.856807   data arrival time
---------------------------------------------------------------------------------------------
                                              0.626807   slack (MET)


Startpoint: _16_ (rising edge-triggered flip-flop clocked by i_clk)
Endpoint: _16_ (rising edge-triggered flip-flop clocked by i_clk)
Path Group: i_clk
Path Type: min

Fanout         Cap        Slew       Delay        Time   Description
---------------------------------------------------------------------------------------------
                                  0.000000    0.000000   clock i_clk (rise edge)
                                  0.000000    0.000000   clock source latency
     1    0.009715    0.050144    0.033085    0.033085 ^ i_clk (in)
                      0.050144    0.000000    0.033085 ^ clkbuf_0_i_clk/A (sky130_fd_sc_hd__clkbuf_16)
     2    0.017915    0.040070    0.125330    0.158416 ^ clkbuf_0_i_clk/X (sky130_fd_sc_hd__clkbuf_16)
                      0.040070    0.000096    0.158511 ^ clkbuf_1_1__f_i_clk/A (sky130_fd_sc_hd__clkbuf_16)
     2    0.004773    0.028557    0.108471    0.266982 ^ clkbuf_1_1__f_i_clk/X (sky130_fd_sc_hd__clkbuf_16)
                      0.028557    0.000021    0.267003 ^ _16_/CLK (sky130_fd_sc_hd__dfrtp_1)
     4    0.012616    0.121621    0.372898    0.639901 ^ _16_/Q (sky130_fd_sc_hd__dfrtp_1)
                      0.121621    0.000069    0.639970 ^ _09_/A (sky130_fd_sc_hd__xnor2_1)
     1    0.001944    0.030420    0.078452    0.718422 v _09_/Y (sky130_fd_sc_hd__xnor2_1)
                      0.030420    0.000004    0.718426 v hold4/A (sky130_fd_sc_hd__dlygate4sd3_1)
     1    0.002307    0.052055    0.538038    1.256464 v hold4/X (sky130_fd_sc_hd__dlygate4sd3_1)
                      0.052055    0.000005    1.256469 v _16_/D (sky130_fd_sc_hd__dfrtp_1)
                                              1.256469   data arrival time

                                  0.000000    0.000000   clock i_clk (rise edge)
                                  0.000000    0.000000   clock source latency
     1    0.009715    0.050144    0.033085    0.033085 ^ i_clk (in)
                      0.050144    0.000000    0.033085 ^ clkbuf_0_i_clk/A (sky130_fd_sc_hd__clkbuf_16)
     2    0.017915    0.040070    0.125330    0.158416 ^ clkbuf_0_i_clk/X (sky130_fd_sc_hd__clkbuf_16)
                      0.040070    0.000096    0.158511 ^ clkbuf_1_1__f_i_clk/A (sky130_fd_sc_hd__clkbuf_16)
     2    0.004773    0.028557    0.108471    0.266982 ^ clkbuf_1_1__f_i_clk/X (sky130_fd_sc_hd__clkbuf_16)
                      0.028557    0.000021    0.267003 ^ _16_/CLK (sky130_fd_sc_hd__dfrtp_1)
                                  0.250000    0.517003   clock uncertainty
                                  0.000000    0.517003   clock reconvergence pessimism
                                 -0.052399    0.464604   library hold time
                                              0.464604   data required time
---------------------------------------------------------------------------------------------
                                              0.464604   data required time
                                             -1.256469   data arrival time
---------------------------------------------------------------------------------------------
                                              0.791866   slack (MET)



%OL_END_REPORT
%OL_CREATE_REPORT max.rpt

===========================================================================
report_checks -path_delay max (Setup)
============================================================================
======================= nom_tt_025C_1v80 Corner ===================================

[WARNING STA-0168] unknown field nets.
[WARNING STA-0503] report_checks -group_count is deprecated. Use -group_path_count instead.
Startpoint: i_ena (input port clocked by i_clk)
Endpoint: _16_ (rising edge-triggered flip-flop clocked by i_clk)
Path Group: i_clk
Path Type: max

Fanout         Cap        Slew       Delay        Time   Description
---------------------------------------------------------------------------------------------
                                  0.000000    0.000000   clock i_clk (rise edge)
                                  0.000000    0.000000   clock network delay (propagated)
                                  0.020000    0.020000 ^ input external delay
     1    0.002310    0.017660    0.008580    0.028580 ^ i_ena (in)
                      0.017660    0.000000    0.028580 ^ hold3/A (sky130_fd_sc_hd__dlygate4sd3_1)
     1    0.002236    0.050073    0.520495    0.549074 ^ hold3/X (sky130_fd_sc_hd__dlygate4sd3_1)
                      0.050073    0.000000    0.549075 ^ input1/A (sky130_fd_sc_hd__clkbuf_1)
     4    0.009375    0.120479    0.134744    0.683819 ^ input1/X (sky130_fd_sc_hd__clkbuf_1)
                      0.120479    0.000006    0.683825 ^ _08_/B (sky130_fd_sc_hd__nand2_1)
     2    0.006280    0.063831    0.087765    0.771591 v _08_/Y (sky130_fd_sc_hd__nand2_1)
                      0.063831    0.000012    0.771602 v _09_/B (sky130_fd_sc_hd__xnor2_1)
     1    0.001944    0.042214    0.119977    0.891579 v _09_/Y (sky130_fd_sc_hd__xnor2_1)
                      0.042214    0.000004    0.891584 v hold4/A (sky130_fd_sc_hd__dlygate4sd3_1)
     1    0.002307    0.051967    0.542628    1.434211 v hold4/X (sky130_fd_sc_hd__dlygate4sd3_1)
                      0.051967    0.000005    1.434216 v _16_/D (sky130_fd_sc_hd__dfrtp_1)
                                              1.434216   data arrival time

                                 10.000000   10.000000   clock i_clk (rise edge)
                                  0.000000   10.000000   clock source latency
     1    0.009715    0.050144    0.033086   10.033086 ^ i_clk (in)
                      0.050144    0.000000   10.033086 ^ clkbuf_0_i_clk/A (sky130_fd_sc_hd__clkbuf_16)
     2    0.017915    0.040070    0.125330   10.158416 ^ clkbuf_0_i_clk/X (sky130_fd_sc_hd__clkbuf_16)
                      0.040070    0.000096   10.158512 ^ clkbuf_1_1__f_i_clk/A (sky130_fd_sc_hd__clkbuf_16)
     2    0.004773    0.028557    0.108471   10.266982 ^ clkbuf_1_1__f_i_clk/X (sky130_fd_sc_hd__clkbuf_16)
                      0.028557    0.000021   10.267004 ^ _16_/CLK (sky130_fd_sc_hd__dfrtp_1)
                                 -0.250000   10.017003   clock uncertainty
                                  0.000000   10.017003   clock reconvergence pessimism
                                 -0.121079    9.895926   library setup time
                                              9.895926   data required time
---------------------------------------------------------------------------------------------
                                              9.895926   data required time
                                             -1.434216   data arrival time
---------------------------------------------------------------------------------------------
                                              8.461709   slack (MET)


Startpoint: _18_ (rising edge-triggered flip-flop clocked by i_clk)
Endpoint: _18_ (rising edge-triggered flip-flop clocked by i_clk)
Path Group: i_clk
Path Type: max

Fanout         Cap        Slew       Delay        Time   Description
---------------------------------------------------------------------------------------------
                                  0.000000    0.000000   clock i_clk (rise edge)
                                  0.000000    0.000000   clock source latency
     1    0.009715    0.050144    0.033085    0.033085 ^ i_clk (in)
                      0.050144    0.000000    0.033085 ^ clkbuf_0_i_clk/A (sky130_fd_sc_hd__clkbuf_16)
     2    0.017915    0.040070    0.125330    0.158416 ^ clkbuf_0_i_clk/X (sky130_fd_sc_hd__clkbuf_16)
                      0.040070    0.000098    0.158514 ^ clkbuf_1_0__f_i_clk/A (sky130_fd_sc_hd__clkbuf_16)
     2    0.004611    0.028408    0.108277    0.266791 ^ clkbuf_1_0__f_i_clk/X (sky130_fd_sc_hd__clkbuf_16)
                      0.028408    0.000019    0.266810 ^ _18_/CLK (sky130_fd_sc_hd__dfrtp_1)
     2    0.004767    0.048177    0.358280    0.625090 v _18_/Q (sky130_fd_sc_hd__dfrtp_1)
                      0.048177    0.000006    0.625095 v hold5/A (sky130_fd_sc_hd__dlygate4sd3_1)
     1    0.004949    0.063512    0.564969    1.190065 v hold5/X (sky130_fd_sc_hd__dlygate4sd3_1)
                      0.063512    0.000021    1.190086 v _13_/A (sky130_fd_sc_hd__xor2_1)
     1    0.002321    0.045667    0.158179    1.348265 v _13_/X (sky130_fd_sc_hd__xor2_1)
                      0.045667    0.000005    1.348270 v _18_/D (sky130_fd_sc_hd__dfrtp_1)
                                              1.348270   data arrival time

                                 10.000000   10.000000   clock i_clk (rise edge)
                                  0.000000   10.000000   clock source latency
     1    0.009715    0.050144    0.033086   10.033086 ^ i_clk (in)
                      0.050144    0.000000   10.033086 ^ clkbuf_0_i_clk/A (sky130_fd_sc_hd__clkbuf_16)
     2    0.017915    0.040070    0.125330   10.158416 ^ clkbuf_0_i_clk/X (sky130_fd_sc_hd__clkbuf_16)
                      0.040070    0.000099   10.158514 ^ clkbuf_1_0__f_i_clk/A (sky130_fd_sc_hd__clkbuf_16)
     2    0.004611    0.028408    0.108277   10.266791 ^ clkbuf_1_0__f_i_clk/X (sky130_fd_sc_hd__clkbuf_16)
                      0.028408    0.000019   10.266809 ^ _18_/CLK (sky130_fd_sc_hd__dfrtp_1)
                                 -0.250000   10.016809   clock uncertainty
                                  0.000000   10.016809   clock reconvergence pessimism
                                 -0.118362    9.898449   library setup time
                                              9.898449   data required time
---------------------------------------------------------------------------------------------
                                              9.898449   data required time
                                             -1.348270   data arrival time
---------------------------------------------------------------------------------------------
                                              8.550179   slack (MET)


Startpoint: i_ena (input port clocked by i_clk)
Endpoint: _17_ (rising edge-triggered flip-flop clocked by i_clk)
Path Group: i_clk
Path Type: max

Fanout         Cap        Slew       Delay        Time   Description
---------------------------------------------------------------------------------------------
                                  0.000000    0.000000   clock i_clk (rise edge)
                                  0.000000    0.000000   clock network delay (propagated)
                                  0.020000    0.020000 ^ input external delay
     1    0.002310    0.017660    0.008580    0.028580 ^ i_ena (in)
                      0.017660    0.000000    0.028580 ^ hold3/A (sky130_fd_sc_hd__dlygate4sd3_1)
     1    0.002236    0.050073    0.520495    0.549074 ^ hold3/X (sky130_fd_sc_hd__dlygate4sd3_1)
                      0.050073    0.000000    0.549075 ^ input1/A (sky130_fd_sc_hd__clkbuf_1)
     4    0.009375    0.120479    0.134744    0.683819 ^ input1/X (sky130_fd_sc_hd__clkbuf_1)
                      0.120479    0.000010    0.683829 ^ _10_/D (sky130_fd_sc_hd__and4_1)
     2    0.006836    0.091054    0.231345    0.915174 ^ _10_/X (sky130_fd_sc_hd__and4_1)
                      0.091054    0.000011    0.915185 ^ _12_/A_N (sky130_fd_sc_hd__and2b_1)
     1    0.002869    0.033988    0.181787    1.096972 v _12_/X (sky130_fd_sc_hd__and2b_1)
                      0.033988    0.000014    1.096986 v _17_/D (sky130_fd_sc_hd__dfrtp_1)
                                              1.096986   data arrival time

                                 10.000000   10.000000   clock i_clk (rise edge)
                                  0.000000   10.000000   clock source latency
     1    0.009715    0.050144    0.033086   10.033086 ^ i_clk (in)
                      0.050144    0.000000   10.033086 ^ clkbuf_0_i_clk/A (sky130_fd_sc_hd__clkbuf_16)
     2    0.017915    0.040070    0.125330   10.158416 ^ clkbuf_0_i_clk/X (sky130_fd_sc_hd__clkbuf_16)
                      0.040070    0.000099   10.158514 ^ clkbuf_1_0__f_i_clk/A (sky130_fd_sc_hd__clkbuf_16)
     2    0.004611    0.028408    0.108277   10.266791 ^ clkbuf_1_0__f_i_clk/X (sky130_fd_sc_hd__clkbuf_16)
                      0.028408    0.000014   10.266806 ^ _17_/CLK (sky130_fd_sc_hd__dfrtp_1)
                                 -0.250000   10.016806   clock uncertainty
                                  0.000000   10.016806   clock reconvergence pessimism
                                 -0.113261    9.903544   library setup time
                                              9.903544   data required time
---------------------------------------------------------------------------------------------
                                              9.903544   data required time
                                             -1.096986   data arrival time
---------------------------------------------------------------------------------------------
                                              8.806558   slack (MET)


Startpoint: _16_ (rising edge-triggered flip-flop clocked by i_clk)
Endpoint: uo_out[1] (output port clocked by i_clk)
Path Group: i_clk
Path Type: max

Fanout         Cap        Slew       Delay        Time   Description
---------------------------------------------------------------------------------------------
                                  0.000000    0.000000   clock i_clk (rise edge)
                                  0.000000    0.000000   clock source latency
     1    0.009715    0.050144    0.033085    0.033085 ^ i_clk (in)
                      0.050144    0.000000    0.033085 ^ clkbuf_0_i_clk/A (sky130_fd_sc_hd__clkbuf_16)
     2    0.017915    0.040070    0.125330    0.158416 ^ clkbuf_0_i_clk/X (sky130_fd_sc_hd__clkbuf_16)
                      0.040070    0.000096    0.158511 ^ clkbuf_1_1__f_i_clk/A (sky130_fd_sc_hd__clkbuf_16)
     2    0.004773    0.028557    0.108471    0.266982 ^ clkbuf_1_1__f_i_clk/X (sky130_fd_sc_hd__clkbuf_16)
                      0.028557    0.000021    0.267003 ^ _16_/CLK (sky130_fd_sc_hd__dfrtp_1)
     4    0.012616    0.121621    0.372898    0.639901 ^ _16_/Q (sky130_fd_sc_hd__dfrtp_1)
                      0.121621    0.000028    0.639929 ^ output4/A (sky130_fd_sc_hd__buf_2)
     1    0.034583    0.171982    0.227645    0.867573 ^ output4/X (sky130_fd_sc_hd__buf_2)
                      0.171982    0.000263    0.867836 ^ uo_out[1] (out)
                                              0.867836   data arrival time

                                 10.000000   10.000000   clock i_clk (rise edge)
                                  0.000000   10.000000   clock network delay (propagated)
                                 -0.250000    9.750000   clock uncertainty
                                  0.000000    9.750000   clock reconvergence pessimism
                                 -0.020000    9.730000   output external delay
                                              9.730000   data required time
---------------------------------------------------------------------------------------------
                                              9.730000   data required time
                                             -0.867836   data arrival time
---------------------------------------------------------------------------------------------
                                              8.862164   slack (MET)


Startpoint: _19_ (rising edge-triggered flip-flop clocked by i_clk)
Endpoint: uo_out[0] (output port clocked by i_clk)
Path Group: i_clk
Path Type: max

Fanout         Cap        Slew       Delay        Time   Description
---------------------------------------------------------------------------------------------
                                  0.000000    0.000000   clock i_clk (rise edge)
                                  0.000000    0.000000   clock source latency
     1    0.009715    0.050144    0.033085    0.033085 ^ i_clk (in)
                      0.050144    0.000000    0.033085 ^ clkbuf_0_i_clk/A (sky130_fd_sc_hd__clkbuf_16)
     2    0.017915    0.040070    0.125330    0.158416 ^ clkbuf_0_i_clk/X (sky130_fd_sc_hd__clkbuf_16)
                      0.040070    0.000096    0.158511 ^ clkbuf_1_1__f_i_clk/A (sky130_fd_sc_hd__clkbuf_16)
     2    0.004773    0.028557    0.108471    0.266982 ^ clkbuf_1_1__f_i_clk/X (sky130_fd_sc_hd__clkbuf_16)
                      0.028557    0.000021    0.267003 ^ _19_/CLK (sky130_fd_sc_hd__dfrtp_1)
     5    0.011461    0.115210    0.365932    0.632934 ^ _19_/Q (sky130_fd_sc_hd__dfrtp_1)
                      0.115210    0.000023    0.632958 ^ output3/A (sky130_fd_sc_hd__buf_2)
     1    0.034391    0.171038    0.224676    0.857634 ^ output3/X (sky130_fd_sc_hd__buf_2)
                      0.171038    0.000218    0.857852 ^ uo_out[0] (out)
                                              0.857852   data arrival time

                                 10.000000   10.000000   clock i_clk (rise edge)
                                  0.000000   10.000000   clock network delay (propagated)
                                 -0.250000    9.750000   clock uncertainty
                                  0.000000    9.750000   clock reconvergence pessimism
                                 -0.020000    9.730000   output external delay
                                              9.730000   data required time
---------------------------------------------------------------------------------------------
                                              9.730000   data required time
                                             -0.857852   data arrival time
---------------------------------------------------------------------------------------------
                                              8.872149   slack (MET)


Startpoint: _19_ (rising edge-triggered flip-flop clocked by i_clk)
Endpoint: _19_ (rising edge-triggered flip-flop clocked by i_clk)
Path Group: i_clk
Path Type: max

Fanout         Cap        Slew       Delay        Time   Description
---------------------------------------------------------------------------------------------
                                  0.000000    0.000000   clock i_clk (rise edge)
                                  0.000000    0.000000   clock source latency
     1    0.009715    0.050144    0.033085    0.033085 ^ i_clk (in)
                      0.050144    0.000000    0.033085 ^ clkbuf_0_i_clk/A (sky130_fd_sc_hd__clkbuf_16)
     2    0.017915    0.040070    0.125330    0.158416 ^ clkbuf_0_i_clk/X (sky130_fd_sc_hd__clkbuf_16)
                      0.040070    0.000096    0.158511 ^ clkbuf_1_1__f_i_clk/A (sky130_fd_sc_hd__clkbuf_16)
     2    0.004773    0.028557    0.108471    0.266982 ^ clkbuf_1_1__f_i_clk/X (sky130_fd_sc_hd__clkbuf_16)
                      0.028557    0.000021    0.267003 ^ _19_/CLK (sky130_fd_sc_hd__dfrtp_1)
     5    0.010851    0.076885    0.389167    0.656170 v _19_/Q (sky130_fd_sc_hd__dfrtp_1)
                      0.076885    0.000016    0.656186 v _14_/A (sky130_fd_sc_hd__or2_1)
     1    0.001664    0.042489    0.222759    0.878945 v _14_/X (sky130_fd_sc_hd__or2_1)
                      0.042489    0.000002    0.878947 v _15_/B (sky130_fd_sc_hd__and2_1)
     1    0.002727    0.034736    0.148485    1.027433 v _15_/X (sky130_fd_sc_hd__and2_1)
                      0.034736    0.000012    1.027444 v _19_/D (sky130_fd_sc_hd__dfrtp_1)
                                              1.027444   data arrival time

                                 10.000000   10.000000   clock i_clk (rise edge)
                                  0.000000   10.000000   clock source latency
     1    0.009715    0.050144    0.033086   10.033086 ^ i_clk (in)
                      0.050144    0.000000   10.033086 ^ clkbuf_0_i_clk/A (sky130_fd_sc_hd__clkbuf_16)
     2    0.017915    0.040070    0.125330   10.158416 ^ clkbuf_0_i_clk/X (sky130_fd_sc_hd__clkbuf_16)
                      0.040070    0.000096   10.158512 ^ clkbuf_1_1__f_i_clk/A (sky130_fd_sc_hd__clkbuf_16)
     2    0.004773    0.028557    0.108471   10.266982 ^ clkbuf_1_1__f_i_clk/X (sky130_fd_sc_hd__clkbuf_16)
                      0.028557    0.000020   10.267003 ^ _19_/CLK (sky130_fd_sc_hd__dfrtp_1)
                                 -0.250000   10.017003   clock uncertainty
                                  0.000000   10.017003   clock reconvergence pessimism
                                 -0.113554    9.903449   library setup time
                                              9.903449   data required time
---------------------------------------------------------------------------------------------
                                              9.903449   data required time
                                             -1.027444   data arrival time
---------------------------------------------------------------------------------------------
                                              8.876005   slack (MET)


Startpoint: _17_ (rising edge-triggered flip-flop clocked by i_clk)
Endpoint: uo_out[2] (output port clocked by i_clk)
Path Group: i_clk
Path Type: max

Fanout         Cap        Slew       Delay        Time   Description
---------------------------------------------------------------------------------------------
                                  0.000000    0.000000   clock i_clk (rise edge)
                                  0.000000    0.000000   clock source latency
     1    0.009715    0.050144    0.033085    0.033085 ^ i_clk (in)
                      0.050144    0.000000    0.033085 ^ clkbuf_0_i_clk/A (sky130_fd_sc_hd__clkbuf_16)
     2    0.017915    0.040070    0.125330    0.158416 ^ clkbuf_0_i_clk/X (sky130_fd_sc_hd__clkbuf_16)
                      0.040070    0.000098    0.158514 ^ clkbuf_1_0__f_i_clk/A (sky130_fd_sc_hd__clkbuf_16)
     2    0.004611    0.028408    0.108277    0.266791 ^ clkbuf_1_0__f_i_clk/X (sky130_fd_sc_hd__clkbuf_16)
                      0.028408    0.000015    0.266805 ^ _17_/CLK (sky130_fd_sc_hd__dfrtp_1)
     3    0.007189    0.059697    0.371339    0.638144 v _17_/Q (sky130_fd_sc_hd__dfrtp_1)
                      0.059697    0.000046    0.638190 v output5/A (sky130_fd_sc_hd__buf_2)
     1    0.034583    0.089957    0.187496    0.825686 v output5/X (sky130_fd_sc_hd__buf_2)
                      0.089957    0.000263    0.825949 v uo_out[2] (out)
                                              0.825949   data arrival time

                                 10.000000   10.000000   clock i_clk (rise edge)
                                  0.000000   10.000000   clock network delay (propagated)
                                 -0.250000    9.750000   clock uncertainty
                                  0.000000    9.750000   clock reconvergence pessimism
                                 -0.020000    9.730000   output external delay
                                              9.730000   data required time
---------------------------------------------------------------------------------------------
                                              9.730000   data required time
                                             -0.825949   data arrival time
---------------------------------------------------------------------------------------------
                                              8.904051   slack (MET)


Startpoint: i_rst_n (input port clocked by i_clk)
Endpoint: _17_ (recovery check against rising-edge clock i_clk)
Path Group: asynchronous
Path Type: max

Fanout         Cap        Slew       Delay        Time   Description
---------------------------------------------------------------------------------------------
                                  0.000000    0.000000   clock i_clk (rise edge)
                                  0.000000    0.000000   clock network delay (propagated)
                                  0.020000    0.020000 ^ input external delay
     1    0.002480    0.018374    0.009177    0.029177 ^ i_rst_n (in)
                      0.018374    0.000000    0.029177 ^ hold1/A (sky130_fd_sc_hd__dlygate4sd3_1)
     1    0.002227    0.049997    0.520665    0.549842 ^ hold1/X (sky130_fd_sc_hd__dlygate4sd3_1)
                      0.049997    0.000006    0.549849 ^ input2/A (sky130_fd_sc_hd__dlymetal6s2s_1)
     1    0.002238    0.051960    0.094392    0.644240 ^ input2/X (sky130_fd_sc_hd__dlymetal6s2s_1)
                      0.051960    0.000007    0.644247 ^ hold2/A (sky130_fd_sc_hd__dlygate4sd3_1)
     4    0.017063    0.184743    0.641203    1.285450 ^ hold2/X (sky130_fd_sc_hd__dlygate4sd3_1)
                      0.184743    0.000039    1.285489 ^ _17_/RESET_B (sky130_fd_sc_hd__dfrtp_1)
                                              1.285489   data arrival time

                                 10.000000   10.000000   clock i_clk (rise edge)
                                  0.000000   10.000000   clock source latency
     1    0.009715    0.050144    0.033086   10.033086 ^ i_clk (in)
                      0.050144    0.000000   10.033086 ^ clkbuf_0_i_clk/A (sky130_fd_sc_hd__clkbuf_16)
     2    0.017915    0.040070    0.125330   10.158416 ^ clkbuf_0_i_clk/X (sky130_fd_sc_hd__clkbuf_16)
                      0.040070    0.000099   10.158514 ^ clkbuf_1_0__f_i_clk/A (sky130_fd_sc_hd__clkbuf_16)
     2    0.004611    0.028408    0.108277   10.266791 ^ clkbuf_1_0__f_i_clk/X (sky130_fd_sc_hd__clkbuf_16)
                      0.028408    0.000014   10.266806 ^ _17_/CLK (sky130_fd_sc_hd__dfrtp_1)
                                 -0.250000   10.016806   clock uncertainty
                                  0.000000   10.016806   clock reconvergence pessimism
                                  0.188972   10.205778   library recovery time
                                             10.205778   data required time
---------------------------------------------------------------------------------------------
                                             10.205778   data required time
                                             -1.285489   data arrival time
---------------------------------------------------------------------------------------------
                                              8.920289   slack (MET)


Startpoint: i_rst_n (input port clocked by i_clk)
Endpoint: _18_ (recovery check against rising-edge clock i_clk)
Path Group: asynchronous
Path Type: max

Fanout         Cap        Slew       Delay        Time   Description
---------------------------------------------------------------------------------------------
                                  0.000000    0.000000   clock i_clk (rise edge)
                                  0.000000    0.000000   clock network delay (propagated)
                                  0.020000    0.020000 ^ input external delay
     1    0.002480    0.018374    0.009177    0.029177 ^ i_rst_n (in)
                      0.018374    0.000000    0.029177 ^ hold1/A (sky130_fd_sc_hd__dlygate4sd3_1)
     1    0.002227    0.049997    0.520665    0.549842 ^ hold1/X (sky130_fd_sc_hd__dlygate4sd3_1)
                      0.049997    0.000006    0.549849 ^ input2/A (sky130_fd_sc_hd__dlymetal6s2s_1)
     1    0.002238    0.051960    0.094392    0.644240 ^ input2/X (sky130_fd_sc_hd__dlymetal6s2s_1)
                      0.051960    0.000007    0.644247 ^ hold2/A (sky130_fd_sc_hd__dlygate4sd3_1)
     4    0.017063    0.184743    0.641203    1.285450 ^ hold2/X (sky130_fd_sc_hd__dlygate4sd3_1)
                      0.184743    0.000017    1.285468 ^ _18_/RESET_B (sky130_fd_sc_hd__dfrtp_1)
                                              1.285468   data arrival time

                                 10.000000   10.000000   clock i_clk (rise edge)
                                  0.000000   10.000000   clock source latency
     1    0.009715    0.050144    0.033086   10.033086 ^ i_clk (in)
                      0.050144    0.000000   10.033086 ^ clkbuf_0_i_clk/A (sky130_fd_sc_hd__clkbuf_16)
     2    0.017915    0.040070    0.125330   10.158416 ^ clkbuf_0_i_clk/X (sky130_fd_sc_hd__clkbuf_16)
                      0.040070    0.000099   10.158514 ^ clkbuf_1_0__f_i_clk/A (sky130_fd_sc_hd__clkbuf_16)
     2    0.004611    0.028408    0.108277   10.266791 ^ clkbuf_1_0__f_i_clk/X (sky130_fd_sc_hd__clkbuf_16)
                      0.028408    0.000019   10.266809 ^ _18_/CLK (sky130_fd_sc_hd__dfrtp_1)
                                 -0.250000   10.016809   clock uncertainty
                                  0.000000   10.016809   clock reconvergence pessimism
                                  0.188972   10.205782   library recovery time
                                             10.205782   data required time
---------------------------------------------------------------------------------------------
                                             10.205782   data required time
                                             -1.285468   data arrival time
---------------------------------------------------------------------------------------------
                                              8.920315   slack (MET)


Startpoint: i_rst_n (input port clocked by i_clk)
Endpoint: _19_ (recovery check against rising-edge clock i_clk)
Path Group: asynchronous
Path Type: max

Fanout         Cap        Slew       Delay        Time   Description
---------------------------------------------------------------------------------------------
                                  0.000000    0.000000   clock i_clk (rise edge)
                                  0.000000    0.000000   clock network delay (propagated)
                                  0.020000    0.020000 ^ input external delay
     1    0.002480    0.018374    0.009177    0.029177 ^ i_rst_n (in)
                      0.018374    0.000000    0.029177 ^ hold1/A (sky130_fd_sc_hd__dlygate4sd3_1)
     1    0.002227    0.049997    0.520665    0.549842 ^ hold1/X (sky130_fd_sc_hd__dlygate4sd3_1)
                      0.049997    0.000006    0.549849 ^ input2/A (sky130_fd_sc_hd__dlymetal6s2s_1)
     1    0.002238    0.051960    0.094392    0.644240 ^ input2/X (sky130_fd_sc_hd__dlymetal6s2s_1)
                      0.051960    0.000007    0.644247 ^ hold2/A (sky130_fd_sc_hd__dlygate4sd3_1)
     4    0.017063    0.184743    0.641203    1.285450 ^ hold2/X (sky130_fd_sc_hd__dlygate4sd3_1)
                      0.184743    0.000037    1.285488 ^ _19_/RESET_B (sky130_fd_sc_hd__dfrtp_1)
                                              1.285488   data arrival time

                                 10.000000   10.000000   clock i_clk (rise edge)
                                  0.000000   10.000000   clock source latency
     1    0.009715    0.050144    0.033086   10.033086 ^ i_clk (in)
                      0.050144    0.000000   10.033086 ^ clkbuf_0_i_clk/A (sky130_fd_sc_hd__clkbuf_16)
     2    0.017915    0.040070    0.125330   10.158416 ^ clkbuf_0_i_clk/X (sky130_fd_sc_hd__clkbuf_16)
                      0.040070    0.000096   10.158512 ^ clkbuf_1_1__f_i_clk/A (sky130_fd_sc_hd__clkbuf_16)
     2    0.004773    0.028557    0.108471   10.266982 ^ clkbuf_1_1__f_i_clk/X (sky130_fd_sc_hd__clkbuf_16)
                      0.028557    0.000020   10.267003 ^ _19_/CLK (sky130_fd_sc_hd__dfrtp_1)
                                 -0.250000   10.017003   clock uncertainty
                                  0.000000   10.017003   clock reconvergence pessimism
                                  0.189019   10.206022   library recovery time
                                             10.206022   data required time
---------------------------------------------------------------------------------------------
                                             10.206022   data required time
                                             -1.285488   data arrival time
---------------------------------------------------------------------------------------------
                                              8.920534   slack (MET)


Startpoint: i_rst_n (input port clocked by i_clk)
Endpoint: _16_ (recovery check against rising-edge clock i_clk)
Path Group: asynchronous
Path Type: max

Fanout         Cap        Slew       Delay        Time   Description
---------------------------------------------------------------------------------------------
                                  0.000000    0.000000   clock i_clk (rise edge)
                                  0.000000    0.000000   clock network delay (propagated)
                                  0.020000    0.020000 ^ input external delay
     1    0.002480    0.018374    0.009177    0.029177 ^ i_rst_n (in)
                      0.018374    0.000000    0.029177 ^ hold1/A (sky130_fd_sc_hd__dlygate4sd3_1)
     1    0.002227    0.049997    0.520665    0.549842 ^ hold1/X (sky130_fd_sc_hd__dlygate4sd3_1)
                      0.049997    0.000006    0.549849 ^ input2/A (sky130_fd_sc_hd__dlymetal6s2s_1)
     1    0.002238    0.051960    0.094392    0.644240 ^ input2/X (sky130_fd_sc_hd__dlymetal6s2s_1)
                      0.051960    0.000007    0.644247 ^ hold2/A (sky130_fd_sc_hd__dlygate4sd3_1)
     4    0.017063    0.184743    0.641203    1.285450 ^ hold2/X (sky130_fd_sc_hd__dlygate4sd3_1)
                      0.184743    0.000027    1.285478 ^ _16_/RESET_B (sky130_fd_sc_hd__dfrtp_1)
                                              1.285478   data arrival time

                                 10.000000   10.000000   clock i_clk (rise edge)
                                  0.000000   10.000000   clock source latency
     1    0.009715    0.050144    0.033086   10.033086 ^ i_clk (in)
                      0.050144    0.000000   10.033086 ^ clkbuf_0_i_clk/A (sky130_fd_sc_hd__clkbuf_16)
     2    0.017915    0.040070    0.125330   10.158416 ^ clkbuf_0_i_clk/X (sky130_fd_sc_hd__clkbuf_16)
                      0.040070    0.000096   10.158512 ^ clkbuf_1_1__f_i_clk/A (sky130_fd_sc_hd__clkbuf_16)
     2    0.004773    0.028557    0.108471   10.266982 ^ clkbuf_1_1__f_i_clk/X (sky130_fd_sc_hd__clkbuf_16)
                      0.028557    0.000021   10.267004 ^ _16_/CLK (sky130_fd_sc_hd__dfrtp_1)
                                 -0.250000   10.017003   clock uncertainty
                                  0.000000   10.017003   clock reconvergence pessimism
                                  0.189019   10.206023   library recovery time
                                             10.206023   data required time
---------------------------------------------------------------------------------------------
                                             10.206023   data required time
                                             -1.285478   data arrival time
---------------------------------------------------------------------------------------------
                                              8.920546   slack (MET)


Startpoint: _18_ (rising edge-triggered flip-flop clocked by i_clk)
Endpoint: uo_out[3] (output port clocked by i_clk)
Path Group: i_clk
Path Type: max

Fanout         Cap        Slew       Delay        Time   Description
---------------------------------------------------------------------------------------------
                                  0.000000    0.000000   clock i_clk (rise edge)
                                  0.000000    0.000000   clock source latency
     1    0.009715    0.050144    0.033085    0.033085 ^ i_clk (in)
                      0.050144    0.000000    0.033085 ^ clkbuf_0_i_clk/A (sky130_fd_sc_hd__clkbuf_16)
     2    0.017915    0.040070    0.125330    0.158416 ^ clkbuf_0_i_clk/X (sky130_fd_sc_hd__clkbuf_16)
                      0.040070    0.000098    0.158514 ^ clkbuf_1_0__f_i_clk/A (sky130_fd_sc_hd__clkbuf_16)
     2    0.004611    0.028408    0.108277    0.266791 ^ clkbuf_1_0__f_i_clk/X (sky130_fd_sc_hd__clkbuf_16)
                      0.028408    0.000019    0.266810 ^ _18_/CLK (sky130_fd_sc_hd__dfrtp_1)
     2    0.004767    0.048177    0.358280    0.625090 v _18_/Q (sky130_fd_sc_hd__dfrtp_1)
                      0.048177    0.000016    0.625106 v output6/A (sky130_fd_sc_hd__buf_2)
     1    0.034544    0.089898    0.182308    0.807414 v output6/X (sky130_fd_sc_hd__buf_2)
                      0.089898    0.000255    0.807669 v uo_out[3] (out)
                                              0.807669   data arrival time

                                 10.000000   10.000000   clock i_clk (rise edge)
                                  0.000000   10.000000   clock network delay (propagated)
                                 -0.250000    9.750000   clock uncertainty
                                  0.000000    9.750000   clock reconvergence pessimism
                                 -0.020000    9.730000   output external delay
                                              9.730000   data required time
---------------------------------------------------------------------------------------------
                                              9.730000   data required time
                                             -0.807669   data arrival time
---------------------------------------------------------------------------------------------
                                              8.922332   slack (MET)



%OL_END_REPORT
%OL_CREATE_REPORT checks.rpt

===========================================================================
report_checks -unconstrained
===========================================================================
======================= nom_tt_025C_1v80 Corner ===================================

[WARNING STA-0168] unknown field nets.
Startpoint: i_rst_n (input port clocked by i_clk)
Endpoint: _17_ (recovery check against rising-edge clock i_clk)
Path Group: asynchronous
Path Type: max

Fanout         Cap        Slew       Delay        Time   Description
---------------------------------------------------------------------------------------------
                                  0.000000    0.000000   clock i_clk (rise edge)
                                  0.000000    0.000000   clock network delay (propagated)
                                  0.020000    0.020000 ^ input external delay
     1    0.002480    0.018374    0.009177    0.029177 ^ i_rst_n (in)
                      0.018374    0.000000    0.029177 ^ hold1/A (sky130_fd_sc_hd__dlygate4sd3_1)
     1    0.002227    0.049997    0.520665    0.549842 ^ hold1/X (sky130_fd_sc_hd__dlygate4sd3_1)
                      0.049997    0.000006    0.549849 ^ input2/A (sky130_fd_sc_hd__dlymetal6s2s_1)
     1    0.002238    0.051960    0.094392    0.644240 ^ input2/X (sky130_fd_sc_hd__dlymetal6s2s_1)
                      0.051960    0.000007    0.644247 ^ hold2/A (sky130_fd_sc_hd__dlygate4sd3_1)
     4    0.017063    0.184743    0.641203    1.285450 ^ hold2/X (sky130_fd_sc_hd__dlygate4sd3_1)
                      0.184743    0.000039    1.285489 ^ _17_/RESET_B (sky130_fd_sc_hd__dfrtp_1)
                                              1.285489   data arrival time

                                 10.000000   10.000000   clock i_clk (rise edge)
                                  0.000000   10.000000   clock source latency
     1    0.009715    0.050144    0.033086   10.033086 ^ i_clk (in)
                      0.050144    0.000000   10.033086 ^ clkbuf_0_i_clk/A (sky130_fd_sc_hd__clkbuf_16)
     2    0.017915    0.040070    0.125330   10.158416 ^ clkbuf_0_i_clk/X (sky130_fd_sc_hd__clkbuf_16)
                      0.040070    0.000099   10.158514 ^ clkbuf_1_0__f_i_clk/A (sky130_fd_sc_hd__clkbuf_16)
     2    0.004611    0.028408    0.108277   10.266791 ^ clkbuf_1_0__f_i_clk/X (sky130_fd_sc_hd__clkbuf_16)
                      0.028408    0.000014   10.266806 ^ _17_/CLK (sky130_fd_sc_hd__dfrtp_1)
                                 -0.250000   10.016806   clock uncertainty
                                  0.000000   10.016806   clock reconvergence pessimism
                                  0.188972   10.205778   library recovery time
                                             10.205778   data required time
---------------------------------------------------------------------------------------------
                                             10.205778   data required time
                                             -1.285489   data arrival time
---------------------------------------------------------------------------------------------
                                              8.920289   slack (MET)


Startpoint: i_ena (input port clocked by i_clk)
Endpoint: _16_ (rising edge-triggered flip-flop clocked by i_clk)
Path Group: i_clk
Path Type: max

Fanout         Cap        Slew       Delay        Time   Description
---------------------------------------------------------------------------------------------
                                  0.000000    0.000000   clock i_clk (rise edge)
                                  0.000000    0.000000   clock network delay (propagated)
                                  0.020000    0.020000 ^ input external delay
     1    0.002310    0.017660    0.008580    0.028580 ^ i_ena (in)
                      0.017660    0.000000    0.028580 ^ hold3/A (sky130_fd_sc_hd__dlygate4sd3_1)
     1    0.002236    0.050073    0.520495    0.549074 ^ hold3/X (sky130_fd_sc_hd__dlygate4sd3_1)
                      0.050073    0.000000    0.549075 ^ input1/A (sky130_fd_sc_hd__clkbuf_1)
     4    0.009375    0.120479    0.134744    0.683819 ^ input1/X (sky130_fd_sc_hd__clkbuf_1)
                      0.120479    0.000006    0.683825 ^ _08_/B (sky130_fd_sc_hd__nand2_1)
     2    0.006280    0.063831    0.087765    0.771591 v _08_/Y (sky130_fd_sc_hd__nand2_1)
                      0.063831    0.000012    0.771602 v _09_/B (sky130_fd_sc_hd__xnor2_1)
     1    0.001944    0.042214    0.119977    0.891579 v _09_/Y (sky130_fd_sc_hd__xnor2_1)
                      0.042214    0.000004    0.891584 v hold4/A (sky130_fd_sc_hd__dlygate4sd3_1)
     1    0.002307    0.051967    0.542628    1.434211 v hold4/X (sky130_fd_sc_hd__dlygate4sd3_1)
                      0.051967    0.000005    1.434216 v _16_/D (sky130_fd_sc_hd__dfrtp_1)
                                              1.434216   data arrival time

                                 10.000000   10.000000   clock i_clk (rise edge)
                                  0.000000   10.000000   clock source latency
     1    0.009715    0.050144    0.033086   10.033086 ^ i_clk (in)
                      0.050144    0.000000   10.033086 ^ clkbuf_0_i_clk/A (sky130_fd_sc_hd__clkbuf_16)
     2    0.017915    0.040070    0.125330   10.158416 ^ clkbuf_0_i_clk/X (sky130_fd_sc_hd__clkbuf_16)
                      0.040070    0.000096   10.158512 ^ clkbuf_1_1__f_i_clk/A (sky130_fd_sc_hd__clkbuf_16)
     2    0.004773    0.028557    0.108471   10.266982 ^ clkbuf_1_1__f_i_clk/X (sky130_fd_sc_hd__clkbuf_16)
                      0.028557    0.000021   10.267004 ^ _16_/CLK (sky130_fd_sc_hd__dfrtp_1)
                                 -0.250000   10.017003   clock uncertainty
                                  0.000000   10.017003   clock reconvergence pessimism
                                 -0.121079    9.895926   library setup time
                                              9.895926   data required time
---------------------------------------------------------------------------------------------
                                              9.895926   data required time
                                             -1.434216   data arrival time
---------------------------------------------------------------------------------------------
                                              8.461709   slack (MET)




===========================================================================
report_checks --slack_max -0.01
============================================================================
======================= nom_tt_025C_1v80 Corner ===================================

[WARNING STA-0168] unknown field nets.
No paths found.


===========================================================================
 report_check_types -max_slew -max_cap -max_fanout -violators
============================================================================
======================= nom_tt_025C_1v80 Corner ===================================



===========================================================================
report_parasitic_annotation -report_unannotated
============================================================================
Found 36 unannotated drivers.
 ui_in[0]
 ui_in[1]
 ui_in[2]
 ui_in[3]
 ui_in[4]
 ui_in[5]
 ui_in[6]
 ui_in[7]
 uio_in[0]
 uio_in[1]
 uio_in[2]
 uio_in[3]
 uio_in[4]
 uio_in[5]
 uio_in[6]
 uio_in[7]
 tt_if_10/HI
 tt_if_11/HI
 tt_if_12/HI
 tt_if_13/HI
 tt_if_14/HI
 tt_if_15/HI
 tt_if_16/HI
 tt_if_17/HI
 tt_if_18/HI
 tt_if_19/HI
 tt_if_20/HI
 tt_if_21/HI
 tt_if_22/HI
 tt_if_23/HI
 tt_if_24/HI
 tt_if_25/HI
 tt_if_26/HI
 tt_if_7/HI
 tt_if_8/HI
 tt_if_9/HI
Found 0 partially unannotated drivers.

===========================================================================
max slew violation count 0
Writing metric design__max_slew_violation__count__corner:nom_tt_025C_1v80: 0
max fanout violation count 0
Writing metric design__max_fanout_violation__count__corner:nom_tt_025C_1v80: 0
max cap violation count 0
Writing metric design__max_cap_violation__count__corner:nom_tt_025C_1v80: 0
============================================================================

===========================================================================
check_setup -verbose -unconstrained_endpoints -multiple_clock -no_clock -no_input_delay -loops -generated_clocks
===========================================================================
Warning: There are 20 unconstrained endpoints.
  uio_oe[0]
  uio_oe[1]
  uio_oe[2]
  uio_oe[3]
  uio_oe[4]
  uio_oe[5]
  uio_oe[6]
  uio_oe[7]
  uio_out[0]
  uio_out[1]
  uio_out[2]
  uio_out[3]
  uio_out[4]
  uio_out[5]
  uio_out[6]
  uio_out[7]
  uo_out[4]
  uo_out[5]
  uo_out[6]
  uo_out[7]
%OL_END_REPORT
%OL_CREATE_REPORT power.rpt

===========================================================================
 report_power
============================================================================
======================= nom_tt_025C_1v80 Corner ===================================

Group                    Internal    Switching      Leakage        Total
                            Power        Power        Power        Power (Watts)
------------------------------------------------------------------------
Sequential           2.335033e-05 4.683930e-06 4.578522e-11 2.803430e-05  21.9%
Combinational        1.752570e-05 2.297453e-05 1.381799e-10 4.050037e-05  31.6%
Clock                5.068799e-05 8.845063e-06 9.528998e-11 5.953314e-05  46.5%
Macro                0.000000e+00 0.000000e+00 0.000000e+00 0.000000e+00   0.0%
Pad                  0.000000e+00 0.000000e+00 0.000000e+00 0.000000e+00   0.0%
------------------------------------------------------------------------
Total                9.156402e-05 3.650352e-05 2.792551e-10 1.280678e-04 100.0%
                            71.5%        28.5%         0.0%
Writing metric power__internal__total: 9.15640193852596e-5
Writing metric power__switching__total: 3.650351573014632e-5
Writing metric power__leakage__total: 2.792550635177804e-10
Writing metric power__total: 0.00012806781160179526

%OL_END_REPORT
%OL_CREATE_REPORT skew.min.rpt

===========================================================================
Clock Skew (Hold)
============================================================================
Writing metric clock__skew__worst_hold__corner:nom_tt_025C_1v80: -0.2500046906924117
======================= nom_tt_025C_1v80 Corner ===================================

Clock i_clk
0.266805 source latency _17_/CLK ^
-0.266810 target latency _18_/CLK ^
-0.250000 clock uncertainty
0.000000 CRPR
--------------
-0.250005 hold skew

%OL_END_REPORT
%OL_CREATE_REPORT skew.max.rpt

===========================================================================
Clock Skew (Setup)
============================================================================
Writing metric clock__skew__worst_setup__corner:nom_tt_025C_1v80: 0.25019773072627793
======================= nom_tt_025C_1v80 Corner ===================================

Clock i_clk
0.267003 source latency _16_/CLK ^
-0.266805 target latency _17_/CLK ^
0.250000 clock uncertainty
0.000000 CRPR
--------------
0.250198 setup skew

%OL_END_REPORT
%OL_CREATE_REPORT ws.min.rpt

===========================================================================
Worst Slack (Hold)
============================================================================
Writing metric timing__hold__ws__corner:nom_tt_025C_1v80: 0.332169856578055
nom_tt_025C_1v80: 0.332169856578055
%OL_END_REPORT
%OL_CREATE_REPORT ws.max.rpt

===========================================================================
Worst Slack (Setup)
============================================================================
Writing metric timing__setup__ws__corner:nom_tt_025C_1v80: 8.461708906398094
nom_tt_025C_1v80: 8.461708906398094
%OL_END_REPORT
%OL_CREATE_REPORT tns.min.rpt

===========================================================================
Total Negative Slack (Hold)
============================================================================
Writing metric timing__hold__tns__corner:nom_tt_025C_1v80: 0.0
nom_tt_025C_1v80: 0.0
%OL_END_REPORT
%OL_CREATE_REPORT tns.max.rpt

===========================================================================
Total Negative Slack (Setup)
============================================================================
Writing metric timing__setup__tns__corner:nom_tt_025C_1v80: 0.0
nom_tt_025C_1v80: 0.0
%OL_END_REPORT
%OL_CREATE_REPORT wns.min.rpt

===========================================================================
Worst Negative Slack (Hold)
============================================================================
Writing metric timing__hold__wns__corner:nom_tt_025C_1v80: 0
nom_tt_025C_1v80: 0
%OL_END_REPORT
%OL_CREATE_REPORT wns.max.rpt

===========================================================================
Worst Negative Slack (Setup)
============================================================================
Writing metric timing__setup__wns__corner:nom_tt_025C_1v80: 0.0
nom_tt_025C_1v80: 0.0
%OL_END_REPORT
%OL_CREATE_REPORT violator_list.rpt

===========================================================================
Violator List
============================================================================
[WARNING STA-0503] find_timing_paths -group_count is deprecated. Use -group_path_count instead.
[WARNING STA-0503] find_timing_paths -group_count is deprecated. Use -group_path_count instead.
[WARNING STA-0503] find_timing_paths -group_count is deprecated. Use -group_path_count instead.
[WARNING STA-0503] find_timing_paths -group_count is deprecated. Use -group_path_count instead.
Writing metric timing__hold_vio__count__corner:nom_tt_025C_1v80: 0
Writing metric timing__hold_r2r__ws__corner:nom_tt_025C_1v80: 0.332170
Writing metric timing__hold_r2r_vio__count__corner:nom_tt_025C_1v80: 0
Writing metric timing__setup_vio__count__corner:nom_tt_025C_1v80: 0
Writing metric timing__setup_r2r__ws__corner:nom_tt_025C_1v80: 8.550179
Writing metric timing__setup_r2r_vio__count__corner:nom_tt_025C_1v80: 0
%OL_END_REPORT
%OL_CREATE_REPORT unpropagated.rpt
%OL_END_REPORT
%OL_CREATE_REPORT clock.rpt
Clock: i_clk
Sources: i_clk 
Generated: no
Virtual: yes
Propagated: no
Period: 10.000000

===========================================================================
report_clock_properties
============================================================================
Clock                   Period          Waveform
----------------------------------------------------
i_clk                10.000000    0.000000  5.000000

===========================================================================
report_clock_latency
============================================================================
Clock i_clk
rise -> rise
    min     max
0.000000 0.000000 source latency
0.266805         network latency _17_/CLK
        0.267003 network latency _16_/CLK
---------------
0.266805 0.267003 latency
        0.000198 skew

fall -> fall
    min     max
0.000000 0.000000 source latency
0.275532         network latency _17_/CLK
        0.275713 network latency _16_/CLK
---------------
0.275532 0.275713 latency
        0.000181 skew



===========================================================================
report_clock_min_period
============================================================================
i_clk period_min = 1.48 fmax = 673.81
%OL_END_REPORT
