
===========================================================================
report_checks -unconstrained
===========================================================================
======================= min_ff_n40C_1v95 Corner ===================================

Warning: corner.tcl line 77, unknown field nets.
Startpoint: i_rst_n (input port clocked by i_clk)
Endpoint: _17_ (recovery check against rising-edge clock i_clk)
Path Group: asynchronous
Path Type: max

Fanout         Cap        Slew       Delay        Time   Description
---------------------------------------------------------------------------------------------
                                  0.000000    0.000000   clock i_clk (rise edge)
                                  0.000000    0.000000   clock network delay (propagated)
                                  0.020000    0.020000 ^ input external delay
     1    0.002661    0.013423    0.006857    0.026857 ^ i_rst_n (in)
                      0.013423    0.000000    0.026857 ^ hold1/A (sky130_fd_sc_hd__dlygate4sd3_1)
     1    0.002646    0.036341    0.365732    0.392589 ^ hold1/X (sky130_fd_sc_hd__dlygate4sd3_1)
                      0.036341    0.000029    0.392619 ^ input2/A (sky130_fd_sc_hd__dlymetal6s2s_1)
     1    0.002670    0.042968    0.065137    0.457756 ^ input2/X (sky130_fd_sc_hd__dlymetal6s2s_1)
                      0.042968    0.000031    0.457787 ^ hold2/A (sky130_fd_sc_hd__dlygate4sd3_1)
     4    0.017499    0.139872    0.451789    0.909576 ^ hold2/X (sky130_fd_sc_hd__dlygate4sd3_1)
                      0.139872    0.000134    0.909710 ^ _17_/RESET_B (sky130_fd_sc_hd__dfrtp_1)
                                              0.909710   data arrival time

                                 10.000000   10.000000   clock i_clk (rise edge)
                                  0.000000   10.000000   clock source latency
     1    0.010642    0.040691    0.026655   10.026655 ^ i_clk (in)
                      0.040692    0.000000   10.026655 ^ clkbuf_0_i_clk/A (sky130_fd_sc_hd__clkbuf_16)
     2    0.019209    0.030661    0.086745   10.113400 ^ clkbuf_0_i_clk/X (sky130_fd_sc_hd__clkbuf_16)
                      0.030662    0.000271   10.113671 ^ clkbuf_1_0__f_i_clk/A (sky130_fd_sc_hd__clkbuf_16)
     2    0.005331    0.021218    0.073922   10.187593 ^ clkbuf_1_0__f_i_clk/X (sky130_fd_sc_hd__clkbuf_16)
                      0.021218    0.000056   10.187649 ^ _17_/CLK (sky130_fd_sc_hd__dfrtp_1)
                                 -0.250000    9.937649   clock uncertainty
                                  0.000000    9.937649   clock reconvergence pessimism
                                  0.121788   10.059438   library recovery time
                                             10.059438   data required time
---------------------------------------------------------------------------------------------
                                             10.059438   data required time
                                             -0.909710   data arrival time
---------------------------------------------------------------------------------------------
                                              9.149729   slack (MET)


Startpoint: i_ena (input port clocked by i_clk)
Endpoint: _16_ (rising edge-triggered flip-flop clocked by i_clk)
Path Group: i_clk
Path Type: max

Fanout         Cap        Slew       Delay        Time   Description
---------------------------------------------------------------------------------------------
                                  0.000000    0.000000   clock i_clk (rise edge)
                                  0.000000    0.000000   clock network delay (propagated)
                                  0.020000    0.020000 ^ input external delay
     1    0.002466    0.012731    0.006345    0.026345 ^ i_ena (in)
                      0.012731    0.000000    0.026345 ^ hold3/A (sky130_fd_sc_hd__dlygate4sd3_1)
     1    0.002310    0.035721    0.363394    0.389739 ^ hold3/X (sky130_fd_sc_hd__dlygate4sd3_1)
                      0.035721    0.000008    0.389747 ^ input1/A (sky130_fd_sc_hd__clkbuf_1)
     4    0.010231    0.094585    0.096477    0.486224 ^ input1/X (sky130_fd_sc_hd__clkbuf_1)
                      0.094585    0.000036    0.486260 ^ _08_/B (sky130_fd_sc_hd__nand2_1)
     2    0.006412    0.044435    0.050696    0.536956 v _08_/Y (sky130_fd_sc_hd__nand2_1)
                      0.044435    0.000033    0.536989 v _09_/B (sky130_fd_sc_hd__xnor2_1)
     1    0.002247    0.032973    0.078251    0.615240 v _09_/Y (sky130_fd_sc_hd__xnor2_1)
                      0.032973    0.000022    0.615261 v hold4/A (sky130_fd_sc_hd__dlygate4sd3_1)
     1    0.002704    0.037672    0.360089    0.975350 v hold4/X (sky130_fd_sc_hd__dlygate4sd3_1)
                      0.037672    0.000026    0.975376 v _16_/D (sky130_fd_sc_hd__dfrtp_1)
                                              0.975376   data arrival time

                                 10.000000   10.000000   clock i_clk (rise edge)
                                  0.000000   10.000000   clock source latency
     1    0.010642    0.040691    0.026655   10.026655 ^ i_clk (in)
                      0.040692    0.000000   10.026655 ^ clkbuf_0_i_clk/A (sky130_fd_sc_hd__clkbuf_16)
     2    0.019209    0.030661    0.086745   10.113400 ^ clkbuf_0_i_clk/X (sky130_fd_sc_hd__clkbuf_16)
                      0.030662    0.000253   10.113653 ^ clkbuf_1_1__f_i_clk/A (sky130_fd_sc_hd__clkbuf_16)
     2    0.005963    0.021655    0.074464   10.188117 ^ clkbuf_1_1__f_i_clk/X (sky130_fd_sc_hd__clkbuf_16)
                      0.021655    0.000064   10.188181 ^ _16_/CLK (sky130_fd_sc_hd__dfrtp_1)
                                 -0.250000    9.938181   clock uncertainty
                                  0.000000    9.938181   clock reconvergence pessimism
                                 -0.075467    9.862715   library setup time
                                              9.862715   data required time
---------------------------------------------------------------------------------------------
                                              9.862715   data required time
                                             -0.975376   data arrival time
---------------------------------------------------------------------------------------------
                                              8.887340   slack (MET)




===========================================================================
report_checks --slack_max -0.01
============================================================================
======================= min_ff_n40C_1v95 Corner ===================================

Warning: corner.tcl line 85, unknown field nets.
No paths found.


===========================================================================
 report_check_types -max_slew -max_cap -max_fanout -violators
============================================================================
======================= min_ff_n40C_1v95 Corner ===================================



===========================================================================
report_parasitic_annotation -report_unannotated
============================================================================
Found 36 unannotated drivers.
 ui_in[0]
 ui_in[1]
 ui_in[2]
 ui_in[3]
 ui_in[4]
 ui_in[5]
 ui_in[6]
 ui_in[7]
 uio_in[0]
 uio_in[1]
 uio_in[2]
 uio_in[3]
 uio_in[4]
 uio_in[5]
 uio_in[6]
 uio_in[7]
 tt_if_10/HI
 tt_if_11/HI
 tt_if_12/HI
 tt_if_13/HI
 tt_if_14/HI
 tt_if_15/HI
 tt_if_16/HI
 tt_if_17/HI
 tt_if_18/HI
 tt_if_19/HI
 tt_if_20/HI
 tt_if_21/HI
 tt_if_22/HI
 tt_if_23/HI
 tt_if_24/HI
 tt_if_25/HI
 tt_if_26/HI
 tt_if_7/HI
 tt_if_8/HI
 tt_if_9/HI
Found 0 partially unannotated drivers.

===========================================================================
max slew violation count 0
max fanout violation count 0
max cap violation count 0
============================================================================

===========================================================================
check_setup -verbose -unconstrained_endpoints -multiple_clock -no_clock -no_input_delay -loops -generated_clocks
===========================================================================
Warning: There are 20 unconstrained endpoints.
  uio_oe[0]
  uio_oe[1]
  uio_oe[2]
  uio_oe[3]
  uio_oe[4]
  uio_oe[5]
  uio_oe[6]
  uio_oe[7]
  uio_out[0]
  uio_out[1]
  uio_out[2]
  uio_out[3]
  uio_out[4]
  uio_out[5]
  uio_out[6]
  uio_out[7]
  uo_out[4]
  uo_out[5]
  uo_out[6]
  uo_out[7]
