Clock: i_clk
Sources: i_clk 
Generated: no
Virtual: yes
Propagated: no
Period: 10.000000

===========================================================================
report_clock_properties
============================================================================
Clock                   Period          Waveform
----------------------------------------------------
i_clk                10.000000    0.000000  5.000000

===========================================================================
report_clock_latency
============================================================================
Clock i_clk
rise -> rise
    min     max
0.000000 0.000000 source latency
0.187649         network latency _17_/CLK
        0.188182 network latency _19_/CLK
---------------
0.187649 0.188182 latency
        0.000533 skew

fall -> fall
    min     max
0.000000 0.000000 source latency
0.188029         network latency _17_/CLK
        0.188517 network latency _19_/CLK
---------------
0.188029 0.188517 latency
        0.000488 skew



===========================================================================
report_clock_min_period
============================================================================
i_clk period_min = 1.06 fmax = 947.57
