
===========================================================================
report_checks -path_delay max (Setup)
============================================================================
======================= min_ff_n40C_1v95 Corner ===================================

Warning: corner.tcl line 67, unknown field nets.
Warning: corner.tcl line 67, report_checks -group_count is deprecated. Use -group_path_count instead.
Startpoint: i_ena (input port clocked by i_clk)
Endpoint: _16_ (rising edge-triggered flip-flop clocked by i_clk)
Path Group: i_clk
Path Type: max

Fanout         Cap        Slew       Delay        Time   Description
---------------------------------------------------------------------------------------------
                                  0.000000    0.000000   clock i_clk (rise edge)
                                  0.000000    0.000000   clock network delay (propagated)
                                  0.020000    0.020000 ^ input external delay
     1    0.002466    0.012731    0.006345    0.026345 ^ i_ena (in)
                      0.012731    0.000000    0.026345 ^ hold3/A (sky130_fd_sc_hd__dlygate4sd3_1)
     1    0.002310    0.035721    0.363394    0.389739 ^ hold3/X (sky130_fd_sc_hd__dlygate4sd3_1)
                      0.035721    0.000008    0.389747 ^ input1/A (sky130_fd_sc_hd__clkbuf_1)
     4    0.010231    0.094585    0.096477    0.486224 ^ input1/X (sky130_fd_sc_hd__clkbuf_1)
                      0.094585    0.000036    0.486260 ^ _08_/B (sky130_fd_sc_hd__nand2_1)
     2    0.006412    0.044435    0.050696    0.536956 v _08_/Y (sky130_fd_sc_hd__nand2_1)
                      0.044435    0.000033    0.536989 v _09_/B (sky130_fd_sc_hd__xnor2_1)
     1    0.002247    0.032973    0.078251    0.615240 v _09_/Y (sky130_fd_sc_hd__xnor2_1)
                      0.032973    0.000022    0.615261 v hold4/A (sky130_fd_sc_hd__dlygate4sd3_1)
     1    0.002704    0.037672    0.360089    0.975350 v hold4/X (sky130_fd_sc_hd__dlygate4sd3_1)
                      0.037672    0.000026    0.975376 v _16_/D (sky130_fd_sc_hd__dfrtp_1)
                                              0.975376   data arrival time

                                 10.000000   10.000000   clock i_clk (rise edge)
                                  0.000000   10.000000   clock source latency
     1    0.010642    0.040691    0.026655   10.026655 ^ i_clk (in)
                      0.040692    0.000000   10.026655 ^ clkbuf_0_i_clk/A (sky130_fd_sc_hd__clkbuf_16)
     2    0.019209    0.030661    0.086745   10.113400 ^ clkbuf_0_i_clk/X (sky130_fd_sc_hd__clkbuf_16)
                      0.030662    0.000253   10.113653 ^ clkbuf_1_1__f_i_clk/A (sky130_fd_sc_hd__clkbuf_16)
     2    0.005963    0.021655    0.074464   10.188117 ^ clkbuf_1_1__f_i_clk/X (sky130_fd_sc_hd__clkbuf_16)
                      0.021655    0.000064   10.188181 ^ _16_/CLK (sky130_fd_sc_hd__dfrtp_1)
                                 -0.250000    9.938181   clock uncertainty
                                  0.000000    9.938181   clock reconvergence pessimism
                                 -0.075467    9.862715   library setup time
                                              9.862715   data required time
---------------------------------------------------------------------------------------------
                                              9.862715   data required time
                                             -0.975376   data arrival time
---------------------------------------------------------------------------------------------
                                              8.887340   slack (MET)


Startpoint: _18_ (rising edge-triggered flip-flop clocked by i_clk)
Endpoint: _18_ (rising edge-triggered flip-flop clocked by i_clk)
Path Group: i_clk
Path Type: max

Fanout         Cap        Slew       Delay        Time   Description
---------------------------------------------------------------------------------------------
                                  0.000000    0.000000   clock i_clk (rise edge)
                                  0.000000    0.000000   clock source latency
     1    0.010642    0.040691    0.026655    0.026655 ^ i_clk (in)
                      0.040692    0.000000    0.026655 ^ clkbuf_0_i_clk/A (sky130_fd_sc_hd__clkbuf_16)
     2    0.019209    0.030661    0.086744    0.113400 ^ clkbuf_0_i_clk/X (sky130_fd_sc_hd__clkbuf_16)
                      0.030662    0.000271    0.113671 ^ clkbuf_1_0__f_i_clk/A (sky130_fd_sc_hd__clkbuf_16)
     2    0.005331    0.021218    0.073923    0.187593 ^ clkbuf_1_0__f_i_clk/X (sky130_fd_sc_hd__clkbuf_16)
                      0.021218    0.000075    0.187668 ^ _18_/CLK (sky130_fd_sc_hd__dfrtp_1)
     2    0.005643    0.036935    0.229200    0.416868 v _18_/Q (sky130_fd_sc_hd__dfrtp_1)
                      0.036935    0.000041    0.416909 v hold5/A (sky130_fd_sc_hd__dlygate4sd3_1)
     1    0.005495    0.047601    0.375412    0.792321 v hold5/X (sky130_fd_sc_hd__dlygate4sd3_1)
                      0.047601    0.000068    0.792389 v _13_/A (sky130_fd_sc_hd__xor2_1)
     1    0.002592    0.031230    0.102055    0.894444 v _13_/X (sky130_fd_sc_hd__xor2_1)
                      0.031230    0.000016    0.894460 v _18_/D (sky130_fd_sc_hd__dfrtp_1)
                                              0.894460   data arrival time

                                 10.000000   10.000000   clock i_clk (rise edge)
                                  0.000000   10.000000   clock source latency
     1    0.010642    0.040691    0.026655   10.026655 ^ i_clk (in)
                      0.040692    0.000000   10.026655 ^ clkbuf_0_i_clk/A (sky130_fd_sc_hd__clkbuf_16)
     2    0.019209    0.030661    0.086745   10.113400 ^ clkbuf_0_i_clk/X (sky130_fd_sc_hd__clkbuf_16)
                      0.030662    0.000271   10.113671 ^ clkbuf_1_0__f_i_clk/A (sky130_fd_sc_hd__clkbuf_16)
     2    0.005331    0.021218    0.073922   10.187593 ^ clkbuf_1_0__f_i_clk/X (sky130_fd_sc_hd__clkbuf_16)
                      0.021218    0.000075   10.187668 ^ _18_/CLK (sky130_fd_sc_hd__dfrtp_1)
                                 -0.250000    9.937668   clock uncertainty
                                  0.000000    9.937668   clock reconvergence pessimism
                                 -0.073207    9.864461   library setup time
                                              9.864461   data required time
---------------------------------------------------------------------------------------------
                                              9.864461   data required time
                                             -0.894460   data arrival time
---------------------------------------------------------------------------------------------
                                              8.970000   slack (MET)


Startpoint: i_ena (input port clocked by i_clk)
Endpoint: _17_ (rising edge-triggered flip-flop clocked by i_clk)
Path Group: i_clk
Path Type: max

Fanout         Cap        Slew       Delay        Time   Description
---------------------------------------------------------------------------------------------
                                  0.000000    0.000000   clock i_clk (rise edge)
                                  0.000000    0.000000   clock network delay (propagated)
                                  0.020000    0.020000 ^ input external delay
     1    0.002466    0.012731    0.006345    0.026345 ^ i_ena (in)
                      0.012731    0.000000    0.026345 ^ hold3/A (sky130_fd_sc_hd__dlygate4sd3_1)
     1    0.002310    0.035721    0.363394    0.389739 ^ hold3/X (sky130_fd_sc_hd__dlygate4sd3_1)
                      0.035721    0.000008    0.389747 ^ input1/A (sky130_fd_sc_hd__clkbuf_1)
     4    0.010231    0.094585    0.096477    0.486224 ^ input1/X (sky130_fd_sc_hd__clkbuf_1)
                      0.094585    0.000045    0.486269 ^ _10_/D (sky130_fd_sc_hd__and4_1)
     2    0.007335    0.065377    0.139987    0.626257 ^ _10_/X (sky130_fd_sc_hd__and4_1)
                      0.065377    0.000057    0.626314 ^ _12_/A_N (sky130_fd_sc_hd__and2b_1)
     1    0.003500    0.027023    0.112952    0.739266 v _12_/X (sky130_fd_sc_hd__and2b_1)
                      0.027023    0.000045    0.739311 v _17_/D (sky130_fd_sc_hd__dfrtp_1)
                                              0.739311   data arrival time

                                 10.000000   10.000000   clock i_clk (rise edge)
                                  0.000000   10.000000   clock source latency
     1    0.010642    0.040691    0.026655   10.026655 ^ i_clk (in)
                      0.040692    0.000000   10.026655 ^ clkbuf_0_i_clk/A (sky130_fd_sc_hd__clkbuf_16)
     2    0.019209    0.030661    0.086745   10.113400 ^ clkbuf_0_i_clk/X (sky130_fd_sc_hd__clkbuf_16)
                      0.030662    0.000271   10.113671 ^ clkbuf_1_0__f_i_clk/A (sky130_fd_sc_hd__clkbuf_16)
     2    0.005331    0.021218    0.073922   10.187593 ^ clkbuf_1_0__f_i_clk/X (sky130_fd_sc_hd__clkbuf_16)
                      0.021218    0.000056   10.187649 ^ _17_/CLK (sky130_fd_sc_hd__dfrtp_1)
                                 -0.250000    9.937649   clock uncertainty
                                  0.000000    9.937649   clock reconvergence pessimism
                                 -0.071704    9.865945   library setup time
                                              9.865945   data required time
---------------------------------------------------------------------------------------------
                                              9.865945   data required time
                                             -0.739311   data arrival time
---------------------------------------------------------------------------------------------
                                              9.126634   slack (MET)


Startpoint: _16_ (rising edge-triggered flip-flop clocked by i_clk)
Endpoint: uo_out[1] (output port clocked by i_clk)
Path Group: i_clk
Path Type: max

Fanout         Cap        Slew       Delay        Time   Description
---------------------------------------------------------------------------------------------
                                  0.000000    0.000000   clock i_clk (rise edge)
                                  0.000000    0.000000   clock source latency
     1    0.010642    0.040691    0.026655    0.026655 ^ i_clk (in)
                      0.040692    0.000000    0.026655 ^ clkbuf_0_i_clk/A (sky130_fd_sc_hd__clkbuf_16)
     2    0.019209    0.030661    0.086744    0.113400 ^ clkbuf_0_i_clk/X (sky130_fd_sc_hd__clkbuf_16)
                      0.030662    0.000254    0.113653 ^ clkbuf_1_1__f_i_clk/A (sky130_fd_sc_hd__clkbuf_16)
     2    0.005963    0.021655    0.074464    0.188117 ^ clkbuf_1_1__f_i_clk/X (sky130_fd_sc_hd__clkbuf_16)
                      0.021655    0.000064    0.188181 ^ _16_/CLK (sky130_fd_sc_hd__dfrtp_1)
     4    0.014612    0.102926    0.250313    0.438494 ^ _16_/Q (sky130_fd_sc_hd__dfrtp_1)
                      0.102926    0.000147    0.438641 ^ output4/A (sky130_fd_sc_hd__buf_2)
     1    0.034763    0.129861    0.156707    0.595348 ^ output4/X (sky130_fd_sc_hd__buf_2)
                      0.129861    0.000459    0.595806 ^ uo_out[1] (out)
                                              0.595806   data arrival time

                                 10.000000   10.000000   clock i_clk (rise edge)
                                  0.000000   10.000000   clock network delay (propagated)
                                 -0.250000    9.750000   clock uncertainty
                                  0.000000    9.750000   clock reconvergence pessimism
                                 -0.020000    9.730000   output external delay
                                              9.730000   data required time
---------------------------------------------------------------------------------------------
                                              9.730000   data required time
                                             -0.595806   data arrival time
---------------------------------------------------------------------------------------------
                                              9.134194   slack (MET)


Startpoint: _19_ (rising edge-triggered flip-flop clocked by i_clk)
Endpoint: uo_out[0] (output port clocked by i_clk)
Path Group: i_clk
Path Type: max

Fanout         Cap        Slew       Delay        Time   Description
---------------------------------------------------------------------------------------------
                                  0.000000    0.000000   clock i_clk (rise edge)
                                  0.000000    0.000000   clock source latency
     1    0.010642    0.040691    0.026655    0.026655 ^ i_clk (in)
                      0.040692    0.000000    0.026655 ^ clkbuf_0_i_clk/A (sky130_fd_sc_hd__clkbuf_16)
     2    0.019209    0.030661    0.086744    0.113400 ^ clkbuf_0_i_clk/X (sky130_fd_sc_hd__clkbuf_16)
                      0.030662    0.000254    0.113653 ^ clkbuf_1_1__f_i_clk/A (sky130_fd_sc_hd__clkbuf_16)
     2    0.005963    0.021655    0.074464    0.188117 ^ clkbuf_1_1__f_i_clk/X (sky130_fd_sc_hd__clkbuf_16)
                      0.021655    0.000065    0.188182 ^ _19_/CLK (sky130_fd_sc_hd__dfrtp_1)
     5    0.013216    0.094044    0.244111    0.432293 ^ _19_/Q (sky130_fd_sc_hd__dfrtp_1)
                      0.094044    0.000098    0.432391 ^ output3/A (sky130_fd_sc_hd__buf_2)
     1    0.034493    0.128906    0.154027    0.586418 ^ output3/X (sky130_fd_sc_hd__buf_2)
                      0.128906    0.000426    0.586844 ^ uo_out[0] (out)
                                              0.586844   data arrival time

                                 10.000000   10.000000   clock i_clk (rise edge)
                                  0.000000   10.000000   clock network delay (propagated)
                                 -0.250000    9.750000   clock uncertainty
                                  0.000000    9.750000   clock reconvergence pessimism
                                 -0.020000    9.730000   output external delay
                                              9.730000   data required time
---------------------------------------------------------------------------------------------
                                              9.730000   data required time
                                             -0.586844   data arrival time
---------------------------------------------------------------------------------------------
                                              9.143157   slack (MET)


Startpoint: i_rst_n (input port clocked by i_clk)
Endpoint: _17_ (recovery check against rising-edge clock i_clk)
Path Group: asynchronous
Path Type: max

Fanout         Cap        Slew       Delay        Time   Description
---------------------------------------------------------------------------------------------
                                  0.000000    0.000000   clock i_clk (rise edge)
                                  0.000000    0.000000   clock network delay (propagated)
                                  0.020000    0.020000 ^ input external delay
     1    0.002661    0.013423    0.006857    0.026857 ^ i_rst_n (in)
                      0.013423    0.000000    0.026857 ^ hold1/A (sky130_fd_sc_hd__dlygate4sd3_1)
     1    0.002646    0.036341    0.365732    0.392589 ^ hold1/X (sky130_fd_sc_hd__dlygate4sd3_1)
                      0.036341    0.000029    0.392619 ^ input2/A (sky130_fd_sc_hd__dlymetal6s2s_1)
     1    0.002670    0.042968    0.065137    0.457756 ^ input2/X (sky130_fd_sc_hd__dlymetal6s2s_1)
                      0.042968    0.000031    0.457787 ^ hold2/A (sky130_fd_sc_hd__dlygate4sd3_1)
     4    0.017499    0.139872    0.451789    0.909576 ^ hold2/X (sky130_fd_sc_hd__dlygate4sd3_1)
                      0.139872    0.000134    0.909710 ^ _17_/RESET_B (sky130_fd_sc_hd__dfrtp_1)
                                              0.909710   data arrival time

                                 10.000000   10.000000   clock i_clk (rise edge)
                                  0.000000   10.000000   clock source latency
     1    0.010642    0.040691    0.026655   10.026655 ^ i_clk (in)
                      0.040692    0.000000   10.026655 ^ clkbuf_0_i_clk/A (sky130_fd_sc_hd__clkbuf_16)
     2    0.019209    0.030661    0.086745   10.113400 ^ clkbuf_0_i_clk/X (sky130_fd_sc_hd__clkbuf_16)
                      0.030662    0.000271   10.113671 ^ clkbuf_1_0__f_i_clk/A (sky130_fd_sc_hd__clkbuf_16)
     2    0.005331    0.021218    0.073922   10.187593 ^ clkbuf_1_0__f_i_clk/X (sky130_fd_sc_hd__clkbuf_16)
                      0.021218    0.000056   10.187649 ^ _17_/CLK (sky130_fd_sc_hd__dfrtp_1)
                                 -0.250000    9.937649   clock uncertainty
                                  0.000000    9.937649   clock reconvergence pessimism
                                  0.121788   10.059438   library recovery time
                                             10.059438   data required time
---------------------------------------------------------------------------------------------
                                             10.059438   data required time
                                             -0.909710   data arrival time
---------------------------------------------------------------------------------------------
                                              9.149729   slack (MET)


Startpoint: i_rst_n (input port clocked by i_clk)
Endpoint: _18_ (recovery check against rising-edge clock i_clk)
Path Group: asynchronous
Path Type: max

Fanout         Cap        Slew       Delay        Time   Description
---------------------------------------------------------------------------------------------
                                  0.000000    0.000000   clock i_clk (rise edge)
                                  0.000000    0.000000   clock network delay (propagated)
                                  0.020000    0.020000 ^ input external delay
     1    0.002661    0.013423    0.006857    0.026857 ^ i_rst_n (in)
                      0.013423    0.000000    0.026857 ^ hold1/A (sky130_fd_sc_hd__dlygate4sd3_1)
     1    0.002646    0.036341    0.365732    0.392589 ^ hold1/X (sky130_fd_sc_hd__dlygate4sd3_1)
                      0.036341    0.000029    0.392619 ^ input2/A (sky130_fd_sc_hd__dlymetal6s2s_1)
     1    0.002670    0.042968    0.065137    0.457756 ^ input2/X (sky130_fd_sc_hd__dlymetal6s2s_1)
                      0.042968    0.000031    0.457787 ^ hold2/A (sky130_fd_sc_hd__dlygate4sd3_1)
     4    0.017499    0.139872    0.451789    0.909576 ^ hold2/X (sky130_fd_sc_hd__dlygate4sd3_1)
                      0.139872    0.000106    0.909683 ^ _18_/RESET_B (sky130_fd_sc_hd__dfrtp_1)
                                              0.909683   data arrival time

                                 10.000000   10.000000   clock i_clk (rise edge)
                                  0.000000   10.000000   clock source latency
     1    0.010642    0.040691    0.026655   10.026655 ^ i_clk (in)
                      0.040692    0.000000   10.026655 ^ clkbuf_0_i_clk/A (sky130_fd_sc_hd__clkbuf_16)
     2    0.019209    0.030661    0.086745   10.113400 ^ clkbuf_0_i_clk/X (sky130_fd_sc_hd__clkbuf_16)
                      0.030662    0.000271   10.113671 ^ clkbuf_1_0__f_i_clk/A (sky130_fd_sc_hd__clkbuf_16)
     2    0.005331    0.021218    0.073922   10.187593 ^ clkbuf_1_0__f_i_clk/X (sky130_fd_sc_hd__clkbuf_16)
                      0.021218    0.000075   10.187668 ^ _18_/CLK (sky130_fd_sc_hd__dfrtp_1)
                                 -0.250000    9.937668   clock uncertainty
                                  0.000000    9.937668   clock reconvergence pessimism
                                  0.121788   10.059457   library recovery time
                                             10.059457   data required time
---------------------------------------------------------------------------------------------
                                             10.059457   data required time
                                             -0.909683   data arrival time
---------------------------------------------------------------------------------------------
                                              9.149775   slack (MET)


Startpoint: i_rst_n (input port clocked by i_clk)
Endpoint: _19_ (recovery check against rising-edge clock i_clk)
Path Group: asynchronous
Path Type: max

Fanout         Cap        Slew       Delay        Time   Description
---------------------------------------------------------------------------------------------
                                  0.000000    0.000000   clock i_clk (rise edge)
                                  0.000000    0.000000   clock network delay (propagated)
                                  0.020000    0.020000 ^ input external delay
     1    0.002661    0.013423    0.006857    0.026857 ^ i_rst_n (in)
                      0.013423    0.000000    0.026857 ^ hold1/A (sky130_fd_sc_hd__dlygate4sd3_1)
     1    0.002646    0.036341    0.365732    0.392589 ^ hold1/X (sky130_fd_sc_hd__dlygate4sd3_1)
                      0.036341    0.000029    0.392619 ^ input2/A (sky130_fd_sc_hd__dlymetal6s2s_1)
     1    0.002670    0.042968    0.065137    0.457756 ^ input2/X (sky130_fd_sc_hd__dlymetal6s2s_1)
                      0.042968    0.000031    0.457787 ^ hold2/A (sky130_fd_sc_hd__dlygate4sd3_1)
     4    0.017499    0.139872    0.451789    0.909576 ^ hold2/X (sky130_fd_sc_hd__dlygate4sd3_1)
                      0.139872    0.000140    0.909717 ^ _19_/RESET_B (sky130_fd_sc_hd__dfrtp_1)
                                              0.909717   data arrival time

                                 10.000000   10.000000   clock i_clk (rise edge)
                                  0.000000   10.000000   clock source latency
     1    0.010642    0.040691    0.026655   10.026655 ^ i_clk (in)
                      0.040692    0.000000   10.026655 ^ clkbuf_0_i_clk/A (sky130_fd_sc_hd__clkbuf_16)
     2    0.019209    0.030661    0.086745   10.113400 ^ clkbuf_0_i_clk/X (sky130_fd_sc_hd__clkbuf_16)
                      0.030662    0.000253   10.113653 ^ clkbuf_1_1__f_i_clk/A (sky130_fd_sc_hd__clkbuf_16)
     2    0.005963    0.021655    0.074464   10.188117 ^ clkbuf_1_1__f_i_clk/X (sky130_fd_sc_hd__clkbuf_16)
                      0.021655    0.000065   10.188182 ^ _19_/CLK (sky130_fd_sc_hd__dfrtp_1)
                                 -0.250000    9.938182   clock uncertainty
                                  0.000000    9.938182   clock reconvergence pessimism
                                  0.121856   10.060039   library recovery time
                                             10.060039   data required time
---------------------------------------------------------------------------------------------
                                             10.060039   data required time
                                             -0.909717   data arrival time
---------------------------------------------------------------------------------------------
                                              9.150322   slack (MET)


Startpoint: i_rst_n (input port clocked by i_clk)
Endpoint: _16_ (recovery check against rising-edge clock i_clk)
Path Group: asynchronous
Path Type: max

Fanout         Cap        Slew       Delay        Time   Description
---------------------------------------------------------------------------------------------
                                  0.000000    0.000000   clock i_clk (rise edge)
                                  0.000000    0.000000   clock network delay (propagated)
                                  0.020000    0.020000 ^ input external delay
     1    0.002661    0.013423    0.006857    0.026857 ^ i_rst_n (in)
                      0.013423    0.000000    0.026857 ^ hold1/A (sky130_fd_sc_hd__dlygate4sd3_1)
     1    0.002646    0.036341    0.365732    0.392589 ^ hold1/X (sky130_fd_sc_hd__dlygate4sd3_1)
                      0.036341    0.000029    0.392619 ^ input2/A (sky130_fd_sc_hd__dlymetal6s2s_1)
     1    0.002670    0.042968    0.065137    0.457756 ^ input2/X (sky130_fd_sc_hd__dlymetal6s2s_1)
                      0.042968    0.000031    0.457787 ^ hold2/A (sky130_fd_sc_hd__dlygate4sd3_1)
     4    0.017499    0.139872    0.451789    0.909576 ^ hold2/X (sky130_fd_sc_hd__dlygate4sd3_1)
                      0.139872    0.000128    0.909705 ^ _16_/RESET_B (sky130_fd_sc_hd__dfrtp_1)
                                              0.909705   data arrival time

                                 10.000000   10.000000   clock i_clk (rise edge)
                                  0.000000   10.000000   clock source latency
     1    0.010642    0.040691    0.026655   10.026655 ^ i_clk (in)
                      0.040692    0.000000   10.026655 ^ clkbuf_0_i_clk/A (sky130_fd_sc_hd__clkbuf_16)
     2    0.019209    0.030661    0.086745   10.113400 ^ clkbuf_0_i_clk/X (sky130_fd_sc_hd__clkbuf_16)
                      0.030662    0.000253   10.113653 ^ clkbuf_1_1__f_i_clk/A (sky130_fd_sc_hd__clkbuf_16)
     2    0.005963    0.021655    0.074464   10.188117 ^ clkbuf_1_1__f_i_clk/X (sky130_fd_sc_hd__clkbuf_16)
                      0.021655    0.000064   10.188181 ^ _16_/CLK (sky130_fd_sc_hd__dfrtp_1)
                                 -0.250000    9.938181   clock uncertainty
                                  0.000000    9.938181   clock reconvergence pessimism
                                  0.121856   10.060038   library recovery time
                                             10.060038   data required time
---------------------------------------------------------------------------------------------
                                             10.060038   data required time
                                             -0.909705   data arrival time
---------------------------------------------------------------------------------------------
                                              9.150333   slack (MET)


Startpoint: _17_ (rising edge-triggered flip-flop clocked by i_clk)
Endpoint: uo_out[2] (output port clocked by i_clk)
Path Group: i_clk
Path Type: max

Fanout         Cap        Slew       Delay        Time   Description
---------------------------------------------------------------------------------------------
                                  0.000000    0.000000   clock i_clk (rise edge)
                                  0.000000    0.000000   clock source latency
     1    0.010642    0.040691    0.026655    0.026655 ^ i_clk (in)
                      0.040692    0.000000    0.026655 ^ clkbuf_0_i_clk/A (sky130_fd_sc_hd__clkbuf_16)
     2    0.019209    0.030661    0.086744    0.113400 ^ clkbuf_0_i_clk/X (sky130_fd_sc_hd__clkbuf_16)
                      0.030662    0.000271    0.113671 ^ clkbuf_1_0__f_i_clk/A (sky130_fd_sc_hd__clkbuf_16)
     2    0.005331    0.021218    0.073923    0.187593 ^ clkbuf_1_0__f_i_clk/X (sky130_fd_sc_hd__clkbuf_16)
                      0.021218    0.000056    0.187649 ^ _17_/CLK (sky130_fd_sc_hd__dfrtp_1)
     3    0.009941    0.074014    0.228879    0.416528 ^ _17_/Q (sky130_fd_sc_hd__dfrtp_1)
                      0.074014    0.000182    0.416710 ^ output5/A (sky130_fd_sc_hd__buf_2)
     1    0.034638    0.129398    0.149774    0.566484 ^ output5/X (sky130_fd_sc_hd__buf_2)
                      0.129437    0.000453    0.566938 ^ uo_out[2] (out)
                                              0.566938   data arrival time

                                 10.000000   10.000000   clock i_clk (rise edge)
                                  0.000000   10.000000   clock network delay (propagated)
                                 -0.250000    9.750000   clock uncertainty
                                  0.000000    9.750000   clock reconvergence pessimism
                                 -0.020000    9.730000   output external delay
                                              9.730000   data required time
---------------------------------------------------------------------------------------------
                                              9.730000   data required time
                                             -0.566938   data arrival time
---------------------------------------------------------------------------------------------
                                              9.163062   slack (MET)


Startpoint: _18_ (rising edge-triggered flip-flop clocked by i_clk)
Endpoint: uo_out[3] (output port clocked by i_clk)
Path Group: i_clk
Path Type: max

Fanout         Cap        Slew       Delay        Time   Description
---------------------------------------------------------------------------------------------
                                  0.000000    0.000000   clock i_clk (rise edge)
                                  0.000000    0.000000   clock source latency
     1    0.010642    0.040691    0.026655    0.026655 ^ i_clk (in)
                      0.040692    0.000000    0.026655 ^ clkbuf_0_i_clk/A (sky130_fd_sc_hd__clkbuf_16)
     2    0.019209    0.030661    0.086744    0.113400 ^ clkbuf_0_i_clk/X (sky130_fd_sc_hd__clkbuf_16)
                      0.030662    0.000271    0.113671 ^ clkbuf_1_0__f_i_clk/A (sky130_fd_sc_hd__clkbuf_16)
     2    0.005331    0.021218    0.073923    0.187593 ^ clkbuf_1_0__f_i_clk/X (sky130_fd_sc_hd__clkbuf_16)
                      0.021218    0.000075    0.187668 ^ _18_/CLK (sky130_fd_sc_hd__dfrtp_1)
     2    0.005972    0.050057    0.209842    0.397510 ^ _18_/Q (sky130_fd_sc_hd__dfrtp_1)
                      0.050057    0.000063    0.397573 ^ output6/A (sky130_fd_sc_hd__buf_2)
     1    0.034524    0.129009    0.143781    0.541354 ^ output6/X (sky130_fd_sc_hd__buf_2)
                      0.129048    0.000438    0.541793 ^ uo_out[3] (out)
                                              0.541793   data arrival time

                                 10.000000   10.000000   clock i_clk (rise edge)
                                  0.000000   10.000000   clock network delay (propagated)
                                 -0.250000    9.750000   clock uncertainty
                                  0.000000    9.750000   clock reconvergence pessimism
                                 -0.020000    9.730000   output external delay
                                              9.730000   data required time
---------------------------------------------------------------------------------------------
                                              9.730000   data required time
                                             -0.541793   data arrival time
---------------------------------------------------------------------------------------------
                                              9.188208   slack (MET)


Startpoint: _19_ (rising edge-triggered flip-flop clocked by i_clk)
Endpoint: _19_ (rising edge-triggered flip-flop clocked by i_clk)
Path Group: i_clk
Path Type: max

Fanout         Cap        Slew       Delay        Time   Description
---------------------------------------------------------------------------------------------
                                  0.000000    0.000000   clock i_clk (rise edge)
                                  0.000000    0.000000   clock source latency
     1    0.010642    0.040691    0.026655    0.026655 ^ i_clk (in)
                      0.040692    0.000000    0.026655 ^ clkbuf_0_i_clk/A (sky130_fd_sc_hd__clkbuf_16)
     2    0.019209    0.030661    0.086744    0.113400 ^ clkbuf_0_i_clk/X (sky130_fd_sc_hd__clkbuf_16)
                      0.030662    0.000254    0.113653 ^ clkbuf_1_1__f_i_clk/A (sky130_fd_sc_hd__clkbuf_16)
     2    0.005963    0.021655    0.074464    0.188117 ^ clkbuf_1_1__f_i_clk/X (sky130_fd_sc_hd__clkbuf_16)
                      0.021655    0.000065    0.188182 ^ _19_/CLK (sky130_fd_sc_hd__dfrtp_1)
     5    0.012566    0.057523    0.252884    0.441067 v _19_/Q (sky130_fd_sc_hd__dfrtp_1)
                      0.057523    0.000080    0.441147 v _14_/A (sky130_fd_sc_hd__or2_1)
     1    0.001811    0.028801    0.133701    0.574848 v _14_/X (sky130_fd_sc_hd__or2_1)
                      0.028801    0.000015    0.574863 v _15_/B (sky130_fd_sc_hd__and2_1)
     1    0.003215    0.026549    0.095576    0.670440 v _15_/X (sky130_fd_sc_hd__and2_1)
                      0.026549    0.000036    0.670476 v _19_/D (sky130_fd_sc_hd__dfrtp_1)
                                              0.670476   data arrival time

                                 10.000000   10.000000   clock i_clk (rise edge)
                                  0.000000   10.000000   clock source latency
     1    0.010642    0.040691    0.026655   10.026655 ^ i_clk (in)
                      0.040692    0.000000   10.026655 ^ clkbuf_0_i_clk/A (sky130_fd_sc_hd__clkbuf_16)
     2    0.019209    0.030661    0.086745   10.113400 ^ clkbuf_0_i_clk/X (sky130_fd_sc_hd__clkbuf_16)
                      0.030662    0.000253   10.113653 ^ clkbuf_1_1__f_i_clk/A (sky130_fd_sc_hd__clkbuf_16)
     2    0.005963    0.021655    0.074464   10.188117 ^ clkbuf_1_1__f_i_clk/X (sky130_fd_sc_hd__clkbuf_16)
                      0.021655    0.000065   10.188182 ^ _19_/CLK (sky130_fd_sc_hd__dfrtp_1)
                                 -0.250000    9.938182   clock uncertainty
                                  0.000000    9.938182   clock reconvergence pessimism
                                 -0.071493    9.866689   library setup time
                                              9.866689   data required time
---------------------------------------------------------------------------------------------
                                              9.866689   data required time
                                             -0.670476   data arrival time
---------------------------------------------------------------------------------------------
                                              9.196213   slack (MET)



