
===========================================================================
report_checks -path_delay min (Hold)
============================================================================
======================= min_ff_n40C_1v95 Corner ===================================

Warning: corner.tcl line 57, unknown field nets.
Warning: corner.tcl line 57, report_checks -group_count is deprecated. Use -group_path_count instead.
Startpoint: _17_ (rising edge-triggered flip-flop clocked by i_clk)
Endpoint: _17_ (rising edge-triggered flip-flop clocked by i_clk)
Path Group: i_clk
Path Type: min

Fanout         Cap        Slew       Delay        Time   Description
---------------------------------------------------------------------------------------------
                                  0.000000    0.000000   clock i_clk (rise edge)
                                  0.000000    0.000000   clock source latency
     1    0.010642    0.040691    0.026655    0.026655 ^ i_clk (in)
                      0.040692    0.000000    0.026655 ^ clkbuf_0_i_clk/A (sky130_fd_sc_hd__clkbuf_16)
     2    0.019209    0.030661    0.086744    0.113400 ^ clkbuf_0_i_clk/X (sky130_fd_sc_hd__clkbuf_16)
                      0.030662    0.000271    0.113671 ^ clkbuf_1_0__f_i_clk/A (sky130_fd_sc_hd__clkbuf_16)
     2    0.005331    0.021218    0.073923    0.187593 ^ clkbuf_1_0__f_i_clk/X (sky130_fd_sc_hd__clkbuf_16)
                      0.021218    0.000056    0.187649 ^ _17_/CLK (sky130_fd_sc_hd__dfrtp_1)
     3    0.009941    0.074014    0.228879    0.416528 ^ _17_/Q (sky130_fd_sc_hd__dfrtp_1)
                      0.074014    0.000107    0.416635 ^ _11_/B1 (sky130_fd_sc_hd__a31o_1)
     1    0.002054    0.023104    0.053115    0.469750 ^ _11_/X (sky130_fd_sc_hd__a31o_1)
                      0.023104    0.000018    0.469768 ^ _12_/B (sky130_fd_sc_hd__and2b_1)
     1    0.003527    0.033525    0.072119    0.541887 ^ _12_/X (sky130_fd_sc_hd__and2b_1)
                      0.033525    0.000045    0.541932 ^ _17_/D (sky130_fd_sc_hd__dfrtp_1)
                                              0.541932   data arrival time

                                  0.000000    0.000000   clock i_clk (rise edge)
                                  0.000000    0.000000   clock source latency
     1    0.010642    0.040691    0.026655    0.026655 ^ i_clk (in)
                      0.040692    0.000000    0.026655 ^ clkbuf_0_i_clk/A (sky130_fd_sc_hd__clkbuf_16)
     2    0.019209    0.030661    0.086744    0.113400 ^ clkbuf_0_i_clk/X (sky130_fd_sc_hd__clkbuf_16)
                      0.030662    0.000271    0.113671 ^ clkbuf_1_0__f_i_clk/A (sky130_fd_sc_hd__clkbuf_16)
     2    0.005331    0.021218    0.073923    0.187593 ^ clkbuf_1_0__f_i_clk/X (sky130_fd_sc_hd__clkbuf_16)
                      0.021218    0.000056    0.187649 ^ _17_/CLK (sky130_fd_sc_hd__dfrtp_1)
                                  0.250000    0.437649   clock uncertainty
                                  0.000000    0.437649   clock reconvergence pessimism
                                 -0.020242    0.417407   library hold time
                                              0.417407   data required time
---------------------------------------------------------------------------------------------
                                              0.417407   data required time
                                             -0.541932   data arrival time
---------------------------------------------------------------------------------------------
                                              0.124525   slack (MET)


Startpoint: _19_ (rising edge-triggered flip-flop clocked by i_clk)
Endpoint: _19_ (rising edge-triggered flip-flop clocked by i_clk)
Path Group: i_clk
Path Type: min

Fanout         Cap        Slew       Delay        Time   Description
---------------------------------------------------------------------------------------------
                                  0.000000    0.000000   clock i_clk (rise edge)
                                  0.000000    0.000000   clock source latency
     1    0.010642    0.040691    0.026655    0.026655 ^ i_clk (in)
                      0.040692    0.000000    0.026655 ^ clkbuf_0_i_clk/A (sky130_fd_sc_hd__clkbuf_16)
     2    0.019209    0.030661    0.086744    0.113400 ^ clkbuf_0_i_clk/X (sky130_fd_sc_hd__clkbuf_16)
                      0.030662    0.000254    0.113653 ^ clkbuf_1_1__f_i_clk/A (sky130_fd_sc_hd__clkbuf_16)
     2    0.005963    0.021655    0.074464    0.188117 ^ clkbuf_1_1__f_i_clk/X (sky130_fd_sc_hd__clkbuf_16)
                      0.021655    0.000065    0.188182 ^ _19_/CLK (sky130_fd_sc_hd__dfrtp_1)
     5    0.013216    0.094044    0.244111    0.432293 ^ _19_/Q (sky130_fd_sc_hd__dfrtp_1)
                      0.094044    0.000085    0.432379 ^ _14_/A (sky130_fd_sc_hd__or2_1)
     1    0.001944    0.024745    0.068260    0.500639 ^ _14_/X (sky130_fd_sc_hd__or2_1)
                      0.024745    0.000017    0.500656 ^ _15_/B (sky130_fd_sc_hd__and2_1)
     1    0.003242    0.035268    0.072631    0.573286 ^ _15_/X (sky130_fd_sc_hd__and2_1)
                      0.035269    0.000037    0.573323 ^ _19_/D (sky130_fd_sc_hd__dfrtp_1)
                                              0.573323   data arrival time

                                  0.000000    0.000000   clock i_clk (rise edge)
                                  0.000000    0.000000   clock source latency
     1    0.010642    0.040691    0.026655    0.026655 ^ i_clk (in)
                      0.040692    0.000000    0.026655 ^ clkbuf_0_i_clk/A (sky130_fd_sc_hd__clkbuf_16)
     2    0.019209    0.030661    0.086744    0.113400 ^ clkbuf_0_i_clk/X (sky130_fd_sc_hd__clkbuf_16)
                      0.030662    0.000254    0.113653 ^ clkbuf_1_1__f_i_clk/A (sky130_fd_sc_hd__clkbuf_16)
     2    0.005963    0.021655    0.074464    0.188117 ^ clkbuf_1_1__f_i_clk/X (sky130_fd_sc_hd__clkbuf_16)
                      0.021655    0.000065    0.188182 ^ _19_/CLK (sky130_fd_sc_hd__dfrtp_1)
                                  0.250000    0.438182   clock uncertainty
                                  0.000000    0.438182   clock reconvergence pessimism
                                 -0.020362    0.417820   library hold time
                                              0.417820   data required time
---------------------------------------------------------------------------------------------
                                              0.417820   data required time
                                             -0.573323   data arrival time
---------------------------------------------------------------------------------------------
                                              0.155503   slack (MET)


Startpoint: _17_ (rising edge-triggered flip-flop clocked by i_clk)
Endpoint: _18_ (rising edge-triggered flip-flop clocked by i_clk)
Path Group: i_clk
Path Type: min

Fanout         Cap        Slew       Delay        Time   Description
---------------------------------------------------------------------------------------------
                                  0.000000    0.000000   clock i_clk (rise edge)
                                  0.000000    0.000000   clock source latency
     1    0.010642    0.040691    0.026655    0.026655 ^ i_clk (in)
                      0.040692    0.000000    0.026655 ^ clkbuf_0_i_clk/A (sky130_fd_sc_hd__clkbuf_16)
     2    0.019209    0.030661    0.086744    0.113400 ^ clkbuf_0_i_clk/X (sky130_fd_sc_hd__clkbuf_16)
                      0.030662    0.000271    0.113671 ^ clkbuf_1_0__f_i_clk/A (sky130_fd_sc_hd__clkbuf_16)
     2    0.005331    0.021218    0.073923    0.187593 ^ clkbuf_1_0__f_i_clk/X (sky130_fd_sc_hd__clkbuf_16)
                      0.021218    0.000056    0.187649 ^ _17_/CLK (sky130_fd_sc_hd__dfrtp_1)
     3    0.009941    0.074014    0.228879    0.416528 ^ _17_/Q (sky130_fd_sc_hd__dfrtp_1)
                      0.074014    0.000173    0.416701 ^ _10_/C (sky130_fd_sc_hd__and4_1)
     2    0.007335    0.065048    0.135016    0.551717 ^ _10_/X (sky130_fd_sc_hd__and4_1)
                      0.065048    0.000088    0.551805 ^ _13_/B (sky130_fd_sc_hd__xor2_1)
     1    0.002592    0.024464    0.037308    0.589113 v _13_/X (sky130_fd_sc_hd__xor2_1)
                      0.024464    0.000016    0.589128 v _18_/D (sky130_fd_sc_hd__dfrtp_1)
                                              0.589128   data arrival time

                                  0.000000    0.000000   clock i_clk (rise edge)
                                  0.000000    0.000000   clock source latency
     1    0.010642    0.040691    0.026655    0.026655 ^ i_clk (in)
                      0.040692    0.000000    0.026655 ^ clkbuf_0_i_clk/A (sky130_fd_sc_hd__clkbuf_16)
     2    0.019209    0.030661    0.086744    0.113400 ^ clkbuf_0_i_clk/X (sky130_fd_sc_hd__clkbuf_16)
                      0.030662    0.000271    0.113671 ^ clkbuf_1_0__f_i_clk/A (sky130_fd_sc_hd__clkbuf_16)
     2    0.005331    0.021218    0.073923    0.187593 ^ clkbuf_1_0__f_i_clk/X (sky130_fd_sc_hd__clkbuf_16)
                      0.021218    0.000075    0.187668 ^ _18_/CLK (sky130_fd_sc_hd__dfrtp_1)
                                  0.250000    0.437668   clock uncertainty
                                  0.000000    0.437668   clock reconvergence pessimism
                                 -0.030895    0.406773   library hold time
                                              0.406773   data required time
---------------------------------------------------------------------------------------------
                                              0.406773   data required time
                                             -0.589128   data arrival time
---------------------------------------------------------------------------------------------
                                              0.182356   slack (MET)


Startpoint: i_rst_n (input port clocked by i_clk)
Endpoint: _16_ (removal check against rising-edge clock i_clk)
Path Group: asynchronous
Path Type: min

Fanout         Cap        Slew       Delay        Time   Description
---------------------------------------------------------------------------------------------
                                  0.000000    0.000000   clock i_clk (rise edge)
                                  0.000000    0.000000   clock network delay (propagated)
                                  0.020000    0.020000 ^ input external delay
     1    0.002661    0.013423    0.006857    0.026857 ^ i_rst_n (in)
                      0.013423    0.000000    0.026857 ^ hold1/A (sky130_fd_sc_hd__dlygate4sd3_1)
     1    0.002646    0.036341    0.365732    0.392589 ^ hold1/X (sky130_fd_sc_hd__dlygate4sd3_1)
                      0.036341    0.000029    0.392619 ^ input2/A (sky130_fd_sc_hd__dlymetal6s2s_1)
     1    0.002670    0.042968    0.065137    0.457756 ^ input2/X (sky130_fd_sc_hd__dlymetal6s2s_1)
                      0.042968    0.000031    0.457787 ^ hold2/A (sky130_fd_sc_hd__dlygate4sd3_1)
     4    0.017499    0.139872    0.451789    0.909576 ^ hold2/X (sky130_fd_sc_hd__dlygate4sd3_1)
                      0.139872    0.000128    0.909705 ^ _16_/RESET_B (sky130_fd_sc_hd__dfrtp_1)
                                              0.909705   data arrival time

                                  0.000000    0.000000   clock i_clk (rise edge)
                                  0.000000    0.000000   clock source latency
     1    0.010642    0.040691    0.026655    0.026655 ^ i_clk (in)
                      0.040692    0.000000    0.026655 ^ clkbuf_0_i_clk/A (sky130_fd_sc_hd__clkbuf_16)
     2    0.019209    0.030661    0.086744    0.113400 ^ clkbuf_0_i_clk/X (sky130_fd_sc_hd__clkbuf_16)
                      0.030662    0.000254    0.113653 ^ clkbuf_1_1__f_i_clk/A (sky130_fd_sc_hd__clkbuf_16)
     2    0.005963    0.021655    0.074464    0.188117 ^ clkbuf_1_1__f_i_clk/X (sky130_fd_sc_hd__clkbuf_16)
                      0.021655    0.000064    0.188181 ^ _16_/CLK (sky130_fd_sc_hd__dfrtp_1)
                                  0.250000    0.438181   clock uncertainty
                                  0.000000    0.438181   clock reconvergence pessimism
                                  0.224168    0.662349   library removal time
                                              0.662349   data required time
---------------------------------------------------------------------------------------------
                                              0.662349   data required time
                                             -0.909705   data arrival time
---------------------------------------------------------------------------------------------
                                              0.247356   slack (MET)


Startpoint: i_rst_n (input port clocked by i_clk)
Endpoint: _19_ (removal check against rising-edge clock i_clk)
Path Group: asynchronous
Path Type: min

Fanout         Cap        Slew       Delay        Time   Description
---------------------------------------------------------------------------------------------
                                  0.000000    0.000000   clock i_clk (rise edge)
                                  0.000000    0.000000   clock network delay (propagated)
                                  0.020000    0.020000 ^ input external delay
     1    0.002661    0.013423    0.006857    0.026857 ^ i_rst_n (in)
                      0.013423    0.000000    0.026857 ^ hold1/A (sky130_fd_sc_hd__dlygate4sd3_1)
     1    0.002646    0.036341    0.365732    0.392589 ^ hold1/X (sky130_fd_sc_hd__dlygate4sd3_1)
                      0.036341    0.000029    0.392619 ^ input2/A (sky130_fd_sc_hd__dlymetal6s2s_1)
     1    0.002670    0.042968    0.065137    0.457756 ^ input2/X (sky130_fd_sc_hd__dlymetal6s2s_1)
                      0.042968    0.000031    0.457787 ^ hold2/A (sky130_fd_sc_hd__dlygate4sd3_1)
     4    0.017499    0.139872    0.451789    0.909576 ^ hold2/X (sky130_fd_sc_hd__dlygate4sd3_1)
                      0.139872    0.000140    0.909717 ^ _19_/RESET_B (sky130_fd_sc_hd__dfrtp_1)
                                              0.909717   data arrival time

                                  0.000000    0.000000   clock i_clk (rise edge)
                                  0.000000    0.000000   clock source latency
     1    0.010642    0.040691    0.026655    0.026655 ^ i_clk (in)
                      0.040692    0.000000    0.026655 ^ clkbuf_0_i_clk/A (sky130_fd_sc_hd__clkbuf_16)
     2    0.019209    0.030661    0.086744    0.113400 ^ clkbuf_0_i_clk/X (sky130_fd_sc_hd__clkbuf_16)
                      0.030662    0.000254    0.113653 ^ clkbuf_1_1__f_i_clk/A (sky130_fd_sc_hd__clkbuf_16)
     2    0.005963    0.021655    0.074464    0.188117 ^ clkbuf_1_1__f_i_clk/X (sky130_fd_sc_hd__clkbuf_16)
                      0.021655    0.000065    0.188182 ^ _19_/CLK (sky130_fd_sc_hd__dfrtp_1)
                                  0.250000    0.438182   clock uncertainty
                                  0.000000    0.438182   clock reconvergence pessimism
                                  0.224168    0.662350   library removal time
                                              0.662350   data required time
---------------------------------------------------------------------------------------------
                                              0.662350   data required time
                                             -0.909717   data arrival time
---------------------------------------------------------------------------------------------
                                              0.247366   slack (MET)


Startpoint: i_rst_n (input port clocked by i_clk)
Endpoint: _18_ (removal check against rising-edge clock i_clk)
Path Group: asynchronous
Path Type: min

Fanout         Cap        Slew       Delay        Time   Description
---------------------------------------------------------------------------------------------
                                  0.000000    0.000000   clock i_clk (rise edge)
                                  0.000000    0.000000   clock network delay (propagated)
                                  0.020000    0.020000 ^ input external delay
     1    0.002661    0.013423    0.006857    0.026857 ^ i_rst_n (in)
                      0.013423    0.000000    0.026857 ^ hold1/A (sky130_fd_sc_hd__dlygate4sd3_1)
     1    0.002646    0.036341    0.365732    0.392589 ^ hold1/X (sky130_fd_sc_hd__dlygate4sd3_1)
                      0.036341    0.000029    0.392619 ^ input2/A (sky130_fd_sc_hd__dlymetal6s2s_1)
     1    0.002670    0.042968    0.065137    0.457756 ^ input2/X (sky130_fd_sc_hd__dlymetal6s2s_1)
                      0.042968    0.000031    0.457787 ^ hold2/A (sky130_fd_sc_hd__dlygate4sd3_1)
     4    0.017499    0.139872    0.451789    0.909576 ^ hold2/X (sky130_fd_sc_hd__dlygate4sd3_1)
                      0.139872    0.000106    0.909683 ^ _18_/RESET_B (sky130_fd_sc_hd__dfrtp_1)
                                              0.909683   data arrival time

                                  0.000000    0.000000   clock i_clk (rise edge)
                                  0.000000    0.000000   clock source latency
     1    0.010642    0.040691    0.026655    0.026655 ^ i_clk (in)
                      0.040692    0.000000    0.026655 ^ clkbuf_0_i_clk/A (sky130_fd_sc_hd__clkbuf_16)
     2    0.019209    0.030661    0.086744    0.113400 ^ clkbuf_0_i_clk/X (sky130_fd_sc_hd__clkbuf_16)
                      0.030662    0.000271    0.113671 ^ clkbuf_1_0__f_i_clk/A (sky130_fd_sc_hd__clkbuf_16)
     2    0.005331    0.021218    0.073923    0.187593 ^ clkbuf_1_0__f_i_clk/X (sky130_fd_sc_hd__clkbuf_16)
                      0.021218    0.000075    0.187668 ^ _18_/CLK (sky130_fd_sc_hd__dfrtp_1)
                                  0.250000    0.437668   clock uncertainty
                                  0.000000    0.437668   clock reconvergence pessimism
                                  0.224108    0.661776   library removal time
                                              0.661776   data required time
---------------------------------------------------------------------------------------------
                                              0.661776   data required time
                                             -0.909683   data arrival time
---------------------------------------------------------------------------------------------
                                              0.247906   slack (MET)


Startpoint: i_rst_n (input port clocked by i_clk)
Endpoint: _17_ (removal check against rising-edge clock i_clk)
Path Group: asynchronous
Path Type: min

Fanout         Cap        Slew       Delay        Time   Description
---------------------------------------------------------------------------------------------
                                  0.000000    0.000000   clock i_clk (rise edge)
                                  0.000000    0.000000   clock network delay (propagated)
                                  0.020000    0.020000 ^ input external delay
     1    0.002661    0.013423    0.006857    0.026857 ^ i_rst_n (in)
                      0.013423    0.000000    0.026857 ^ hold1/A (sky130_fd_sc_hd__dlygate4sd3_1)
     1    0.002646    0.036341    0.365732    0.392589 ^ hold1/X (sky130_fd_sc_hd__dlygate4sd3_1)
                      0.036341    0.000029    0.392619 ^ input2/A (sky130_fd_sc_hd__dlymetal6s2s_1)
     1    0.002670    0.042968    0.065137    0.457756 ^ input2/X (sky130_fd_sc_hd__dlymetal6s2s_1)
                      0.042968    0.000031    0.457787 ^ hold2/A (sky130_fd_sc_hd__dlygate4sd3_1)
     4    0.017499    0.139872    0.451789    0.909576 ^ hold2/X (sky130_fd_sc_hd__dlygate4sd3_1)
                      0.139872    0.000134    0.909710 ^ _17_/RESET_B (sky130_fd_sc_hd__dfrtp_1)
                                              0.909710   data arrival time

                                  0.000000    0.000000   clock i_clk (rise edge)
                                  0.000000    0.000000   clock source latency
     1    0.010642    0.040691    0.026655    0.026655 ^ i_clk (in)
                      0.040692    0.000000    0.026655 ^ clkbuf_0_i_clk/A (sky130_fd_sc_hd__clkbuf_16)
     2    0.019209    0.030661    0.086744    0.113400 ^ clkbuf_0_i_clk/X (sky130_fd_sc_hd__clkbuf_16)
                      0.030662    0.000271    0.113671 ^ clkbuf_1_0__f_i_clk/A (sky130_fd_sc_hd__clkbuf_16)
     2    0.005331    0.021218    0.073923    0.187593 ^ clkbuf_1_0__f_i_clk/X (sky130_fd_sc_hd__clkbuf_16)
                      0.021218    0.000056    0.187649 ^ _17_/CLK (sky130_fd_sc_hd__dfrtp_1)
                                  0.250000    0.437649   clock uncertainty
                                  0.000000    0.437649   clock reconvergence pessimism
                                  0.224108    0.661757   library removal time
                                              0.661757   data required time
---------------------------------------------------------------------------------------------
                                              0.661757   data required time
                                             -0.909710   data arrival time
---------------------------------------------------------------------------------------------
                                              0.247952   slack (MET)


Startpoint: _18_ (rising edge-triggered flip-flop clocked by i_clk)
Endpoint: uo_out[3] (output port clocked by i_clk)
Path Group: i_clk
Path Type: min

Fanout         Cap        Slew       Delay        Time   Description
---------------------------------------------------------------------------------------------
                                  0.000000    0.000000   clock i_clk (rise edge)
                                  0.000000    0.000000   clock source latency
     1    0.010642    0.040691    0.026655    0.026655 ^ i_clk (in)
                      0.040692    0.000000    0.026655 ^ clkbuf_0_i_clk/A (sky130_fd_sc_hd__clkbuf_16)
     2    0.019209    0.030661    0.086744    0.113400 ^ clkbuf_0_i_clk/X (sky130_fd_sc_hd__clkbuf_16)
                      0.030662    0.000271    0.113671 ^ clkbuf_1_0__f_i_clk/A (sky130_fd_sc_hd__clkbuf_16)
     2    0.005331    0.021218    0.073923    0.187593 ^ clkbuf_1_0__f_i_clk/X (sky130_fd_sc_hd__clkbuf_16)
                      0.021218    0.000075    0.187668 ^ _18_/CLK (sky130_fd_sc_hd__dfrtp_1)
     2    0.005643    0.036935    0.229200    0.416868 v _18_/Q (sky130_fd_sc_hd__dfrtp_1)
                      0.036935    0.000060    0.416928 v output6/A (sky130_fd_sc_hd__buf_2)
     1    0.034524    0.063070    0.120487    0.537415 v output6/X (sky130_fd_sc_hd__buf_2)
                      0.063073    0.000438    0.537853 v uo_out[3] (out)
                                              0.537853   data arrival time

                                  0.000000    0.000000   clock i_clk (rise edge)
                                  0.000000    0.000000   clock network delay (propagated)
                                  0.250000    0.250000   clock uncertainty
                                  0.000000    0.250000   clock reconvergence pessimism
                                 -0.020000    0.230000   output external delay
                                              0.230000   data required time
---------------------------------------------------------------------------------------------
                                              0.230000   data required time
                                             -0.537853   data arrival time
---------------------------------------------------------------------------------------------
                                              0.307853   slack (MET)


Startpoint: _17_ (rising edge-triggered flip-flop clocked by i_clk)
Endpoint: uo_out[2] (output port clocked by i_clk)
Path Group: i_clk
Path Type: min

Fanout         Cap        Slew       Delay        Time   Description
---------------------------------------------------------------------------------------------
                                  0.000000    0.000000   clock i_clk (rise edge)
                                  0.000000    0.000000   clock source latency
     1    0.010642    0.040691    0.026655    0.026655 ^ i_clk (in)
                      0.040692    0.000000    0.026655 ^ clkbuf_0_i_clk/A (sky130_fd_sc_hd__clkbuf_16)
     2    0.019209    0.030661    0.086744    0.113400 ^ clkbuf_0_i_clk/X (sky130_fd_sc_hd__clkbuf_16)
                      0.030662    0.000271    0.113671 ^ clkbuf_1_0__f_i_clk/A (sky130_fd_sc_hd__clkbuf_16)
     2    0.005331    0.021218    0.073923    0.187593 ^ clkbuf_1_0__f_i_clk/X (sky130_fd_sc_hd__clkbuf_16)
                      0.021218    0.000056    0.187649 ^ _17_/CLK (sky130_fd_sc_hd__dfrtp_1)
     3    0.009441    0.049820    0.242982    0.430631 v _17_/Q (sky130_fd_sc_hd__dfrtp_1)
                      0.049820    0.000173    0.430805 v output5/A (sky130_fd_sc_hd__buf_2)
     1    0.034638    0.063249    0.125783    0.556588 v output5/X (sky130_fd_sc_hd__buf_2)
                      0.063252    0.000453    0.557041 v uo_out[2] (out)
                                              0.557041   data arrival time

                                  0.000000    0.000000   clock i_clk (rise edge)
                                  0.000000    0.000000   clock network delay (propagated)
                                  0.250000    0.250000   clock uncertainty
                                  0.000000    0.250000   clock reconvergence pessimism
                                 -0.020000    0.230000   output external delay
                                              0.230000   data required time
---------------------------------------------------------------------------------------------
                                              0.230000   data required time
                                             -0.557041   data arrival time
---------------------------------------------------------------------------------------------
                                              0.327041   slack (MET)


Startpoint: _19_ (rising edge-triggered flip-flop clocked by i_clk)
Endpoint: uo_out[0] (output port clocked by i_clk)
Path Group: i_clk
Path Type: min

Fanout         Cap        Slew       Delay        Time   Description
---------------------------------------------------------------------------------------------
                                  0.000000    0.000000   clock i_clk (rise edge)
                                  0.000000    0.000000   clock source latency
     1    0.010642    0.040691    0.026655    0.026655 ^ i_clk (in)
                      0.040692    0.000000    0.026655 ^ clkbuf_0_i_clk/A (sky130_fd_sc_hd__clkbuf_16)
     2    0.019209    0.030661    0.086744    0.113400 ^ clkbuf_0_i_clk/X (sky130_fd_sc_hd__clkbuf_16)
                      0.030662    0.000254    0.113653 ^ clkbuf_1_1__f_i_clk/A (sky130_fd_sc_hd__clkbuf_16)
     2    0.005963    0.021655    0.074464    0.188117 ^ clkbuf_1_1__f_i_clk/X (sky130_fd_sc_hd__clkbuf_16)
                      0.021655    0.000065    0.188182 ^ _19_/CLK (sky130_fd_sc_hd__dfrtp_1)
     5    0.012566    0.057523    0.252884    0.441067 v _19_/Q (sky130_fd_sc_hd__dfrtp_1)
                      0.057523    0.000092    0.441159 v output3/A (sky130_fd_sc_hd__buf_2)
     1    0.034493    0.063035    0.128729    0.569888 v output3/X (sky130_fd_sc_hd__buf_2)
                      0.063037    0.000426    0.570314 v uo_out[0] (out)
                                              0.570314   data arrival time

                                  0.000000    0.000000   clock i_clk (rise edge)
                                  0.000000    0.000000   clock network delay (propagated)
                                  0.250000    0.250000   clock uncertainty
                                  0.000000    0.250000   clock reconvergence pessimism
                                 -0.020000    0.230000   output external delay
                                              0.230000   data required time
---------------------------------------------------------------------------------------------
                                              0.230000   data required time
                                             -0.570314   data arrival time
---------------------------------------------------------------------------------------------
                                              0.340314   slack (MET)


Startpoint: _16_ (rising edge-triggered flip-flop clocked by i_clk)
Endpoint: uo_out[1] (output port clocked by i_clk)
Path Group: i_clk
Path Type: min

Fanout         Cap        Slew       Delay        Time   Description
---------------------------------------------------------------------------------------------
                                  0.000000    0.000000   clock i_clk (rise edge)
                                  0.000000    0.000000   clock source latency
     1    0.010642    0.040691    0.026655    0.026655 ^ i_clk (in)
                      0.040692    0.000000    0.026655 ^ clkbuf_0_i_clk/A (sky130_fd_sc_hd__clkbuf_16)
     2    0.019209    0.030661    0.086744    0.113400 ^ clkbuf_0_i_clk/X (sky130_fd_sc_hd__clkbuf_16)
                      0.030662    0.000254    0.113653 ^ clkbuf_1_1__f_i_clk/A (sky130_fd_sc_hd__clkbuf_16)
     2    0.005963    0.021655    0.074464    0.188117 ^ clkbuf_1_1__f_i_clk/X (sky130_fd_sc_hd__clkbuf_16)
                      0.021655    0.000064    0.188181 ^ _16_/CLK (sky130_fd_sc_hd__dfrtp_1)
     4    0.013866    0.061383    0.256317    0.444497 v _16_/Q (sky130_fd_sc_hd__dfrtp_1)
                      0.061383    0.000139    0.444637 v output4/A (sky130_fd_sc_hd__buf_2)
     1    0.034763    0.063459    0.130618    0.575254 v output4/X (sky130_fd_sc_hd__buf_2)
                      0.063462    0.000458    0.575713 v uo_out[1] (out)
                                              0.575713   data arrival time

                                  0.000000    0.000000   clock i_clk (rise edge)
                                  0.000000    0.000000   clock network delay (propagated)
                                  0.250000    0.250000   clock uncertainty
                                  0.000000    0.250000   clock reconvergence pessimism
                                 -0.020000    0.230000   output external delay
                                              0.230000   data required time
---------------------------------------------------------------------------------------------
                                              0.230000   data required time
                                             -0.575713   data arrival time
---------------------------------------------------------------------------------------------
                                              0.345713   slack (MET)


Startpoint: _16_ (rising edge-triggered flip-flop clocked by i_clk)
Endpoint: _16_ (rising edge-triggered flip-flop clocked by i_clk)
Path Group: i_clk
Path Type: min

Fanout         Cap        Slew       Delay        Time   Description
---------------------------------------------------------------------------------------------
                                  0.000000    0.000000   clock i_clk (rise edge)
                                  0.000000    0.000000   clock source latency
     1    0.010642    0.040691    0.026655    0.026655 ^ i_clk (in)
                      0.040692    0.000000    0.026655 ^ clkbuf_0_i_clk/A (sky130_fd_sc_hd__clkbuf_16)
     2    0.019209    0.030661    0.086744    0.113400 ^ clkbuf_0_i_clk/X (sky130_fd_sc_hd__clkbuf_16)
                      0.030662    0.000254    0.113653 ^ clkbuf_1_1__f_i_clk/A (sky130_fd_sc_hd__clkbuf_16)
     2    0.005963    0.021655    0.074464    0.188117 ^ clkbuf_1_1__f_i_clk/X (sky130_fd_sc_hd__clkbuf_16)
                      0.021655    0.000064    0.188181 ^ _16_/CLK (sky130_fd_sc_hd__dfrtp_1)
     4    0.014612    0.102926    0.250313    0.438494 ^ _16_/Q (sky130_fd_sc_hd__dfrtp_1)
                      0.102926    0.000302    0.438796 ^ _09_/A (sky130_fd_sc_hd__xnor2_1)
     1    0.002247    0.021248    0.044933    0.483729 v _09_/Y (sky130_fd_sc_hd__xnor2_1)
                      0.021248    0.000022    0.483751 v hold4/A (sky130_fd_sc_hd__dlygate4sd3_1)
     1    0.002704    0.037701    0.355793    0.839543 v hold4/X (sky130_fd_sc_hd__dlygate4sd3_1)
                      0.037701    0.000026    0.839569 v _16_/D (sky130_fd_sc_hd__dfrtp_1)
                                              0.839569   data arrival time

                                  0.000000    0.000000   clock i_clk (rise edge)
                                  0.000000    0.000000   clock source latency
     1    0.010642    0.040691    0.026655    0.026655 ^ i_clk (in)
                      0.040692    0.000000    0.026655 ^ clkbuf_0_i_clk/A (sky130_fd_sc_hd__clkbuf_16)
     2    0.019209    0.030661    0.086744    0.113400 ^ clkbuf_0_i_clk/X (sky130_fd_sc_hd__clkbuf_16)
                      0.030662    0.000254    0.113653 ^ clkbuf_1_1__f_i_clk/A (sky130_fd_sc_hd__clkbuf_16)
     2    0.005963    0.021655    0.074464    0.188117 ^ clkbuf_1_1__f_i_clk/X (sky130_fd_sc_hd__clkbuf_16)
                      0.021655    0.000064    0.188181 ^ _16_/CLK (sky130_fd_sc_hd__dfrtp_1)
                                  0.250000    0.438181   clock uncertainty
                                  0.000000    0.438181   clock reconvergence pessimism
                                 -0.035156    0.403025   library hold time
                                              0.403025   data required time
---------------------------------------------------------------------------------------------
                                              0.403025   data required time
                                             -0.839569   data arrival time
---------------------------------------------------------------------------------------------
                                              0.436544   slack (MET)



