Reading timing models for corner min_ff_n40C_1v95…
Reading cell library for the 'min_ff_n40C_1v95' corner at '/home/omare/.volare/sky130A/libs.ref/sky130_fd_sc_hd/lib/sky130_fd_sc_hd__ff_n40C_1v95.lib'…
Reading top-level netlist at '/home/omare/Documents/UWASIC/Matrix-Vector-Analog/digital/AXI_IF/build/synthesis/runs/tt_if_full/51-openroad-fillinsertion/tt_if.nl.v'…
Linking design 'tt_if' from netlist…
Warning: /home/omare/Documents/UWASIC/Matrix-Vector-Analog/digital/AXI_IF/build/synthesis/runs/tt_if_full/51-openroad-fillinsertion/tt_if.nl.v line 144, module sky130_fd_sc_hd__tapvpwrvgnd_1 not found. Creating black box for TAP_TAPCELL_ROW_0_18.
Warning: /home/omare/Documents/UWASIC/Matrix-Vector-Analog/digital/AXI_IF/build/synthesis/runs/tt_if_full/51-openroad-fillinsertion/tt_if.nl.v line 176, module sky130_ef_sc_hd__decap_12 not found. Creating black box for FILLER_0_12.
Warning: /home/omare/Documents/UWASIC/Matrix-Vector-Analog/digital/AXI_IF/build/synthesis/runs/tt_if_full/51-openroad-fillinsertion/tt_if.nl.v line 181, module sky130_fd_sc_hd__fill_1 not found. Creating black box for FILLER_1_48.
Warning: /home/omare/Documents/UWASIC/Matrix-Vector-Analog/digital/AXI_IF/build/synthesis/runs/tt_if_full/51-openroad-fillinsertion/tt_if.nl.v line 185, module sky130_fd_sc_hd__fill_2 not found. Creating black box for FILLER_3_11.
Reading design constraints file at '/home/omare/Documents/UWASIC/Matrix-Vector-Analog/.venv/lib/python3.12/site-packages/openlane/scripts/base.sdc'…
[INFO] Using clock i_clk…
[INFO] Setting output delay to: 0.02
[INFO] Setting input delay to: 0.02
[INFO] Setting load to: 0.033442
[INFO] Setting clock uncertainty to: 0.25
[INFO] Setting clock transition to: 0.1499999999999999944488848768742172978818416595458984375
[INFO] Setting timing derate to: 5%
Reading top-level design parasitics for the 'min_ff_n40C_1v95' corner at '/home/omare/Documents/UWASIC/Matrix-Vector-Analog/digital/AXI_IF/build/synthesis/runs/tt_if_full/53-openroad-rcx/min/tt_if.min.spef'…
%OL_CREATE_REPORT min.rpt

===========================================================================
report_checks -path_delay min (Hold)
============================================================================
======================= min_ff_n40C_1v95 Corner ===================================

Warning: corner.tcl line 57, unknown field nets.
Warning: corner.tcl line 57, report_checks -group_count is deprecated. Use -group_path_count instead.
Startpoint: _17_ (rising edge-triggered flip-flop clocked by i_clk)
Endpoint: _17_ (rising edge-triggered flip-flop clocked by i_clk)
Path Group: i_clk
Path Type: min

Fanout         Cap        Slew       Delay        Time   Description
---------------------------------------------------------------------------------------------
                                  0.000000    0.000000   clock i_clk (rise edge)
                                  0.000000    0.000000   clock source latency
     1    0.010642    0.040691    0.026655    0.026655 ^ i_clk (in)
                      0.040692    0.000000    0.026655 ^ clkbuf_0_i_clk/A (sky130_fd_sc_hd__clkbuf_16)
     2    0.019209    0.030661    0.086744    0.113400 ^ clkbuf_0_i_clk/X (sky130_fd_sc_hd__clkbuf_16)
                      0.030662    0.000271    0.113671 ^ clkbuf_1_0__f_i_clk/A (sky130_fd_sc_hd__clkbuf_16)
     2    0.005331    0.021218    0.073923    0.187593 ^ clkbuf_1_0__f_i_clk/X (sky130_fd_sc_hd__clkbuf_16)
                      0.021218    0.000056    0.187649 ^ _17_/CLK (sky130_fd_sc_hd__dfrtp_1)
     3    0.009941    0.074014    0.228879    0.416528 ^ _17_/Q (sky130_fd_sc_hd__dfrtp_1)
                      0.074014    0.000107    0.416635 ^ _11_/B1 (sky130_fd_sc_hd__a31o_1)
     1    0.002054    0.023104    0.053115    0.469750 ^ _11_/X (sky130_fd_sc_hd__a31o_1)
                      0.023104    0.000018    0.469768 ^ _12_/B (sky130_fd_sc_hd__and2b_1)
     1    0.003527    0.033525    0.072119    0.541887 ^ _12_/X (sky130_fd_sc_hd__and2b_1)
                      0.033525    0.000045    0.541932 ^ _17_/D (sky130_fd_sc_hd__dfrtp_1)
                                              0.541932   data arrival time

                                  0.000000    0.000000   clock i_clk (rise edge)
                                  0.000000    0.000000   clock source latency
     1    0.010642    0.040691    0.026655    0.026655 ^ i_clk (in)
                      0.040692    0.000000    0.026655 ^ clkbuf_0_i_clk/A (sky130_fd_sc_hd__clkbuf_16)
     2    0.019209    0.030661    0.086744    0.113400 ^ clkbuf_0_i_clk/X (sky130_fd_sc_hd__clkbuf_16)
                      0.030662    0.000271    0.113671 ^ clkbuf_1_0__f_i_clk/A (sky130_fd_sc_hd__clkbuf_16)
     2    0.005331    0.021218    0.073923    0.187593 ^ clkbuf_1_0__f_i_clk/X (sky130_fd_sc_hd__clkbuf_16)
                      0.021218    0.000056    0.187649 ^ _17_/CLK (sky130_fd_sc_hd__dfrtp_1)
                                  0.250000    0.437649   clock uncertainty
                                  0.000000    0.437649   clock reconvergence pessimism
                                 -0.020242    0.417407   library hold time
                                              0.417407   data required time
---------------------------------------------------------------------------------------------
                                              0.417407   data required time
                                             -0.541932   data arrival time
---------------------------------------------------------------------------------------------
                                              0.124525   slack (MET)


Startpoint: _19_ (rising edge-triggered flip-flop clocked by i_clk)
Endpoint: _19_ (rising edge-triggered flip-flop clocked by i_clk)
Path Group: i_clk
Path Type: min

Fanout         Cap        Slew       Delay        Time   Description
---------------------------------------------------------------------------------------------
                                  0.000000    0.000000   clock i_clk (rise edge)
                                  0.000000    0.000000   clock source latency
     1    0.010642    0.040691    0.026655    0.026655 ^ i_clk (in)
                      0.040692    0.000000    0.026655 ^ clkbuf_0_i_clk/A (sky130_fd_sc_hd__clkbuf_16)
     2    0.019209    0.030661    0.086744    0.113400 ^ clkbuf_0_i_clk/X (sky130_fd_sc_hd__clkbuf_16)
                      0.030662    0.000254    0.113653 ^ clkbuf_1_1__f_i_clk/A (sky130_fd_sc_hd__clkbuf_16)
     2    0.005963    0.021655    0.074464    0.188117 ^ clkbuf_1_1__f_i_clk/X (sky130_fd_sc_hd__clkbuf_16)
                      0.021655    0.000065    0.188182 ^ _19_/CLK (sky130_fd_sc_hd__dfrtp_1)
     5    0.013216    0.094044    0.244111    0.432293 ^ _19_/Q (sky130_fd_sc_hd__dfrtp_1)
                      0.094044    0.000085    0.432379 ^ _14_/A (sky130_fd_sc_hd__or2_1)
     1    0.001944    0.024745    0.068260    0.500639 ^ _14_/X (sky130_fd_sc_hd__or2_1)
                      0.024745    0.000017    0.500656 ^ _15_/B (sky130_fd_sc_hd__and2_1)
     1    0.003242    0.035268    0.072631    0.573286 ^ _15_/X (sky130_fd_sc_hd__and2_1)
                      0.035269    0.000037    0.573323 ^ _19_/D (sky130_fd_sc_hd__dfrtp_1)
                                              0.573323   data arrival time

                                  0.000000    0.000000   clock i_clk (rise edge)
                                  0.000000    0.000000   clock source latency
     1    0.010642    0.040691    0.026655    0.026655 ^ i_clk (in)
                      0.040692    0.000000    0.026655 ^ clkbuf_0_i_clk/A (sky130_fd_sc_hd__clkbuf_16)
     2    0.019209    0.030661    0.086744    0.113400 ^ clkbuf_0_i_clk/X (sky130_fd_sc_hd__clkbuf_16)
                      0.030662    0.000254    0.113653 ^ clkbuf_1_1__f_i_clk/A (sky130_fd_sc_hd__clkbuf_16)
     2    0.005963    0.021655    0.074464    0.188117 ^ clkbuf_1_1__f_i_clk/X (sky130_fd_sc_hd__clkbuf_16)
                      0.021655    0.000065    0.188182 ^ _19_/CLK (sky130_fd_sc_hd__dfrtp_1)
                                  0.250000    0.438182   clock uncertainty
                                  0.000000    0.438182   clock reconvergence pessimism
                                 -0.020362    0.417820   library hold time
                                              0.417820   data required time
---------------------------------------------------------------------------------------------
                                              0.417820   data required time
                                             -0.573323   data arrival time
---------------------------------------------------------------------------------------------
                                              0.155503   slack (MET)


Startpoint: _17_ (rising edge-triggered flip-flop clocked by i_clk)
Endpoint: _18_ (rising edge-triggered flip-flop clocked by i_clk)
Path Group: i_clk
Path Type: min

Fanout         Cap        Slew       Delay        Time   Description
---------------------------------------------------------------------------------------------
                                  0.000000    0.000000   clock i_clk (rise edge)
                                  0.000000    0.000000   clock source latency
     1    0.010642    0.040691    0.026655    0.026655 ^ i_clk (in)
                      0.040692    0.000000    0.026655 ^ clkbuf_0_i_clk/A (sky130_fd_sc_hd__clkbuf_16)
     2    0.019209    0.030661    0.086744    0.113400 ^ clkbuf_0_i_clk/X (sky130_fd_sc_hd__clkbuf_16)
                      0.030662    0.000271    0.113671 ^ clkbuf_1_0__f_i_clk/A (sky130_fd_sc_hd__clkbuf_16)
     2    0.005331    0.021218    0.073923    0.187593 ^ clkbuf_1_0__f_i_clk/X (sky130_fd_sc_hd__clkbuf_16)
                      0.021218    0.000056    0.187649 ^ _17_/CLK (sky130_fd_sc_hd__dfrtp_1)
     3    0.009941    0.074014    0.228879    0.416528 ^ _17_/Q (sky130_fd_sc_hd__dfrtp_1)
                      0.074014    0.000173    0.416701 ^ _10_/C (sky130_fd_sc_hd__and4_1)
     2    0.007335    0.065048    0.135016    0.551717 ^ _10_/X (sky130_fd_sc_hd__and4_1)
                      0.065048    0.000088    0.551805 ^ _13_/B (sky130_fd_sc_hd__xor2_1)
     1    0.002592    0.024464    0.037308    0.589113 v _13_/X (sky130_fd_sc_hd__xor2_1)
                      0.024464    0.000016    0.589128 v _18_/D (sky130_fd_sc_hd__dfrtp_1)
                                              0.589128   data arrival time

                                  0.000000    0.000000   clock i_clk (rise edge)
                                  0.000000    0.000000   clock source latency
     1    0.010642    0.040691    0.026655    0.026655 ^ i_clk (in)
                      0.040692    0.000000    0.026655 ^ clkbuf_0_i_clk/A (sky130_fd_sc_hd__clkbuf_16)
     2    0.019209    0.030661    0.086744    0.113400 ^ clkbuf_0_i_clk/X (sky130_fd_sc_hd__clkbuf_16)
                      0.030662    0.000271    0.113671 ^ clkbuf_1_0__f_i_clk/A (sky130_fd_sc_hd__clkbuf_16)
     2    0.005331    0.021218    0.073923    0.187593 ^ clkbuf_1_0__f_i_clk/X (sky130_fd_sc_hd__clkbuf_16)
                      0.021218    0.000075    0.187668 ^ _18_/CLK (sky130_fd_sc_hd__dfrtp_1)
                                  0.250000    0.437668   clock uncertainty
                                  0.000000    0.437668   clock reconvergence pessimism
                                 -0.030895    0.406773   library hold time
                                              0.406773   data required time
---------------------------------------------------------------------------------------------
                                              0.406773   data required time
                                             -0.589128   data arrival time
---------------------------------------------------------------------------------------------
                                              0.182356   slack (MET)


Startpoint: i_rst_n (input port clocked by i_clk)
Endpoint: _16_ (removal check against rising-edge clock i_clk)
Path Group: asynchronous
Path Type: min

Fanout         Cap        Slew       Delay        Time   Description
---------------------------------------------------------------------------------------------
                                  0.000000    0.000000   clock i_clk (rise edge)
                                  0.000000    0.000000   clock network delay (propagated)
                                  0.020000    0.020000 ^ input external delay
     1    0.002661    0.013423    0.006857    0.026857 ^ i_rst_n (in)
                      0.013423    0.000000    0.026857 ^ hold1/A (sky130_fd_sc_hd__dlygate4sd3_1)
     1    0.002646    0.036341    0.365732    0.392589 ^ hold1/X (sky130_fd_sc_hd__dlygate4sd3_1)
                      0.036341    0.000029    0.392619 ^ input2/A (sky130_fd_sc_hd__dlymetal6s2s_1)
     1    0.002670    0.042968    0.065137    0.457756 ^ input2/X (sky130_fd_sc_hd__dlymetal6s2s_1)
                      0.042968    0.000031    0.457787 ^ hold2/A (sky130_fd_sc_hd__dlygate4sd3_1)
     4    0.017499    0.139872    0.451789    0.909576 ^ hold2/X (sky130_fd_sc_hd__dlygate4sd3_1)
                      0.139872    0.000128    0.909705 ^ _16_/RESET_B (sky130_fd_sc_hd__dfrtp_1)
                                              0.909705   data arrival time

                                  0.000000    0.000000   clock i_clk (rise edge)
                                  0.000000    0.000000   clock source latency
     1    0.010642    0.040691    0.026655    0.026655 ^ i_clk (in)
                      0.040692    0.000000    0.026655 ^ clkbuf_0_i_clk/A (sky130_fd_sc_hd__clkbuf_16)
     2    0.019209    0.030661    0.086744    0.113400 ^ clkbuf_0_i_clk/X (sky130_fd_sc_hd__clkbuf_16)
                      0.030662    0.000254    0.113653 ^ clkbuf_1_1__f_i_clk/A (sky130_fd_sc_hd__clkbuf_16)
     2    0.005963    0.021655    0.074464    0.188117 ^ clkbuf_1_1__f_i_clk/X (sky130_fd_sc_hd__clkbuf_16)
                      0.021655    0.000064    0.188181 ^ _16_/CLK (sky130_fd_sc_hd__dfrtp_1)
                                  0.250000    0.438181   clock uncertainty
                                  0.000000    0.438181   clock reconvergence pessimism
                                  0.224168    0.662349   library removal time
                                              0.662349   data required time
---------------------------------------------------------------------------------------------
                                              0.662349   data required time
                                             -0.909705   data arrival time
---------------------------------------------------------------------------------------------
                                              0.247356   slack (MET)


Startpoint: i_rst_n (input port clocked by i_clk)
Endpoint: _19_ (removal check against rising-edge clock i_clk)
Path Group: asynchronous
Path Type: min

Fanout         Cap        Slew       Delay        Time   Description
---------------------------------------------------------------------------------------------
                                  0.000000    0.000000   clock i_clk (rise edge)
                                  0.000000    0.000000   clock network delay (propagated)
                                  0.020000    0.020000 ^ input external delay
     1    0.002661    0.013423    0.006857    0.026857 ^ i_rst_n (in)
                      0.013423    0.000000    0.026857 ^ hold1/A (sky130_fd_sc_hd__dlygate4sd3_1)
     1    0.002646    0.036341    0.365732    0.392589 ^ hold1/X (sky130_fd_sc_hd__dlygate4sd3_1)
                      0.036341    0.000029    0.392619 ^ input2/A (sky130_fd_sc_hd__dlymetal6s2s_1)
     1    0.002670    0.042968    0.065137    0.457756 ^ input2/X (sky130_fd_sc_hd__dlymetal6s2s_1)
                      0.042968    0.000031    0.457787 ^ hold2/A (sky130_fd_sc_hd__dlygate4sd3_1)
     4    0.017499    0.139872    0.451789    0.909576 ^ hold2/X (sky130_fd_sc_hd__dlygate4sd3_1)
                      0.139872    0.000140    0.909717 ^ _19_/RESET_B (sky130_fd_sc_hd__dfrtp_1)
                                              0.909717   data arrival time

                                  0.000000    0.000000   clock i_clk (rise edge)
                                  0.000000    0.000000   clock source latency
     1    0.010642    0.040691    0.026655    0.026655 ^ i_clk (in)
                      0.040692    0.000000    0.026655 ^ clkbuf_0_i_clk/A (sky130_fd_sc_hd__clkbuf_16)
     2    0.019209    0.030661    0.086744    0.113400 ^ clkbuf_0_i_clk/X (sky130_fd_sc_hd__clkbuf_16)
                      0.030662    0.000254    0.113653 ^ clkbuf_1_1__f_i_clk/A (sky130_fd_sc_hd__clkbuf_16)
     2    0.005963    0.021655    0.074464    0.188117 ^ clkbuf_1_1__f_i_clk/X (sky130_fd_sc_hd__clkbuf_16)
                      0.021655    0.000065    0.188182 ^ _19_/CLK (sky130_fd_sc_hd__dfrtp_1)
                                  0.250000    0.438182   clock uncertainty
                                  0.000000    0.438182   clock reconvergence pessimism
                                  0.224168    0.662350   library removal time
                                              0.662350   data required time
---------------------------------------------------------------------------------------------
                                              0.662350   data required time
                                             -0.909717   data arrival time
---------------------------------------------------------------------------------------------
                                              0.247366   slack (MET)


Startpoint: i_rst_n (input port clocked by i_clk)
Endpoint: _18_ (removal check against rising-edge clock i_clk)
Path Group: asynchronous
Path Type: min

Fanout         Cap        Slew       Delay        Time   Description
---------------------------------------------------------------------------------------------
                                  0.000000    0.000000   clock i_clk (rise edge)
                                  0.000000    0.000000   clock network delay (propagated)
                                  0.020000    0.020000 ^ input external delay
     1    0.002661    0.013423    0.006857    0.026857 ^ i_rst_n (in)
                      0.013423    0.000000    0.026857 ^ hold1/A (sky130_fd_sc_hd__dlygate4sd3_1)
     1    0.002646    0.036341    0.365732    0.392589 ^ hold1/X (sky130_fd_sc_hd__dlygate4sd3_1)
                      0.036341    0.000029    0.392619 ^ input2/A (sky130_fd_sc_hd__dlymetal6s2s_1)
     1    0.002670    0.042968    0.065137    0.457756 ^ input2/X (sky130_fd_sc_hd__dlymetal6s2s_1)
                      0.042968    0.000031    0.457787 ^ hold2/A (sky130_fd_sc_hd__dlygate4sd3_1)
     4    0.017499    0.139872    0.451789    0.909576 ^ hold2/X (sky130_fd_sc_hd__dlygate4sd3_1)
                      0.139872    0.000106    0.909683 ^ _18_/RESET_B (sky130_fd_sc_hd__dfrtp_1)
                                              0.909683   data arrival time

                                  0.000000    0.000000   clock i_clk (rise edge)
                                  0.000000    0.000000   clock source latency
     1    0.010642    0.040691    0.026655    0.026655 ^ i_clk (in)
                      0.040692    0.000000    0.026655 ^ clkbuf_0_i_clk/A (sky130_fd_sc_hd__clkbuf_16)
     2    0.019209    0.030661    0.086744    0.113400 ^ clkbuf_0_i_clk/X (sky130_fd_sc_hd__clkbuf_16)
                      0.030662    0.000271    0.113671 ^ clkbuf_1_0__f_i_clk/A (sky130_fd_sc_hd__clkbuf_16)
     2    0.005331    0.021218    0.073923    0.187593 ^ clkbuf_1_0__f_i_clk/X (sky130_fd_sc_hd__clkbuf_16)
                      0.021218    0.000075    0.187668 ^ _18_/CLK (sky130_fd_sc_hd__dfrtp_1)
                                  0.250000    0.437668   clock uncertainty
                                  0.000000    0.437668   clock reconvergence pessimism
                                  0.224108    0.661776   library removal time
                                              0.661776   data required time
---------------------------------------------------------------------------------------------
                                              0.661776   data required time
                                             -0.909683   data arrival time
---------------------------------------------------------------------------------------------
                                              0.247906   slack (MET)


Startpoint: i_rst_n (input port clocked by i_clk)
Endpoint: _17_ (removal check against rising-edge clock i_clk)
Path Group: asynchronous
Path Type: min

Fanout         Cap        Slew       Delay        Time   Description
---------------------------------------------------------------------------------------------
                                  0.000000    0.000000   clock i_clk (rise edge)
                                  0.000000    0.000000   clock network delay (propagated)
                                  0.020000    0.020000 ^ input external delay
     1    0.002661    0.013423    0.006857    0.026857 ^ i_rst_n (in)
                      0.013423    0.000000    0.026857 ^ hold1/A (sky130_fd_sc_hd__dlygate4sd3_1)
     1    0.002646    0.036341    0.365732    0.392589 ^ hold1/X (sky130_fd_sc_hd__dlygate4sd3_1)
                      0.036341    0.000029    0.392619 ^ input2/A (sky130_fd_sc_hd__dlymetal6s2s_1)
     1    0.002670    0.042968    0.065137    0.457756 ^ input2/X (sky130_fd_sc_hd__dlymetal6s2s_1)
                      0.042968    0.000031    0.457787 ^ hold2/A (sky130_fd_sc_hd__dlygate4sd3_1)
     4    0.017499    0.139872    0.451789    0.909576 ^ hold2/X (sky130_fd_sc_hd__dlygate4sd3_1)
                      0.139872    0.000134    0.909710 ^ _17_/RESET_B (sky130_fd_sc_hd__dfrtp_1)
                                              0.909710   data arrival time

                                  0.000000    0.000000   clock i_clk (rise edge)
                                  0.000000    0.000000   clock source latency
     1    0.010642    0.040691    0.026655    0.026655 ^ i_clk (in)
                      0.040692    0.000000    0.026655 ^ clkbuf_0_i_clk/A (sky130_fd_sc_hd__clkbuf_16)
     2    0.019209    0.030661    0.086744    0.113400 ^ clkbuf_0_i_clk/X (sky130_fd_sc_hd__clkbuf_16)
                      0.030662    0.000271    0.113671 ^ clkbuf_1_0__f_i_clk/A (sky130_fd_sc_hd__clkbuf_16)
     2    0.005331    0.021218    0.073923    0.187593 ^ clkbuf_1_0__f_i_clk/X (sky130_fd_sc_hd__clkbuf_16)
                      0.021218    0.000056    0.187649 ^ _17_/CLK (sky130_fd_sc_hd__dfrtp_1)
                                  0.250000    0.437649   clock uncertainty
                                  0.000000    0.437649   clock reconvergence pessimism
                                  0.224108    0.661757   library removal time
                                              0.661757   data required time
---------------------------------------------------------------------------------------------
                                              0.661757   data required time
                                             -0.909710   data arrival time
---------------------------------------------------------------------------------------------
                                              0.247952   slack (MET)


Startpoint: _18_ (rising edge-triggered flip-flop clocked by i_clk)
Endpoint: uo_out[3] (output port clocked by i_clk)
Path Group: i_clk
Path Type: min

Fanout         Cap        Slew       Delay        Time   Description
---------------------------------------------------------------------------------------------
                                  0.000000    0.000000   clock i_clk (rise edge)
                                  0.000000    0.000000   clock source latency
     1    0.010642    0.040691    0.026655    0.026655 ^ i_clk (in)
                      0.040692    0.000000    0.026655 ^ clkbuf_0_i_clk/A (sky130_fd_sc_hd__clkbuf_16)
     2    0.019209    0.030661    0.086744    0.113400 ^ clkbuf_0_i_clk/X (sky130_fd_sc_hd__clkbuf_16)
                      0.030662    0.000271    0.113671 ^ clkbuf_1_0__f_i_clk/A (sky130_fd_sc_hd__clkbuf_16)
     2    0.005331    0.021218    0.073923    0.187593 ^ clkbuf_1_0__f_i_clk/X (sky130_fd_sc_hd__clkbuf_16)
                      0.021218    0.000075    0.187668 ^ _18_/CLK (sky130_fd_sc_hd__dfrtp_1)
     2    0.005643    0.036935    0.229200    0.416868 v _18_/Q (sky130_fd_sc_hd__dfrtp_1)
                      0.036935    0.000060    0.416928 v output6/A (sky130_fd_sc_hd__buf_2)
     1    0.034524    0.063070    0.120487    0.537415 v output6/X (sky130_fd_sc_hd__buf_2)
                      0.063073    0.000438    0.537853 v uo_out[3] (out)
                                              0.537853   data arrival time

                                  0.000000    0.000000   clock i_clk (rise edge)
                                  0.000000    0.000000   clock network delay (propagated)
                                  0.250000    0.250000   clock uncertainty
                                  0.000000    0.250000   clock reconvergence pessimism
                                 -0.020000    0.230000   output external delay
                                              0.230000   data required time
---------------------------------------------------------------------------------------------
                                              0.230000   data required time
                                             -0.537853   data arrival time
---------------------------------------------------------------------------------------------
                                              0.307853   slack (MET)


Startpoint: _17_ (rising edge-triggered flip-flop clocked by i_clk)
Endpoint: uo_out[2] (output port clocked by i_clk)
Path Group: i_clk
Path Type: min

Fanout         Cap        Slew       Delay        Time   Description
---------------------------------------------------------------------------------------------
                                  0.000000    0.000000   clock i_clk (rise edge)
                                  0.000000    0.000000   clock source latency
     1    0.010642    0.040691    0.026655    0.026655 ^ i_clk (in)
                      0.040692    0.000000    0.026655 ^ clkbuf_0_i_clk/A (sky130_fd_sc_hd__clkbuf_16)
     2    0.019209    0.030661    0.086744    0.113400 ^ clkbuf_0_i_clk/X (sky130_fd_sc_hd__clkbuf_16)
                      0.030662    0.000271    0.113671 ^ clkbuf_1_0__f_i_clk/A (sky130_fd_sc_hd__clkbuf_16)
     2    0.005331    0.021218    0.073923    0.187593 ^ clkbuf_1_0__f_i_clk/X (sky130_fd_sc_hd__clkbuf_16)
                      0.021218    0.000056    0.187649 ^ _17_/CLK (sky130_fd_sc_hd__dfrtp_1)
     3    0.009441    0.049820    0.242982    0.430631 v _17_/Q (sky130_fd_sc_hd__dfrtp_1)
                      0.049820    0.000173    0.430805 v output5/A (sky130_fd_sc_hd__buf_2)
     1    0.034638    0.063249    0.125783    0.556588 v output5/X (sky130_fd_sc_hd__buf_2)
                      0.063252    0.000453    0.557041 v uo_out[2] (out)
                                              0.557041   data arrival time

                                  0.000000    0.000000   clock i_clk (rise edge)
                                  0.000000    0.000000   clock network delay (propagated)
                                  0.250000    0.250000   clock uncertainty
                                  0.000000    0.250000   clock reconvergence pessimism
                                 -0.020000    0.230000   output external delay
                                              0.230000   data required time
---------------------------------------------------------------------------------------------
                                              0.230000   data required time
                                             -0.557041   data arrival time
---------------------------------------------------------------------------------------------
                                              0.327041   slack (MET)


Startpoint: _19_ (rising edge-triggered flip-flop clocked by i_clk)
Endpoint: uo_out[0] (output port clocked by i_clk)
Path Group: i_clk
Path Type: min

Fanout         Cap        Slew       Delay        Time   Description
---------------------------------------------------------------------------------------------
                                  0.000000    0.000000   clock i_clk (rise edge)
                                  0.000000    0.000000   clock source latency
     1    0.010642    0.040691    0.026655    0.026655 ^ i_clk (in)
                      0.040692    0.000000    0.026655 ^ clkbuf_0_i_clk/A (sky130_fd_sc_hd__clkbuf_16)
     2    0.019209    0.030661    0.086744    0.113400 ^ clkbuf_0_i_clk/X (sky130_fd_sc_hd__clkbuf_16)
                      0.030662    0.000254    0.113653 ^ clkbuf_1_1__f_i_clk/A (sky130_fd_sc_hd__clkbuf_16)
     2    0.005963    0.021655    0.074464    0.188117 ^ clkbuf_1_1__f_i_clk/X (sky130_fd_sc_hd__clkbuf_16)
                      0.021655    0.000065    0.188182 ^ _19_/CLK (sky130_fd_sc_hd__dfrtp_1)
     5    0.012566    0.057523    0.252884    0.441067 v _19_/Q (sky130_fd_sc_hd__dfrtp_1)
                      0.057523    0.000092    0.441159 v output3/A (sky130_fd_sc_hd__buf_2)
     1    0.034493    0.063035    0.128729    0.569888 v output3/X (sky130_fd_sc_hd__buf_2)
                      0.063037    0.000426    0.570314 v uo_out[0] (out)
                                              0.570314   data arrival time

                                  0.000000    0.000000   clock i_clk (rise edge)
                                  0.000000    0.000000   clock network delay (propagated)
                                  0.250000    0.250000   clock uncertainty
                                  0.000000    0.250000   clock reconvergence pessimism
                                 -0.020000    0.230000   output external delay
                                              0.230000   data required time
---------------------------------------------------------------------------------------------
                                              0.230000   data required time
                                             -0.570314   data arrival time
---------------------------------------------------------------------------------------------
                                              0.340314   slack (MET)


Startpoint: _16_ (rising edge-triggered flip-flop clocked by i_clk)
Endpoint: uo_out[1] (output port clocked by i_clk)
Path Group: i_clk
Path Type: min

Fanout         Cap        Slew       Delay        Time   Description
---------------------------------------------------------------------------------------------
                                  0.000000    0.000000   clock i_clk (rise edge)
                                  0.000000    0.000000   clock source latency
     1    0.010642    0.040691    0.026655    0.026655 ^ i_clk (in)
                      0.040692    0.000000    0.026655 ^ clkbuf_0_i_clk/A (sky130_fd_sc_hd__clkbuf_16)
     2    0.019209    0.030661    0.086744    0.113400 ^ clkbuf_0_i_clk/X (sky130_fd_sc_hd__clkbuf_16)
                      0.030662    0.000254    0.113653 ^ clkbuf_1_1__f_i_clk/A (sky130_fd_sc_hd__clkbuf_16)
     2    0.005963    0.021655    0.074464    0.188117 ^ clkbuf_1_1__f_i_clk/X (sky130_fd_sc_hd__clkbuf_16)
                      0.021655    0.000064    0.188181 ^ _16_/CLK (sky130_fd_sc_hd__dfrtp_1)
     4    0.013866    0.061383    0.256317    0.444497 v _16_/Q (sky130_fd_sc_hd__dfrtp_1)
                      0.061383    0.000139    0.444637 v output4/A (sky130_fd_sc_hd__buf_2)
     1    0.034763    0.063459    0.130618    0.575254 v output4/X (sky130_fd_sc_hd__buf_2)
                      0.063462    0.000458    0.575713 v uo_out[1] (out)
                                              0.575713   data arrival time

                                  0.000000    0.000000   clock i_clk (rise edge)
                                  0.000000    0.000000   clock network delay (propagated)
                                  0.250000    0.250000   clock uncertainty
                                  0.000000    0.250000   clock reconvergence pessimism
                                 -0.020000    0.230000   output external delay
                                              0.230000   data required time
---------------------------------------------------------------------------------------------
                                              0.230000   data required time
                                             -0.575713   data arrival time
---------------------------------------------------------------------------------------------
                                              0.345713   slack (MET)


Startpoint: _16_ (rising edge-triggered flip-flop clocked by i_clk)
Endpoint: _16_ (rising edge-triggered flip-flop clocked by i_clk)
Path Group: i_clk
Path Type: min

Fanout         Cap        Slew       Delay        Time   Description
---------------------------------------------------------------------------------------------
                                  0.000000    0.000000   clock i_clk (rise edge)
                                  0.000000    0.000000   clock source latency
     1    0.010642    0.040691    0.026655    0.026655 ^ i_clk (in)
                      0.040692    0.000000    0.026655 ^ clkbuf_0_i_clk/A (sky130_fd_sc_hd__clkbuf_16)
     2    0.019209    0.030661    0.086744    0.113400 ^ clkbuf_0_i_clk/X (sky130_fd_sc_hd__clkbuf_16)
                      0.030662    0.000254    0.113653 ^ clkbuf_1_1__f_i_clk/A (sky130_fd_sc_hd__clkbuf_16)
     2    0.005963    0.021655    0.074464    0.188117 ^ clkbuf_1_1__f_i_clk/X (sky130_fd_sc_hd__clkbuf_16)
                      0.021655    0.000064    0.188181 ^ _16_/CLK (sky130_fd_sc_hd__dfrtp_1)
     4    0.014612    0.102926    0.250313    0.438494 ^ _16_/Q (sky130_fd_sc_hd__dfrtp_1)
                      0.102926    0.000302    0.438796 ^ _09_/A (sky130_fd_sc_hd__xnor2_1)
     1    0.002247    0.021248    0.044933    0.483729 v _09_/Y (sky130_fd_sc_hd__xnor2_1)
                      0.021248    0.000022    0.483751 v hold4/A (sky130_fd_sc_hd__dlygate4sd3_1)
     1    0.002704    0.037701    0.355793    0.839543 v hold4/X (sky130_fd_sc_hd__dlygate4sd3_1)
                      0.037701    0.000026    0.839569 v _16_/D (sky130_fd_sc_hd__dfrtp_1)
                                              0.839569   data arrival time

                                  0.000000    0.000000   clock i_clk (rise edge)
                                  0.000000    0.000000   clock source latency
     1    0.010642    0.040691    0.026655    0.026655 ^ i_clk (in)
                      0.040692    0.000000    0.026655 ^ clkbuf_0_i_clk/A (sky130_fd_sc_hd__clkbuf_16)
     2    0.019209    0.030661    0.086744    0.113400 ^ clkbuf_0_i_clk/X (sky130_fd_sc_hd__clkbuf_16)
                      0.030662    0.000254    0.113653 ^ clkbuf_1_1__f_i_clk/A (sky130_fd_sc_hd__clkbuf_16)
     2    0.005963    0.021655    0.074464    0.188117 ^ clkbuf_1_1__f_i_clk/X (sky130_fd_sc_hd__clkbuf_16)
                      0.021655    0.000064    0.188181 ^ _16_/CLK (sky130_fd_sc_hd__dfrtp_1)
                                  0.250000    0.438181   clock uncertainty
                                  0.000000    0.438181   clock reconvergence pessimism
                                 -0.035156    0.403025   library hold time
                                              0.403025   data required time
---------------------------------------------------------------------------------------------
                                              0.403025   data required time
                                             -0.839569   data arrival time
---------------------------------------------------------------------------------------------
                                              0.436544   slack (MET)



%OL_END_REPORT
%OL_CREATE_REPORT max.rpt

===========================================================================
report_checks -path_delay max (Setup)
============================================================================
======================= min_ff_n40C_1v95 Corner ===================================

Warning: corner.tcl line 67, unknown field nets.
Warning: corner.tcl line 67, report_checks -group_count is deprecated. Use -group_path_count instead.
Startpoint: i_ena (input port clocked by i_clk)
Endpoint: _16_ (rising edge-triggered flip-flop clocked by i_clk)
Path Group: i_clk
Path Type: max

Fanout         Cap        Slew       Delay        Time   Description
---------------------------------------------------------------------------------------------
                                  0.000000    0.000000   clock i_clk (rise edge)
                                  0.000000    0.000000   clock network delay (propagated)
                                  0.020000    0.020000 ^ input external delay
     1    0.002466    0.012731    0.006345    0.026345 ^ i_ena (in)
                      0.012731    0.000000    0.026345 ^ hold3/A (sky130_fd_sc_hd__dlygate4sd3_1)
     1    0.002310    0.035721    0.363394    0.389739 ^ hold3/X (sky130_fd_sc_hd__dlygate4sd3_1)
                      0.035721    0.000008    0.389747 ^ input1/A (sky130_fd_sc_hd__clkbuf_1)
     4    0.010231    0.094585    0.096477    0.486224 ^ input1/X (sky130_fd_sc_hd__clkbuf_1)
                      0.094585    0.000036    0.486260 ^ _08_/B (sky130_fd_sc_hd__nand2_1)
     2    0.006412    0.044435    0.050696    0.536956 v _08_/Y (sky130_fd_sc_hd__nand2_1)
                      0.044435    0.000033    0.536989 v _09_/B (sky130_fd_sc_hd__xnor2_1)
     1    0.002247    0.032973    0.078251    0.615240 v _09_/Y (sky130_fd_sc_hd__xnor2_1)
                      0.032973    0.000022    0.615261 v hold4/A (sky130_fd_sc_hd__dlygate4sd3_1)
     1    0.002704    0.037672    0.360089    0.975350 v hold4/X (sky130_fd_sc_hd__dlygate4sd3_1)
                      0.037672    0.000026    0.975376 v _16_/D (sky130_fd_sc_hd__dfrtp_1)
                                              0.975376   data arrival time

                                 10.000000   10.000000   clock i_clk (rise edge)
                                  0.000000   10.000000   clock source latency
     1    0.010642    0.040691    0.026655   10.026655 ^ i_clk (in)
                      0.040692    0.000000   10.026655 ^ clkbuf_0_i_clk/A (sky130_fd_sc_hd__clkbuf_16)
     2    0.019209    0.030661    0.086745   10.113400 ^ clkbuf_0_i_clk/X (sky130_fd_sc_hd__clkbuf_16)
                      0.030662    0.000253   10.113653 ^ clkbuf_1_1__f_i_clk/A (sky130_fd_sc_hd__clkbuf_16)
     2    0.005963    0.021655    0.074464   10.188117 ^ clkbuf_1_1__f_i_clk/X (sky130_fd_sc_hd__clkbuf_16)
                      0.021655    0.000064   10.188181 ^ _16_/CLK (sky130_fd_sc_hd__dfrtp_1)
                                 -0.250000    9.938181   clock uncertainty
                                  0.000000    9.938181   clock reconvergence pessimism
                                 -0.075467    9.862715   library setup time
                                              9.862715   data required time
---------------------------------------------------------------------------------------------
                                              9.862715   data required time
                                             -0.975376   data arrival time
---------------------------------------------------------------------------------------------
                                              8.887340   slack (MET)


Startpoint: _18_ (rising edge-triggered flip-flop clocked by i_clk)
Endpoint: _18_ (rising edge-triggered flip-flop clocked by i_clk)
Path Group: i_clk
Path Type: max

Fanout         Cap        Slew       Delay        Time   Description
---------------------------------------------------------------------------------------------
                                  0.000000    0.000000   clock i_clk (rise edge)
                                  0.000000    0.000000   clock source latency
     1    0.010642    0.040691    0.026655    0.026655 ^ i_clk (in)
                      0.040692    0.000000    0.026655 ^ clkbuf_0_i_clk/A (sky130_fd_sc_hd__clkbuf_16)
     2    0.019209    0.030661    0.086744    0.113400 ^ clkbuf_0_i_clk/X (sky130_fd_sc_hd__clkbuf_16)
                      0.030662    0.000271    0.113671 ^ clkbuf_1_0__f_i_clk/A (sky130_fd_sc_hd__clkbuf_16)
     2    0.005331    0.021218    0.073923    0.187593 ^ clkbuf_1_0__f_i_clk/X (sky130_fd_sc_hd__clkbuf_16)
                      0.021218    0.000075    0.187668 ^ _18_/CLK (sky130_fd_sc_hd__dfrtp_1)
     2    0.005643    0.036935    0.229200    0.416868 v _18_/Q (sky130_fd_sc_hd__dfrtp_1)
                      0.036935    0.000041    0.416909 v hold5/A (sky130_fd_sc_hd__dlygate4sd3_1)
     1    0.005495    0.047601    0.375412    0.792321 v hold5/X (sky130_fd_sc_hd__dlygate4sd3_1)
                      0.047601    0.000068    0.792389 v _13_/A (sky130_fd_sc_hd__xor2_1)
     1    0.002592    0.031230    0.102055    0.894444 v _13_/X (sky130_fd_sc_hd__xor2_1)
                      0.031230    0.000016    0.894460 v _18_/D (sky130_fd_sc_hd__dfrtp_1)
                                              0.894460   data arrival time

                                 10.000000   10.000000   clock i_clk (rise edge)
                                  0.000000   10.000000   clock source latency
     1    0.010642    0.040691    0.026655   10.026655 ^ i_clk (in)
                      0.040692    0.000000   10.026655 ^ clkbuf_0_i_clk/A (sky130_fd_sc_hd__clkbuf_16)
     2    0.019209    0.030661    0.086745   10.113400 ^ clkbuf_0_i_clk/X (sky130_fd_sc_hd__clkbuf_16)
                      0.030662    0.000271   10.113671 ^ clkbuf_1_0__f_i_clk/A (sky130_fd_sc_hd__clkbuf_16)
     2    0.005331    0.021218    0.073922   10.187593 ^ clkbuf_1_0__f_i_clk/X (sky130_fd_sc_hd__clkbuf_16)
                      0.021218    0.000075   10.187668 ^ _18_/CLK (sky130_fd_sc_hd__dfrtp_1)
                                 -0.250000    9.937668   clock uncertainty
                                  0.000000    9.937668   clock reconvergence pessimism
                                 -0.073207    9.864461   library setup time
                                              9.864461   data required time
---------------------------------------------------------------------------------------------
                                              9.864461   data required time
                                             -0.894460   data arrival time
---------------------------------------------------------------------------------------------
                                              8.970000   slack (MET)


Startpoint: i_ena (input port clocked by i_clk)
Endpoint: _17_ (rising edge-triggered flip-flop clocked by i_clk)
Path Group: i_clk
Path Type: max

Fanout         Cap        Slew       Delay        Time   Description
---------------------------------------------------------------------------------------------
                                  0.000000    0.000000   clock i_clk (rise edge)
                                  0.000000    0.000000   clock network delay (propagated)
                                  0.020000    0.020000 ^ input external delay
     1    0.002466    0.012731    0.006345    0.026345 ^ i_ena (in)
                      0.012731    0.000000    0.026345 ^ hold3/A (sky130_fd_sc_hd__dlygate4sd3_1)
     1    0.002310    0.035721    0.363394    0.389739 ^ hold3/X (sky130_fd_sc_hd__dlygate4sd3_1)
                      0.035721    0.000008    0.389747 ^ input1/A (sky130_fd_sc_hd__clkbuf_1)
     4    0.010231    0.094585    0.096477    0.486224 ^ input1/X (sky130_fd_sc_hd__clkbuf_1)
                      0.094585    0.000045    0.486269 ^ _10_/D (sky130_fd_sc_hd__and4_1)
     2    0.007335    0.065377    0.139987    0.626257 ^ _10_/X (sky130_fd_sc_hd__and4_1)
                      0.065377    0.000057    0.626314 ^ _12_/A_N (sky130_fd_sc_hd__and2b_1)
     1    0.003500    0.027023    0.112952    0.739266 v _12_/X (sky130_fd_sc_hd__and2b_1)
                      0.027023    0.000045    0.739311 v _17_/D (sky130_fd_sc_hd__dfrtp_1)
                                              0.739311   data arrival time

                                 10.000000   10.000000   clock i_clk (rise edge)
                                  0.000000   10.000000   clock source latency
     1    0.010642    0.040691    0.026655   10.026655 ^ i_clk (in)
                      0.040692    0.000000   10.026655 ^ clkbuf_0_i_clk/A (sky130_fd_sc_hd__clkbuf_16)
     2    0.019209    0.030661    0.086745   10.113400 ^ clkbuf_0_i_clk/X (sky130_fd_sc_hd__clkbuf_16)
                      0.030662    0.000271   10.113671 ^ clkbuf_1_0__f_i_clk/A (sky130_fd_sc_hd__clkbuf_16)
     2    0.005331    0.021218    0.073922   10.187593 ^ clkbuf_1_0__f_i_clk/X (sky130_fd_sc_hd__clkbuf_16)
                      0.021218    0.000056   10.187649 ^ _17_/CLK (sky130_fd_sc_hd__dfrtp_1)
                                 -0.250000    9.937649   clock uncertainty
                                  0.000000    9.937649   clock reconvergence pessimism
                                 -0.071704    9.865945   library setup time
                                              9.865945   data required time
---------------------------------------------------------------------------------------------
                                              9.865945   data required time
                                             -0.739311   data arrival time
---------------------------------------------------------------------------------------------
                                              9.126634   slack (MET)


Startpoint: _16_ (rising edge-triggered flip-flop clocked by i_clk)
Endpoint: uo_out[1] (output port clocked by i_clk)
Path Group: i_clk
Path Type: max

Fanout         Cap        Slew       Delay        Time   Description
---------------------------------------------------------------------------------------------
                                  0.000000    0.000000   clock i_clk (rise edge)
                                  0.000000    0.000000   clock source latency
     1    0.010642    0.040691    0.026655    0.026655 ^ i_clk (in)
                      0.040692    0.000000    0.026655 ^ clkbuf_0_i_clk/A (sky130_fd_sc_hd__clkbuf_16)
     2    0.019209    0.030661    0.086744    0.113400 ^ clkbuf_0_i_clk/X (sky130_fd_sc_hd__clkbuf_16)
                      0.030662    0.000254    0.113653 ^ clkbuf_1_1__f_i_clk/A (sky130_fd_sc_hd__clkbuf_16)
     2    0.005963    0.021655    0.074464    0.188117 ^ clkbuf_1_1__f_i_clk/X (sky130_fd_sc_hd__clkbuf_16)
                      0.021655    0.000064    0.188181 ^ _16_/CLK (sky130_fd_sc_hd__dfrtp_1)
     4    0.014612    0.102926    0.250313    0.438494 ^ _16_/Q (sky130_fd_sc_hd__dfrtp_1)
                      0.102926    0.000147    0.438641 ^ output4/A (sky130_fd_sc_hd__buf_2)
     1    0.034763    0.129861    0.156707    0.595348 ^ output4/X (sky130_fd_sc_hd__buf_2)
                      0.129861    0.000459    0.595806 ^ uo_out[1] (out)
                                              0.595806   data arrival time

                                 10.000000   10.000000   clock i_clk (rise edge)
                                  0.000000   10.000000   clock network delay (propagated)
                                 -0.250000    9.750000   clock uncertainty
                                  0.000000    9.750000   clock reconvergence pessimism
                                 -0.020000    9.730000   output external delay
                                              9.730000   data required time
---------------------------------------------------------------------------------------------
                                              9.730000   data required time
                                             -0.595806   data arrival time
---------------------------------------------------------------------------------------------
                                              9.134194   slack (MET)


Startpoint: _19_ (rising edge-triggered flip-flop clocked by i_clk)
Endpoint: uo_out[0] (output port clocked by i_clk)
Path Group: i_clk
Path Type: max

Fanout         Cap        Slew       Delay        Time   Description
---------------------------------------------------------------------------------------------
                                  0.000000    0.000000   clock i_clk (rise edge)
                                  0.000000    0.000000   clock source latency
     1    0.010642    0.040691    0.026655    0.026655 ^ i_clk (in)
                      0.040692    0.000000    0.026655 ^ clkbuf_0_i_clk/A (sky130_fd_sc_hd__clkbuf_16)
     2    0.019209    0.030661    0.086744    0.113400 ^ clkbuf_0_i_clk/X (sky130_fd_sc_hd__clkbuf_16)
                      0.030662    0.000254    0.113653 ^ clkbuf_1_1__f_i_clk/A (sky130_fd_sc_hd__clkbuf_16)
     2    0.005963    0.021655    0.074464    0.188117 ^ clkbuf_1_1__f_i_clk/X (sky130_fd_sc_hd__clkbuf_16)
                      0.021655    0.000065    0.188182 ^ _19_/CLK (sky130_fd_sc_hd__dfrtp_1)
     5    0.013216    0.094044    0.244111    0.432293 ^ _19_/Q (sky130_fd_sc_hd__dfrtp_1)
                      0.094044    0.000098    0.432391 ^ output3/A (sky130_fd_sc_hd__buf_2)
     1    0.034493    0.128906    0.154027    0.586418 ^ output3/X (sky130_fd_sc_hd__buf_2)
                      0.128906    0.000426    0.586844 ^ uo_out[0] (out)
                                              0.586844   data arrival time

                                 10.000000   10.000000   clock i_clk (rise edge)
                                  0.000000   10.000000   clock network delay (propagated)
                                 -0.250000    9.750000   clock uncertainty
                                  0.000000    9.750000   clock reconvergence pessimism
                                 -0.020000    9.730000   output external delay
                                              9.730000   data required time
---------------------------------------------------------------------------------------------
                                              9.730000   data required time
                                             -0.586844   data arrival time
---------------------------------------------------------------------------------------------
                                              9.143157   slack (MET)


Startpoint: i_rst_n (input port clocked by i_clk)
Endpoint: _17_ (recovery check against rising-edge clock i_clk)
Path Group: asynchronous
Path Type: max

Fanout         Cap        Slew       Delay        Time   Description
---------------------------------------------------------------------------------------------
                                  0.000000    0.000000   clock i_clk (rise edge)
                                  0.000000    0.000000   clock network delay (propagated)
                                  0.020000    0.020000 ^ input external delay
     1    0.002661    0.013423    0.006857    0.026857 ^ i_rst_n (in)
                      0.013423    0.000000    0.026857 ^ hold1/A (sky130_fd_sc_hd__dlygate4sd3_1)
     1    0.002646    0.036341    0.365732    0.392589 ^ hold1/X (sky130_fd_sc_hd__dlygate4sd3_1)
                      0.036341    0.000029    0.392619 ^ input2/A (sky130_fd_sc_hd__dlymetal6s2s_1)
     1    0.002670    0.042968    0.065137    0.457756 ^ input2/X (sky130_fd_sc_hd__dlymetal6s2s_1)
                      0.042968    0.000031    0.457787 ^ hold2/A (sky130_fd_sc_hd__dlygate4sd3_1)
     4    0.017499    0.139872    0.451789    0.909576 ^ hold2/X (sky130_fd_sc_hd__dlygate4sd3_1)
                      0.139872    0.000134    0.909710 ^ _17_/RESET_B (sky130_fd_sc_hd__dfrtp_1)
                                              0.909710   data arrival time

                                 10.000000   10.000000   clock i_clk (rise edge)
                                  0.000000   10.000000   clock source latency
     1    0.010642    0.040691    0.026655   10.026655 ^ i_clk (in)
                      0.040692    0.000000   10.026655 ^ clkbuf_0_i_clk/A (sky130_fd_sc_hd__clkbuf_16)
     2    0.019209    0.030661    0.086745   10.113400 ^ clkbuf_0_i_clk/X (sky130_fd_sc_hd__clkbuf_16)
                      0.030662    0.000271   10.113671 ^ clkbuf_1_0__f_i_clk/A (sky130_fd_sc_hd__clkbuf_16)
     2    0.005331    0.021218    0.073922   10.187593 ^ clkbuf_1_0__f_i_clk/X (sky130_fd_sc_hd__clkbuf_16)
                      0.021218    0.000056   10.187649 ^ _17_/CLK (sky130_fd_sc_hd__dfrtp_1)
                                 -0.250000    9.937649   clock uncertainty
                                  0.000000    9.937649   clock reconvergence pessimism
                                  0.121788   10.059438   library recovery time
                                             10.059438   data required time
---------------------------------------------------------------------------------------------
                                             10.059438   data required time
                                             -0.909710   data arrival time
---------------------------------------------------------------------------------------------
                                              9.149729   slack (MET)


Startpoint: i_rst_n (input port clocked by i_clk)
Endpoint: _18_ (recovery check against rising-edge clock i_clk)
Path Group: asynchronous
Path Type: max

Fanout         Cap        Slew       Delay        Time   Description
---------------------------------------------------------------------------------------------
                                  0.000000    0.000000   clock i_clk (rise edge)
                                  0.000000    0.000000   clock network delay (propagated)
                                  0.020000    0.020000 ^ input external delay
     1    0.002661    0.013423    0.006857    0.026857 ^ i_rst_n (in)
                      0.013423    0.000000    0.026857 ^ hold1/A (sky130_fd_sc_hd__dlygate4sd3_1)
     1    0.002646    0.036341    0.365732    0.392589 ^ hold1/X (sky130_fd_sc_hd__dlygate4sd3_1)
                      0.036341    0.000029    0.392619 ^ input2/A (sky130_fd_sc_hd__dlymetal6s2s_1)
     1    0.002670    0.042968    0.065137    0.457756 ^ input2/X (sky130_fd_sc_hd__dlymetal6s2s_1)
                      0.042968    0.000031    0.457787 ^ hold2/A (sky130_fd_sc_hd__dlygate4sd3_1)
     4    0.017499    0.139872    0.451789    0.909576 ^ hold2/X (sky130_fd_sc_hd__dlygate4sd3_1)
                      0.139872    0.000106    0.909683 ^ _18_/RESET_B (sky130_fd_sc_hd__dfrtp_1)
                                              0.909683   data arrival time

                                 10.000000   10.000000   clock i_clk (rise edge)
                                  0.000000   10.000000   clock source latency
     1    0.010642    0.040691    0.026655   10.026655 ^ i_clk (in)
                      0.040692    0.000000   10.026655 ^ clkbuf_0_i_clk/A (sky130_fd_sc_hd__clkbuf_16)
     2    0.019209    0.030661    0.086745   10.113400 ^ clkbuf_0_i_clk/X (sky130_fd_sc_hd__clkbuf_16)
                      0.030662    0.000271   10.113671 ^ clkbuf_1_0__f_i_clk/A (sky130_fd_sc_hd__clkbuf_16)
     2    0.005331    0.021218    0.073922   10.187593 ^ clkbuf_1_0__f_i_clk/X (sky130_fd_sc_hd__clkbuf_16)
                      0.021218    0.000075   10.187668 ^ _18_/CLK (sky130_fd_sc_hd__dfrtp_1)
                                 -0.250000    9.937668   clock uncertainty
                                  0.000000    9.937668   clock reconvergence pessimism
                                  0.121788   10.059457   library recovery time
                                             10.059457   data required time
---------------------------------------------------------------------------------------------
                                             10.059457   data required time
                                             -0.909683   data arrival time
---------------------------------------------------------------------------------------------
                                              9.149775   slack (MET)


Startpoint: i_rst_n (input port clocked by i_clk)
Endpoint: _19_ (recovery check against rising-edge clock i_clk)
Path Group: asynchronous
Path Type: max

Fanout         Cap        Slew       Delay        Time   Description
---------------------------------------------------------------------------------------------
                                  0.000000    0.000000   clock i_clk (rise edge)
                                  0.000000    0.000000   clock network delay (propagated)
                                  0.020000    0.020000 ^ input external delay
     1    0.002661    0.013423    0.006857    0.026857 ^ i_rst_n (in)
                      0.013423    0.000000    0.026857 ^ hold1/A (sky130_fd_sc_hd__dlygate4sd3_1)
     1    0.002646    0.036341    0.365732    0.392589 ^ hold1/X (sky130_fd_sc_hd__dlygate4sd3_1)
                      0.036341    0.000029    0.392619 ^ input2/A (sky130_fd_sc_hd__dlymetal6s2s_1)
     1    0.002670    0.042968    0.065137    0.457756 ^ input2/X (sky130_fd_sc_hd__dlymetal6s2s_1)
                      0.042968    0.000031    0.457787 ^ hold2/A (sky130_fd_sc_hd__dlygate4sd3_1)
     4    0.017499    0.139872    0.451789    0.909576 ^ hold2/X (sky130_fd_sc_hd__dlygate4sd3_1)
                      0.139872    0.000140    0.909717 ^ _19_/RESET_B (sky130_fd_sc_hd__dfrtp_1)
                                              0.909717   data arrival time

                                 10.000000   10.000000   clock i_clk (rise edge)
                                  0.000000   10.000000   clock source latency
     1    0.010642    0.040691    0.026655   10.026655 ^ i_clk (in)
                      0.040692    0.000000   10.026655 ^ clkbuf_0_i_clk/A (sky130_fd_sc_hd__clkbuf_16)
     2    0.019209    0.030661    0.086745   10.113400 ^ clkbuf_0_i_clk/X (sky130_fd_sc_hd__clkbuf_16)
                      0.030662    0.000253   10.113653 ^ clkbuf_1_1__f_i_clk/A (sky130_fd_sc_hd__clkbuf_16)
     2    0.005963    0.021655    0.074464   10.188117 ^ clkbuf_1_1__f_i_clk/X (sky130_fd_sc_hd__clkbuf_16)
                      0.021655    0.000065   10.188182 ^ _19_/CLK (sky130_fd_sc_hd__dfrtp_1)
                                 -0.250000    9.938182   clock uncertainty
                                  0.000000    9.938182   clock reconvergence pessimism
                                  0.121856   10.060039   library recovery time
                                             10.060039   data required time
---------------------------------------------------------------------------------------------
                                             10.060039   data required time
                                             -0.909717   data arrival time
---------------------------------------------------------------------------------------------
                                              9.150322   slack (MET)


Startpoint: i_rst_n (input port clocked by i_clk)
Endpoint: _16_ (recovery check against rising-edge clock i_clk)
Path Group: asynchronous
Path Type: max

Fanout         Cap        Slew       Delay        Time   Description
---------------------------------------------------------------------------------------------
                                  0.000000    0.000000   clock i_clk (rise edge)
                                  0.000000    0.000000   clock network delay (propagated)
                                  0.020000    0.020000 ^ input external delay
     1    0.002661    0.013423    0.006857    0.026857 ^ i_rst_n (in)
                      0.013423    0.000000    0.026857 ^ hold1/A (sky130_fd_sc_hd__dlygate4sd3_1)
     1    0.002646    0.036341    0.365732    0.392589 ^ hold1/X (sky130_fd_sc_hd__dlygate4sd3_1)
                      0.036341    0.000029    0.392619 ^ input2/A (sky130_fd_sc_hd__dlymetal6s2s_1)
     1    0.002670    0.042968    0.065137    0.457756 ^ input2/X (sky130_fd_sc_hd__dlymetal6s2s_1)
                      0.042968    0.000031    0.457787 ^ hold2/A (sky130_fd_sc_hd__dlygate4sd3_1)
     4    0.017499    0.139872    0.451789    0.909576 ^ hold2/X (sky130_fd_sc_hd__dlygate4sd3_1)
                      0.139872    0.000128    0.909705 ^ _16_/RESET_B (sky130_fd_sc_hd__dfrtp_1)
                                              0.909705   data arrival time

                                 10.000000   10.000000   clock i_clk (rise edge)
                                  0.000000   10.000000   clock source latency
     1    0.010642    0.040691    0.026655   10.026655 ^ i_clk (in)
                      0.040692    0.000000   10.026655 ^ clkbuf_0_i_clk/A (sky130_fd_sc_hd__clkbuf_16)
     2    0.019209    0.030661    0.086745   10.113400 ^ clkbuf_0_i_clk/X (sky130_fd_sc_hd__clkbuf_16)
                      0.030662    0.000253   10.113653 ^ clkbuf_1_1__f_i_clk/A (sky130_fd_sc_hd__clkbuf_16)
     2    0.005963    0.021655    0.074464   10.188117 ^ clkbuf_1_1__f_i_clk/X (sky130_fd_sc_hd__clkbuf_16)
                      0.021655    0.000064   10.188181 ^ _16_/CLK (sky130_fd_sc_hd__dfrtp_1)
                                 -0.250000    9.938181   clock uncertainty
                                  0.000000    9.938181   clock reconvergence pessimism
                                  0.121856   10.060038   library recovery time
                                             10.060038   data required time
---------------------------------------------------------------------------------------------
                                             10.060038   data required time
                                             -0.909705   data arrival time
---------------------------------------------------------------------------------------------
                                              9.150333   slack (MET)


Startpoint: _17_ (rising edge-triggered flip-flop clocked by i_clk)
Endpoint: uo_out[2] (output port clocked by i_clk)
Path Group: i_clk
Path Type: max

Fanout         Cap        Slew       Delay        Time   Description
---------------------------------------------------------------------------------------------
                                  0.000000    0.000000   clock i_clk (rise edge)
                                  0.000000    0.000000   clock source latency
     1    0.010642    0.040691    0.026655    0.026655 ^ i_clk (in)
                      0.040692    0.000000    0.026655 ^ clkbuf_0_i_clk/A (sky130_fd_sc_hd__clkbuf_16)
     2    0.019209    0.030661    0.086744    0.113400 ^ clkbuf_0_i_clk/X (sky130_fd_sc_hd__clkbuf_16)
                      0.030662    0.000271    0.113671 ^ clkbuf_1_0__f_i_clk/A (sky130_fd_sc_hd__clkbuf_16)
     2    0.005331    0.021218    0.073923    0.187593 ^ clkbuf_1_0__f_i_clk/X (sky130_fd_sc_hd__clkbuf_16)
                      0.021218    0.000056    0.187649 ^ _17_/CLK (sky130_fd_sc_hd__dfrtp_1)
     3    0.009941    0.074014    0.228879    0.416528 ^ _17_/Q (sky130_fd_sc_hd__dfrtp_1)
                      0.074014    0.000182    0.416710 ^ output5/A (sky130_fd_sc_hd__buf_2)
     1    0.034638    0.129398    0.149774    0.566484 ^ output5/X (sky130_fd_sc_hd__buf_2)
                      0.129437    0.000453    0.566938 ^ uo_out[2] (out)
                                              0.566938   data arrival time

                                 10.000000   10.000000   clock i_clk (rise edge)
                                  0.000000   10.000000   clock network delay (propagated)
                                 -0.250000    9.750000   clock uncertainty
                                  0.000000    9.750000   clock reconvergence pessimism
                                 -0.020000    9.730000   output external delay
                                              9.730000   data required time
---------------------------------------------------------------------------------------------
                                              9.730000   data required time
                                             -0.566938   data arrival time
---------------------------------------------------------------------------------------------
                                              9.163062   slack (MET)


Startpoint: _18_ (rising edge-triggered flip-flop clocked by i_clk)
Endpoint: uo_out[3] (output port clocked by i_clk)
Path Group: i_clk
Path Type: max

Fanout         Cap        Slew       Delay        Time   Description
---------------------------------------------------------------------------------------------
                                  0.000000    0.000000   clock i_clk (rise edge)
                                  0.000000    0.000000   clock source latency
     1    0.010642    0.040691    0.026655    0.026655 ^ i_clk (in)
                      0.040692    0.000000    0.026655 ^ clkbuf_0_i_clk/A (sky130_fd_sc_hd__clkbuf_16)
     2    0.019209    0.030661    0.086744    0.113400 ^ clkbuf_0_i_clk/X (sky130_fd_sc_hd__clkbuf_16)
                      0.030662    0.000271    0.113671 ^ clkbuf_1_0__f_i_clk/A (sky130_fd_sc_hd__clkbuf_16)
     2    0.005331    0.021218    0.073923    0.187593 ^ clkbuf_1_0__f_i_clk/X (sky130_fd_sc_hd__clkbuf_16)
                      0.021218    0.000075    0.187668 ^ _18_/CLK (sky130_fd_sc_hd__dfrtp_1)
     2    0.005972    0.050057    0.209842    0.397510 ^ _18_/Q (sky130_fd_sc_hd__dfrtp_1)
                      0.050057    0.000063    0.397573 ^ output6/A (sky130_fd_sc_hd__buf_2)
     1    0.034524    0.129009    0.143781    0.541354 ^ output6/X (sky130_fd_sc_hd__buf_2)
                      0.129048    0.000438    0.541793 ^ uo_out[3] (out)
                                              0.541793   data arrival time

                                 10.000000   10.000000   clock i_clk (rise edge)
                                  0.000000   10.000000   clock network delay (propagated)
                                 -0.250000    9.750000   clock uncertainty
                                  0.000000    9.750000   clock reconvergence pessimism
                                 -0.020000    9.730000   output external delay
                                              9.730000   data required time
---------------------------------------------------------------------------------------------
                                              9.730000   data required time
                                             -0.541793   data arrival time
---------------------------------------------------------------------------------------------
                                              9.188208   slack (MET)


Startpoint: _19_ (rising edge-triggered flip-flop clocked by i_clk)
Endpoint: _19_ (rising edge-triggered flip-flop clocked by i_clk)
Path Group: i_clk
Path Type: max

Fanout         Cap        Slew       Delay        Time   Description
---------------------------------------------------------------------------------------------
                                  0.000000    0.000000   clock i_clk (rise edge)
                                  0.000000    0.000000   clock source latency
     1    0.010642    0.040691    0.026655    0.026655 ^ i_clk (in)
                      0.040692    0.000000    0.026655 ^ clkbuf_0_i_clk/A (sky130_fd_sc_hd__clkbuf_16)
     2    0.019209    0.030661    0.086744    0.113400 ^ clkbuf_0_i_clk/X (sky130_fd_sc_hd__clkbuf_16)
                      0.030662    0.000254    0.113653 ^ clkbuf_1_1__f_i_clk/A (sky130_fd_sc_hd__clkbuf_16)
     2    0.005963    0.021655    0.074464    0.188117 ^ clkbuf_1_1__f_i_clk/X (sky130_fd_sc_hd__clkbuf_16)
                      0.021655    0.000065    0.188182 ^ _19_/CLK (sky130_fd_sc_hd__dfrtp_1)
     5    0.012566    0.057523    0.252884    0.441067 v _19_/Q (sky130_fd_sc_hd__dfrtp_1)
                      0.057523    0.000080    0.441147 v _14_/A (sky130_fd_sc_hd__or2_1)
     1    0.001811    0.028801    0.133701    0.574848 v _14_/X (sky130_fd_sc_hd__or2_1)
                      0.028801    0.000015    0.574863 v _15_/B (sky130_fd_sc_hd__and2_1)
     1    0.003215    0.026549    0.095576    0.670440 v _15_/X (sky130_fd_sc_hd__and2_1)
                      0.026549    0.000036    0.670476 v _19_/D (sky130_fd_sc_hd__dfrtp_1)
                                              0.670476   data arrival time

                                 10.000000   10.000000   clock i_clk (rise edge)
                                  0.000000   10.000000   clock source latency
     1    0.010642    0.040691    0.026655   10.026655 ^ i_clk (in)
                      0.040692    0.000000   10.026655 ^ clkbuf_0_i_clk/A (sky130_fd_sc_hd__clkbuf_16)
     2    0.019209    0.030661    0.086745   10.113400 ^ clkbuf_0_i_clk/X (sky130_fd_sc_hd__clkbuf_16)
                      0.030662    0.000253   10.113653 ^ clkbuf_1_1__f_i_clk/A (sky130_fd_sc_hd__clkbuf_16)
     2    0.005963    0.021655    0.074464   10.188117 ^ clkbuf_1_1__f_i_clk/X (sky130_fd_sc_hd__clkbuf_16)
                      0.021655    0.000065   10.188182 ^ _19_/CLK (sky130_fd_sc_hd__dfrtp_1)
                                 -0.250000    9.938182   clock uncertainty
                                  0.000000    9.938182   clock reconvergence pessimism
                                 -0.071493    9.866689   library setup time
                                              9.866689   data required time
---------------------------------------------------------------------------------------------
                                              9.866689   data required time
                                             -0.670476   data arrival time
---------------------------------------------------------------------------------------------
                                              9.196213   slack (MET)



%OL_END_REPORT
%OL_CREATE_REPORT checks.rpt

===========================================================================
report_checks -unconstrained
===========================================================================
======================= min_ff_n40C_1v95 Corner ===================================

Warning: corner.tcl line 77, unknown field nets.
Startpoint: i_rst_n (input port clocked by i_clk)
Endpoint: _17_ (recovery check against rising-edge clock i_clk)
Path Group: asynchronous
Path Type: max

Fanout         Cap        Slew       Delay        Time   Description
---------------------------------------------------------------------------------------------
                                  0.000000    0.000000   clock i_clk (rise edge)
                                  0.000000    0.000000   clock network delay (propagated)
                                  0.020000    0.020000 ^ input external delay
     1    0.002661    0.013423    0.006857    0.026857 ^ i_rst_n (in)
                      0.013423    0.000000    0.026857 ^ hold1/A (sky130_fd_sc_hd__dlygate4sd3_1)
     1    0.002646    0.036341    0.365732    0.392589 ^ hold1/X (sky130_fd_sc_hd__dlygate4sd3_1)
                      0.036341    0.000029    0.392619 ^ input2/A (sky130_fd_sc_hd__dlymetal6s2s_1)
     1    0.002670    0.042968    0.065137    0.457756 ^ input2/X (sky130_fd_sc_hd__dlymetal6s2s_1)
                      0.042968    0.000031    0.457787 ^ hold2/A (sky130_fd_sc_hd__dlygate4sd3_1)
     4    0.017499    0.139872    0.451789    0.909576 ^ hold2/X (sky130_fd_sc_hd__dlygate4sd3_1)
                      0.139872    0.000134    0.909710 ^ _17_/RESET_B (sky130_fd_sc_hd__dfrtp_1)
                                              0.909710   data arrival time

                                 10.000000   10.000000   clock i_clk (rise edge)
                                  0.000000   10.000000   clock source latency
     1    0.010642    0.040691    0.026655   10.026655 ^ i_clk (in)
                      0.040692    0.000000   10.026655 ^ clkbuf_0_i_clk/A (sky130_fd_sc_hd__clkbuf_16)
     2    0.019209    0.030661    0.086745   10.113400 ^ clkbuf_0_i_clk/X (sky130_fd_sc_hd__clkbuf_16)
                      0.030662    0.000271   10.113671 ^ clkbuf_1_0__f_i_clk/A (sky130_fd_sc_hd__clkbuf_16)
     2    0.005331    0.021218    0.073922   10.187593 ^ clkbuf_1_0__f_i_clk/X (sky130_fd_sc_hd__clkbuf_16)
                      0.021218    0.000056   10.187649 ^ _17_/CLK (sky130_fd_sc_hd__dfrtp_1)
                                 -0.250000    9.937649   clock uncertainty
                                  0.000000    9.937649   clock reconvergence pessimism
                                  0.121788   10.059438   library recovery time
                                             10.059438   data required time
---------------------------------------------------------------------------------------------
                                             10.059438   data required time
                                             -0.909710   data arrival time
---------------------------------------------------------------------------------------------
                                              9.149729   slack (MET)


Startpoint: i_ena (input port clocked by i_clk)
Endpoint: _16_ (rising edge-triggered flip-flop clocked by i_clk)
Path Group: i_clk
Path Type: max

Fanout         Cap        Slew       Delay        Time   Description
---------------------------------------------------------------------------------------------
                                  0.000000    0.000000   clock i_clk (rise edge)
                                  0.000000    0.000000   clock network delay (propagated)
                                  0.020000    0.020000 ^ input external delay
     1    0.002466    0.012731    0.006345    0.026345 ^ i_ena (in)
                      0.012731    0.000000    0.026345 ^ hold3/A (sky130_fd_sc_hd__dlygate4sd3_1)
     1    0.002310    0.035721    0.363394    0.389739 ^ hold3/X (sky130_fd_sc_hd__dlygate4sd3_1)
                      0.035721    0.000008    0.389747 ^ input1/A (sky130_fd_sc_hd__clkbuf_1)
     4    0.010231    0.094585    0.096477    0.486224 ^ input1/X (sky130_fd_sc_hd__clkbuf_1)
                      0.094585    0.000036    0.486260 ^ _08_/B (sky130_fd_sc_hd__nand2_1)
     2    0.006412    0.044435    0.050696    0.536956 v _08_/Y (sky130_fd_sc_hd__nand2_1)
                      0.044435    0.000033    0.536989 v _09_/B (sky130_fd_sc_hd__xnor2_1)
     1    0.002247    0.032973    0.078251    0.615240 v _09_/Y (sky130_fd_sc_hd__xnor2_1)
                      0.032973    0.000022    0.615261 v hold4/A (sky130_fd_sc_hd__dlygate4sd3_1)
     1    0.002704    0.037672    0.360089    0.975350 v hold4/X (sky130_fd_sc_hd__dlygate4sd3_1)
                      0.037672    0.000026    0.975376 v _16_/D (sky130_fd_sc_hd__dfrtp_1)
                                              0.975376   data arrival time

                                 10.000000   10.000000   clock i_clk (rise edge)
                                  0.000000   10.000000   clock source latency
     1    0.010642    0.040691    0.026655   10.026655 ^ i_clk (in)
                      0.040692    0.000000   10.026655 ^ clkbuf_0_i_clk/A (sky130_fd_sc_hd__clkbuf_16)
     2    0.019209    0.030661    0.086745   10.113400 ^ clkbuf_0_i_clk/X (sky130_fd_sc_hd__clkbuf_16)
                      0.030662    0.000253   10.113653 ^ clkbuf_1_1__f_i_clk/A (sky130_fd_sc_hd__clkbuf_16)
     2    0.005963    0.021655    0.074464   10.188117 ^ clkbuf_1_1__f_i_clk/X (sky130_fd_sc_hd__clkbuf_16)
                      0.021655    0.000064   10.188181 ^ _16_/CLK (sky130_fd_sc_hd__dfrtp_1)
                                 -0.250000    9.938181   clock uncertainty
                                  0.000000    9.938181   clock reconvergence pessimism
                                 -0.075467    9.862715   library setup time
                                              9.862715   data required time
---------------------------------------------------------------------------------------------
                                              9.862715   data required time
                                             -0.975376   data arrival time
---------------------------------------------------------------------------------------------
                                              8.887340   slack (MET)




===========================================================================
report_checks --slack_max -0.01
============================================================================
======================= min_ff_n40C_1v95 Corner ===================================

Warning: corner.tcl line 85, unknown field nets.
No paths found.


===========================================================================
 report_check_types -max_slew -max_cap -max_fanout -violators
============================================================================
======================= min_ff_n40C_1v95 Corner ===================================



===========================================================================
report_parasitic_annotation -report_unannotated
============================================================================
Found 36 unannotated drivers.
 ui_in[0]
 ui_in[1]
 ui_in[2]
 ui_in[3]
 ui_in[4]
 ui_in[5]
 ui_in[6]
 ui_in[7]
 uio_in[0]
 uio_in[1]
 uio_in[2]
 uio_in[3]
 uio_in[4]
 uio_in[5]
 uio_in[6]
 uio_in[7]
 tt_if_10/HI
 tt_if_11/HI
 tt_if_12/HI
 tt_if_13/HI
 tt_if_14/HI
 tt_if_15/HI
 tt_if_16/HI
 tt_if_17/HI
 tt_if_18/HI
 tt_if_19/HI
 tt_if_20/HI
 tt_if_21/HI
 tt_if_22/HI
 tt_if_23/HI
 tt_if_24/HI
 tt_if_25/HI
 tt_if_26/HI
 tt_if_7/HI
 tt_if_8/HI
 tt_if_9/HI
Found 0 partially unannotated drivers.

===========================================================================
max slew violation count 0
%OL_METRIC_I design__max_slew_violation__count__corner:min_ff_n40C_1v95 0
max fanout violation count 0
%OL_METRIC_I design__max_fanout_violation__count__corner:min_ff_n40C_1v95 0
max cap violation count 0
%OL_METRIC_I design__max_cap_violation__count__corner:min_ff_n40C_1v95 0
============================================================================

===========================================================================
check_setup -verbose -unconstrained_endpoints -multiple_clock -no_clock -no_input_delay -loops -generated_clocks
===========================================================================
Warning: There are 20 unconstrained endpoints.
  uio_oe[0]
  uio_oe[1]
  uio_oe[2]
  uio_oe[3]
  uio_oe[4]
  uio_oe[5]
  uio_oe[6]
  uio_oe[7]
  uio_out[0]
  uio_out[1]
  uio_out[2]
  uio_out[3]
  uio_out[4]
  uio_out[5]
  uio_out[6]
  uio_out[7]
  uo_out[4]
  uo_out[5]
  uo_out[6]
  uo_out[7]
%OL_END_REPORT
%OL_CREATE_REPORT power.rpt

===========================================================================
 report_power
============================================================================
======================= min_ff_n40C_1v95 Corner ===================================

Group                    Internal    Switching      Leakage        Total
                            Power        Power        Power        Power (Watts)
------------------------------------------------------------------------
Sequential           2.704532e-05 6.561195e-06 5.507463e-11 3.360657e-05  22.2%
Combinational        1.982109e-05 2.759810e-05 2.811915e-10 4.741947e-05  31.4%
Clock                5.844809e-05 1.159834e-05 3.169131e-10 7.004675e-05  46.4%
Macro                0.000000e+00 0.000000e+00 0.000000e+00 0.000000e+00   0.0%
Pad                  0.000000e+00 0.000000e+00 0.000000e+00 0.000000e+00   0.0%
------------------------------------------------------------------------
Total                1.053145e-04 4.575764e-05 6.531793e-10 1.510728e-04 100.0%
                            69.7%        30.3%         0.0%
%OL_METRIC_F power__internal__total 0.00010531450243433937
%OL_METRIC_F power__switching__total 4.5757635234622285e-5
%OL_METRIC_F power__leakage__total 6.53179343945709e-10
%OL_METRIC_F power__total 0.00015107278886716813

%OL_END_REPORT
%OL_CREATE_REPORT skew.min.rpt

===========================================================================
Clock Skew (Hold)
============================================================================
%OL_METRIC_F clock__skew__worst_hold__corner:min_ff_n40C_1v95 -0.2500187905252232
======================= min_ff_n40C_1v95 Corner ===================================

Clock i_clk
0.187649 source latency _17_/CLK ^
-0.187668 target latency _18_/CLK ^
-0.250000 clock uncertainty
0.000000 CRPR
--------------
-0.250019 hold skew

%OL_END_REPORT
%OL_CREATE_REPORT skew.max.rpt

===========================================================================
Clock Skew (Setup)
============================================================================
%OL_METRIC_F clock__skew__worst_setup__corner:min_ff_n40C_1v95 0.2505332123782321
======================= min_ff_n40C_1v95 Corner ===================================

Clock i_clk
0.188182 source latency _19_/CLK ^
-0.187649 target latency _17_/CLK ^
0.250000 clock uncertainty
0.000000 CRPR
--------------
0.250533 setup skew

%OL_END_REPORT
%OL_CREATE_REPORT ws.min.rpt

===========================================================================
Worst Slack (Hold)
============================================================================
%OL_METRIC_F timing__hold__ws__corner:min_ff_n40C_1v95 0.12452475514308055
min_ff_n40C_1v95: 0.12452475514308055
%OL_END_REPORT
%OL_CREATE_REPORT ws.max.rpt

===========================================================================
Worst Slack (Setup)
============================================================================
%OL_METRIC_F timing__setup__ws__corner:min_ff_n40C_1v95 8.887339116189173
min_ff_n40C_1v95: 8.887339116189173
%OL_END_REPORT
%OL_CREATE_REPORT tns.min.rpt

===========================================================================
Total Negative Slack (Hold)
============================================================================
%OL_METRIC_F timing__hold__tns__corner:min_ff_n40C_1v95 0.0
min_ff_n40C_1v95: 0.0
%OL_END_REPORT
%OL_CREATE_REPORT tns.max.rpt

===========================================================================
Total Negative Slack (Setup)
============================================================================
%OL_METRIC_F timing__setup__tns__corner:min_ff_n40C_1v95 0.0
min_ff_n40C_1v95: 0.0
%OL_END_REPORT
%OL_CREATE_REPORT wns.min.rpt

===========================================================================
Worst Negative Slack (Hold)
============================================================================
%OL_METRIC_F timing__hold__wns__corner:min_ff_n40C_1v95 0
min_ff_n40C_1v95: 0
%OL_END_REPORT
%OL_CREATE_REPORT wns.max.rpt

===========================================================================
Worst Negative Slack (Setup)
============================================================================
%OL_METRIC_F timing__setup__wns__corner:min_ff_n40C_1v95 0.0
min_ff_n40C_1v95: 0.0
%OL_END_REPORT
%OL_CREATE_REPORT violator_list.rpt

===========================================================================
Violator List
============================================================================
Warning: corner.tcl line 263, find_timing_paths -group_count is deprecated. Use -group_path_count instead.
Warning: corner.tcl line 282, find_timing_paths -group_count is deprecated. Use -group_path_count instead.
Warning: corner.tcl line 298, find_timing_paths -group_count is deprecated. Use -group_path_count instead.
Warning: corner.tcl line 317, find_timing_paths -group_count is deprecated. Use -group_path_count instead.
%OL_METRIC_I timing__hold_vio__count__corner:min_ff_n40C_1v95 0
%OL_METRIC_F timing__hold_r2r__ws__corner:min_ff_n40C_1v95 0.124525
%OL_METRIC_I timing__hold_r2r_vio__count__corner:min_ff_n40C_1v95 0
%OL_METRIC_I timing__setup_vio__count__corner:min_ff_n40C_1v95 0
%OL_METRIC_F timing__setup_r2r__ws__corner:min_ff_n40C_1v95 8.970000
%OL_METRIC_I timing__setup_r2r_vio__count__corner:min_ff_n40C_1v95 0
%OL_END_REPORT
%OL_CREATE_REPORT unpropagated.rpt
%OL_END_REPORT
%OL_CREATE_REPORT clock.rpt
Clock: i_clk
Sources: i_clk 
Generated: no
Virtual: yes
Propagated: no
Period: 10.000000

===========================================================================
report_clock_properties
============================================================================
Clock                   Period          Waveform
----------------------------------------------------
i_clk                10.000000    0.000000  5.000000

===========================================================================
report_clock_latency
============================================================================
Clock i_clk
rise -> rise
    min     max
0.000000 0.000000 source latency
0.187649         network latency _17_/CLK
        0.188182 network latency _19_/CLK
---------------
0.187649 0.188182 latency
        0.000533 skew

fall -> fall
    min     max
0.000000 0.000000 source latency
0.188029         network latency _17_/CLK
        0.188517 network latency _19_/CLK
---------------
0.188029 0.188517 latency
        0.000488 skew



===========================================================================
report_clock_min_period
============================================================================
i_clk period_min = 1.06 fmax = 947.57
%OL_END_REPORT
Writing SDF files for all corners…
Removing Clock latencies before writing libs…
Writing timing models for all corners…
Writing timing models for the min_ff_n40C_1v95 corner to /home/omare/Documents/UWASIC/Matrix-Vector-Analog/digital/AXI_IF/build/synthesis/runs/tt_if_full/54-openroad-stapostpnr/min_ff_n40C_1v95/tt_if__min_ff_n40C_1v95.lib…
